@oxagen/config:test:unit: {"numTotalTestSuites":21,"numPassedTestSuites":21,"numFailedTestSuites":0,"numPendingTestSuites":0,"numTotalTests":73,"numPassedTests":73,"numFailedTests":0,"numPendingTests":0,"numTodoTests":0,"snapshot":{"added":0,"failure":false,"filesAdded":0,"filesRemoved":0,"filesRemovedList":[],"filesUnmatched":0,"filesUpdated":0,"matched":0,"total":0,"unchecked":0,"uncheckedKeysByFile":[],"unmatched":0,"updated":0,"didUpdate":false},"startTime":1781071999935,"success":true,"testResults":[{"assertionResults":[{"ancestorTitles":["isValidCountryCode"],"fullName":"isValidCountryCode 'US' → true (exact uppercase match)","status":"passed","title":"'US' → true (exact uppercase match)","duration":0.4986250000001746,"failureMessages":[],"meta":{}},{"ancestorTitles":["isValidCountryCode"],"fullName":"isValidCountryCode 'us' → true (case-insensitive)","status":"passed","title":"'us' → true (case-insensitive)","duration":0.073334000000159,"failureMessages":[],"meta":{}},{"ancestorTitles":["isValidCountryCode"],"fullName":"isValidCountryCode 'XX' → false (not a real country code)","status":"passed","title":"'XX' → false (not a real country code)","duration":0.05416600000035032,"failureMessages":[],"meta":{}},{"ancestorTitles":["isValidCountryCode"],"fullName":"isValidCountryCode '' → false (empty string is invalid)","status":"passed","title":"'' → false (empty string is invalid)","duration":0.04812499999979991,"failureMessages":[],"meta":{}},{"ancestorTitles":["isValidCountryCode"],"fullName":"isValidCountryCode 'USA' → false (3-letter codes are not ISO 3166-1 alpha-2)","status":"passed","title":"'USA' → false (3-letter codes are not ISO 3166-1 alpha-2)","duration":0.0409589999999298,"failureMessages":[],"meta":{}},{"ancestorTitles":["isValidCountryCode"],"fullName":"isValidCountryCode 'GB' → true (United Kingdom)","status":"passed","title":"'GB' → true (United Kingdom)","duration":0.046875,"failureMessages":[],"meta":{}},{"ancestorTitles":["isValidCountryCode"],"fullName":"isValidCountryCode 'gb' → true (case-insensitive, UK)","status":"passed","title":"'gb' → true (case-insensitive, UK)","duration":0.04445899999973335,"failureMessages":[],"meta":{}},{"ancestorTitles":["isValidCountryCode"],"fullName":"isValidCountryCode 'ZZ' → false (invalid code)","status":"passed","title":"'ZZ' → false (invalid code)","duration":0.0340000000001055,"failureMessages":[],"meta":{}},{"ancestorTitles":["isValidCountryCode"],"fullName":"isValidCountryCode passing null throws (unguarded runtime behaviour)","status":"passed","title":"passing null throws (unguarded runtime behaviour)","duration":0.318416999999954,"failureMessages":[],"meta":{}},{"ancestorTitles":["isValidCountryCode"],"fullName":"isValidCountryCode passing undefined throws (unguarded runtime behaviour)","status":"passed","title":"passing undefined throws (unguarded runtime behaviour)","duration":3.034125000000131,"failureMessages":[],"meta":{}},{"ancestorTitles":["isValidUsStateCode"],"fullName":"isValidUsStateCode 'CA' → true (California)","status":"passed","title":"'CA' → true (California)","duration":0.06812499999978172,"failureMessages":[],"meta":{}},{"ancestorTitles":["isValidUsStateCode"],"fullName":"isValidUsStateCode 'ca' → true (case-insensitive)","status":"passed","title":"'ca' → true (case-insensitive)","duration":0.0400830000003225,"failureMessages":[],"meta":{}},{"ancestorTitles":["isValidUsStateCode"],"fullName":"isValidUsStateCode 'DC' → true (District of Columbia is included)","status":"passed","title":"'DC' → true (District of Columbia is included)","duration":0.03520799999978408,"failureMessages":[],"meta":{}},{"ancestorTitles":["isValidUsStateCode"],"fullName":"isValidUsStateCode 'PR' → false (Puerto Rico is NOT in the state list)","status":"passed","title":"'PR' → false (Puerto Rico is NOT in the state list)","duration":0.3135409999999865,"failureMessages":[],"meta":{}},{"ancestorTitles":["isValidUsStateCode"],"fullName":"isValidUsStateCode '' → false (empty string invalid)","status":"passed","title":"'' → false (empty string invalid)","duration":0.03125,"failureMessages":[],"meta":{}},{"ancestorTitles":["isValidUsStateCode"],"fullName":"isValidUsStateCode passing null throws (unguarded runtime behaviour)","status":"passed","title":"passing null throws (unguarded runtime behaviour)","duration":0.08425000000033833,"failureMessages":[],"meta":{}},{"ancestorTitles":["isValidUsStateCode"],"fullName":"isValidUsStateCode passing undefined throws (unguarded runtime behaviour)","status":"passed","title":"passing undefined throws (unguarded runtime behaviour)","duration":0.059958000000278844,"failureMessages":[],"meta":{}},{"ancestorTitles":["isValidUsStateCode"],"fullName":"isValidUsStateCode 'XX' → false (not a US state code)","status":"passed","title":"'XX' → false (not a US state code)","duration":0.03045899999960966,"failureMessages":[],"meta":{}},{"ancestorTitles":["COUNTRY_OPTIONS integrity"],"fullName":"COUNTRY_OPTIONS integrity has no duplicate values (each country code appears exactly once)","status":"passed","title":"has no duplicate values (each country code appears exactly once)","duration":0.05154199999969933,"failureMessages":[],"meta":{}},{"ancestorTitles":["COUNTRY_OPTIONS integrity"],"fullName":"COUNTRY_OPTIONS integrity every value is exactly 2 uppercase letters","status":"passed","title":"every value is exactly 2 uppercase letters","duration":1.250833000000057,"failureMessages":[],"meta":{}},{"ancestorTitles":["COUNTRY_OPTIONS integrity"],"fullName":"COUNTRY_OPTIONS integrity includes 'US'","status":"passed","title":"includes 'US'","duration":0.048791000000164786,"failureMessages":[],"meta":{}},{"ancestorTitles":["ORG_TYPE_VALUES ↔ ORG_TYPE_OPTIONS parity"],"fullName":"ORG_TYPE_VALUES ↔ ORG_TYPE_OPTIONS parity ORG_TYPE_VALUES exactly equals ORG_TYPE_OPTIONS.map(o => o.value)","status":"passed","title":"ORG_TYPE_VALUES exactly equals ORG_TYPE_OPTIONS.map(o => o.value)","duration":0.2685420000002523,"failureMessages":[],"meta":{}},{"ancestorTitles":["ORG_TYPE_VALUES ↔ ORG_TYPE_OPTIONS parity"],"fullName":"ORG_TYPE_VALUES ↔ ORG_TYPE_OPTIONS parity ORG_TYPE_VALUES has no duplicates","status":"passed","title":"ORG_TYPE_VALUES has no duplicates","duration":0.031833000000005995,"failureMessages":[],"meta":{}},{"ancestorTitles":["INDUSTRY_VALUES ↔ INDUSTRY_OPTIONS parity"],"fullName":"INDUSTRY_VALUES ↔ INDUSTRY_OPTIONS parity every INDUSTRY_OPTIONS value is in INDUSTRY_VALUES","status":"passed","title":"every INDUSTRY_OPTIONS value is in INDUSTRY_VALUES","duration":0.15820800000028612,"failureMessages":[],"meta":{}},{"ancestorTitles":["INDUSTRY_VALUES ↔ INDUSTRY_OPTIONS parity"],"fullName":"INDUSTRY_VALUES ↔ INDUSTRY_OPTIONS parity every INDUSTRY_VALUES entry is in INDUSTRY_OPTIONS","status":"passed","title":"every INDUSTRY_VALUES entry is in INDUSTRY_OPTIONS","duration":0.173041000000012,"failureMessages":[],"meta":{}},{"ancestorTitles":["INDUSTRY_VALUES ↔ INDUSTRY_OPTIONS parity"],"fullName":"INDUSTRY_VALUES ↔ INDUSTRY_OPTIONS parity INDUSTRY_VALUES has no duplicates","status":"passed","title":"INDUSTRY_VALUES has no duplicates","duration":0.029041000000233907,"failureMessages":[],"meta":{}},{"ancestorTitles":["INDUSTRY_VALUES ↔ INDUSTRY_OPTIONS parity"],"fullName":"INDUSTRY_VALUES ↔ INDUSTRY_OPTIONS parity INDUSTRY_OPTIONS has no duplicate values","status":"passed","title":"INDUSTRY_OPTIONS has no duplicate values","duration":0.03499999999985448,"failureMessages":[],"meta":{}},{"ancestorTitles":["EMPLOYEE_SIZE_VALUES ↔ EMPLOYEE_SIZE_OPTIONS parity"],"fullName":"EMPLOYEE_SIZE_VALUES ↔ EMPLOYEE_SIZE_OPTIONS parity every EMPLOYEE_SIZE_OPTIONS value is in EMPLOYEE_SIZE_VALUES","status":"passed","title":"every EMPLOYEE_SIZE_OPTIONS value is in EMPLOYEE_SIZE_VALUES","duration":0.08354100000042308,"failureMessages":[],"meta":{}},{"ancestorTitles":["EMPLOYEE_SIZE_VALUES ↔ EMPLOYEE_SIZE_OPTIONS parity"],"fullName":"EMPLOYEE_SIZE_VALUES ↔ EMPLOYEE_SIZE_OPTIONS parity every EMPLOYEE_SIZE_VALUES entry is in EMPLOYEE_SIZE_OPTIONS","status":"passed","title":"every EMPLOYEE_SIZE_VALUES entry is in EMPLOYEE_SIZE_OPTIONS","duration":0.08474999999998545,"failureMessages":[],"meta":{}},{"ancestorTitles":["EMPLOYEE_SIZE_VALUES ↔ EMPLOYEE_SIZE_OPTIONS parity"],"fullName":"EMPLOYEE_SIZE_VALUES ↔ EMPLOYEE_SIZE_OPTIONS parity EMPLOYEE_SIZE_VALUES has no duplicates","status":"passed","title":"EMPLOYEE_SIZE_VALUES has no duplicates","duration":0.03787499999998545,"failureMessages":[],"meta":{}},{"ancestorTitles":["EMPLOYEE_SIZE_VALUES ↔ EMPLOYEE_SIZE_OPTIONS parity"],"fullName":"EMPLOYEE_SIZE_VALUES ↔ EMPLOYEE_SIZE_OPTIONS parity EMPLOYEE_SIZE_OPTIONS has no duplicate values","status":"passed","title":"EMPLOYEE_SIZE_OPTIONS has no duplicate values","duration":0.034249999999701686,"failureMessages":[],"meta":{}}],"startTime":1781072002437,"endTime":1781072002444.173,"status":"passed","message":"","name":"/Users/macanderson/oxagen-monorepo/packages/config/src/domain.test.ts"},{"assertionResults":[{"ancestorTitles":["normalizeEnv"],"fullName":"normalizeEnv strips exactly one surrounding double-quote pair from known keys","status":"passed","title":"strips exactly one surrounding double-quote pair from known keys","duration":0.5207090000001244,"failureMessages":[],"meta":{}},{"ancestorTitles":["normalizeEnv"],"fullName":"normalizeEnv leaves unknown keys untouched even when double-quoted","status":"passed","title":"leaves unknown keys untouched even when double-quoted","duration":0.07675000000017462,"failureMessages":[],"meta":{}},{"ancestorTitles":["normalizeEnv"],"fullName":"normalizeEnv does not mutate values that are not double-wrapped","status":"passed","title":"does not mutate values that are not double-wrapped","duration":0.05654200000003584,"failureMessages":[],"meta":{}},{"ancestorTitles":["normalizeEnv"],"fullName":"normalizeEnv does not strip a single leading or trailing quote without a match","status":"passed","title":"does not strip a single leading or trailing quote without a match","duration":0.051165999999966516,"failureMessages":[],"meta":{}},{"ancestorTitles":["normalizeEnv"],"fullName":"normalizeEnv does not double-strip triply-quoted values (only one pair removed)","status":"passed","title":"does not double-strip triply-quoted values (only one pair removed)","duration":0.05062499999985448,"failureMessages":[],"meta":{}},{"ancestorTitles":["loadEnv"],"fullName":"loadEnv returns a parsed env for a valid source","status":"passed","title":"returns a parsed env for a valid source","duration":0.8063329999999951,"failureMessages":[],"meta":{}},{"ancestorTitles":["loadEnv"],"fullName":"loadEnv throws a descriptive error when required vars are missing","status":"passed","title":"throws a descriptive error when required vars are missing","duration":0.706000000000131,"failureMessages":[],"meta":{}},{"ancestorTitles":["loadEnv"],"fullName":"loadEnv cache reset allows successive loadEnv calls to re-parse","status":"passed","title":"cache reset allows successive loadEnv calls to re-parse","duration":0.17891599999984464,"failureMessages":[],"meta":{}},{"ancestorTitles":["loadEnv"],"fullName":"loadEnv returns the cached result without re-parsing on a second call","status":"passed","title":"returns the cached result without re-parsing on a second call","duration":0.10900000000015098,"failureMessages":[],"meta":{}},{"ancestorTitles":["TENANT_RLS_ENFORCEMENT_ENABLED"],"fullName":"TENANT_RLS_ENFORCEMENT_ENABLED defaults TENANT_RLS_ENFORCEMENT_ENABLED to false (seeding-safe)","status":"passed","title":"defaults TENANT_RLS_ENFORCEMENT_ENABLED to false (seeding-safe)","duration":0.3347909999999956,"failureMessages":[],"meta":{}},{"ancestorTitles":["TENANT_RLS_ENFORCEMENT_ENABLED"],"fullName":"TENANT_RLS_ENFORCEMENT_ENABLED coerces TENANT_RLS_ENFORCEMENT_ENABLED='true' to true","status":"passed","title":"coerces TENANT_RLS_ENFORCEMENT_ENABLED='true' to true","duration":0.23779100000001563,"failureMessages":[],"meta":{}},{"ancestorTitles":["requireEnv"],"fullName":"requireEnv returns only the requested subset typed correctly","status":"passed","title":"returns only the requested subset typed correctly","duration":0.07091700000000856,"failureMessages":[],"meta":{}},{"ancestorTitles":["requireEnv"],"fullName":"requireEnv throws when a required key is absent from the source","status":"passed","title":"throws when a required key is absent from the source","duration":0.1142499999998563,"failureMessages":[],"meta":{}},{"ancestorTitles":["requireEnv"],"fullName":"requireEnv does not require keys outside the requested subset","status":"passed","title":"does not require keys outside the requested subset","duration":0.05516699999998309,"failureMessages":[],"meta":{}}],"startTime":1781072002056,"endTime":1781072002060.2378,"status":"passed","message":"","name":"/Users/macanderson/oxagen-monorepo/packages/config/src/env.test.ts"},{"assertionResults":[{"ancestorTitles":["platformVersion"],"fullName":"platformVersion returns '0.0.0' when PLATFORM_VERSION is unset","status":"passed","title":"returns '0.0.0' when PLATFORM_VERSION is unset","duration":0.521708999999646,"failureMessages":[],"meta":{}},{"ancestorTitles":["platformVersion"],"fullName":"platformVersion returns the value as-is when not double-quoted","status":"passed","title":"returns the value as-is when not double-quoted","duration":0.6277919999997721,"failureMessages":[],"meta":{}},{"ancestorTitles":["platformVersion"],"fullName":"platformVersion strips one surrounding double-quote pair (Vercel dashboard paste behaviour)","status":"passed","title":"strips one surrounding double-quote pair (Vercel dashboard paste behaviour)","duration":0.11324999999987995,"failureMessages":[],"meta":{}},{"ancestorTitles":["platformVersion"],"fullName":"platformVersion does not double-strip triply-quoted values (only one pair removed)","status":"passed","title":"does not double-strip triply-quoted values (only one pair removed)","duration":0.06445800000028612,"failureMessages":[],"meta":{}},{"ancestorTitles":["platformVersion"],"fullName":"platformVersion does not strip mismatched quotes","status":"passed","title":"does not strip mismatched quotes","duration":0.06304199999976845,"failureMessages":[],"meta":{}}],"startTime":1781072002438,"endTime":1781072002439.1133,"status":"passed","message":"","name":"/Users/macanderson/oxagen-monorepo/packages/config/src/index.test.ts"},{"assertionResults":[{"ancestorTitles":["ENV_REGISTRY ↔ baseEnvSchema coverage"],"fullName":"ENV_REGISTRY ↔ baseEnvSchema coverage every schema key has a registry entry (schema ⊆ registry)","status":"passed","title":"every schema key has a registry entry (schema ⊆ registry)","duration":0.7253329999998641,"failureMessages":[],"meta":{}},{"ancestorTitles":["ENV_REGISTRY ↔ baseEnvSchema coverage"],"fullName":"ENV_REGISTRY ↔ baseEnvSchema coverage isValidated() is true for exactly the schema keys","status":"passed","title":"isValidated() is true for exactly the schema keys","duration":0.7340419999995902,"failureMessages":[],"meta":{}},{"ancestorTitles":["ENV_REGISTRY ↔ baseEnvSchema coverage"],"fullName":"ENV_REGISTRY ↔ baseEnvSchema coverage the registry is a superset (it documents schema keys plus tooling/unvalidated vars)","status":"passed","title":"the registry is a superset (it documents schema keys plus tooling/unvalidated vars)","duration":0.10254200000008495,"failureMessages":[],"meta":{}},{"ancestorTitles":["registry entry shape"],"fullName":"registry entry shape every entry has a known group, valid services, and valid requiredIn envs","status":"passed","title":"every entry has a known group, valid services, and valid requiredIn envs","duration":4.005166000000372,"failureMessages":[],"meta":{}},{"ancestorTitles":["registry entry shape"],"fullName":"registry entry shape client-exposed vars use the NEXT_PUBLIC_ prefix and vice versa","status":"passed","title":"client-exposed vars use the NEXT_PUBLIC_ prefix and vice versa","duration":0.12804199999982302,"failureMessages":[],"meta":{}},{"ancestorTitles":["registry entry shape"],"fullName":"registry entry shape static vars define a value (per-env or shared); non-static do not","status":"passed","title":"static vars define a value (per-env or shared); non-static do not","duration":5.7595830000000205,"failureMessages":[],"meta":{}},{"ancestorTitles":["registry entry shape"],"fullName":"registry entry shape a required var is required only on surfaces that actually consume it","status":"passed","title":"a required var is required only on surfaces that actually consume it","duration":0.19833399999970425,"failureMessages":[],"meta":{}},{"ancestorTitles":["derivation helpers"],"fullName":"derivation helpers requiredKeysFor only returns keys that consume the service in that env","status":"passed","title":"requiredKeysFor only returns keys that consume the service in that env","duration":0.22383300000001327,"failureMessages":[],"meta":{}},{"ancestorTitles":["derivation helpers"],"fullName":"derivation helpers clientKeys are exactly the NEXT_PUBLIC_ vars","status":"passed","title":"clientKeys are exactly the NEXT_PUBLIC_ vars","duration":0.1255420000002232,"failureMessages":[],"meta":{}},{"ancestorTitles":["derivation helpers"],"fullName":"derivation helpers secretKeys includes credentials and excludes plain config","status":"passed","title":"secretKeys includes credentials and excludes plain config","duration":0.1483749999997599,"failureMessages":[],"meta":{}},{"ancestorTitles":["staticValueFor — extended cases"],"fullName":"staticValueFor — extended cases wildcard '*' key returns its value for every env","status":"passed","title":"wildcard '*' key returns its value for every env","duration":0.050917000000026746,"failureMessages":[],"meta":{}},{"ancestorTitles":["staticValueFor — extended cases"],"fullName":"staticValueFor — extended cases env-specific override: NODE_ENV → 'development' in development, 'production' in production","status":"passed","title":"env-specific override: NODE_ENV → 'development' in development, 'production' in production","duration":0.041666000000077474,"failureMessages":[],"meta":{}},{"ancestorTitles":["staticValueFor — extended cases"],"fullName":"staticValueFor — extended cases env-specific override: NODE_ENV preview → 'production' (preview bakes production value)","status":"passed","title":"env-specific override: NODE_ENV preview → 'production' (preview bakes production value)","duration":0.032166000000415806,"failureMessages":[],"meta":{}},{"ancestorTitles":["staticValueFor — extended cases"],"fullName":"staticValueFor — extended cases non-static key (valueOrigin='manual') → returns undefined","status":"passed","title":"non-static key (valueOrigin='manual') → returns undefined","duration":0.034791000000041095,"failureMessages":[],"meta":{}},{"ancestorTitles":["staticValueFor — extended cases"],"fullName":"staticValueFor — extended cases unknown key → returns undefined","status":"passed","title":"unknown key → returns undefined","duration":0.04258299999992232,"failureMessages":[],"meta":{}},{"ancestorTitles":["requiredKeysFor — boundary cases"],"fullName":"requiredKeysFor — boundary cases a key scoped services:['api'] must NOT appear for service 'website'","status":"passed","title":"a key scoped services:['api'] must NOT appear for service 'website'","duration":0.0494579999999587,"failureMessages":[],"meta":{}},{"ancestorTitles":["requiredKeysFor — boundary cases"],"fullName":"requiredKeysFor — boundary cases a key scoped services:['api'] must NOT appear for service 'docs'","status":"passed","title":"a key scoped services:['api'] must NOT appear for service 'docs'","duration":0.04570800000010422,"failureMessages":[],"meta":{}},{"ancestorTitles":["requiredKeysFor — boundary cases"],"fullName":"requiredKeysFor — boundary cases BETTER_AUTH_SECRET appears for api+production but not website+production","status":"passed","title":"BETTER_AUTH_SECRET appears for api+production but not website+production","duration":0.06870799999978772,"failureMessages":[],"meta":{}},{"ancestorTitles":["requiredKeysFor — boundary cases"],"fullName":"requiredKeysFor — boundary cases result contains only keys whose services include the requested service","status":"passed","title":"result contains only keys whose services include the requested service","duration":86.16379199999983,"failureMessages":[],"meta":{}},{"ancestorTitles":["requiredKeysFor — boundary cases"],"fullName":"requiredKeysFor — boundary cases result contains only keys whose requiredIn includes the requested env","status":"passed","title":"result contains only keys whose requiredIn includes the requested env","duration":14.364875000000211,"failureMessages":[],"meta":{}},{"ancestorTitles":["renderEnvExample"],"fullName":"renderEnvExample emits a KEY= line for every registry var","status":"passed","title":"emits a KEY= line for every registry var","duration":0.5106670000000122,"failureMessages":[],"meta":{}},{"ancestorTitles":["renderEnvExample"],"fullName":"renderEnvExample is deterministic (stable across calls)","status":"passed","title":"is deterministic (stable across calls)","duration":0.12212499999986903,"failureMessages":[],"meta":{}},{"ancestorTitles":["renderEnvExample"],"fullName":"renderEnvExample bakes development static values and flags unvalidated vars","status":"passed","title":"bakes development static values and flags unvalidated vars","duration":0.1258749999997235,"failureMessages":[],"meta":{}}],"startTime":1781072002264,"endTime":1781072002378.5107,"status":"passed","message":"","name":"/Users/macanderson/oxagen-monorepo/packages/config/src/registry.test.ts"}]}
@oxagen/storage:test:unit: {"numTotalTestSuites":16,"numPassedTestSuites":16,"numFailedTestSuites":0,"numPendingTestSuites":0,"numTotalTests":76,"numPassedTests":76,"numFailedTests":0,"numPendingTests":0,"numTodoTests":0,"snapshot":{"added":0,"failure":false,"filesAdded":0,"filesRemoved":0,"filesRemovedList":[],"filesUnmatched":0,"filesUpdated":0,"matched":0,"total":0,"unchecked":0,"uncheckedKeysByFile":[],"unmatched":0,"updated":0,"didUpdate":false},"startTime":1781071999920,"success":true,"testResults":[{"assertionResults":[{"ancestorTitles":["ASSET_LIMITS"],"fullName":"ASSET_LIMITS avatar limit is 5 MiB","status":"passed","title":"avatar limit is 5 MiB","duration":0.5161669999997684,"failureMessages":[],"meta":{}},{"ancestorTitles":["ASSET_LIMITS"],"fullName":"ASSET_LIMITS image limit is 5 MiB","status":"passed","title":"image limit is 5 MiB","duration":0.06870900000012625,"failureMessages":[],"meta":{}},{"ancestorTitles":["ASSET_LIMITS"],"fullName":"ASSET_LIMITS document limit is 25 MiB","status":"passed","title":"document limit is 25 MiB","duration":0.05391699999972843,"failureMessages":[],"meta":{}},{"ancestorTitles":["ASSET_ALLOWED_TYPES"],"fullName":"ASSET_ALLOWED_TYPES avatar allows image/webp → webp","status":"passed","title":"avatar allows image/webp → webp","duration":0.09145800000032978,"failureMessages":[],"meta":{}},{"ancestorTitles":["ASSET_ALLOWED_TYPES"],"fullName":"ASSET_ALLOWED_TYPES avatar allows image/png → png","status":"passed","title":"avatar allows image/png → png","duration":0.05512499999986176,"failureMessages":[],"meta":{}},{"ancestorTitles":["ASSET_ALLOWED_TYPES"],"fullName":"ASSET_ALLOWED_TYPES avatar allows image/jpeg → jpg","status":"passed","title":"avatar allows image/jpeg → jpg","duration":0.11970800000017334,"failureMessages":[],"meta":{}},{"ancestorTitles":["ASSET_ALLOWED_TYPES"],"fullName":"ASSET_ALLOWED_TYPES avatar does not allow application/pdf","status":"passed","title":"avatar does not allow application/pdf","duration":0.07287500000029468,"failureMessages":[],"meta":{}},{"ancestorTitles":["ASSET_ALLOWED_TYPES"],"fullName":"ASSET_ALLOWED_TYPES image allows image/webp → webp","status":"passed","title":"image allows image/webp → webp","duration":0.04224999999996726,"failureMessages":[],"meta":{}},{"ancestorTitles":["ASSET_ALLOWED_TYPES"],"fullName":"ASSET_ALLOWED_TYPES image allows image/png → png","status":"passed","title":"image allows image/png → png","duration":0.043708000000151515,"failureMessages":[],"meta":{}},{"ancestorTitles":["ASSET_ALLOWED_TYPES"],"fullName":"ASSET_ALLOWED_TYPES image allows image/jpeg → jpg","status":"passed","title":"image allows image/jpeg → jpg","duration":0.05087500000036016,"failureMessages":[],"meta":{}},{"ancestorTitles":["ASSET_ALLOWED_TYPES"],"fullName":"ASSET_ALLOWED_TYPES image does not allow application/pdf","status":"passed","title":"image does not allow application/pdf","duration":0.037624999999934516,"failureMessages":[],"meta":{}},{"ancestorTitles":["ASSET_ALLOWED_TYPES"],"fullName":"ASSET_ALLOWED_TYPES document allows image/webp → webp","status":"passed","title":"document allows image/webp → webp","duration":0.03620900000032634,"failureMessages":[],"meta":{}},{"ancestorTitles":["ASSET_ALLOWED_TYPES"],"fullName":"ASSET_ALLOWED_TYPES document allows image/png → png","status":"passed","title":"document allows image/png → png","duration":0.031833000000005995,"failureMessages":[],"meta":{}},{"ancestorTitles":["ASSET_ALLOWED_TYPES"],"fullName":"ASSET_ALLOWED_TYPES document allows image/jpeg → jpg","status":"passed","title":"document allows image/jpeg → jpg","duration":0.031167000000095868,"failureMessages":[],"meta":{}},{"ancestorTitles":["ASSET_ALLOWED_TYPES"],"fullName":"ASSET_ALLOWED_TYPES document allows application/pdf → pdf","status":"passed","title":"document allows application/pdf → pdf","duration":0.030166000000008353,"failureMessages":[],"meta":{}},{"ancestorTitles":["assertAllowedAssetType"],"fullName":"assertAllowedAssetType avatar + image/webp → 'webp'","status":"passed","title":"avatar + image/webp → 'webp'","duration":0.06312500000012733,"failureMessages":[],"meta":{}},{"ancestorTitles":["assertAllowedAssetType"],"fullName":"assertAllowedAssetType avatar + image/png → 'png'","status":"passed","title":"avatar + image/png → 'png'","duration":0.03829199999972843,"failureMessages":[],"meta":{}},{"ancestorTitles":["assertAllowedAssetType"],"fullName":"assertAllowedAssetType avatar + image/jpeg → 'jpg'","status":"passed","title":"avatar + image/jpeg → 'jpg'","duration":0.030666999999994005,"failureMessages":[],"meta":{}},{"ancestorTitles":["assertAllowedAssetType"],"fullName":"assertAllowedAssetType image + image/webp → 'webp'","status":"passed","title":"image + image/webp → 'webp'","duration":0.029583000000002357,"failureMessages":[],"meta":{}},{"ancestorTitles":["assertAllowedAssetType"],"fullName":"assertAllowedAssetType image + image/png → 'png'","status":"passed","title":"image + image/png → 'png'","duration":0.029750000000149157,"failureMessages":[],"meta":{}},{"ancestorTitles":["assertAllowedAssetType"],"fullName":"assertAllowedAssetType image + image/jpeg → 'jpg'","status":"passed","title":"image + image/jpeg → 'jpg'","duration":0.029167000000143162,"failureMessages":[],"meta":{}},{"ancestorTitles":["assertAllowedAssetType"],"fullName":"assertAllowedAssetType document + image/webp → 'webp'","status":"passed","title":"document + image/webp → 'webp'","duration":0.033167000000048574,"failureMessages":[],"meta":{}},{"ancestorTitles":["assertAllowedAssetType"],"fullName":"assertAllowedAssetType document + image/png → 'png'","status":"passed","title":"document + image/png → 'png'","duration":0.02999999999974534,"failureMessages":[],"meta":{}},{"ancestorTitles":["assertAllowedAssetType"],"fullName":"assertAllowedAssetType document + image/jpeg → 'jpg'","status":"passed","title":"document + image/jpeg → 'jpg'","duration":0.033958999999867956,"failureMessages":[],"meta":{}},{"ancestorTitles":["assertAllowedAssetType"],"fullName":"assertAllowedAssetType document + application/pdf → 'pdf'","status":"passed","title":"document + application/pdf → 'pdf'","duration":0.03912499999978536,"failureMessages":[],"meta":{}},{"ancestorTitles":["assertAllowedAssetType"],"fullName":"assertAllowedAssetType avatar + application/pdf throws with kind in message","status":"passed","title":"avatar + application/pdf throws with kind in message","duration":0.39391699999987395,"failureMessages":[],"meta":{}},{"ancestorTitles":["assertAllowedAssetType"],"fullName":"assertAllowedAssetType avatar + application/pdf throws with the rejected MIME type in message","status":"passed","title":"avatar + application/pdf throws with the rejected MIME type in message","duration":0.06916700000010678,"failureMessages":[],"meta":{}},{"ancestorTitles":["assertAllowedAssetType"],"fullName":"assertAllowedAssetType avatar + application/pdf throws listing permitted types","status":"passed","title":"avatar + application/pdf throws listing permitted types","duration":0.0571669999999358,"failureMessages":[],"meta":{}},{"ancestorTitles":["assertAllowedAssetType"],"fullName":"assertAllowedAssetType image + text/plain throws with kind in message","status":"passed","title":"image + text/plain throws with kind in message","duration":0.05320800000026793,"failureMessages":[],"meta":{}},{"ancestorTitles":["assertAllowedAssetType"],"fullName":"assertAllowedAssetType image + text/plain throws with the rejected MIME type in message","status":"passed","title":"image + text/plain throws with the rejected MIME type in message","duration":0.05004200000030323,"failureMessages":[],"meta":{}},{"ancestorTitles":["assertAllowedAssetType"],"fullName":"assertAllowedAssetType document + video/mp4 throws with kind in message","status":"passed","title":"document + video/mp4 throws with kind in message","duration":0.05491699999993216,"failureMessages":[],"meta":{}},{"ancestorTitles":["assertAllowedAssetType"],"fullName":"assertAllowedAssetType document + video/mp4 throws with the rejected MIME type in message","status":"passed","title":"document + video/mp4 throws with the rejected MIME type in message","duration":0.054583999999977095,"failureMessages":[],"meta":{}},{"ancestorTitles":["assertAllowedAssetType"],"fullName":"assertAllowedAssetType document + video/mp4 error lists application/pdf as a permitted type","status":"passed","title":"document + video/mp4 error lists application/pdf as a permitted type","duration":0.050834000000122614,"failureMessages":[],"meta":{}},{"ancestorTitles":["assertAllowedAssetType"],"fullName":"assertAllowedAssetType throws for an empty MIME string","status":"passed","title":"throws for an empty MIME string","duration":0.05316599999969185,"failureMessages":[],"meta":{}},{"ancestorTitles":["assertAllowedAssetType"],"fullName":"assertAllowedAssetType throws for a MIME string with only whitespace","status":"passed","title":"throws for a MIME string with only whitespace","duration":0.06020799999987503,"failureMessages":[],"meta":{}},{"ancestorTitles":["assertAllowedAssetType"],"fullName":"assertAllowedAssetType throws for an unknown MIME type on document kind","status":"passed","title":"throws for an unknown MIME type on document kind","duration":0.050917000000026746,"failureMessages":[],"meta":{}},{"ancestorTitles":["deriveAssetKey"],"fullName":"deriveAssetKey returns a key in the format '<kind>/<ownerId>/<uuid>.<ext>'","status":"passed","title":"returns a key in the format '<kind>/<ownerId>/<uuid>.<ext>'","duration":1.0173329999997804,"failureMessages":[],"meta":{}},{"ancestorTitles":["deriveAssetKey"],"fullName":"deriveAssetKey embeds the kind as the first path segment","status":"passed","title":"embeds the kind as the first path segment","duration":0.0652090000003227,"failureMessages":[],"meta":{}},{"ancestorTitles":["deriveAssetKey"],"fullName":"deriveAssetKey embeds the ownerId as the second path segment","status":"passed","title":"embeds the ownerId as the second path segment","duration":0.04604199999994307,"failureMessages":[],"meta":{}},{"ancestorTitles":["deriveAssetKey"],"fullName":"deriveAssetKey embeds the extension as the suffix of the filename","status":"passed","title":"embeds the extension as the suffix of the filename","duration":0.03966599999967002,"failureMessages":[],"meta":{}},{"ancestorTitles":["deriveAssetKey"],"fullName":"deriveAssetKey generates a unique UUID on each call (two keys differ)","status":"passed","title":"generates a unique UUID on each call (two keys differ)","duration":0.3215829999999187,"failureMessages":[],"meta":{}},{"ancestorTitles":["deriveAssetKey"],"fullName":"deriveAssetKey works for document kind with pdf extension","status":"passed","title":"works for document kind with pdf extension","duration":0.21149999999988722,"failureMessages":[],"meta":{}},{"ancestorTitles":["deriveAssetKey"],"fullName":"deriveAssetKey works for image kind with png extension","status":"passed","title":"works for image kind with png extension","duration":0.08045799999990777,"failureMessages":[],"meta":{}},{"ancestorTitles":["deriveAssetKey"],"fullName":"deriveAssetKey does not use the randomUUID return value from a hoisted spy — actually generates a UUID","status":"passed","title":"does not use the randomUUID return value from a hoisted spy — actually generates a UUID","duration":0.39116599999988466,"failureMessages":[],"meta":{}},{"ancestorTitles":["deriveAssetKey"],"fullName":"deriveAssetKey accepts an ownerId with special characters (slashes in ownerId are NOT sanitised — caller responsibility)","status":"passed","title":"accepts an ownerId with special characters (slashes in ownerId are NOT sanitised — caller responsibility)","duration":0.09570800000028612,"failureMessages":[],"meta":{}},{"ancestorTitles":["AssetKind runtime coverage"],"fullName":"AssetKind runtime coverage all three AssetKind values are valid keys in ASSET_LIMITS","status":"passed","title":"all three AssetKind values are valid keys in ASSET_LIMITS","duration":0.09120900000016263,"failureMessages":[],"meta":{}},{"ancestorTitles":["AssetKind runtime coverage"],"fullName":"AssetKind runtime coverage all three AssetKind values are valid keys in ASSET_ALLOWED_TYPES","status":"passed","title":"all three AssetKind values are valid keys in ASSET_ALLOWED_TYPES","duration":0.05908300000010058,"failureMessages":[],"meta":{}}],"startTime":1781072002076,"endTime":1781072002082.0957,"status":"passed","message":"","name":"/Users/macanderson/oxagen-monorepo/packages/storage/src/assets.test.ts"},{"assertionResults":[{"ancestorTitles":["storage() — missing token"],"fullName":"storage() — missing token throws when BLOB_READ_WRITE_TOKEN is undefined","status":"passed","title":"throws when BLOB_READ_WRITE_TOKEN is undefined","duration":139.70233299999995,"failureMessages":[],"meta":{}},{"ancestorTitles":["storage() — missing token"],"fullName":"storage() — missing token throws when BLOB_READ_WRITE_TOKEN is an empty string","status":"passed","title":"throws when BLOB_READ_WRITE_TOKEN is an empty string","duration":52.990584000000126,"failureMessages":[],"meta":{}},{"ancestorTitles":["storage() — valid token"],"fullName":"storage() — valid token calls createVercelBlobAdapter with the token","status":"passed","title":"calls createVercelBlobAdapter with the token","duration":4.53262500000028,"failureMessages":[],"meta":{}},{"ancestorTitles":["storage() — valid token"],"fullName":"storage() — valid token returned adapter has driver: 'vercel-blob'","status":"passed","title":"returned adapter has driver: 'vercel-blob'","duration":10.14850000000024,"failureMessages":[],"meta":{}},{"ancestorTitles":["storage() — singleton memoization"],"fullName":"storage() — singleton memoization two calls return the exact same adapter reference","status":"passed","title":"two calls return the exact same adapter reference","duration":36.585999999999785,"failureMessages":[],"meta":{}},{"ancestorTitles":["storage() — singleton memoization"],"fullName":"storage() — singleton memoization createVercelBlobAdapter is called exactly once for multiple storage() calls","status":"passed","title":"createVercelBlobAdapter is called exactly once for multiple storage() calls","duration":3.3168329999998605,"failureMessages":[],"meta":{}}],"startTime":1781072002079,"endTime":1781072002326.317,"status":"passed","message":"","name":"/Users/macanderson/oxagen-monorepo/packages/storage/src/client.test.ts"},{"assertionResults":[{"ancestorTitles":["isIngestibleImageUrl"],"fullName":"isIngestibleImageUrl accepts https Google and GitHub avatar hosts","status":"passed","title":"accepts https Google and GitHub avatar hosts","duration":1.5792500000002292,"failureMessages":[],"meta":{}},{"ancestorTitles":["isIngestibleImageUrl"],"fullName":"isIngestibleImageUrl rejects non-https, untrusted hosts, and garbage","status":"passed","title":"rejects non-https, untrusted hosts, and garbage","duration":0.17004199999973935,"failureMessages":[],"meta":{}},{"ancestorTitles":["ingestImageFromUrl"],"fullName":"ingestImageFromUrl fetches a trusted avatar and stores it, returning the put result","status":"passed","title":"fetches a trusted avatar and stores it, returning the put result","duration":2.3510419999997794,"failureMessages":[],"meta":{}},{"ancestorTitles":["ingestImageFromUrl"],"fullName":"ingestImageFromUrl never fetches an untrusted host (SSRF guard) and returns null","status":"passed","title":"never fetches an untrusted host (SSRF guard) and returns null","duration":0.2197919999998703,"failureMessages":[],"meta":{}},{"ancestorTitles":["ingestImageFromUrl"],"fullName":"ingestImageFromUrl returns null on a non-image content type","status":"passed","title":"returns null on a non-image content type","duration":0.20366699999976845,"failureMessages":[],"meta":{}},{"ancestorTitles":["ingestImageFromUrl"],"fullName":"ingestImageFromUrl returns null on an oversize or empty body","status":"passed","title":"returns null on an oversize or empty body","duration":2.4012079999997695,"failureMessages":[],"meta":{}},{"ancestorTitles":["ingestImageFromUrl"],"fullName":"ingestImageFromUrl returns null (never throws) when fetch or storage fails","status":"passed","title":"returns null (never throws) when fetch or storage fails","duration":0.34724999999980355,"failureMessages":[],"meta":{}},{"ancestorTitles":["ingestImageFromUrl"],"fullName":"ingestImageFromUrl returns null on a non-OK HTTP status","status":"passed","title":"returns null on a non-OK HTTP status","duration":0.12616699999989578,"failureMessages":[],"meta":{}}],"startTime":1781072002666,"endTime":1781072002674.1262,"status":"passed","message":"","name":"/Users/macanderson/oxagen-monorepo/packages/storage/src/ingest.test.ts"},{"assertionResults":[{"ancestorTitles":["createVercelBlobAdapter"],"fullName":"createVercelBlobAdapter reports the driver name","status":"passed","title":"reports the driver name","duration":0.5437919999999394,"failureMessages":[],"meta":{}},{"ancestorTitles":["createVercelBlobAdapter"],"fullName":"createVercelBlobAdapter puts a public object: url, canonical key, byte length, access='public'","status":"passed","title":"puts a public object: url, canonical key, byte length, access='public'","duration":6.217791999999918,"failureMessages":[],"meta":{}},{"ancestorTitles":["createVercelBlobAdapter"],"fullName":"createVercelBlobAdapter puts a private object: passes access:private to SDK and returns access='private'","status":"passed","title":"puts a private object: passes access:private to SDK and returns access='private'","duration":0.2617089999998825,"failureMessages":[],"meta":{}},{"ancestorTitles":["createVercelBlobAdapter"],"fullName":"createVercelBlobAdapter computes bytes from a Blob body","status":"passed","title":"computes bytes from a Blob body","duration":0.13312500000029104,"failureMessages":[],"meta":{}},{"ancestorTitles":["createVercelBlobAdapter"],"fullName":"createVercelBlobAdapter delegates delete to the SDK with the token","status":"passed","title":"delegates delete to the SDK with the token","duration":0.2107920000003105,"failureMessages":[],"meta":{}},{"ancestorTitles":["createVercelBlobAdapter"],"fullName":"createVercelBlobAdapter get: uses authenticated SDK, streams body, returns content-type + size","status":"passed","title":"get: uses authenticated SDK, streams body, returns content-type + size","duration":0.41899999999986903,"failureMessages":[],"meta":{}},{"ancestorTitles":["createVercelBlobAdapter"],"fullName":"createVercelBlobAdapter get: works for private blobs (authenticated path, no public CDN fetch)","status":"passed","title":"get: works for private blobs (authenticated path, no public CDN fetch)","duration":0.14966700000013589,"failureMessages":[],"meta":{}},{"ancestorTitles":["createVercelBlobAdapter"],"fullName":"createVercelBlobAdapter get: zero/null size in blob metadata yields null sizeBytes","status":"passed","title":"get: zero/null size in blob metadata yields null sizeBytes","duration":0.07895800000005693,"failureMessages":[],"meta":{}},{"ancestorTitles":["createVercelBlobAdapter"],"fullName":"createVercelBlobAdapter get: throws StorageNotFoundError when SDK returns null (blob not found / 404)","status":"passed","title":"get: throws StorageNotFoundError when SDK returns null (blob not found / 404)","duration":0.30829099999982645,"failureMessages":[],"meta":{}},{"ancestorTitles":["createVercelBlobAdapter"],"fullName":"createVercelBlobAdapter get: throws StorageNotFoundError when stream is null (304 not modified case)","status":"passed","title":"get: throws StorageNotFoundError when stream is null (304 not modified case)","duration":0.10233300000027157,"failureMessages":[],"meta":{}},{"ancestorTitles":["publicBaseUrlFromToken"],"fullName":"publicBaseUrlFromToken derives the correct base URL from a well-formed token","status":"passed","title":"derives the correct base URL from a well-formed token","duration":0.06379100000003746,"failureMessages":[],"meta":{}},{"ancestorTitles":["publicBaseUrlFromToken"],"fullName":"publicBaseUrlFromToken derives the correct base URL for a different store ID","status":"passed","title":"derives the correct base URL for a different store ID","duration":0.037624999999934516,"failureMessages":[],"meta":{}},{"ancestorTitles":["publicBaseUrlFromToken"],"fullName":"publicBaseUrlFromToken throws a clear error when the token is empty","status":"passed","title":"throws a clear error when the token is empty","duration":0.3172079999999369,"failureMessages":[],"meta":{}},{"ancestorTitles":["publicBaseUrlFromToken"],"fullName":"publicBaseUrlFromToken throws a clear error when the token prefix is malformed (too few segments)","status":"passed","title":"throws a clear error when the token prefix is malformed (too few segments)","duration":0.07787499999994907,"failureMessages":[],"meta":{}},{"ancestorTitles":["publicBaseUrlFromToken"],"fullName":"publicBaseUrlFromToken throws a clear error when the token does not start with 'vercel_blob_rw'","status":"passed","title":"throws a clear error when the token does not start with 'vercel_blob_rw'","duration":0.05695800000012241,"failureMessages":[],"meta":{}}],"startTime":1781072002323,"endTime":1781072002332.078,"status":"passed","message":"","name":"/Users/macanderson/oxagen-monorepo/packages/storage/src/vercel-blob.test.ts"}]}
@oxagen/crypto:test:unit: {"numTotalTestSuites":9,"numPassedTestSuites":8,"numFailedTestSuites":1,"numPendingTestSuites":0,"numTotalTests":30,"numPassedTests":30,"numFailedTests":0,"numPendingTests":0,"numTodoTests":0,"snapshot":{"added":0,"failure":false,"filesAdded":0,"filesRemoved":0,"filesRemovedList":[],"filesUnmatched":0,"filesUpdated":0,"matched":0,"total":0,"unchecked":0,"uncheckedKeysByFile":[],"unmatched":0,"updated":0,"didUpdate":false},"startTime":1781071999913,"success":false,"testResults":[{"assertionResults":[{"ancestorTitles":["encryptedBytea"],"fullName":"encryptedBytea getSQLType() returns 'bytea'","status":"passed","title":"getSQLType() returns 'bytea'","duration":0.8627089999999953,"failureMessages":[],"meta":{}},{"ancestorTitles":["encryptedBytea"],"fullName":"encryptedBytea carries the column name supplied to the builder","status":"passed","title":"carries the column name supplied to the builder","duration":0.09387500000002547,"failureMessages":[],"meta":{}},{"ancestorTitles":["encryptedBytea"],"fullName":"encryptedBytea two calls with different names produce distinct column names","status":"passed","title":"two calls with different names produce distinct column names","duration":0.31654100000014296,"failureMessages":[],"meta":{}},{"ancestorTitles":["encryptedBytea"],"fullName":"encryptedBytea dataType is 'custom' (confirms Drizzle customType wrapper)","status":"passed","title":"dataType is 'custom' (confirms Drizzle customType wrapper)","duration":0.07520900000008623,"failureMessages":[],"meta":{}}],"startTime":1781072002773,"endTime":1781072002775.0752,"status":"passed","message":"","name":"/Users/macanderson/oxagen-monorepo/packages/crypto/src/drizzle.test.ts"},{"assertionResults":[{"ancestorTitles":["envelope encryption"],"fullName":"envelope encryption round-trip: Buffer plaintext","status":"passed","title":"round-trip: Buffer plaintext","duration":3.9854169999998703,"failureMessages":[],"meta":{}},{"ancestorTitles":["envelope encryption"],"fullName":"envelope encryption round-trip: string plaintext","status":"passed","title":"round-trip: string plaintext","duration":0.16849999999976717,"failureMessages":[],"meta":{}},{"ancestorTitles":["envelope encryption"],"fullName":"envelope encryption round-trip: empty plaintext","status":"passed","title":"round-trip: empty plaintext","duration":0.10733299999992596,"failureMessages":[],"meta":{}},{"ancestorTitles":["envelope encryption"],"fullName":"envelope encryption round-trip: large plaintext (1 MiB)","status":"passed","title":"round-trip: large plaintext (1 MiB)","duration":34.17729099999997,"failureMessages":[],"meta":{}},{"ancestorTitles":["envelope encryption"],"fullName":"envelope encryption tamper detection: mutating a ciphertext byte throws","status":"passed","title":"tamper detection: mutating a ciphertext byte throws","duration":1.6720000000000255,"failureMessages":[],"meta":{}},{"ancestorTitles":["envelope encryption"],"fullName":"envelope encryption tamper detection: flipping the last byte (auth tag) throws","status":"passed","title":"tamper detection: flipping the last byte (auth tag) throws","duration":0.21466599999985192,"failureMessages":[],"meta":{}},{"ancestorTitles":["envelope encryption"],"fullName":"envelope encryption wrong-key failure: returns wrong DEK → auth tag mismatch throws","status":"passed","title":"wrong-key failure: returns wrong DEK → auth tag mismatch throws","duration":0.17170800000030795,"failureMessages":[],"meta":{}},{"ancestorTitles":["envelope encryption"],"fullName":"envelope encryption version gate: unknown version byte throws","status":"passed","title":"version gate: unknown version byte throws","duration":2.909125000000131,"failureMessages":[],"meta":{}},{"ancestorTitles":["envelope encryption"],"fullName":"envelope encryption truncated ciphertext: throws a meaningful error","status":"passed","title":"truncated ciphertext: throws a meaningful error","duration":0.18629199999986668,"failureMessages":[],"meta":{}},{"ancestorTitles":["envelope encryption"],"fullName":"envelope encryption invalid DEK length on generateDataKey: encrypt throws /Expected 32-byte DEK/","status":"passed","title":"invalid DEK length on generateDataKey: encrypt throws /Expected 32-byte DEK/","duration":0.23508300000003146,"failureMessages":[],"meta":{}},{"ancestorTitles":["envelope encryption"],"fullName":"envelope encryption invalid DEK length on decryptDataKey: decrypt throws /Expected 32-byte DEK/","status":"passed","title":"invalid DEK length on decryptDataKey: decrypt throws /Expected 32-byte DEK/","duration":0.3435829999998532,"failureMessages":[],"meta":{}},{"ancestorTitles":["envelope encryption"],"fullName":"envelope encryption mid-parse truncation: header fields exceed remaining buffer → throws /truncated/","status":"passed","title":"mid-parse truncation: header fields exceed remaining buffer → throws /truncated/","duration":0.8733749999996689,"failureMessages":[],"meta":{}},{"ancestorTitles":["envelope encryption"],"fullName":"envelope encryption ct+tag segment shorter than AES-GCM tag size: decrypt throws","status":"passed","title":"ct+tag segment shorter than AES-GCM tag size: decrypt throws","duration":3.172124999999596,"failureMessages":[],"meta":{}},{"ancestorTitles":["envelope encryption"],"fullName":"envelope encryption each encrypt call produces a different ciphertext (fresh IV + DEK)","status":"passed","title":"each encrypt call produces a different ciphertext (fresh IV + DEK)","duration":0.20045800000025338,"failureMessages":[],"meta":{}},{"ancestorTitles":["envelope encryption"],"fullName":"envelope encryption wire-format: raw buffer fields match the documented layout","status":"passed","title":"wire-format: raw buffer fields match the documented layout","duration":0.19012500000008004,"failureMessages":[],"meta":{}}],"startTime":1781072002025,"endTime":1781072002074.2004,"status":"passed","message":"","name":"/Users/macanderson/oxagen-monorepo/packages/crypto/src/envelope.test.ts"},{"assertionResults":[{"ancestorTitles":["createIngestionCryptoAdapter"],"fullName":"createIngestionCryptoAdapter returns local adapter with ENV key id when provider=env (default)","status":"passed","title":"returns local adapter with ENV key id when provider=env (default)","duration":1.6214579999996204,"failureMessages":[],"meta":{}},{"ancestorTitles":["createIngestionCryptoAdapter"],"fullName":"createIngestionCryptoAdapter returns local adapter with ENV key id when INGESTION_CRYPTO_PROVIDER=env explicitly","status":"passed","title":"returns local adapter with ENV key id when INGESTION_CRYPTO_PROVIDER=env explicitly","duration":0.1533339999996315,"failureMessages":[],"meta":{}},{"ancestorTitles":["createIngestionCryptoAdapter"],"fullName":"createIngestionCryptoAdapter throws when provider=env and INGESTION_ENCRYPTION_KEY is missing","status":"passed","title":"throws when provider=env and INGESTION_ENCRYPTION_KEY is missing","duration":2.5628750000000764,"failureMessages":[],"meta":{}},{"ancestorTitles":["createIngestionCryptoAdapter"],"fullName":"createIngestionCryptoAdapter throws when provider=kms and AWS_KMS_INGESTION_KEY_ARN is missing","status":"passed","title":"throws when provider=kms and AWS_KMS_INGESTION_KEY_ARN is missing","duration":0.15262500000017099,"failureMessages":[],"meta":{}},{"ancestorTitles":["createIngestionCryptoAdapter"],"fullName":"createIngestionCryptoAdapter throws the not-implemented error when provider=kms and ARN is supplied","status":"passed","title":"throws the not-implemented error when provider=kms and ARN is supplied","duration":0.15420899999980975,"failureMessages":[],"meta":{}},{"ancestorTitles":["createIngestionCryptoAdapter"],"fullName":"createIngestionCryptoAdapter INGESTION_KEY_ID_ENV is the expected constant","status":"passed","title":"INGESTION_KEY_ID_ENV is the expected constant","duration":0.11970800000017334,"failureMessages":[],"meta":{}},{"ancestorTitles":["createIngestionCryptoAdapter"],"fullName":"createIngestionCryptoAdapter INGESTION_KEY_ID_KMS is the expected constant","status":"passed","title":"INGESTION_KEY_ID_KMS is the expected constant","duration":0.06708300000036616,"failureMessages":[],"meta":{}},{"ancestorTitles":["createIngestionCryptoAdapter"],"fullName":"createIngestionCryptoAdapter adapter from env provider can round-trip encryption","status":"passed","title":"adapter from env provider can round-trip encryption","duration":0.47412500000018554,"failureMessages":[],"meta":{}}],"startTime":1781072002055,"endTime":1781072002060.474,"status":"passed","message":"","name":"/Users/macanderson/oxagen-monorepo/packages/crypto/src/ingestion.test.ts"},{"assertionResults":[{"ancestorTitles":["createAwsKmsAdapter"],"fullName":"createAwsKmsAdapter throws a not-implemented error when called with any key ARN","status":"passed","title":"throws a not-implemented error when called with any key ARN","duration":3.154333000000406,"failureMessages":[],"meta":{}},{"ancestorTitles":["createAwsKmsAdapter"],"fullName":"createAwsKmsAdapter throws regardless of the key ARN format","status":"passed","title":"throws regardless of the key ARN format","duration":0.1920420000001286,"failureMessages":[],"meta":{}},{"ancestorTitles":["createAwsKmsAdapter"],"fullName":"createAwsKmsAdapter error message includes instructions to use env provider instead","status":"passed","title":"error message includes instructions to use env provider instead","duration":0.10483399999975518,"failureMessages":[],"meta":{}}],"startTime":1781072002081,"endTime":1781072002084.1921,"status":"passed","message":"","name":"/Users/macanderson/oxagen-monorepo/packages/crypto/src/kms/aws.test.ts"},{"assertionResults":[],"startTime":1781071999913,"endTime":1781071999913,"status":"failed","message":"Transform failed with 1 error:\n/Users/macanderson/oxagen-monorepo/packages/crypto/src/kms/local.test.ts:71:0: ERROR: Unexpected \"}\"","name":"/Users/macanderson/oxagen-monorepo/packages/crypto/src/kms/local.test.ts"}]}
@oxagen/crypto#test:unit:  WARNING  command finished with error, but continuing...
@oxagen/sandbox:test:unit: {"numTotalTestSuites":28,"numPassedTestSuites":28,"numFailedTestSuites":0,"numPendingTestSuites":0,"numTotalTests":76,"numPassedTests":76,"numFailedTests":0,"numPendingTests":0,"numTodoTests":0,"snapshot":{"added":0,"failure":false,"filesAdded":0,"filesRemoved":0,"filesRemovedList":[],"filesUnmatched":0,"filesUpdated":0,"matched":0,"total":0,"unchecked":0,"uncheckedKeysByFile":[],"unmatched":0,"updated":0,"didUpdate":false},"startTime":1781071999886,"success":true,"testResults":[{"assertionResults":[{"ancestorTitles":["hostConfigFor — SecurityOpt"],"fullName":"hostConfigFor — SecurityOpt includes no-new-privileges","status":"passed","title":"includes no-new-privileges","duration":1.275916000000052,"failureMessages":[],"meta":{}},{"ancestorTitles":["hostConfigFor — SecurityOpt"],"fullName":"hostConfigFor — SecurityOpt includes seccomp=builtin","status":"passed","title":"includes seccomp=builtin","duration":0.1405830000003334,"failureMessages":[],"meta":{}},{"ancestorTitles":["hostConfigFor — SecurityOpt"],"fullName":"hostConfigFor — SecurityOpt does not include seccomp=unconfined","status":"passed","title":"does not include seccomp=unconfined","duration":0.11462499999970532,"failureMessages":[],"meta":{}},{"ancestorTitles":["hostConfigFor — SecurityOpt"],"fullName":"hostConfigFor — SecurityOpt has both security options regardless of network setting","status":"passed","title":"has both security options regardless of network setting","duration":0.17004099999985556,"failureMessages":[],"meta":{}},{"ancestorTitles":["hostConfigFor — network isolation"],"fullName":"hostConfigFor — network isolation sets NetworkMode=none when network=deny","status":"passed","title":"sets NetworkMode=none when network=deny","duration":0.08779200000026322,"failureMessages":[],"meta":{}},{"ancestorTitles":["hostConfigFor — network isolation"],"fullName":"hostConfigFor — network isolation sets NetworkMode=bridge when network=allow","status":"passed","title":"sets NetworkMode=bridge when network=allow","duration":0.06079200000021956,"failureMessages":[],"meta":{}},{"ancestorTitles":["hostConfigFor — ReadonlyRootfs"],"fullName":"hostConfigFor — ReadonlyRootfs sets ReadonlyRootfs=true","status":"passed","title":"sets ReadonlyRootfs=true","duration":0.05133400000022448,"failureMessages":[],"meta":{}},{"ancestorTitles":["hostConfigFor — ReadonlyRootfs"],"fullName":"hostConfigFor — ReadonlyRootfs ReadonlyRootfs is true regardless of network mode","status":"passed","title":"ReadonlyRootfs is true regardless of network mode","duration":0.06183400000008987,"failureMessages":[],"meta":{}},{"ancestorTitles":["hostConfigFor — tmpfs mounts"],"fullName":"hostConfigFor — tmpfs mounts mounts /work as a writable tmpfs","status":"passed","title":"mounts /work as a writable tmpfs","duration":0.11733299999968949,"failureMessages":[],"meta":{}},{"ancestorTitles":["hostConfigFor — tmpfs mounts"],"fullName":"hostConfigFor — tmpfs mounts mounts /tmp as a writable tmpfs","status":"passed","title":"mounts /tmp as a writable tmpfs","duration":0.05141700000012861,"failureMessages":[],"meta":{}},{"ancestorTitles":["hostConfigFor — tmpfs mounts"],"fullName":"hostConfigFor — tmpfs mounts /work tmpfs size reflects the spec's tmpfsBytes","status":"passed","title":"/work tmpfs size reflects the spec's tmpfsBytes","duration":0.04829199999994671,"failureMessages":[],"meta":{}},{"ancestorTitles":["hostConfigFor — capability drop"],"fullName":"hostConfigFor — capability drop drops ALL capabilities","status":"passed","title":"drops ALL capabilities","duration":0.23775000000023283,"failureMessages":[],"meta":{}},{"ancestorTitles":["hostConfigFor — memory"],"fullName":"hostConfigFor — memory converts memoryMb to bytes for the Memory field","status":"passed","title":"converts memoryMb to bytes for the Memory field","duration":0.04516700000021956,"failureMessages":[],"meta":{}},{"ancestorTitles":["hostConfigFor — memory"],"fullName":"hostConfigFor — memory sets MemorySwap equal to Memory (disables swap)","status":"passed","title":"sets MemorySwap equal to Memory (disables swap)","duration":0.04658300000028248,"failureMessages":[],"meta":{}}],"startTime":1781072002059,"endTime":1781072002062.2378,"status":"passed","message":"","name":"/Users/macanderson/oxagen-monorepo/packages/sandbox/src/docker.test.ts"},{"assertionResults":[{"ancestorTitles":["createModalSandbox — run() HTTP 200 success"],"fullName":"createModalSandbox — run() HTTP 200 success returns a SandboxResult with the runner's values","status":"passed","title":"returns a SandboxResult with the runner's values","duration":1.36391599999979,"failureMessages":[],"meta":{}},{"ancestorTitles":["createModalSandbox — run() HTTP 200 success"],"fullName":"createModalSandbox — run() HTTP 200 success passes language, code, timeoutMs, memoryMb, network, orgId, workspaceId to the runner","status":"passed","title":"passes language, code, timeoutMs, memoryMb, network, orgId, workspaceId to the runner","duration":0.2956669999998667,"failureMessages":[],"meta":{}},{"ancestorTitles":["createModalSandbox — run() HTTP error"],"fullName":"createModalSandbox — run() HTTP error throws an Error that includes the HTTP status on 4xx","status":"passed","title":"throws an Error that includes the HTTP status on 4xx","duration":0.8673330000001442,"failureMessages":[],"meta":{}},{"ancestorTitles":["createModalSandbox — run() HTTP error"],"fullName":"createModalSandbox — run() HTTP error throws an Error that includes the HTTP status on 5xx","status":"passed","title":"throws an Error that includes the HTTP status on 5xx","duration":0.12454100000013568,"failureMessages":[],"meta":{}},{"ancestorTitles":["createModalSandbox — run() HTTP error"],"fullName":"createModalSandbox — run() HTTP error includes (up to 500 chars of) the response body in the error","status":"passed","title":"includes (up to 500 chars of) the response body in the error","duration":0.10350000000016735,"failureMessages":[],"meta":{}},{"ancestorTitles":["createModalSandbox — AbortController timeout"],"fullName":"createModalSandbox — AbortController timeout aborts the fetch after timeoutMs + 15 s","status":"passed","title":"aborts the fetch after timeoutMs + 15 s","duration":1.6449999999999818,"failureMessages":[],"meta":{}},{"ancestorTitles":["createModalSandbox — stream()"],"fullName":"createModalSandbox — stream() yields a stdout chunk then a stderr chunk when both are non-empty","status":"passed","title":"yields a stdout chunk then a stderr chunk when both are non-empty","duration":0.8170840000002499,"failureMessages":[],"meta":{}},{"ancestorTitles":["createModalSandbox — stream()"],"fullName":"createModalSandbox — stream() yields only the stdout chunk when stderr is empty","status":"passed","title":"yields only the stdout chunk when stderr is empty","duration":0.21729099999993196,"failureMessages":[],"meta":{}},{"ancestorTitles":["createModalSandbox — stream()"],"fullName":"createModalSandbox — stream() yields no chunks when both stdout and stderr are empty","status":"passed","title":"yields no chunks when both stdout and stderr are empty","duration":0.15433300000040617,"failureMessages":[],"meta":{}},{"ancestorTitles":["getSandbox() with SANDBOX_DRIVER=modal"],"fullName":"getSandbox() with SANDBOX_DRIVER=modal returns a driver with name === 'modal' when SANDBOX_DRIVER=modal and both env vars are set","status":"passed","title":"returns a driver with name === 'modal' when SANDBOX_DRIVER=modal and both env vars are set","duration":0.46354199999996126,"failureMessages":[],"meta":{}},{"ancestorTitles":["getSandbox() with SANDBOX_DRIVER=modal"],"fullName":"getSandbox() with SANDBOX_DRIVER=modal throws when SANDBOX_DRIVER=modal but MODAL_RUNNER_URL is missing","status":"passed","title":"throws when SANDBOX_DRIVER=modal but MODAL_RUNNER_URL is missing","duration":0.09345900000016627,"failureMessages":[],"meta":{}},{"ancestorTitles":["getSandbox() with SANDBOX_DRIVER=modal"],"fullName":"getSandbox() with SANDBOX_DRIVER=modal throws when SANDBOX_DRIVER=modal but MODAL_RUNNER_TOKEN is missing","status":"passed","title":"throws when SANDBOX_DRIVER=modal but MODAL_RUNNER_TOKEN is missing","duration":0.0836659999999938,"failureMessages":[],"meta":{}}],"startTime":1781072002642,"endTime":1781072002648.4636,"status":"passed","message":"","name":"/Users/macanderson/oxagen-monorepo/packages/sandbox/src/modal.test.ts"},{"assertionResults":[{"ancestorTitles":["applyPolicy — network"],"fullName":"applyPolicy — network passes a request with network=deny when policy disallows network","status":"passed","title":"passes a request with network=deny when policy disallows network","duration":2.0494169999999485,"failureMessages":[],"meta":{}},{"ancestorTitles":["applyPolicy — network"],"fullName":"applyPolicy — network throws SandboxPolicyError when request wants network but policy denies it","status":"passed","title":"throws SandboxPolicyError when request wants network but policy denies it","duration":0.1656669999999849,"failureMessages":[],"meta":{}},{"ancestorTitles":["applyPolicy — network"],"fullName":"applyPolicy — network error message names the network violation","status":"passed","title":"error message names the network violation","duration":0.31874999999990905,"failureMessages":[],"meta":{}},{"ancestorTitles":["applyPolicy — network"],"fullName":"applyPolicy — network allows network=allow when policy permits network","status":"passed","title":"allows network=allow when policy permits network","duration":0.061958999999887965,"failureMessages":[],"meta":{}},{"ancestorTitles":["applyPolicy — network"],"fullName":"applyPolicy — network does not throw for network=deny even when policy allows network","status":"passed","title":"does not throw for network=deny even when policy allows network","duration":0.04787499999997635,"failureMessages":[],"meta":{}},{"ancestorTitles":["applyPolicy — language denylist"],"fullName":"applyPolicy — language denylist throws SandboxPolicyError when language is not in allowedLanguages","status":"passed","title":"throws SandboxPolicyError when language is not in allowedLanguages","duration":0.07075000000008913,"failureMessages":[],"meta":{}},{"ancestorTitles":["applyPolicy — language denylist"],"fullName":"applyPolicy — language denylist error message names the disallowed language","status":"passed","title":"error message names the disallowed language","duration":0.08233300000006238,"failureMessages":[],"meta":{}},{"ancestorTitles":["applyPolicy — language denylist"],"fullName":"applyPolicy — language denylist passes when language is in allowedLanguages","status":"passed","title":"passes when language is in allowedLanguages","duration":0.07737500000007458,"failureMessages":[],"meta":{}},{"ancestorTitles":["applyPolicy — language denylist"],"fullName":"applyPolicy — language denylist passes every language that appears in the full policy list","status":"passed","title":"passes every language that appears in the full policy list","duration":0.1461669999998776,"failureMessages":[],"meta":{}},{"ancestorTitles":["applyPolicy — language denylist"],"fullName":"applyPolicy — language denylist rejects a language not on the DEFAULT_POLICY list (shell is allowed, but typed wrong)","status":"passed","title":"rejects a language not on the DEFAULT_POLICY list (shell is allowed, but typed wrong)","duration":0.05891599999995378,"failureMessages":[],"meta":{}},{"ancestorTitles":["applyPolicy — timeoutMs clamping"],"fullName":"applyPolicy — timeoutMs clamping clamps timeoutMs to maxTimeoutMs when request exceeds the ceiling","status":"passed","title":"clamps timeoutMs to maxTimeoutMs when request exceeds the ceiling","duration":0.06133399999998801,"failureMessages":[],"meta":{}},{"ancestorTitles":["applyPolicy — timeoutMs clamping"],"fullName":"applyPolicy — timeoutMs clamping preserves timeoutMs when it is below the ceiling","status":"passed","title":"preserves timeoutMs when it is below the ceiling","duration":0.04570800000010422,"failureMessages":[],"meta":{}},{"ancestorTitles":["applyPolicy — timeoutMs clamping"],"fullName":"applyPolicy — timeoutMs clamping preserves timeoutMs when it equals the ceiling exactly","status":"passed","title":"preserves timeoutMs when it equals the ceiling exactly","duration":0.0392500000000382,"failureMessages":[],"meta":{}},{"ancestorTitles":["applyPolicy — timeoutMs clamping"],"fullName":"applyPolicy — timeoutMs clamping clamps timeoutMs of 1ms above ceiling down to ceiling","status":"passed","title":"clamps timeoutMs of 1ms above ceiling down to ceiling","duration":0.03279100000008839,"failureMessages":[],"meta":{}},{"ancestorTitles":["applyPolicy — memoryMb clamping"],"fullName":"applyPolicy — memoryMb clamping clamps memoryMb to maxMemoryMb when request exceeds the ceiling","status":"passed","title":"clamps memoryMb to maxMemoryMb when request exceeds the ceiling","duration":0.04183400000010806,"failureMessages":[],"meta":{}},{"ancestorTitles":["applyPolicy — memoryMb clamping"],"fullName":"applyPolicy — memoryMb clamping preserves memoryMb when it is below the ceiling","status":"passed","title":"preserves memoryMb when it is below the ceiling","duration":0.038041999999904874,"failureMessages":[],"meta":{}},{"ancestorTitles":["applyPolicy — memoryMb clamping"],"fullName":"applyPolicy — memoryMb clamping preserves memoryMb when it equals the ceiling exactly","status":"passed","title":"preserves memoryMb when it equals the ceiling exactly","duration":0.03837499999985994,"failureMessages":[],"meta":{}},{"ancestorTitles":["applyPolicy — memoryMb clamping"],"fullName":"applyPolicy — memoryMb clamping clamps memoryMb of 1 above ceiling down to ceiling","status":"passed","title":"clamps memoryMb of 1 above ceiling down to ceiling","duration":0.029999999999972715,"failureMessages":[],"meta":{}},{"ancestorTitles":["applyPolicy — edge values"],"fullName":"applyPolicy — edge values allows timeoutMs=0 and memoryMb=0 (pass-through, not clamped up)","status":"passed","title":"allows timeoutMs=0 and memoryMb=0 (pass-through, not clamped up)","duration":0.03749999999990905,"failureMessages":[],"meta":{}},{"ancestorTitles":["applyPolicy — edge values"],"fullName":"applyPolicy — edge values preserves all other SandboxRequest fields unchanged","status":"passed","title":"preserves all other SandboxRequest fields unchanged","duration":0.2684160000001157,"failureMessages":[],"meta":{}},{"ancestorTitles":["applyPolicy — edge values"],"fullName":"applyPolicy — edge values returns a new object, not the same reference","status":"passed","title":"returns a new object, not the same reference","duration":0.09212499999989632,"failureMessages":[],"meta":{}},{"ancestorTitles":["DEFAULT_POLICY constants"],"fullName":"DEFAULT_POLICY constants has network disabled by default","status":"passed","title":"has network disabled by default","duration":0.03291699999999764,"failureMessages":[],"meta":{}},{"ancestorTitles":["DEFAULT_POLICY constants"],"fullName":"DEFAULT_POLICY constants allows node, python, and shell by default","status":"passed","title":"allows node, python, and shell by default","duration":0.3043750000001637,"failureMessages":[],"meta":{}},{"ancestorTitles":["DEFAULT_POLICY constants"],"fullName":"DEFAULT_POLICY constants maxTimeoutMs is positive","status":"passed","title":"maxTimeoutMs is positive","duration":0.05104099999994105,"failureMessages":[],"meta":{}},{"ancestorTitles":["DEFAULT_POLICY constants"],"fullName":"DEFAULT_POLICY constants maxMemoryMb is positive","status":"passed","title":"maxMemoryMb is positive","duration":0.027208999999857042,"failureMessages":[],"meta":{}}],"startTime":1781072001893,"endTime":1781072001897.3044,"status":"passed","message":"","name":"/Users/macanderson/oxagen-monorepo/packages/sandbox/src/policy.test.ts"},{"assertionResults":[{"ancestorTitles":["createVercelSandbox — construction"],"fullName":"createVercelSandbox — construction returns a driver with name === 'vercel' when given explicit credentials","status":"passed","title":"returns a driver with name === 'vercel' when given explicit credentials","duration":0.5585419999997612,"failureMessages":[],"meta":{}},{"ancestorTitles":["createVercelSandbox — construction"],"fullName":"createVercelSandbox — construction returns a driver (no throw) when constructed without credentials","status":"passed","title":"returns a driver (no throw) when constructed without credentials","duration":0.09441700000024866,"failureMessages":[],"meta":{}},{"ancestorTitles":["createVercelSandbox — construction"],"fullName":"createVercelSandbox — construction exposes run, stream, and warmup methods","status":"passed","title":"exposes run, stream, and warmup methods","duration":0.07733300000018062,"failureMessages":[],"meta":{}},{"ancestorTitles":["runtimeFor"],"fullName":"runtimeFor maps 'node' to 'node24'","status":"passed","title":"maps 'node' to 'node24'","duration":0.04837500000030559,"failureMessages":[],"meta":{}},{"ancestorTitles":["runtimeFor"],"fullName":"runtimeFor maps 'python' to 'python3.13'","status":"passed","title":"maps 'python' to 'python3.13'","duration":0.03633300000001327,"failureMessages":[],"meta":{}},{"ancestorTitles":["runtimeFor"],"fullName":"runtimeFor maps 'shell' to 'node24' (shell runs via /bin/sh on the node24 runtime)","status":"passed","title":"maps 'shell' to 'node24' (shell runs via /bin/sh on the node24 runtime)","duration":0.048708999999689695,"failureMessages":[],"meta":{}},{"ancestorTitles":["networkPolicyFor"],"fullName":"networkPolicyFor maps 'deny' to the deny-all policy string","status":"passed","title":"maps 'deny' to the deny-all policy string","duration":0.20679199999995035,"failureMessages":[],"meta":{}},{"ancestorTitles":["networkPolicyFor"],"fullName":"networkPolicyFor maps 'allow' to the allow-all policy string","status":"passed","title":"maps 'allow' to the allow-all policy string","duration":0.04241600000023027,"failureMessages":[],"meta":{}},{"ancestorTitles":["VercelSandboxUnsupportedError"],"fullName":"VercelSandboxUnsupportedError is an instance of Error","status":"passed","title":"is an instance of Error","duration":0.10204199999998309,"failureMessages":[],"meta":{}},{"ancestorTitles":["VercelSandboxUnsupportedError"],"fullName":"VercelSandboxUnsupportedError has name VercelSandboxUnsupportedError","status":"passed","title":"has name VercelSandboxUnsupportedError","duration":0.053083000000242464,"failureMessages":[],"meta":{}},{"ancestorTitles":["VercelSandboxUnsupportedError"],"fullName":"VercelSandboxUnsupportedError preserves the message","status":"passed","title":"preserves the message","duration":0.04445800000030431,"failureMessages":[],"meta":{}},{"ancestorTitles":["getSandbox() with SANDBOX_DRIVER=vercel"],"fullName":"getSandbox() with SANDBOX_DRIVER=vercel returns a driver with name === 'vercel' when SANDBOX_DRIVER=vercel","status":"passed","title":"returns a driver with name === 'vercel' when SANDBOX_DRIVER=vercel","duration":0.10808300000007875,"failureMessages":[],"meta":{}},{"ancestorTitles":["getSandbox() with SANDBOX_DRIVER=vercel"],"fullName":"getSandbox() with SANDBOX_DRIVER=vercel the vercel driver is selected over modal even when MODAL_RUNNER_URL is set","status":"passed","title":"the vercel driver is selected over modal even when MODAL_RUNNER_URL is set","duration":0.057875000000422006,"failureMessages":[],"meta":{}},{"ancestorTitles":["getSandbox() docker fallback"],"fullName":"getSandbox() docker fallback returns a docker driver when SANDBOX_DRIVER is unset and MODAL_RUNNER_URL is absent","status":"passed","title":"returns a docker driver when SANDBOX_DRIVER is unset and MODAL_RUNNER_URL is absent","duration":202.39125000000013,"failureMessages":[],"meta":{}},{"ancestorTitles":["getSandbox() docker fallback"],"fullName":"getSandbox() docker fallback returns a docker driver when SANDBOX_DRIVER is unset and only MODAL_RUNNER_URL is set (no token)","status":"passed","title":"returns a docker driver when SANDBOX_DRIVER is unset and only MODAL_RUNNER_URL is set (no token)","duration":0.09241699999984121,"failureMessages":[],"meta":{}},{"ancestorTitles":["getSandbox() docker fallback"],"fullName":"getSandbox() docker fallback throws when SANDBOX_DRIVER=modal but MODAL_RUNNER_URL is missing","status":"passed","title":"throws when SANDBOX_DRIVER=modal but MODAL_RUNNER_URL is missing","duration":0.35054200000013225,"failureMessages":[],"meta":{}},{"ancestorTitles":["getSandbox() docker fallback"],"fullName":"getSandbox() docker fallback throws when SANDBOX_DRIVER=modal but MODAL_RUNNER_TOKEN is missing","status":"passed","title":"throws when SANDBOX_DRIVER=modal but MODAL_RUNNER_TOKEN is missing","duration":0.09262499999977081,"failureMessages":[],"meta":{}},{"ancestorTitles":["isSandboxAvailable"],"fullName":"isSandboxAvailable returns false when SANDBOX_ENABLED is unset","status":"passed","title":"returns false when SANDBOX_ENABLED is unset","duration":0.08433299999978772,"failureMessages":[],"meta":{}},{"ancestorTitles":["isSandboxAvailable"],"fullName":"isSandboxAvailable returns false when SANDBOX_ENABLED=false","status":"passed","title":"returns false when SANDBOX_ENABLED=false","duration":0.04037500000004002,"failureMessages":[],"meta":{}},{"ancestorTitles":["isSandboxAvailable"],"fullName":"isSandboxAvailable returns true when SANDBOX_ENABLED=true and SANDBOX_DRIVER=vercel","status":"passed","title":"returns true when SANDBOX_ENABLED=true and SANDBOX_DRIVER=vercel","duration":0.06704100000024482,"failureMessages":[],"meta":{}},{"ancestorTitles":["isSandboxAvailable"],"fullName":"isSandboxAvailable returns true when SANDBOX_ENABLED=true and SANDBOX_DRIVER=docker","status":"passed","title":"returns true when SANDBOX_ENABLED=true and SANDBOX_DRIVER=docker","duration":0.054667000000335975,"failureMessages":[],"meta":{}},{"ancestorTitles":["isSandboxAvailable"],"fullName":"isSandboxAvailable returns true when SANDBOX_ENABLED=true and SANDBOX_DRIVER=modal with both URL+token set","status":"passed","title":"returns true when SANDBOX_ENABLED=true and SANDBOX_DRIVER=modal with both URL+token set","duration":0.047207999999955064,"failureMessages":[],"meta":{}},{"ancestorTitles":["isSandboxAvailable"],"fullName":"isSandboxAvailable returns false when SANDBOX_ENABLED=true and SANDBOX_DRIVER=modal but URL is missing","status":"passed","title":"returns false when SANDBOX_ENABLED=true and SANDBOX_DRIVER=modal but URL is missing","duration":0.043417000000317785,"failureMessages":[],"meta":{}},{"ancestorTitles":["isSandboxAvailable"],"fullName":"isSandboxAvailable returns false when SANDBOX_ENABLED=true and SANDBOX_DRIVER=modal but token is missing","status":"passed","title":"returns false when SANDBOX_ENABLED=true and SANDBOX_DRIVER=modal but token is missing","duration":0.05204200000025594,"failureMessages":[],"meta":{}},{"ancestorTitles":["isSandboxAvailable"],"fullName":"isSandboxAvailable returns true when SANDBOX_ENABLED=true and no explicit driver (docker auto-fallback)","status":"passed","title":"returns true when SANDBOX_ENABLED=true and no explicit driver (docker auto-fallback)","duration":0.04562499999974534,"failureMessages":[],"meta":{}}],"startTime":1781072002709,"endTime":1781072002914.0842,"status":"passed","message":"","name":"/Users/macanderson/oxagen-monorepo/packages/sandbox/src/vercel.test.ts"}]}
@oxagen/cli:test:unit: {"numTotalTestSuites":116,"numPassedTestSuites":116,"numFailedTestSuites":0,"numPendingTestSuites":0,"numTotalTests":242,"numPassedTests":242,"numFailedTests":0,"numPendingTests":0,"numTodoTests":0,"snapshot":{"added":0,"failure":false,"filesAdded":0,"filesRemoved":0,"filesRemovedList":[],"filesUnmatched":0,"filesUpdated":0,"matched":0,"total":0,"unchecked":0,"uncheckedKeysByFile":[],"unmatched":0,"updated":0,"didUpdate":false},"startTime":1781071999879,"success":true,"testResults":[{"assertionResults":[{"ancestorTitles":["auth login"],"fullName":"auth login exits 1 if email or password is missing","status":"passed","title":"exits 1 if email or password is missing","duration":2.417667000000165,"failureMessages":[],"meta":{}},{"ancestorTitles":["auth login"],"fullName":"auth login calls API with credentials and stores token","status":"passed","title":"calls API with credentials and stores token","duration":1.5366659999999683,"failureMessages":[],"meta":{}},{"ancestorTitles":["auth login"],"fullName":"auth login exits 1 on API error during login","status":"passed","title":"exits 1 on API error during login","duration":0.3510000000001128,"failureMessages":[],"meta":{}},{"ancestorTitles":["auth login"],"fullName":"auth login handles response with session.token shape","status":"passed","title":"handles response with session.token shape","duration":0.16704099999969912,"failureMessages":[],"meta":{}},{"ancestorTitles":["auth logout"],"fullName":"auth logout clears config and reports success","status":"passed","title":"clears config and reports success","duration":0.26037499999983993,"failureMessages":[],"meta":{}},{"ancestorTitles":["auth logout"],"fullName":"auth logout clears config even if sign-out API fails","status":"passed","title":"clears config even if sign-out API fails","duration":0.11358299999983501,"failureMessages":[],"meta":{}},{"ancestorTitles":["auth logout"],"fullName":"auth logout skips sign-out API call when no token is stored","status":"passed","title":"skips sign-out API call when no token is stored","duration":0.10800000000017462,"failureMessages":[],"meta":{}},{"ancestorTitles":["auth whoami"],"fullName":"auth whoami displays user, org, and workspace","status":"passed","title":"displays user, org, and workspace","duration":0.24145899999984977,"failureMessages":[],"meta":{}},{"ancestorTitles":["auth whoami"],"fullName":"auth whoami falls back to config values for org/workspace","status":"passed","title":"falls back to config values for org/workspace","duration":0.12924999999995634,"failureMessages":[],"meta":{}},{"ancestorTitles":["auth whoami"],"fullName":"auth whoami exits 1 on API error","status":"passed","title":"exits 1 on API error","duration":0.19675000000006548,"failureMessages":[],"meta":{}},{"ancestorTitles":["org list"],"fullName":"org list prints organization list","status":"passed","title":"prints organization list","duration":0.1590000000001055,"failureMessages":[],"meta":{}},{"ancestorTitles":["org list"],"fullName":"org list prints empty message when no orgs","status":"passed","title":"prints empty message when no orgs","duration":0.11029099999996106,"failureMessages":[],"meta":{}},{"ancestorTitles":["org list"],"fullName":"org list handles data array shape from API","status":"passed","title":"handles data array shape from API","duration":0.11474999999973079,"failureMessages":[],"meta":{}},{"ancestorTitles":["org create"],"fullName":"org create creates org and prints slug","status":"passed","title":"creates org and prints slug","duration":0.2487909999999829,"failureMessages":[],"meta":{}},{"ancestorTitles":["org create"],"fullName":"org create exits 1 on API error","status":"passed","title":"exits 1 on API error","duration":0.17116700000042329,"failureMessages":[],"meta":{}},{"ancestorTitles":["org member add"],"fullName":"org member add adds member and confirms","status":"passed","title":"adds member and confirms","duration":0.16645900000003166,"failureMessages":[],"meta":{}},{"ancestorTitles":["org member add"],"fullName":"org member add defaults role to member when no --role flag given","status":"passed","title":"defaults role to member when no --role flag given","duration":0.08424999999988358,"failureMessages":[],"meta":{}},{"ancestorTitles":["org member remove"],"fullName":"org member remove removes member and confirms","status":"passed","title":"removes member and confirms","duration":0.14904200000000856,"failureMessages":[],"meta":{}},{"ancestorTitles":["workspace list"],"fullName":"workspace list prints workspace list","status":"passed","title":"prints workspace list","duration":0.12537499999962165,"failureMessages":[],"meta":{}},{"ancestorTitles":["workspace list"],"fullName":"workspace list prints empty message when no workspaces","status":"passed","title":"prints empty message when no workspaces","duration":0.08641699999998309,"failureMessages":[],"meta":{}},{"ancestorTitles":["workspace list"],"fullName":"workspace list passes org query param when provided","status":"passed","title":"passes org query param when provided","duration":0.10841699999991761,"failureMessages":[],"meta":{}},{"ancestorTitles":["workspace create"],"fullName":"workspace create creates workspace and prints slug","status":"passed","title":"creates workspace and prints slug","duration":0.15887500000008004,"failureMessages":[],"meta":{}},{"ancestorTitles":["chat send"],"fullName":"chat send sends message and prints response","status":"passed","title":"sends message and prints response","duration":0.7089169999999285,"failureMessages":[],"meta":{}},{"ancestorTitles":["chat send"],"fullName":"chat send passes conversation id when provided","status":"passed","title":"passes conversation id when provided","duration":0.2594579999999951,"failureMessages":[],"meta":{}},{"ancestorTitles":["chat send"],"fullName":"chat send exits 1 on API error","status":"passed","title":"exits 1 on API error","duration":0.48066700000026685,"failureMessages":[],"meta":{}},{"ancestorTitles":["conversation list"],"fullName":"conversation list lists conversations","status":"passed","title":"lists conversations","duration":0.21608300000025338,"failureMessages":[],"meta":{}},{"ancestorTitles":["conversation list"],"fullName":"conversation list shows empty message when no conversations","status":"passed","title":"shows empty message when no conversations","duration":0.103874999999789,"failureMessages":[],"meta":{}},{"ancestorTitles":["conversation list"],"fullName":"conversation list passes filter and limit params","status":"passed","title":"passes filter and limit params","duration":0.08829199999991033,"failureMessages":[],"meta":{}},{"ancestorTitles":["conversation delete"],"fullName":"conversation delete deletes conversation and confirms","status":"passed","title":"deletes conversation and confirms","duration":0.15270800000007512,"failureMessages":[],"meta":{}},{"ancestorTitles":["conversation delete"],"fullName":"conversation delete exits 1 on not found","status":"passed","title":"exits 1 on not found","duration":0.14087500000005093,"failureMessages":[],"meta":{}},{"ancestorTitles":["conversation archive"],"fullName":"conversation archive archives conversation","status":"passed","title":"archives conversation","duration":0.15891600000031758,"failureMessages":[],"meta":{}},{"ancestorTitles":["conversation archive"],"fullName":"conversation archive unarchives when --unarchive flag is set","status":"passed","title":"unarchives when --unarchive flag is set","duration":0.08958299999994779,"failureMessages":[],"meta":{}},{"ancestorTitles":["conversation rename"],"fullName":"conversation rename renames conversation","status":"passed","title":"renames conversation","duration":0.12933299999986048,"failureMessages":[],"meta":{}},{"ancestorTitles":["api-key create"],"fullName":"api-key create creates API key and displays secret","status":"passed","title":"creates API key and displays secret","duration":0.16845799999964584,"failureMessages":[],"meta":{}},{"ancestorTitles":["api-key create"],"fullName":"api-key create exits 1 on API error","status":"passed","title":"exits 1 on API error","duration":0.13241699999980483,"failureMessages":[],"meta":{}},{"ancestorTitles":["api-key revoke"],"fullName":"api-key revoke revokes API key","status":"passed","title":"revokes API key","duration":0.12008299999979499,"failureMessages":[],"meta":{}},{"ancestorTitles":["notifications list"],"fullName":"notifications list lists notifications with unread marker","status":"passed","title":"lists notifications with unread marker","duration":0.14483300000028976,"failureMessages":[],"meta":{}},{"ancestorTitles":["notifications list"],"fullName":"notifications list shows empty message when none","status":"passed","title":"shows empty message when none","duration":0.07820799999990413,"failureMessages":[],"meta":{}},{"ancestorTitles":["notifications list"],"fullName":"notifications list passes unread filter","status":"passed","title":"passes unread filter","duration":0.10195799999974042,"failureMessages":[],"meta":{}},{"ancestorTitles":["notifications mark"],"fullName":"notifications mark marks notification as read","status":"passed","title":"marks notification as read","duration":0.12862500000028376,"failureMessages":[],"meta":{}},{"ancestorTitles":["notifications mark"],"fullName":"notifications mark marks notification as unread with --unread flag","status":"passed","title":"marks notification as unread with --unread flag","duration":1.8188749999999345,"failureMessages":[],"meta":{}},{"ancestorTitles":["plugin list"],"fullName":"plugin list lists installed plugins","status":"passed","title":"lists installed plugins","duration":0.26412500000014916,"failureMessages":[],"meta":{}},{"ancestorTitles":["plugin list"],"fullName":"plugin list shows empty message when no plugins","status":"passed","title":"shows empty message when no plugins","duration":0.10404200000039054,"failureMessages":[],"meta":{}},{"ancestorTitles":["plugin install"],"fullName":"plugin install installs plugin","status":"passed","title":"installs plugin","duration":0.1586659999998119,"failureMessages":[],"meta":{}},{"ancestorTitles":["plugin install"],"fullName":"plugin install exits 1 on install failure","status":"passed","title":"exits 1 on install failure","duration":0.17254199999979392,"failureMessages":[],"meta":{}},{"ancestorTitles":["plugin uninstall"],"fullName":"plugin uninstall uninstalls plugin","status":"passed","title":"uninstalls plugin","duration":0.1348750000001928,"failureMessages":[],"meta":{}},{"ancestorTitles":["billing status"],"fullName":"billing status shows subscription plan and status","status":"passed","title":"shows subscription plan and status","duration":0.1558749999999236,"failureMessages":[],"meta":{}},{"ancestorTitles":["billing status"],"fullName":"billing status shows 'No active subscription' when absent","status":"passed","title":"shows 'No active subscription' when absent","duration":0.07308299999976953,"failureMessages":[],"meta":{}},{"ancestorTitles":["billing status"],"fullName":"billing status exits 1 on API error","status":"passed","title":"exits 1 on API error","duration":0.1535409999996773,"failureMessages":[],"meta":{}},{"ancestorTitles":["agent mcp list"],"fullName":"agent mcp list lists MCP servers successfully","status":"passed","title":"lists MCP servers successfully","duration":0.14412499999980355,"failureMessages":[],"meta":{}},{"ancestorTitles":["agent skill list"],"fullName":"agent skill list lists agent skills successfully","status":"passed","title":"lists agent skills successfully","duration":0.124416999999994,"failureMessages":[],"meta":{}},{"ancestorTitles":["agent tool list"],"fullName":"agent tool list lists agent tools successfully","status":"passed","title":"lists agent tools successfully","duration":0.11920799999961673,"failureMessages":[],"meta":{}},{"ancestorTitles":["billing credits purchase"],"fullName":"billing credits purchase purchases credits successfully","status":"passed","title":"purchases credits successfully","duration":0.13695899999993344,"failureMessages":[],"meta":{}},{"ancestorTitles":["billing subscription read"],"fullName":"billing subscription read reads subscription details successfully","status":"passed","title":"reads subscription details successfully","duration":0.1266659999996591,"failureMessages":[],"meta":{}},{"ancestorTitles":["plugin org install"],"fullName":"plugin org install installs plugin for organization","status":"passed","title":"installs plugin for organization","duration":0.30775000000039654,"failureMessages":[],"meta":{}},{"ancestorTitles":["plugin org uninstall"],"fullName":"plugin org uninstall uninstalls plugin from organization","status":"passed","title":"uninstalls plugin from organization","duration":0.18083299999989322,"failureMessages":[],"meta":{}},{"ancestorTitles":["plugin catalog get"],"fullName":"plugin catalog get browses plugin catalog","status":"passed","title":"browses plugin catalog","duration":0.15741699999989578,"failureMessages":[],"meta":{}},{"ancestorTitles":["org member role change"],"fullName":"org member role change changes member role successfully","status":"passed","title":"changes member role successfully","duration":0.14075000000002547,"failureMessages":[],"meta":{}},{"ancestorTitles":["agent approval resolve"],"fullName":"agent approval resolve resolves approval with approve decision","status":"passed","title":"resolves approval with approve decision","duration":0.14199999999982538,"failureMessages":[],"meta":{}},{"ancestorTitles":["agent approval resolve"],"fullName":"agent approval resolve rejects invalid decision","status":"passed","title":"rejects invalid decision","duration":0.6450419999996484,"failureMessages":[],"meta":{}},{"ancestorTitles":["archive create"],"fullName":"archive create creates archive from conversation","status":"passed","title":"creates archive from conversation","duration":0.26179199999978664,"failureMessages":[],"meta":{}},{"ancestorTitles":["workflow run"],"fullName":"workflow run runs workflow with input","status":"passed","title":"runs workflow with input","duration":0.19108300000016243,"failureMessages":[],"meta":{}},{"ancestorTitles":["user preferences get"],"fullName":"user preferences get fetches user preferences","status":"passed","title":"fetches user preferences","duration":0.21054099999992104,"failureMessages":[],"meta":{}},{"ancestorTitles":["user preferences update"],"fullName":"user preferences update updates user preferences","status":"passed","title":"updates user preferences","duration":0.14766700000018318,"failureMessages":[],"meta":{}},{"ancestorTitles":["workspace member list"],"fullName":"workspace member list lists workspace members","status":"passed","title":"lists workspace members","duration":0.13020800000003874,"failureMessages":[],"meta":{}},{"ancestorTitles":["workspace invite send"],"fullName":"workspace invite send sends workspace invitation","status":"passed","title":"sends workspace invitation","duration":0.13816600000018298,"failureMessages":[],"meta":{}},{"ancestorTitles":["conversation chat"],"fullName":"conversation chat sends chat message","status":"passed","title":"sends chat message","duration":0.12854200000037963,"failureMessages":[],"meta":{}},{"ancestorTitles":["image create"],"fullName":"image create creates image from prompt","status":"passed","title":"creates image from prompt","duration":0.13299999999981083,"failureMessages":[],"meta":{}},{"ancestorTitles":["image list"],"fullName":"image list lists images","status":"passed","title":"lists images","duration":0.13175000000001091,"failureMessages":[],"meta":{}},{"ancestorTitles":["image analyze"],"fullName":"image analyze analyzes image","status":"passed","title":"analyzes image","duration":0.7264169999998558,"failureMessages":[],"meta":{}},{"ancestorTitles":["document create"],"fullName":"document create creates document","status":"passed","title":"creates document","duration":0.17079199999989214,"failureMessages":[],"meta":{}},{"ancestorTitles":["document list"],"fullName":"document list lists documents","status":"passed","title":"lists documents","duration":0.14274999999997817,"failureMessages":[],"meta":{}},{"ancestorTitles":["document read"],"fullName":"document read reads document","status":"passed","title":"reads document","duration":0.15433299999995143,"failureMessages":[],"meta":{}},{"ancestorTitles":["form create"],"fullName":"form create creates form","status":"passed","title":"creates form","duration":0.1516670000000886,"failureMessages":[],"meta":{}},{"ancestorTitles":["form submit"],"fullName":"form submit submits form","status":"passed","title":"submits form","duration":0.13149999999995998,"failureMessages":[],"meta":{}},{"ancestorTitles":["automation list"],"fullName":"automation list lists automations","status":"passed","title":"lists automations","duration":0.1301669999998012,"failureMessages":[],"meta":{}},{"ancestorTitles":["automation create"],"fullName":"automation create creates automation","status":"passed","title":"creates automation","duration":0.13612499999999272,"failureMessages":[],"meta":{}},{"ancestorTitles":["automation trigger"],"fullName":"automation trigger triggers automation","status":"passed","title":"triggers automation","duration":0.9145419999999831,"failureMessages":[],"meta":{}},{"ancestorTitles":["skill workspace list"],"fullName":"skill workspace list lists workspace skills","status":"passed","title":"lists workspace skills","duration":0.21658300000035524,"failureMessages":[],"meta":{}},{"ancestorTitles":["agent memory recall"],"fullName":"agent memory recall recalls memory observations","status":"passed","title":"recalls memory observations","duration":0.19095799999968222,"failureMessages":[],"meta":{}},{"ancestorTitles":["agent memory recall"],"fullName":"agent memory recall handles recall failure","status":"passed","title":"handles recall failure","duration":0.2557499999998072,"failureMessages":[],"meta":{}},{"ancestorTitles":["agent memory write"],"fullName":"agent memory write writes a memory observation","status":"passed","title":"writes a memory observation","duration":0.17124999999987267,"failureMessages":[],"meta":{}},{"ancestorTitles":["agent memory write"],"fullName":"agent memory write writes a memory observation with tags","status":"passed","title":"writes a memory observation with tags","duration":0.12970799999993687,"failureMessages":[],"meta":{}},{"ancestorTitles":["agent memory write"],"fullName":"agent memory write handles write failure","status":"passed","title":"handles write failure","duration":0.8365839999996751,"failureMessages":[],"meta":{}},{"ancestorTitles":["documents generate"],"fullName":"documents generate generates a document from template","status":"passed","title":"generates a document from template","duration":0.3087080000000242,"failureMessages":[],"meta":{}},{"ancestorTitles":["documents generate"],"fullName":"documents generate fails on invalid JSON context","status":"passed","title":"fails on invalid JSON context","duration":0.2400840000000244,"failureMessages":[],"meta":{}},{"ancestorTitles":["documents generate"],"fullName":"documents generate handles generate failure","status":"passed","title":"handles generate failure","duration":0.1787920000001577,"failureMessages":[],"meta":{}},{"ancestorTitles":["image generate"],"fullName":"image generate generates an image and logs JSON result","status":"passed","title":"generates an image and logs JSON result","duration":0.172458000000006,"failureMessages":[],"meta":{}},{"ancestorTitles":["image generate"],"fullName":"image generate handles generate failure","status":"passed","title":"handles generate failure","duration":0.9100000000003092,"failureMessages":[],"meta":{}},{"ancestorTitles":["org member invite accept"],"fullName":"org member invite accept accepts an invitation","status":"passed","title":"accepts an invitation","duration":0.2809159999997064,"failureMessages":[],"meta":{}},{"ancestorTitles":["org member invite accept"],"fullName":"org member invite accept handles accept failure","status":"passed","title":"handles accept failure","duration":0.21820800000023155,"failureMessages":[],"meta":{}},{"ancestorTitles":["plugin catalog browse"],"fullName":"plugin catalog browse browses the plugin catalog","status":"passed","title":"browses the plugin catalog","duration":0.16070900000022448,"failureMessages":[],"meta":{}},{"ancestorTitles":["plugin catalog browse"],"fullName":"plugin catalog browse handles browse failure","status":"passed","title":"handles browse failure","duration":0.1558749999999236,"failureMessages":[],"meta":{}},{"ancestorTitles":["plugin credential reauth"],"fullName":"plugin credential reauth re-authenticates plugin credentials","status":"passed","title":"re-authenticates plugin credentials","duration":0.2816250000000764,"failureMessages":[],"meta":{}},{"ancestorTitles":["plugin credential reauth"],"fullName":"plugin credential reauth handles reauth failure","status":"passed","title":"handles reauth failure","duration":0.2365420000000995,"failureMessages":[],"meta":{}},{"ancestorTitles":["plugin registry list"],"fullName":"plugin registry list lists plugin registries","status":"passed","title":"lists plugin registries","duration":0.6115420000000995,"failureMessages":[],"meta":{}},{"ancestorTitles":["plugin registry list"],"fullName":"plugin registry list handles list failure","status":"passed","title":"handles list failure","duration":0.26204199999983757,"failureMessages":[],"meta":{}},{"ancestorTitles":["plugin registry add"],"fullName":"plugin registry add adds a plugin registry","status":"passed","title":"adds a plugin registry","duration":0.1956249999998363,"failureMessages":[],"meta":{}},{"ancestorTitles":["plugin registry add"],"fullName":"plugin registry add handles add failure","status":"passed","title":"handles add failure","duration":0.19954199999983757,"failureMessages":[],"meta":{}},{"ancestorTitles":["svg generate"],"fullName":"svg generate generates SVG and logs it","status":"passed","title":"generates SVG and logs it","duration":0.1475829999999405,"failureMessages":[],"meta":{}},{"ancestorTitles":["svg generate"],"fullName":"svg generate handles generate failure","status":"passed","title":"handles generate failure","duration":0.15195799999992232,"failureMessages":[],"meta":{}},{"ancestorTitles":["video generate"],"fullName":"video generate generates a video","status":"passed","title":"generates a video","duration":0.15166699999963384,"failureMessages":[],"meta":{}},{"ancestorTitles":["video generate"],"fullName":"video generate handles generate failure","status":"passed","title":"handles generate failure","duration":0.15362499999991996,"failureMessages":[],"meta":{}},{"ancestorTitles":["workspace model settings read"],"fullName":"workspace model settings read reads workspace model settings","status":"passed","title":"reads workspace model settings","duration":0.13479099999995015,"failureMessages":[],"meta":{}},{"ancestorTitles":["workspace model settings read"],"fullName":"workspace model settings read handles read failure","status":"passed","title":"handles read failure","duration":0.14945799999986775,"failureMessages":[],"meta":{}},{"ancestorTitles":["workspace model settings write"],"fullName":"workspace model settings write writes workspace model settings","status":"passed","title":"writes workspace model settings","duration":0.15008299999999508,"failureMessages":[],"meta":{}},{"ancestorTitles":["workspace model settings write"],"fullName":"workspace model settings write handles write failure","status":"passed","title":"handles write failure","duration":0.35712499999999636,"failureMessages":[],"meta":{}},{"ancestorTitles":["agent mcp register"],"fullName":"agent mcp register registers an MCP server","status":"passed","title":"registers an MCP server","duration":0.21074999999973443,"failureMessages":[],"meta":{}},{"ancestorTitles":["agent mcp register"],"fullName":"agent mcp register handles registration failure","status":"passed","title":"handles registration failure","duration":0.17087499999979627,"failureMessages":[],"meta":{}},{"ancestorTitles":["agent plan approve"],"fullName":"agent plan approve approves a plan","status":"passed","title":"approves a plan","duration":0.15958399999999529,"failureMessages":[],"meta":{}},{"ancestorTitles":["agent plan approve"],"fullName":"agent plan approve handles approval failure","status":"passed","title":"handles approval failure","duration":0.36770800000022064,"failureMessages":[],"meta":{}},{"ancestorTitles":["agent task background start"],"fullName":"agent task background start starts a background task","status":"passed","title":"starts a background task","duration":0.4362919999998667,"failureMessages":[],"meta":{}},{"ancestorTitles":["agent task background start"],"fullName":"agent task background start handles start failure","status":"passed","title":"handles start failure","duration":0.251709000000119,"failureMessages":[],"meta":{}},{"ancestorTitles":["agent task background read"],"fullName":"agent task background read reads task status","status":"passed","title":"reads task status","duration":0.20287499999994907,"failureMessages":[],"meta":{}},{"ancestorTitles":["agent task background read"],"fullName":"agent task background read handles read failure","status":"passed","title":"handles read failure","duration":0.1481250000001637,"failureMessages":[],"meta":{}},{"ancestorTitles":["agent task background cancel"],"fullName":"agent task background cancel cancels a background task","status":"passed","title":"cancels a background task","duration":0.17137500000035288,"failureMessages":[],"meta":{}},{"ancestorTitles":["agent task background cancel"],"fullName":"agent task background cancel reports task could not be cancelled","status":"passed","title":"reports task could not be cancelled","duration":0.11466699999982666,"failureMessages":[],"meta":{}},{"ancestorTitles":["agent task background cancel"],"fullName":"agent task background cancel handles cancel failure","status":"passed","title":"handles cancel failure","duration":0.13433299999996962,"failureMessages":[],"meta":{}},{"ancestorTitles":["asset upload"],"fullName":"asset upload uploads an asset","status":"passed","title":"uploads an asset","duration":0.16812499999969077,"failureMessages":[],"meta":{}},{"ancestorTitles":["asset upload"],"fullName":"asset upload handles upload failure","status":"passed","title":"handles upload failure","duration":0.1386250000000473,"failureMessages":[],"meta":{}},{"ancestorTitles":["billing subscription upgrade start"],"fullName":"billing subscription upgrade start starts a checkout session","status":"passed","title":"starts a checkout session","duration":0.1704580000000533,"failureMessages":[],"meta":{}},{"ancestorTitles":["billing subscription upgrade start"],"fullName":"billing subscription upgrade start handles upgrade failure","status":"passed","title":"handles upgrade failure","duration":0.1382499999999709,"failureMessages":[],"meta":{}},{"ancestorTitles":["brandkit apply"],"fullName":"brandkit apply applies a brand kit","status":"passed","title":"applies a brand kit","duration":0.16516600000022663,"failureMessages":[],"meta":{}},{"ancestorTitles":["brandkit apply"],"fullName":"brandkit apply handles apply failure","status":"passed","title":"handles apply failure","duration":0.13820799999984956,"failureMessages":[],"meta":{}},{"ancestorTitles":["conversation purge"],"fullName":"conversation purge purges archived conversations with --yes","status":"passed","title":"purges archived conversations with --yes","duration":0.16562500000009095,"failureMessages":[],"meta":{}},{"ancestorTitles":["conversation purge"],"fullName":"conversation purge exits without --yes","status":"passed","title":"exits without --yes","duration":0.15012500000011642,"failureMessages":[],"meta":{}},{"ancestorTitles":["conversation purge"],"fullName":"conversation purge handles purge failure","status":"passed","title":"handles purge failure","duration":0.1402919999995902,"failureMessages":[],"meta":{}},{"ancestorTitles":["documents pdf create"],"fullName":"documents pdf create creates a PDF document","status":"passed","title":"creates a PDF document","duration":0.19900000000006912,"failureMessages":[],"meta":{}},{"ancestorTitles":["documents pdf create"],"fullName":"documents pdf create handles pdf create failure","status":"passed","title":"handles pdf create failure","duration":0.14483400000017355,"failureMessages":[],"meta":{}},{"ancestorTitles":["form fill"],"fullName":"form fill fills form fields","status":"passed","title":"fills form fields","duration":0.1917089999997188,"failureMessages":[],"meta":{}},{"ancestorTitles":["form fill"],"fullName":"form fill handles form fill failure","status":"passed","title":"handles form fill failure","duration":0.5602499999999964,"failureMessages":[],"meta":{}},{"ancestorTitles":["org member invite decline"],"fullName":"org member invite decline declines an invitation","status":"passed","title":"declines an invitation","duration":0.45366699999976845,"failureMessages":[],"meta":{}},{"ancestorTitles":["org member invite decline"],"fullName":"org member invite decline handles decline failure","status":"passed","title":"handles decline failure","duration":0.5704580000001442,"failureMessages":[],"meta":{}},{"ancestorTitles":["organization create"],"fullName":"organization create creates an organization","status":"passed","title":"creates an organization","duration":0.45441699999992125,"failureMessages":[],"meta":{}},{"ancestorTitles":["organization create"],"fullName":"organization create handles create failure","status":"passed","title":"handles create failure","duration":7.286540999999943,"failureMessages":[],"meta":{}},{"ancestorTitles":["plugin credential set_secret"],"fullName":"plugin credential set_secret stores a credential","status":"passed","title":"stores a credential","duration":0.3920410000000629,"failureMessages":[],"meta":{}},{"ancestorTitles":["plugin credential set_secret"],"fullName":"plugin credential set_secret handles credential failure","status":"passed","title":"handles credential failure","duration":0.22516600000017206,"failureMessages":[],"meta":{}},{"ancestorTitles":["plugin denylist add"],"fullName":"plugin denylist add adds a server to the denylist","status":"passed","title":"adds a server to the denylist","duration":0.19254100000034668,"failureMessages":[],"meta":{}},{"ancestorTitles":["plugin denylist add"],"fullName":"plugin denylist add handles denylist add failure","status":"passed","title":"handles denylist add failure","duration":0.16345799999999144,"failureMessages":[],"meta":{}},{"ancestorTitles":["plugin denylist remove"],"fullName":"plugin denylist remove removes a server from the denylist","status":"passed","title":"removes a server from the denylist","duration":0.17970800000011877,"failureMessages":[],"meta":{}},{"ancestorTitles":["plugin denylist remove"],"fullName":"plugin denylist remove handles denylist remove failure","status":"passed","title":"handles denylist remove failure","duration":0.151915999999801,"failureMessages":[],"meta":{}},{"ancestorTitles":["plugin org install bulk"],"fullName":"plugin org install bulk bulk installs plugins","status":"passed","title":"bulk installs plugins","duration":0.19295899999997346,"failureMessages":[],"meta":{}},{"ancestorTitles":["plugin org install bulk"],"fullName":"plugin org install bulk reports partial failures","status":"passed","title":"reports partial failures","duration":0.1319579999999405,"failureMessages":[],"meta":{}},{"ancestorTitles":["plugin org install bulk"],"fullName":"plugin org install bulk handles bulk install failure","status":"passed","title":"handles bulk install failure","duration":0.1481250000001637,"failureMessages":[],"meta":{}},{"ancestorTitles":["plugin org list"],"fullName":"plugin org list lists org plugins","status":"passed","title":"lists org plugins","duration":0.17450000000008004,"failureMessages":[],"meta":{}},{"ancestorTitles":["plugin org list"],"fullName":"plugin org list shows denylist when populated","status":"passed","title":"shows denylist when populated","duration":0.11537499999985812,"failureMessages":[],"meta":{}},{"ancestorTitles":["plugin org list"],"fullName":"plugin org list handles list failure","status":"passed","title":"handles list failure","duration":0.1366250000000946,"failureMessages":[],"meta":{}},{"ancestorTitles":["plugin org set_enabled"],"fullName":"plugin org set_enabled enables a plugin listing","status":"passed","title":"enables a plugin listing","duration":0.1606249999999818,"failureMessages":[],"meta":{}},{"ancestorTitles":["plugin org set_enabled"],"fullName":"plugin org set_enabled disables a plugin listing","status":"passed","title":"disables a plugin listing","duration":0.11104199999999764,"failureMessages":[],"meta":{}},{"ancestorTitles":["plugin org set_enabled"],"fullName":"plugin org set_enabled handles set_enabled failure","status":"passed","title":"handles set_enabled failure","duration":0.14687499999990905,"failureMessages":[],"meta":{}},{"ancestorTitles":["plugin registry remove"],"fullName":"plugin registry remove removes a registry","status":"passed","title":"removes a registry","duration":0.15658299999995506,"failureMessages":[],"meta":{}},{"ancestorTitles":["plugin registry remove"],"fullName":"plugin registry remove handles remove failure","status":"passed","title":"handles remove failure","duration":0.13666700000021592,"failureMessages":[],"meta":{}},{"ancestorTitles":["plugin registry sync"],"fullName":"plugin registry sync triggers a registry sync","status":"passed","title":"triggers a registry sync","duration":0.15066600000000108,"failureMessages":[],"meta":{}},{"ancestorTitles":["plugin registry sync"],"fullName":"plugin registry sync reports sync not accepted","status":"passed","title":"reports sync not accepted","duration":0.10891700000001947,"failureMessages":[],"meta":{}},{"ancestorTitles":["plugin registry sync"],"fullName":"plugin registry sync handles sync failure","status":"passed","title":"handles sync failure","duration":0.15124999999989086,"failureMessages":[],"meta":{}},{"ancestorTitles":["plugin settings set_auth_alerts"],"fullName":"plugin settings set_auth_alerts updates auth alert settings","status":"passed","title":"updates auth alert settings","duration":0.17333400000006804,"failureMessages":[],"meta":{}},{"ancestorTitles":["plugin settings set_auth_alerts"],"fullName":"plugin settings set_auth_alerts reports update failed when ok=false","status":"passed","title":"reports update failed when ok=false","duration":0.11270799999965675,"failureMessages":[],"meta":{}},{"ancestorTitles":["plugin settings set_auth_alerts"],"fullName":"plugin settings set_auth_alerts handles failure","status":"passed","title":"handles failure","duration":0.1422090000000935,"failureMessages":[],"meta":{}},{"ancestorTitles":["plugin workspace set_enabled"],"fullName":"plugin workspace set_enabled enables a plugin for workspace","status":"passed","title":"enables a plugin for workspace","duration":0.16112500000008367,"failureMessages":[],"meta":{}},{"ancestorTitles":["plugin workspace set_enabled"],"fullName":"plugin workspace set_enabled disables a plugin for workspace (no server ID)","status":"passed","title":"disables a plugin for workspace (no server ID)","duration":0.11420799999996234,"failureMessages":[],"meta":{}},{"ancestorTitles":["plugin workspace set_enabled"],"fullName":"plugin workspace set_enabled handles failure","status":"passed","title":"handles failure","duration":0.1422090000000935,"failureMessages":[],"meta":{}},{"ancestorTitles":["system install instructions"],"fullName":"system install instructions shows installation steps","status":"passed","title":"shows installation steps","duration":0.17058300000007875,"failureMessages":[],"meta":{}},{"ancestorTitles":["system install instructions"],"fullName":"system install instructions handles fetch failure","status":"passed","title":"handles fetch failure","duration":0.1426249999999527,"failureMessages":[],"meta":{}},{"ancestorTitles":["user preferences read"],"fullName":"user preferences read reads user preferences","status":"passed","title":"reads user preferences","duration":6.2161660000001575,"failureMessages":[],"meta":{}},{"ancestorTitles":["user preferences read"],"fullName":"user preferences read shows optional fields when set","status":"passed","title":"shows optional fields when set","duration":1.9090830000000096,"failureMessages":[],"meta":{}},{"ancestorTitles":["user preferences read"],"fullName":"user preferences read handles read failure","status":"passed","title":"handles read failure","duration":0.5506669999999758,"failureMessages":[],"meta":{}},{"ancestorTitles":["user preferences write"],"fullName":"user preferences write updates user preferences","status":"passed","title":"updates user preferences","duration":0.3255829999998241,"failureMessages":[],"meta":{}},{"ancestorTitles":["user preferences write"],"fullName":"user preferences write handles write failure","status":"passed","title":"handles write failure","duration":0.22295900000017355,"failureMessages":[],"meta":{}},{"ancestorTitles":["workflow cancel"],"fullName":"workflow cancel cancels a workflow","status":"passed","title":"cancels a workflow","duration":0.19641700000011042,"failureMessages":[],"meta":{}},{"ancestorTitles":["workflow cancel"],"fullName":"workflow cancel reports workflow could not be cancelled","status":"passed","title":"reports workflow could not be cancelled","duration":0.13316699999995762,"failureMessages":[],"meta":{}},{"ancestorTitles":["workflow cancel"],"fullName":"workflow cancel handles cancel failure","status":"passed","title":"handles cancel failure","duration":1.862833000000137,"failureMessages":[],"meta":{}},{"ancestorTitles":["workflow status"],"fullName":"workflow status shows workflow status and tasks","status":"passed","title":"shows workflow status and tasks","duration":0.28737500000033833,"failureMessages":[],"meta":{}},{"ancestorTitles":["workflow status"],"fullName":"workflow status handles status fetch failure","status":"passed","title":"handles status fetch failure","duration":0.19154200000002675,"failureMessages":[],"meta":{}},{"ancestorTitles":["branch coverage: ApiError error paths"],"fullName":"branch coverage: ApiError error paths automation list returns ApiError message","status":"passed","title":"automation list returns ApiError message","duration":0.2048330000002352,"failureMessages":[],"meta":{}},{"ancestorTitles":["branch coverage: ApiError error paths"],"fullName":"branch coverage: ApiError error paths automation create returns ApiError message","status":"passed","title":"automation create returns ApiError message","duration":0.22612500000013824,"failureMessages":[],"meta":{}},{"ancestorTitles":["branch coverage: ApiError error paths"],"fullName":"branch coverage: ApiError error paths automation trigger returns ApiError message","status":"passed","title":"automation trigger returns ApiError message","duration":0.18899999999985084,"failureMessages":[],"meta":{}},{"ancestorTitles":["branch coverage: ApiError error paths"],"fullName":"branch coverage: ApiError error paths billing credits purchase returns ApiError message","status":"passed","title":"billing credits purchase returns ApiError message","duration":0.17654200000015408,"failureMessages":[],"meta":{}},{"ancestorTitles":["branch coverage: ApiError error paths"],"fullName":"branch coverage: ApiError error paths billing subscription read returns ApiError message","status":"passed","title":"billing subscription read returns ApiError message","duration":0.15637500000002547,"failureMessages":[],"meta":{}},{"ancestorTitles":["branch coverage: ApiError error paths"],"fullName":"branch coverage: ApiError error paths document list returns ApiError message","status":"passed","title":"document list returns ApiError message","duration":0.1533329999997477,"failureMessages":[],"meta":{}},{"ancestorTitles":["branch coverage: ApiError error paths"],"fullName":"branch coverage: ApiError error paths workspace member list returns ApiError message","status":"passed","title":"workspace member list returns ApiError message","duration":0.1514999999999418,"failureMessages":[],"meta":{}},{"ancestorTitles":["branch coverage: ApiError error paths"],"fullName":"branch coverage: ApiError error paths workflow cancel returns ApiError message","status":"passed","title":"workflow cancel returns ApiError message","duration":0.16087500000003274,"failureMessages":[],"meta":{}},{"ancestorTitles":["branch coverage: ApiError error paths"],"fullName":"branch coverage: ApiError error paths workflow status returns ApiError message","status":"passed","title":"workflow status returns ApiError message","duration":0.15629200000012133,"failureMessages":[],"meta":{}},{"ancestorTitles":["branch coverage: ApiError error paths"],"fullName":"branch coverage: ApiError error paths user preferences read returns ApiError message","status":"passed","title":"user preferences read returns ApiError message","duration":0.15320900000006077,"failureMessages":[],"meta":{}},{"ancestorTitles":["branch coverage: ApiError error paths"],"fullName":"branch coverage: ApiError error paths user preferences write returns ApiError message","status":"passed","title":"user preferences write returns ApiError message","duration":0.16537500000004002,"failureMessages":[],"meta":{}},{"ancestorTitles":["branch coverage: empty/optional data branches"],"fullName":"branch coverage: empty/optional data branches automation list shows empty message when no automations found","status":"passed","title":"automation list shows empty message when no automations found","duration":0.12191699999993943,"failureMessages":[],"meta":{}},{"ancestorTitles":["branch coverage: empty/optional data branches"],"fullName":"branch coverage: empty/optional data branches automation list with workspace option","status":"passed","title":"automation list with workspace option","duration":0.16049999999995634,"failureMessages":[],"meta":{}},{"ancestorTitles":["branch coverage: empty/optional data branches"],"fullName":"branch coverage: empty/optional data branches automation list shows 'none' when triggers are empty","status":"passed","title":"automation list shows 'none' when triggers are empty","duration":0.13979199999994307,"failureMessages":[],"meta":{}},{"ancestorTitles":["branch coverage: empty/optional data branches"],"fullName":"branch coverage: empty/optional data branches image create with save-to option","status":"passed","title":"image create with save-to option","duration":0.12033400000018446,"failureMessages":[],"meta":{}},{"ancestorTitles":["branch coverage: empty/optional data branches"],"fullName":"branch coverage: empty/optional data branches conversation chat ApiError path","status":"passed","title":"conversation chat ApiError path","duration":0.1893329999998059,"failureMessages":[],"meta":{}},{"ancestorTitles":["branch coverage: empty/optional data branches"],"fullName":"branch coverage: empty/optional data branches workspace list ApiError path","status":"passed","title":"workspace list ApiError path","duration":0.1634580000004462,"failureMessages":[],"meta":{}},{"ancestorTitles":["branch coverage: empty/optional data branches"],"fullName":"branch coverage: empty/optional data branches org list ApiError path","status":"passed","title":"org list ApiError path","duration":0.15916599999991377,"failureMessages":[],"meta":{}},{"ancestorTitles":["branch coverage: empty/optional data branches"],"fullName":"branch coverage: empty/optional data branches api-key create ApiError path","status":"passed","title":"api-key create ApiError path","duration":0.1740829999998823,"failureMessages":[],"meta":{}},{"ancestorTitles":["branch coverage: empty/optional data branches"],"fullName":"branch coverage: empty/optional data branches plugin list ApiError path","status":"passed","title":"plugin list ApiError path","duration":0.1565830000004098,"failureMessages":[],"meta":{}},{"ancestorTitles":["branch coverage: empty/optional data branches"],"fullName":"branch coverage: empty/optional data branches billing status ApiError path","status":"passed","title":"billing status ApiError path","duration":0.15441699999973935,"failureMessages":[],"meta":{}},{"ancestorTitles":["branch coverage: empty/optional data branches"],"fullName":"branch coverage: empty/optional data branches chat send ApiError path","status":"passed","title":"chat send ApiError path","duration":0.19658400000025722,"failureMessages":[],"meta":{}},{"ancestorTitles":["branch coverage: empty/optional data branches"],"fullName":"branch coverage: empty/optional data branches document read ApiError path","status":"passed","title":"document read ApiError path","duration":0.1884170000002996,"failureMessages":[],"meta":{}},{"ancestorTitles":["branch coverage: empty/optional data branches"],"fullName":"branch coverage: empty/optional data branches notification list with empty results","status":"passed","title":"notification list with empty results","duration":0.13879099999985556,"failureMessages":[],"meta":{}},{"ancestorTitles":["branch coverage: empty/optional data branches"],"fullName":"branch coverage: empty/optional data branches workflow run ApiError path","status":"passed","title":"workflow run ApiError path","duration":0.2082919999998012,"failureMessages":[],"meta":{}}],"startTime":1781072003368,"endTime":1781072003464.2083,"status":"passed","message":"","name":"/Users/macanderson/oxagen-monorepo/apps/cli/src/commands.test.ts"},{"assertionResults":[{"ancestorTitles":["checkPort (socket-event logic)"],"fullName":"checkPort (socket-event logic) resolves true when the socket emits 'connect'","status":"passed","title":"resolves true when the socket emits 'connect'","duration":1.1907089999999698,"failureMessages":[],"meta":{}},{"ancestorTitles":["checkPort (socket-event logic)"],"fullName":"checkPort (socket-event logic) resolves false when the socket emits 'timeout'","status":"passed","title":"resolves false when the socket emits 'timeout'","duration":0.8296250000003056,"failureMessages":[],"meta":{}},{"ancestorTitles":["checkPort (socket-event logic)"],"fullName":"checkPort (socket-event logic) resolves false when the socket emits 'error'","status":"passed","title":"resolves false when the socket emits 'error'","duration":0.2996669999997721,"failureMessages":[],"meta":{}},{"ancestorTitles":["checkPort (socket-event logic)"],"fullName":"checkPort (socket-event logic) always resolves a boolean — never rejects","status":"passed","title":"always resolves a boolean — never rejects","duration":0.640625,"failureMessages":[],"meta":{}},{"ancestorTitles":["checkPort (socket-event logic)"],"fullName":"checkPort (socket-event logic) settle() is idempotent: a second event does not change the result","status":"passed","title":"settle() is idempotent: a second event does not change the result","duration":0.24937500000032742,"failureMessages":[],"meta":{}},{"ancestorTitles":["SERVICES port contract"],"fullName":"SERVICES port contract defines exactly 4 services","status":"passed","title":"defines exactly 4 services","duration":0.4381669999997939,"failureMessages":[],"meta":{}},{"ancestorTitles":["SERVICES port contract"],"fullName":"SERVICES port contract app is on port 3000","status":"passed","title":"app is on port 3000","duration":0.055583000000297034,"failureMessages":[],"meta":{}},{"ancestorTitles":["SERVICES port contract"],"fullName":"SERVICES port contract api is on port 4000","status":"passed","title":"api is on port 4000","duration":0.044958999999835214,"failureMessages":[],"meta":{}},{"ancestorTitles":["SERVICES port contract"],"fullName":"SERVICES port contract mcp is on port 4100","status":"passed","title":"mcp is on port 4100","duration":0.04641700000001947,"failureMessages":[],"meta":{}},{"ancestorTitles":["SERVICES port contract"],"fullName":"SERVICES port contract runner is on port 4200","status":"passed","title":"runner is on port 4200","duration":0.04912500000000364,"failureMessages":[],"meta":{}}],"startTime":1781072002209,"endTime":1781072002213.0557,"status":"passed","message":"","name":"/Users/macanderson/oxagen-monorepo/apps/cli/src/components/DevStatus.test.ts"},{"assertionResults":[{"ancestorTitles":["apiRequest"],"fullName":"apiRequest calls the correct URL with auth header","status":"passed","title":"calls the correct URL with auth header","duration":1.570208999999977,"failureMessages":[],"meta":{}},{"ancestorTitles":["apiRequest"],"fullName":"apiRequest omits Authorization header when no token","status":"passed","title":"omits Authorization header when no token","duration":0.11650000000008731,"failureMessages":[],"meta":{}},{"ancestorTitles":["apiRequest"],"fullName":"apiRequest throws ApiError with status on non-ok response","status":"passed","title":"throws ApiError with status on non-ok response","duration":0.23916600000029575,"failureMessages":[],"meta":{}},{"ancestorTitles":["apiRequest"],"fullName":"apiRequest throws ApiError with generic message if body parse fails","status":"passed","title":"throws ApiError with generic message if body parse fails","duration":0.4511250000000473,"failureMessages":[],"meta":{}},{"ancestorTitles":["apiRequest"],"fullName":"apiRequest sends POST body as JSON","status":"passed","title":"sends POST body as JSON","duration":3.1349999999997635,"failureMessages":[],"meta":{}},{"ancestorTitles":["requireAuth"],"fullName":"requireAuth does nothing when token is present","status":"passed","title":"does nothing when token is present","duration":0.3737500000002001,"failureMessages":[],"meta":{}},{"ancestorTitles":["requireAuth"],"fullName":"requireAuth calls process.exit(1) when no token","status":"passed","title":"calls process.exit(1) when no token","duration":0.3274580000002061,"failureMessages":[],"meta":{}},{"ancestorTitles":["ApiError"],"fullName":"ApiError has correct name and status","status":"passed","title":"has correct name and status","duration":0.08699999999998909,"failureMessages":[],"meta":{}}],"startTime":1781072002251,"endTime":1781072002258.087,"status":"passed","message":"","name":"/Users/macanderson/oxagen-monorepo/apps/cli/src/lib/api-client.test.ts"},{"assertionResults":[{"ancestorTitles":["readConfig"],"fullName":"readConfig returns empty object when config file does not exist","status":"passed","title":"returns empty object when config file does not exist","duration":1.6484999999997854,"failureMessages":[],"meta":{}},{"ancestorTitles":["readConfig"],"fullName":"readConfig parses and returns JSON config","status":"passed","title":"parses and returns JSON config","duration":0.1992920000002414,"failureMessages":[],"meta":{}},{"ancestorTitles":["readConfig"],"fullName":"readConfig returns empty object on JSON parse error","status":"passed","title":"returns empty object on JSON parse error","duration":0.21362500000032014,"failureMessages":[],"meta":{}},{"ancestorTitles":["writeConfig"],"fullName":"writeConfig creates config dir if missing and writes merged config","status":"passed","title":"creates config dir if missing and writes merged config","duration":0.7899999999999636,"failureMessages":[],"meta":{}},{"ancestorTitles":["writeConfig"],"fullName":"writeConfig skips mkdirSync when config dir already exists","status":"passed","title":"skips mkdirSync when config dir already exists","duration":0.17195799999990413,"failureMessages":[],"meta":{}},{"ancestorTitles":["clearConfig"],"fullName":"clearConfig unsets token, orgSlug, workspaceSlug but preserves other fields","status":"passed","title":"unsets token, orgSlug, workspaceSlug but preserves other fields","duration":0.12691600000016479,"failureMessages":[],"meta":{}},{"ancestorTitles":["getToken"],"fullName":"getToken returns token from config","status":"passed","title":"returns token from config","duration":0.06241700000009587,"failureMessages":[],"meta":{}},{"ancestorTitles":["getToken"],"fullName":"getToken returns undefined when no token","status":"passed","title":"returns undefined when no token","duration":0.04233300000032614,"failureMessages":[],"meta":{}},{"ancestorTitles":["getApiUrl"],"fullName":"getApiUrl returns env var when set","status":"passed","title":"returns env var when set","duration":0.05883300000004965,"failureMessages":[],"meta":{}},{"ancestorTitles":["getApiUrl"],"fullName":"getApiUrl returns config apiUrl when no env var","status":"passed","title":"returns config apiUrl when no env var","duration":0.0538339999998243,"failureMessages":[],"meta":{}},{"ancestorTitles":["getApiUrl"],"fullName":"getApiUrl falls back to prod URL","status":"passed","title":"falls back to prod URL","duration":0.04679200000009587,"failureMessages":[],"meta":{}}],"startTime":1781072002234,"endTime":1781072002238.1719,"status":"passed","message":"","name":"/Users/macanderson/oxagen-monorepo/apps/cli/src/lib/config.test.ts"},{"assertionResults":[{"ancestorTitles":["CLI Command Parity Tests","Agent Memory Commands"],"fullName":"CLI Command Parity Tests Agent Memory Commands agent.memory.recall command exists and is configured","status":"passed","title":"agent.memory.recall command exists and is configured","duration":1.0593329999996968,"failureMessages":[],"meta":{}},{"ancestorTitles":["CLI Command Parity Tests","Agent Memory Commands"],"fullName":"CLI Command Parity Tests Agent Memory Commands agent.memory.write command exists and is configured","status":"passed","title":"agent.memory.write command exists and is configured","duration":0.13020800000003874,"failureMessages":[],"meta":{}},{"ancestorTitles":["CLI Command Parity Tests","Generation Commands"],"fullName":"CLI Command Parity Tests Generation Commands video.generate command exists and is configured","status":"passed","title":"video.generate command exists and is configured","duration":0.08183400000007168,"failureMessages":[],"meta":{}},{"ancestorTitles":["CLI Command Parity Tests","Generation Commands"],"fullName":"CLI Command Parity Tests Generation Commands svg.generate command exists and is configured","status":"passed","title":"svg.generate command exists and is configured","duration":0.057542000000012195,"failureMessages":[],"meta":{}},{"ancestorTitles":["CLI Command Parity Tests","Generation Commands"],"fullName":"CLI Command Parity Tests Generation Commands image.generate command exists and is configured","status":"passed","title":"image.generate command exists and is configured","duration":0.06787500000018554,"failureMessages":[],"meta":{}},{"ancestorTitles":["CLI Command Parity Tests","Generation Commands"],"fullName":"CLI Command Parity Tests Generation Commands documents.generate command exists and is configured","status":"passed","title":"documents.generate command exists and is configured","duration":0.0654170000002523,"failureMessages":[],"meta":{}},{"ancestorTitles":["CLI Command Parity Tests","Workspace Commands"],"fullName":"CLI Command Parity Tests Workspace Commands workspace.model.settings.read command exists","status":"passed","title":"workspace.model.settings.read command exists","duration":0.0628750000000764,"failureMessages":[],"meta":{}},{"ancestorTitles":["CLI Command Parity Tests","Workspace Commands"],"fullName":"CLI Command Parity Tests Workspace Commands workspace.model.settings.write command exists","status":"passed","title":"workspace.model.settings.write command exists","duration":0.047749999999723514,"failureMessages":[],"meta":{}},{"ancestorTitles":["CLI Command Parity Tests","Organization Member Commands"],"fullName":"CLI Command Parity Tests Organization Member Commands org.member.invite.accept command exists","status":"passed","title":"org.member.invite.accept command exists","duration":0.050666999999975815,"failureMessages":[],"meta":{}},{"ancestorTitles":["CLI Command Parity Tests","Plugin Commands"],"fullName":"CLI Command Parity Tests Plugin Commands plugin.registry.list command exists","status":"passed","title":"plugin.registry.list command exists","duration":0.06087500000012369,"failureMessages":[],"meta":{}},{"ancestorTitles":["CLI Command Parity Tests","Plugin Commands"],"fullName":"CLI Command Parity Tests Plugin Commands plugin.registry.add command exists","status":"passed","title":"plugin.registry.add command exists","duration":0.04945899999984249,"failureMessages":[],"meta":{}},{"ancestorTitles":["CLI Command Parity Tests","Plugin Commands"],"fullName":"CLI Command Parity Tests Plugin Commands plugin.catalog.browse command exists","status":"passed","title":"plugin.catalog.browse command exists","duration":0.05291699999997945,"failureMessages":[],"meta":{}},{"ancestorTitles":["CLI Command Parity Tests","Plugin Commands"],"fullName":"CLI Command Parity Tests Plugin Commands plugin.credential.reauth command exists","status":"passed","title":"plugin.credential.reauth command exists","duration":0.05349999999998545,"failureMessages":[],"meta":{}},{"ancestorTitles":["CLI Command Parity Tests","CLI Parity Coverage"],"fullName":"CLI Command Parity Tests CLI Parity Coverage all CLI parity commands are properly registered","status":"passed","title":"all CLI parity commands are properly registered","duration":0.19154100000014296,"failureMessages":[],"meta":{}},{"ancestorTitles":["CLI Command Parity Tests","CLI Parity Coverage"],"fullName":"CLI Command Parity Tests CLI Parity Coverage each command has a description","status":"passed","title":"each command has a description","duration":0.11183299999993324,"failureMessages":[],"meta":{}}],"startTime":1781072002689,"endTime":1781072002692.1917,"status":"passed","message":"","name":"/Users/macanderson/oxagen-monorepo/apps/cli/src/commands/__tests__/cli-parity.test.ts"}]}
@oxagen/telemetry:test:unit: {"numTotalTestSuites":19,"numPassedTestSuites":19,"numFailedTestSuites":0,"numPendingTestSuites":0,"numTotalTests":50,"numPassedTests":50,"numFailedTests":0,"numPendingTests":0,"numTodoTests":0,"snapshot":{"added":0,"failure":false,"filesAdded":0,"filesRemoved":0,"filesRemovedList":[],"filesUnmatched":0,"filesUpdated":0,"matched":0,"total":0,"unchecked":0,"uncheckedKeysByFile":[],"unmatched":0,"updated":0,"didUpdate":false},"startTime":1781072003698,"success":true,"testResults":[{"assertionResults":[{"ancestorTitles":["hashPrompt"],"fullName":"hashPrompt returns a 32-character hex string","status":"passed","title":"returns a 32-character hex string","duration":16.453083000000106,"failureMessages":[],"meta":{}},{"ancestorTitles":["hashPrompt"],"fullName":"hashPrompt is deterministic for the same input","status":"passed","title":"is deterministic for the same input","duration":0.7286249999999654,"failureMessages":[],"meta":{}},{"ancestorTitles":["hashPrompt"],"fullName":"hashPrompt returns different hashes for different inputs","status":"passed","title":"returns different hashes for different inputs","duration":2.7380840000000717,"failureMessages":[],"meta":{}},{"ancestorTitles":["hashPrompt"],"fullName":"hashPrompt handles an empty string without throwing","status":"passed","title":"handles an empty string without throwing","duration":0.19033300000000963,"failureMessages":[],"meta":{}},{"ancestorTitles":["providerFromModelId"],"fullName":"providerFromModelId maps a bare claude model id to 'anthropic'","status":"passed","title":"maps a bare claude model id to 'anthropic'","duration":0.27883300000007694,"failureMessages":[],"meta":{}},{"ancestorTitles":["providerFromModelId"],"fullName":"providerFromModelId maps a bare gpt model id to 'openai'","status":"passed","title":"maps a bare gpt model id to 'openai'","duration":0.08200000000010732,"failureMessages":[],"meta":{}},{"ancestorTitles":["providerFromModelId"],"fullName":"providerFromModelId maps o-series model ids to 'openai'","status":"passed","title":"maps o-series model ids to 'openai'","duration":0.076041000000032,"failureMessages":[],"meta":{}},{"ancestorTitles":["providerFromModelId"],"fullName":"providerFromModelId maps text-embedding model ids to 'openai'","status":"passed","title":"maps text-embedding model ids to 'openai'","duration":0.053125000000136424,"failureMessages":[],"meta":{}},{"ancestorTitles":["providerFromModelId"],"fullName":"providerFromModelId maps the prefixed form 'anthropic:claude-3' to 'anthropic'","status":"passed","title":"maps the prefixed form 'anthropic:claude-3' to 'anthropic'","duration":0.050625000000081855,"failureMessages":[],"meta":{}},{"ancestorTitles":["providerFromModelId"],"fullName":"providerFromModelId maps the prefixed form 'openai:gpt-4o' to 'openai'","status":"passed","title":"maps the prefixed form 'openai:gpt-4o' to 'openai'","duration":0.04791700000009769,"failureMessages":[],"meta":{}},{"ancestorTitles":["providerFromModelId"],"fullName":"providerFromModelId returns '' for an unknown model id","status":"passed","title":"returns '' for an unknown model id","duration":0.049500000000080036,"failureMessages":[],"meta":{}},{"ancestorTitles":["providerFromModelId — image model ids"],"fullName":"providerFromModelId — image model ids gpt-image-1 → 'openai'","status":"passed","title":"gpt-image-1 → 'openai'","duration":0.036958999999797015,"failureMessages":[],"meta":{}},{"ancestorTitles":["providerFromModelId — image model ids"],"fullName":"providerFromModelId — image model ids dall-e-3 → 'openai'","status":"passed","title":"dall-e-3 → 'openai'","duration":0.03241699999989578,"failureMessages":[],"meta":{}},{"ancestorTitles":["providerFromModelId — image model ids"],"fullName":"providerFromModelId — image model ids chatgpt-4o-latest → 'openai'","status":"passed","title":"chatgpt-4o-latest → 'openai'","duration":4.31291699999997,"failureMessages":[],"meta":{}},{"ancestorTitles":["providerFromModelId — image model ids"],"fullName":"providerFromModelId — image model ids davinci-003 → 'openai'","status":"passed","title":"davinci-003 → 'openai'","duration":0.09012499999994361,"failureMessages":[],"meta":{}},{"ancestorTitles":["providerFromModelId — Google model ids"],"fullName":"providerFromModelId — Google model ids gemini-1.5-pro → 'google'","status":"passed","title":"gemini-1.5-pro → 'google'","duration":0.05129099999999198,"failureMessages":[],"meta":{}},{"ancestorTitles":["providerFromModelId — Google model ids"],"fullName":"providerFromModelId — Google model ids veo-3.0-fast-generate-001 → 'google' (bare form)","status":"passed","title":"veo-3.0-fast-generate-001 → 'google' (bare form)","duration":0.03758299999981318,"failureMessages":[],"meta":{}},{"ancestorTitles":["providerFromModelId — Google model ids"],"fullName":"providerFromModelId — Google model ids imagen-3 → 'google'","status":"passed","title":"imagen-3 → 'google'","duration":0.040291000000024724,"failureMessages":[],"meta":{}},{"ancestorTitles":["providerFromModelId — Black Forest Labs (bfl) model ids"],"fullName":"providerFromModelId — Black Forest Labs (bfl) model ids flux-1-dev → 'bfl' (bare flux prefix)","status":"passed","title":"flux-1-dev → 'bfl' (bare flux prefix)","duration":0.5435840000000098,"failureMessages":[],"meta":{}},{"ancestorTitles":["providerFromModelId — Black Forest Labs (bfl) model ids"],"fullName":"providerFromModelId — Black Forest Labs (bfl) model ids bfl/flux-2-max → 'bfl' (slash gateway form: 'bfl' head)","status":"passed","title":"bfl/flux-2-max → 'bfl' (slash gateway form: 'bfl' head)","duration":0.06700000000000728,"failureMessages":[],"meta":{}},{"ancestorTitles":["providerFromModelId — xAI model ids"],"fullName":"providerFromModelId — xAI model ids grok-2 → 'xai'","status":"passed","title":"grok-2 → 'xai'","duration":0.11058400000001711,"failureMessages":[],"meta":{}},{"ancestorTitles":["providerFromModelId — slash gateway / colon-prefix forms"],"fullName":"providerFromModelId — slash gateway / colon-prefix forms google/veo-3.0-generate-001 → 'google' (slash gateway form)","status":"passed","title":"google/veo-3.0-generate-001 → 'google' (slash gateway form)","duration":0.07199999999988904,"failureMessages":[],"meta":{}},{"ancestorTitles":["providerFromModelId — slash gateway / colon-prefix forms"],"fullName":"providerFromModelId — slash gateway / colon-prefix forms bfl/flux-2-max → 'bfl' (slash gateway form)","status":"passed","title":"bfl/flux-2-max → 'bfl' (slash gateway form)","duration":0.04266600000005383,"failureMessages":[],"meta":{}},{"ancestorTitles":["providerFromModelId — slash gateway / colon-prefix forms"],"fullName":"providerFromModelId — slash gateway / colon-prefix forms leading-slash '/claude-3' → '' (no known head)","status":"passed","title":"leading-slash '/claude-3' → '' (no known head)","duration":0.035082999999985987,"failureMessages":[],"meta":{}},{"ancestorTitles":["providerFromModelId — uppercase prefix forms"],"fullName":"providerFromModelId — uppercase prefix forms ANTHROPIC/claude-3 → 'anthropic' (uppercase prefix matched case-insensitively)","status":"passed","title":"ANTHROPIC/claude-3 → 'anthropic' (uppercase prefix matched case-insensitively)","duration":0.03249999999979991,"failureMessages":[],"meta":{}},{"ancestorTitles":["clickhouse client construction"],"fullName":"clickhouse client construction enables best_effort date_time_input_format so ISO-8601 timestamps ingest","status":"passed","title":"enables best_effort date_time_input_format so ISO-8601 timestamps ingest","duration":49.77458300000012,"failureMessages":[],"meta":{}}],"startTime":1781072004998,"endTime":1781072005078.7747,"status":"passed","message":"","name":"/Users/macanderson/oxagen-monorepo/packages/telemetry/src/clickhouse.test.ts"},{"assertionResults":[{"ancestorTitles":["splitStatements"],"fullName":"splitStatements empty input returns empty array","status":"passed","title":"empty input returns empty array","duration":10.396375000000035,"failureMessages":[],"meta":{}},{"ancestorTitles":["splitStatements"],"fullName":"splitStatements single statement without a trailing semicolon returns 1 element","status":"passed","title":"single statement without a trailing semicolon returns 1 element","duration":4.489999999999782,"failureMessages":[],"meta":{}},{"ancestorTitles":["splitStatements"],"fullName":"splitStatements single statement with a trailing semicolon returns 1 element","status":"passed","title":"single statement with a trailing semicolon returns 1 element","duration":0.14041599999995924,"failureMessages":[],"meta":{}},{"ancestorTitles":["splitStatements"],"fullName":"splitStatements two statements split on semicolon","status":"passed","title":"two statements split on semicolon","duration":0.10008300000004056,"failureMessages":[],"meta":{}},{"ancestorTitles":["splitStatements"],"fullName":"splitStatements three statements split correctly","status":"passed","title":"three statements split correctly","duration":0.0830829999999878,"failureMessages":[],"meta":{}},{"ancestorTitles":["splitStatements"],"fullName":"splitStatements -- comment lines are stripped from each chunk","status":"passed","title":"-- comment lines are stripped from each chunk","duration":0.1812089999998534,"failureMessages":[],"meta":{}},{"ancestorTitles":["splitStatements"],"fullName":"splitStatements comment-only chunks are filtered out (empty after stripping comments)","status":"passed","title":"comment-only chunks are filtered out (empty after stripping comments)","duration":0.1746250000001055,"failureMessages":[],"meta":{}},{"ancestorTitles":["splitStatements"],"fullName":"splitStatements whitespace-only chunks are filtered out","status":"passed","title":"whitespace-only chunks are filtered out","duration":0.13116700000000492,"failureMessages":[],"meta":{}},{"ancestorTitles":["splitStatements"],"fullName":"splitStatements inline comments (not at line start) are preserved inside the statement body","status":"passed","title":"inline comments (not at line start) are preserved inside the statement body","duration":0.0740410000000793,"failureMessages":[],"meta":{}},{"ancestorTitles":["splitStatements"],"fullName":"splitStatements multiple blank lines between statements do not produce extra empty elements","status":"passed","title":"multiple blank lines between statements do not produce extra empty elements","duration":0.07712500000002365,"failureMessages":[],"meta":{}}],"startTime":1781072005594,"endTime":1781072005609.1812,"status":"passed","message":"","name":"/Users/macanderson/oxagen-monorepo/packages/telemetry/src/migrate.test.ts"},{"assertionResults":[{"ancestorTitles":["SecurityEventInput — append-only column contract"],"fullName":"SecurityEventInput — append-only column contract does not contain updated_at or updated_by_user_id","status":"passed","title":"does not contain updated_at or updated_by_user_id","duration":1.0976659999998901,"failureMessages":[],"meta":{}},{"ancestorTitles":["SecurityEventInput — append-only column contract"],"fullName":"SecurityEventInput — append-only column contract contains the required append-only columns","status":"passed","title":"contains the required append-only columns","duration":0.2794589999998607,"failureMessages":[],"meta":{}},{"ancestorTitles":["recordSecurityEvent"],"fullName":"recordSecurityEvent calls the insert fn with the exact event object","status":"passed","title":"calls the insert fn with the exact event object","duration":0.9072920000000977,"failureMessages":[],"meta":{}},{"ancestorTitles":["recordSecurityEvent"],"fullName":"recordSecurityEvent does not throw when the insert fn rejects — error is forwarded to onError","status":"passed","title":"does not throw when the insert fn rejects — error is forwarded to onError","duration":0.45366599999988466,"failureMessages":[],"meta":{}},{"ancestorTitles":["recordSecurityEvent"],"fullName":"recordSecurityEvent does not re-throw when no onError is provided — writes to process.stderr","status":"passed","title":"does not re-throw when no onError is provided — writes to process.stderr","duration":0.20116699999994125,"failureMessages":[],"meta":{}},{"ancestorTitles":["recordSecurityEventAsync"],"fullName":"recordSecurityEventAsync resolves when the insert fn resolves","status":"passed","title":"resolves when the insert fn resolves","duration":0.27091600000017024,"failureMessages":[],"meta":{}},{"ancestorTitles":["recordSecurityEventAsync"],"fullName":"recordSecurityEventAsync rejects when the insert fn rejects","status":"passed","title":"rejects when the insert fn rejects","duration":0.21454100000005383,"failureMessages":[],"meta":{}},{"ancestorTitles":["SECURITY_EVENT_TYPES"],"fullName":"SECURITY_EVENT_TYPES is a non-empty readonly array of strings","status":"passed","title":"is a non-empty readonly array of strings","duration":0.31008300000007694,"failureMessages":[],"meta":{}},{"ancestorTitles":["SECURITY_EVENT_TYPES"],"fullName":"SECURITY_EVENT_TYPES contains all three event groups (auth, capability, api_key)","status":"passed","title":"contains all three event groups (auth, capability, api_key)","duration":0.0803329999998823,"failureMessages":[],"meta":{}},{"ancestorTitles":["SECURITY_EVENT_TYPES"],"fullName":"SECURITY_EVENT_TYPES includes the highest-priority event types required by SOC2","status":"passed","title":"includes the highest-priority event types required by SOC2","duration":0.1254999999998745,"failureMessages":[],"meta":{}}],"startTime":1781072005288,"endTime":1781072005292.1255,"status":"passed","message":"","name":"/Users/macanderson/oxagen-monorepo/packages/telemetry/src/security.test.ts"},{"assertionResults":[{"ancestorTitles":["clickhouse tenant seam"],"fullName":"clickhouse tenant seam stamps org_id/workspace_id onto inserted rows","status":"passed","title":"stamps org_id/workspace_id onto inserted rows","duration":1.4836250000000746,"failureMessages":[],"meta":{}},{"ancestorTitles":["clickhouse tenant seam"],"fullName":"clickhouse tenant seam binds orgId/workspaceId as query params on read","status":"passed","title":"binds orgId/workspaceId as query params on read","duration":0.24866700000006858,"failureMessages":[],"meta":{}},{"ancestorTitles":["clickhouse tenant seam"],"fullName":"clickhouse tenant seam rejects a read query that omits org_id (guard)","status":"passed","title":"rejects a read query that omits org_id (guard)","duration":0.5729589999998552,"failureMessages":[],"meta":{}},{"ancestorTitles":["clickhouse tenant seam"],"fullName":"clickhouse tenant seam fails closed with no scope","status":"passed","title":"fails closed with no scope","duration":31.674415999999837,"failureMessages":[],"meta":{}}],"startTime":1781072005444,"endTime":1781072005477.6743,"status":"passed","message":"","name":"/Users/macanderson/oxagen-monorepo/packages/telemetry/src/tenant.test.ts"}]}
@oxagen/oxagen:test:unit: {"numTotalTestSuites":187,"numPassedTestSuites":187,"numFailedTestSuites":0,"numPendingTestSuites":0,"numTotalTests":694,"numPassedTests":694,"numFailedTests":0,"numPendingTests":0,"numTodoTests":0,"snapshot":{"added":0,"failure":false,"filesAdded":0,"filesRemoved":0,"filesRemovedList":[],"filesUnmatched":0,"filesUpdated":0,"matched":0,"total":0,"unchecked":0,"uncheckedKeysByFile":[],"unmatched":0,"updated":0,"didUpdate":false},"startTime":1781071999874,"success":true,"testResults":[{"assertionResults":[{"ancestorTitles":["kernel tenant scope"],"fullName":"kernel tenant scope runs the handler inside the request's tenant scope","status":"passed","title":"runs the handler inside the request's tenant scope","duration":2.5750419999999394,"failureMessages":[],"meta":{}},{"ancestorTitles":["kernel tenant scope"],"fullName":"kernel tenant scope skips the tenant-scope wrapper for unscoped capabilities (scoped:false)","status":"passed","title":"skips the tenant-scope wrapper for unscoped capabilities (scoped:false)","duration":0.20654199999989942,"failureMessages":[],"meta":{}},{"ancestorTitles":["kernel tenant scope"],"fullName":"kernel tenant scope fails closed when orgId is empty (MCP session-token path)","status":"passed","title":"fails closed when orgId is empty (MCP session-token path)","duration":0.6182499999999891,"failureMessages":[],"meta":{}}],"startTime":1781072002585,"endTime":1781072002588.6182,"status":"passed","message":"","name":"/Users/macanderson/oxagen-monorepo/packages/oxagen/src/kernel.tenant-scope.test.ts"},{"assertionResults":[{"ancestorTitles":["capability kernel"],"fullName":"capability kernel validates input, runs the handler, and validates output","status":"passed","title":"validates input, runs the handler, and validates output","duration":2.1282499999997526,"failureMessages":[],"meta":{}},{"ancestorTitles":["capability kernel"],"fullName":"capability kernel rejects unknown capabilities","status":"passed","title":"rejects unknown capabilities","duration":0.5574999999998909,"failureMessages":[],"meta":{}},{"ancestorTitles":["capability kernel"],"fullName":"capability kernel rejects a capability with no registered handler","status":"passed","title":"rejects a capability with no registered handler","duration":0.2892499999998108,"failureMessages":[],"meta":{}},{"ancestorTitles":["capability kernel"],"fullName":"capability kernel rejects input that fails the contract schema","status":"passed","title":"rejects input that fails the contract schema","duration":0.44174999999995634,"failureMessages":[],"meta":{}},{"ancestorTitles":["capability kernel"],"fullName":"capability kernel rejects handler output that violates the contract schema","status":"passed","title":"rejects handler output that violates the contract schema","duration":0.28375000000005457,"failureMessages":[],"meta":{}},{"ancestorTitles":["capability kernel"],"fullName":"capability kernel enforces the contract surface allowlist","status":"passed","title":"enforces the contract surface allowlist","duration":0.21745899999996254,"failureMessages":[],"meta":{}},{"ancestorTitles":["capability kernel"],"fullName":"capability kernel throws on duplicate handler registration","status":"passed","title":"throws on duplicate handler registration","duration":0.6370409999999538,"failureMessages":[],"meta":{}},{"ancestorTitles":["capability kernel"],"fullName":"capability kernel assertHandlersComplete flags a capability with no handler","status":"passed","title":"assertHandlersComplete flags a capability with no handler","duration":0.2779160000000047,"failureMessages":[],"meta":{}},{"ancestorTitles":["capability kernel"],"fullName":"capability kernel capabilitiesForSurface filters by the contract surface list","status":"passed","title":"capabilitiesForSurface filters by the contract surface list","duration":0.4790419999999358,"failureMessages":[],"meta":{}},{"ancestorTitles":["capability kernel"],"fullName":"capability kernel tracks handler registration","status":"passed","title":"tracks handler registration","duration":0.21470799999997325,"failureMessages":[],"meta":{}},{"ancestorTitles":["kernel security event emitter"],"fullName":"kernel security event emitter emits an 'allow' event on successful invocation","status":"passed","title":"emits an 'allow' event on successful invocation","duration":1.9954170000000886,"failureMessages":[],"meta":{}},{"ancestorTitles":["kernel security event emitter"],"fullName":"kernel security event emitter emits a 'deny' event when the capability is unknown","status":"passed","title":"emits a 'deny' event when the capability is unknown","duration":0.30924999999979264,"failureMessages":[],"meta":{}},{"ancestorTitles":["kernel security event emitter"],"fullName":"kernel security event emitter emits a 'deny' event when the surface is not allowed","status":"passed","title":"emits a 'deny' event when the surface is not allowed","duration":0.30724999999983993,"failureMessages":[],"meta":{}},{"ancestorTitles":["kernel security event emitter"],"fullName":"kernel security event emitter emits an 'error' event when input validation fails","status":"passed","title":"emits an 'error' event when input validation fails","duration":0.32787499999994907,"failureMessages":[],"meta":{}},{"ancestorTitles":["kernel security event emitter"],"fullName":"kernel security event emitter emits a 'deny' event when no handler is registered","status":"passed","title":"emits a 'deny' event when no handler is registered","duration":0.3138750000002801,"failureMessages":[],"meta":{}},{"ancestorTitles":["kernel security event emitter"],"fullName":"kernel security event emitter does not call the emitter when no emitter is registered","status":"passed","title":"does not call the emitter when no emitter is registered","duration":1.5302919999999176,"failureMessages":[],"meta":{}},{"ancestorTitles":["kernel security event emitter"],"fullName":"kernel security event emitter does not crash when the emitter throws synchronously","status":"passed","title":"does not crash when the emitter throws synchronously","duration":0.15970900000002075,"failureMessages":[],"meta":{}},{"ancestorTitles":["authorizeExternalCapability"],"fullName":"authorizeExternalCapability allows unconditionally when no IAM runtime is registered (and emits nothing)","status":"passed","title":"allows unconditionally when no IAM runtime is registered (and emits nothing)","duration":0.287916000000223,"failureMessages":[],"meta":{}},{"ancestorTitles":["authorizeExternalCapability"],"fullName":"authorizeExternalCapability allows and emits an allow event when the resolver returns allow","status":"passed","title":"allows and emits an allow event when the resolver returns allow","duration":0.13545799999974406,"failureMessages":[],"meta":{}},{"ancestorTitles":["authorizeExternalCapability"],"fullName":"authorizeExternalCapability blocks (fail-closed) and emits a deny event when the resolver denies AND enforcement is on","status":"passed","title":"blocks (fail-closed) and emits a deny event when the resolver denies AND enforcement is on","duration":0.083625000000211,"failureMessages":[],"meta":{}},{"ancestorTitles":["authorizeExternalCapability"],"fullName":"authorizeExternalCapability allows (fail-open) but still emits a deny event when the resolver denies AND enforcement is off","status":"passed","title":"allows (fail-open) but still emits a deny event when the resolver denies AND enforcement is off","duration":0.32541700000001583,"failureMessages":[],"meta":{}},{"ancestorTitles":["authorizeExternalCapability"],"fullName":"authorizeExternalCapability fails closed (deny + emit) when the resolver throws AND enforcement is on","status":"passed","title":"fails closed (deny + emit) when the resolver throws AND enforcement is on","duration":11.283208000000286,"failureMessages":[],"meta":{}},{"ancestorTitles":["authorizeExternalCapability"],"fullName":"authorizeExternalCapability fails open (allow, no event) when the resolver throws AND enforcement is off","status":"passed","title":"fails open (allow, no event) when the resolver throws AND enforcement is off","duration":4.706833000000188,"failureMessages":[],"meta":{}}],"startTime":1781072002581,"endTime":1781072002608.7068,"status":"passed","message":"","name":"/Users/macanderson/oxagen-monorepo/packages/oxagen/src/kernel.test.ts"},{"assertionResults":[{"ancestorTitles":["capability registry"],"fullName":"capability registry registers a capability and returns the declaration","status":"passed","title":"registers a capability and returns the declaration","duration":0.7986249999999586,"failureMessages":[],"meta":{}},{"ancestorTitles":["capability registry"],"fullName":"capability registry is idempotent when an identical declaration re-registers (a bundler may evaluate a contract module twice)","status":"passed","title":"is idempotent when an identical declaration re-registers (a bundler may evaluate a contract module twice)","duration":0.5896670000000199,"failureMessages":[],"meta":{}},{"ancestorTitles":["capability registry"],"fullName":"capability registry keeps the first registration and warns (not throws) when a different descriptor re-registers a name","status":"passed","title":"keeps the first registration and warns (not throws) when a different descriptor re-registers a name","duration":0.5165829999999687,"failureMessages":[],"meta":{}},{"ancestorTitles":["capability registry"],"fullName":"capability registry lists all registered capabilities","status":"passed","title":"lists all registered capabilities","duration":0.2657909999999788,"failureMessages":[],"meta":{}},{"ancestorTitles":["capability registry"],"fullName":"capability registry returns undefined for an unknown capability","status":"passed","title":"returns undefined for an unknown capability","duration":0.06495899999998755,"failureMessages":[],"meta":{}}],"startTime":1781072002870,"endTime":1781072002875.2659,"status":"passed","message":"","name":"/Users/macanderson/oxagen-monorepo/packages/oxagen/src/registry.test.ts"},{"assertionResults":[{"ancestorTitles":["isDenial"],"fullName":"isDenial returns true for a well-formed DenialResponse (deny)","status":"passed","title":"returns true for a well-formed DenialResponse (deny)","duration":0.4936670000000163,"failureMessages":[],"meta":{}},{"ancestorTitles":["isDenial"],"fullName":"isDenial returns true for a pending_approval denial carrying a requestId","status":"passed","title":"returns true for a pending_approval denial carrying a requestId","duration":0.07524999999998272,"failureMessages":[],"meta":{}},{"ancestorTitles":["isDenial"],"fullName":"isDenial returns false for null and undefined","status":"passed","title":"returns false for null and undefined","duration":0.0687499999999659,"failureMessages":[],"meta":{}},{"ancestorTitles":["isDenial"],"fullName":"isDenial returns false for non-object primitives","status":"passed","title":"returns false for non-object primitives","duration":0.0747079999999869,"failureMessages":[],"meta":{}},{"ancestorTitles":["isDenial"],"fullName":"isDenial returns false for a plain object without the sentinel","status":"passed","title":"returns false for a plain object without the sentinel","duration":0.039874999999995,"failureMessages":[],"meta":{}},{"ancestorTitles":["isDenial"],"fullName":"isDenial returns false when the sentinel is present but not strictly true","status":"passed","title":"returns false when the sentinel is present but not strictly true","duration":0.07774999999998045,"failureMessages":[],"meta":{}},{"ancestorTitles":["isDenial"],"fullName":"isDenial narrows the type so an allow result is distinguishable","status":"passed","title":"narrows the type so an allow result is distinguishable","duration":0.24733299999996916,"failureMessages":[],"meta":{}},{"ancestorTitles":["getSurfaces"],"fullName":"getSurfaces returns the declared surfaces when present","status":"passed","title":"returns the declared surfaces when present","duration":0.06454199999996035,"failureMessages":[],"meta":{}},{"ancestorTitles":["getSurfaces"],"fullName":"getSurfaces falls back to DEFAULT_SURFACES when surfaces is undefined","status":"passed","title":"falls back to DEFAULT_SURFACES when surfaces is undefined","duration":0.06983399999995754,"failureMessages":[],"meta":{}},{"ancestorTitles":["getSurfaces"],"fullName":"getSurfaces DEFAULT_SURFACES is the public api+mcp pair","status":"passed","title":"DEFAULT_SURFACES is the public api+mcp pair","duration":0.05579099999999926,"failureMessages":[],"meta":{}}],"startTime":1781072002920,"endTime":1781072002922.0698,"status":"passed","message":"","name":"/Users/macanderson/oxagen-monorepo/packages/oxagen/src/types.test.ts"},{"assertionResults":[{"ancestorTitles":["agent.approval.resolve capability"],"fullName":"agent.approval.resolve capability parses a valid approved decision","status":"passed","title":"parses a valid approved decision","duration":4.163667000000032,"failureMessages":[],"meta":{}},{"ancestorTitles":["agent.approval.resolve capability"],"fullName":"agent.approval.resolve capability parses a valid denied decision with a note","status":"passed","title":"parses a valid denied decision with a note","duration":0.11091700000002902,"failureMessages":[],"meta":{}},{"ancestorTitles":["agent.approval.resolve capability"],"fullName":"agent.approval.resolve capability rejects an unknown decision","status":"passed","title":"rejects an unknown decision","duration":0.5730410000000461,"failureMessages":[],"meta":{}},{"ancestorTitles":["agent.approval.resolve capability"],"fullName":"agent.approval.resolve capability parses a valid output","status":"passed","title":"parses a valid output","duration":0.08125000000001137,"failureMessages":[],"meta":{}},{"ancestorTitles":["agent.approval.resolve capability"],"fullName":"agent.approval.resolve capability rejects an unknown resolution","status":"passed","title":"rejects an unknown resolution","duration":0.11504200000001674,"failureMessages":[],"meta":{}},{"ancestorTitles":["agent.approval.resolve capability"],"fullName":"agent.approval.resolve capability is registered in the capability registry","status":"passed","title":"is registered in the capability registry","duration":0.06304199999999582,"failureMessages":[],"meta":{}}],"startTime":1781072003780,"endTime":1781072003785.115,"status":"passed","message":"","name":"/Users/macanderson/oxagen-monorepo/packages/oxagen/src/contracts/agent.approval.resolve.test.ts"},{"assertionResults":[{"ancestorTitles":["agent.mcp.list capability"],"fullName":"agent.mcp.list capability parses an empty input","status":"passed","title":"parses an empty input","duration":0.8162090000000148,"failureMessages":[],"meta":{}},{"ancestorTitles":["agent.mcp.list capability"],"fullName":"agent.mcp.list capability parses a valid output","status":"passed","title":"parses a valid output","duration":0.6714170000000195,"failureMessages":[],"meta":{}},{"ancestorTitles":["agent.mcp.list capability"],"fullName":"agent.mcp.list capability accepts a null lastHealthcheckAt","status":"passed","title":"accepts a null lastHealthcheckAt","duration":0.11454100000003109,"failureMessages":[],"meta":{}},{"ancestorTitles":["agent.mcp.list capability"],"fullName":"agent.mcp.list capability rejects a negative toolCount","status":"passed","title":"rejects a negative toolCount","duration":0.7406249999999659,"failureMessages":[],"meta":{}},{"ancestorTitles":["agent.mcp.list capability"],"fullName":"agent.mcp.list capability is registered in the capability registry","status":"passed","title":"is registered in the capability registry","duration":0.07045899999997118,"failureMessages":[],"meta":{}}],"startTime":1781072003369,"endTime":1781072003372.0706,"status":"passed","message":"","name":"/Users/macanderson/oxagen-monorepo/packages/oxagen/src/contracts/agent.mcp.list.test.ts"},{"assertionResults":[{"ancestorTitles":["agent.mcp.register capability"],"fullName":"agent.mcp.register capability parses a valid input with defaults","status":"passed","title":"parses a valid input with defaults","duration":0.8290000000000077,"failureMessages":[],"meta":{}},{"ancestorTitles":["agent.mcp.register capability"],"fullName":"agent.mcp.register capability rejects an invalid endpoint URL","status":"passed","title":"rejects an invalid endpoint URL","duration":0.5380830000000003,"failureMessages":[],"meta":{}},{"ancestorTitles":["agent.mcp.register capability"],"fullName":"agent.mcp.register capability rejects an unknown transport","status":"passed","title":"rejects an unknown transport","duration":0.1527499999999975,"failureMessages":[],"meta":{}},{"ancestorTitles":["agent.mcp.register capability"],"fullName":"agent.mcp.register capability parses a valid output","status":"passed","title":"parses a valid output","duration":0.35616699999999923,"failureMessages":[],"meta":{}},{"ancestorTitles":["agent.mcp.register capability"],"fullName":"agent.mcp.register capability rejects an unknown health status","status":"passed","title":"rejects an unknown health status","duration":0.10833299999998758,"failureMessages":[],"meta":{}},{"ancestorTitles":["agent.mcp.register capability"],"fullName":"agent.mcp.register capability is registered in the capability registry","status":"passed","title":"is registered in the capability registry","duration":0.060291000000006534,"failureMessages":[],"meta":{}}],"startTime":1781072003577,"endTime":1781072003579.3562,"status":"passed","message":"","name":"/Users/macanderson/oxagen-monorepo/packages/oxagen/src/contracts/agent.mcp.register.test.ts"},{"assertionResults":[{"ancestorTitles":["agent.memory.recall capability"],"fullName":"agent.memory.recall capability parses a valid input with defaults","status":"passed","title":"parses a valid input with defaults","duration":0.9499999999999886,"failureMessages":[],"meta":{}},{"ancestorTitles":["agent.memory.recall capability"],"fullName":"agent.memory.recall capability rejects an empty query","status":"passed","title":"rejects an empty query","duration":0.563083000000006,"failureMessages":[],"meta":{}},{"ancestorTitles":["agent.memory.recall capability"],"fullName":"agent.memory.recall capability rejects an unknown weight","status":"passed","title":"rejects an unknown weight","duration":0.14783299999999144,"failureMessages":[],"meta":{}},{"ancestorTitles":["agent.memory.recall capability"],"fullName":"agent.memory.recall capability rejects a limit above the cap","status":"passed","title":"rejects a limit above the cap","duration":0.12995899999998528,"failureMessages":[],"meta":{}},{"ancestorTitles":["agent.memory.recall capability"],"fullName":"agent.memory.recall capability parses a valid output","status":"passed","title":"parses a valid output","duration":0.44104099999998425,"failureMessages":[],"meta":{}},{"ancestorTitles":["agent.memory.recall capability"],"fullName":"agent.memory.recall capability is registered in the capability registry","status":"passed","title":"is registered in the capability registry","duration":0.07141699999999673,"failureMessages":[],"meta":{}}],"startTime":1781072003700,"endTime":1781072003703.0715,"status":"passed","message":"","name":"/Users/macanderson/oxagen-monorepo/packages/oxagen/src/contracts/agent.memory.recall.test.ts"},{"assertionResults":[{"ancestorTitles":["agent.memory.write capability"],"fullName":"agent.memory.write capability parses a valid input","status":"passed","title":"parses a valid input","duration":0.8603330000000255,"failureMessages":[],"meta":{}},{"ancestorTitles":["agent.memory.write capability"],"fullName":"agent.memory.write capability rejects an unknown kind","status":"passed","title":"rejects an unknown kind","duration":0.5558330000000069,"failureMessages":[],"meta":{}},{"ancestorTitles":["agent.memory.write capability"],"fullName":"agent.memory.write capability rejects an unknown source","status":"passed","title":"rejects an unknown source","duration":0.15004200000001333,"failureMessages":[],"meta":{}},{"ancestorTitles":["agent.memory.write capability"],"fullName":"agent.memory.write capability rejects an empty lesson","status":"passed","title":"rejects an empty lesson","duration":0.11966599999999517,"failureMessages":[],"meta":{}},{"ancestorTitles":["agent.memory.write capability"],"fullName":"agent.memory.write capability parses a valid output","status":"passed","title":"parses a valid output","duration":0.06612499999999955,"failureMessages":[],"meta":{}},{"ancestorTitles":["agent.memory.write capability"],"fullName":"agent.memory.write capability is registered in the capability registry","status":"passed","title":"is registered in the capability registry","duration":0.06012499999999932,"failureMessages":[],"meta":{}}],"startTime":1781072003479,"endTime":1781072003481.1196,"status":"passed","message":"","name":"/Users/macanderson/oxagen-monorepo/packages/oxagen/src/contracts/agent.memory.write.test.ts"},{"assertionResults":[{"ancestorTitles":["agent.plan.approve capability"],"fullName":"agent.plan.approve capability parses a valid approve input","status":"passed","title":"parses a valid approve input","duration":0.9282910000000015,"failureMessages":[],"meta":{}},{"ancestorTitles":["agent.plan.approve capability"],"fullName":"agent.plan.approve capability parses a valid amend input with amendedSteps","status":"passed","title":"parses a valid amend input with amendedSteps","duration":0.5396250000000009,"failureMessages":[],"meta":{}},{"ancestorTitles":["agent.plan.approve capability"],"fullName":"agent.plan.approve capability rejects an unknown decision","status":"passed","title":"rejects an unknown decision","duration":0.5657079999999723,"failureMessages":[],"meta":{}},{"ancestorTitles":["agent.plan.approve capability"],"fullName":"agent.plan.approve capability parses a valid output","status":"passed","title":"parses a valid output","duration":0.10058299999997189,"failureMessages":[],"meta":{}},{"ancestorTitles":["agent.plan.approve capability"],"fullName":"agent.plan.approve capability rejects an unknown output status","status":"passed","title":"rejects an unknown output status","duration":0.126041999999984,"failureMessages":[],"meta":{}},{"ancestorTitles":["agent.plan.approve capability"],"fullName":"agent.plan.approve capability is registered in the capability registry","status":"passed","title":"is registered in the capability registry","duration":0.06700000000000728,"failureMessages":[],"meta":{}}],"startTime":1781072003646,"endTime":1781072003648.126,"status":"passed","message":"","name":"/Users/macanderson/oxagen-monorepo/packages/oxagen/src/contracts/agent.plan.approve.test.ts"},{"assertionResults":[{"ancestorTitles":["agent.plan.create capability"],"fullName":"agent.plan.create capability parses a minimal valid input","status":"passed","title":"parses a minimal valid input","duration":1.4717079999999783,"failureMessages":[],"meta":{}},{"ancestorTitles":["agent.plan.create capability"],"fullName":"agent.plan.create capability accepts constraints and messageId","status":"passed","title":"accepts constraints and messageId","duration":0.1920830000000251,"failureMessages":[],"meta":{}},{"ancestorTitles":["agent.plan.create capability"],"fullName":"agent.plan.create capability rejects empty goals array","status":"passed","title":"rejects empty goals array","duration":0.477292000000034,"failureMessages":[],"meta":{}},{"ancestorTitles":["agent.plan.create capability"],"fullName":"agent.plan.create capability rejects more than 100 tasks","status":"passed","title":"rejects more than 100 tasks","duration":0.417583000000036,"failureMessages":[],"meta":{}},{"ancestorTitles":["agent.plan.create capability"],"fullName":"agent.plan.create capability parses a valid output","status":"passed","title":"parses a valid output","duration":0.3720409999999674,"failureMessages":[],"meta":{}},{"ancestorTitles":["agent.plan.create capability"],"fullName":"agent.plan.create capability rejects an unknown output status","status":"passed","title":"rejects an unknown output status","duration":0.14066700000000765,"failureMessages":[],"meta":{}},{"ancestorTitles":["agent.plan.create capability"],"fullName":"agent.plan.create capability is registered in the capability registry","status":"passed","title":"is registered in the capability registry","duration":0.05841600000002245,"failureMessages":[],"meta":{}}],"startTime":1781072003135,"endTime":1781072003138.372,"status":"passed","message":"","name":"/Users/macanderson/oxagen-monorepo/packages/oxagen/src/contracts/agent.plan.create.test.ts"},{"assertionResults":[{"ancestorTitles":["agent.skill.list capability"],"fullName":"agent.skill.list capability parses an empty input","status":"passed","title":"parses an empty input","duration":0.6580839999999171,"failureMessages":[],"meta":{}},{"ancestorTitles":["agent.skill.list capability"],"fullName":"agent.skill.list capability parses a filtered input","status":"passed","title":"parses a filtered input","duration":0.2503749999999627,"failureMessages":[],"meta":{}},{"ancestorTitles":["agent.skill.list capability"],"fullName":"agent.skill.list capability parses a valid output","status":"passed","title":"parses a valid output","duration":0.19483299999990322,"failureMessages":[],"meta":{}},{"ancestorTitles":["agent.skill.list capability"],"fullName":"agent.skill.list capability rejects an unknown source","status":"passed","title":"rejects an unknown source","duration":0.5308330000000296,"failureMessages":[],"meta":{}},{"ancestorTitles":["agent.skill.list capability"],"fullName":"agent.skill.list capability is registered in the capability registry","status":"passed","title":"is registered in the capability registry","duration":0.06341699999995853,"failureMessages":[],"meta":{}}],"startTime":1781072004178,"endTime":1781072004179.5308,"status":"passed","message":"","name":"/Users/macanderson/oxagen-monorepo/packages/oxagen/src/contracts/agent.skill.list.test.ts"},{"assertionResults":[{"ancestorTitles":["agent.task.background.cancel capability"],"fullName":"agent.task.background.cancel capability parses a valid input","status":"passed","title":"parses a valid input","duration":0.8833750000000009,"failureMessages":[],"meta":{}},{"ancestorTitles":["agent.task.background.cancel capability"],"fullName":"agent.task.background.cancel capability parses an input without a reason","status":"passed","title":"parses an input without a reason","duration":0.12416699999999992,"failureMessages":[],"meta":{}},{"ancestorTitles":["agent.task.background.cancel capability"],"fullName":"agent.task.background.cancel capability rejects a missing taskId","status":"passed","title":"rejects a missing taskId","duration":0.7643329999999935,"failureMessages":[],"meta":{}},{"ancestorTitles":["agent.task.background.cancel capability"],"fullName":"agent.task.background.cancel capability parses a valid output","status":"passed","title":"parses a valid output","duration":0.12100000000000932,"failureMessages":[],"meta":{}},{"ancestorTitles":["agent.task.background.cancel capability"],"fullName":"agent.task.background.cancel capability rejects an unknown output status","status":"passed","title":"rejects an unknown output status","duration":0.13795799999999758,"failureMessages":[],"meta":{}},{"ancestorTitles":["agent.task.background.cancel capability"],"fullName":"agent.task.background.cancel capability is registered in the capability registry","status":"passed","title":"is registered in the capability registry","duration":0.06195900000000165,"failureMessages":[],"meta":{}}],"startTime":1781072003706,"endTime":1781072003708.062,"status":"passed","message":"","name":"/Users/macanderson/oxagen-monorepo/packages/oxagen/src/contracts/agent.task.background.cancel.test.ts"},{"assertionResults":[{"ancestorTitles":["agent.task.background.read capability"],"fullName":"agent.task.background.read capability parses a valid input","status":"passed","title":"parses a valid input","duration":11.810791000000023,"failureMessages":[],"meta":{}},{"ancestorTitles":["agent.task.background.read capability"],"fullName":"agent.task.background.read capability rejects a missing taskId","status":"passed","title":"rejects a missing taskId","duration":0.5572910000000206,"failureMessages":[],"meta":{}},{"ancestorTitles":["agent.task.background.read capability"],"fullName":"agent.task.background.read capability parses a valid output","status":"passed","title":"parses a valid output","duration":0.3929170000000113,"failureMessages":[],"meta":{}},{"ancestorTitles":["agent.task.background.read capability"],"fullName":"agent.task.background.read capability rejects an unknown status","status":"passed","title":"rejects an unknown status","duration":0.1582499999999527,"failureMessages":[],"meta":{}},{"ancestorTitles":["agent.task.background.read capability"],"fullName":"agent.task.background.read capability is registered in the capability registry","status":"passed","title":"is registered in the capability registry","duration":0.0544999999999618,"failureMessages":[],"meta":{}}],"startTime":1781072003598,"endTime":1781072003611.0544,"status":"passed","message":"","name":"/Users/macanderson/oxagen-monorepo/packages/oxagen/src/contracts/agent.task.background.read.test.ts"},{"assertionResults":[{"ancestorTitles":["agent.task.background.start capability"],"fullName":"agent.task.background.start capability parses a valid input","status":"passed","title":"parses a valid input","duration":0.8166249999999877,"failureMessages":[],"meta":{}},{"ancestorTitles":["agent.task.background.start capability"],"fullName":"agent.task.background.start capability rejects a missing kind","status":"passed","title":"rejects a missing kind","duration":0.5366670000000227,"failureMessages":[],"meta":{}},{"ancestorTitles":["agent.task.background.start capability"],"fullName":"agent.task.background.start capability parses a valid output","status":"passed","title":"parses a valid output","duration":0.08754199999998491,"failureMessages":[],"meta":{}},{"ancestorTitles":["agent.task.background.start capability"],"fullName":"agent.task.background.start capability rejects a missing inngestRunId","status":"passed","title":"rejects a missing inngestRunId","duration":0.10966700000000174,"failureMessages":[],"meta":{}},{"ancestorTitles":["agent.task.background.start capability"],"fullName":"agent.task.background.start capability is registered in the capability registry","status":"passed","title":"is registered in the capability registry","duration":0.061166999999954896,"failureMessages":[],"meta":{}}],"startTime":1781072004034,"endTime":1781072004035.5366,"status":"passed","message":"","name":"/Users/macanderson/oxagen-monorepo/packages/oxagen/src/contracts/agent.task.background.start.test.ts"},{"assertionResults":[{"ancestorTitles":["agent.tool.list capability"],"fullName":"agent.tool.list capability parses a valid input","status":"passed","title":"parses a valid input","duration":0.7697499999999877,"failureMessages":[],"meta":{}},{"ancestorTitles":["agent.tool.list capability"],"fullName":"agent.tool.list capability applies the default includeExternal flag","status":"passed","title":"applies the default includeExternal flag","duration":0.09450000000003911,"failureMessages":[],"meta":{}},{"ancestorTitles":["agent.tool.list capability"],"fullName":"agent.tool.list capability rejects a non-boolean includeExternal","status":"passed","title":"rejects a non-boolean includeExternal","duration":0.5892499999999927,"failureMessages":[],"meta":{}},{"ancestorTitles":["agent.tool.list capability"],"fullName":"agent.tool.list capability parses a valid output","status":"passed","title":"parses a valid output","duration":0.3646669999999972,"failureMessages":[],"meta":{}},{"ancestorTitles":["agent.tool.list capability"],"fullName":"agent.tool.list capability rejects an invalid riskLevel","status":"passed","title":"rejects an invalid riskLevel","duration":0.16437500000000682,"failureMessages":[],"meta":{}},{"ancestorTitles":["agent.tool.list capability"],"fullName":"agent.tool.list capability is registered in the capability registry","status":"passed","title":"is registered in the capability registry","duration":0.06204199999996263,"failureMessages":[],"meta":{}}],"startTime":1781072003503,"endTime":1781072003505.1643,"status":"passed","message":"","name":"/Users/macanderson/oxagen-monorepo/packages/oxagen/src/contracts/agent.tool.list.test.ts"},{"assertionResults":[{"ancestorTitles":["agent.ui.render capability"],"fullName":"agent.ui.render capability is registered","status":"passed","title":"is registered","duration":0.4156250000000057,"failureMessages":[],"meta":{}},{"ancestorTitles":["agent.ui.render capability"],"fullName":"agent.ui.render capability parses a valid input with componentId only","status":"passed","title":"parses a valid input with componentId only","duration":0.7186249999999745,"failureMessages":[],"meta":{}},{"ancestorTitles":["agent.ui.render capability"],"fullName":"agent.ui.render capability parses a valid input with componentId and props","status":"passed","title":"parses a valid input with componentId and props","duration":0.13700000000000045,"failureMessages":[],"meta":{}},{"ancestorTitles":["agent.ui.render capability"],"fullName":"agent.ui.render capability applies default empty props when omitted","status":"passed","title":"applies default empty props when omitted","duration":0.2475830000000201,"failureMessages":[],"meta":{}},{"ancestorTitles":["agent.ui.render capability"],"fullName":"agent.ui.render capability rejects input with empty componentId","status":"passed","title":"rejects input with empty componentId","duration":0.3306670000000054,"failureMessages":[],"meta":{}},{"ancestorTitles":["agent.ui.render capability"],"fullName":"agent.ui.render capability rejects input missing componentId","status":"passed","title":"rejects input missing componentId","duration":0.15475000000000705,"failureMessages":[],"meta":{}},{"ancestorTitles":["agent.ui.render capability"],"fullName":"agent.ui.render capability parses a valid output","status":"passed","title":"parses a valid output","duration":0.1257500000000107,"failureMessages":[],"meta":{}},{"ancestorTitles":["agent.ui.render capability"],"fullName":"agent.ui.render capability parses a valid output with empty props","status":"passed","title":"parses a valid output with empty props","duration":0.09549999999998704,"failureMessages":[],"meta":{}},{"ancestorTitles":["agent.ui.render capability"],"fullName":"agent.ui.render capability rejects output missing render field","status":"passed","title":"rejects output missing render field","duration":0.11208400000001006,"failureMessages":[],"meta":{}},{"ancestorTitles":["agent.ui.render capability"],"fullName":"agent.ui.render capability rejects output with render missing componentId","status":"passed","title":"rejects output with render missing componentId","duration":0.10241600000000517,"failureMessages":[],"meta":{}},{"ancestorTitles":["agent.ui.render capability"],"fullName":"agent.ui.render capability has correct defaultEffect and defaultRoles","status":"passed","title":"has correct defaultEffect and defaultRoles","duration":0.10570800000002123,"failureMessages":[],"meta":{}}],"startTime":1781072003142,"endTime":1781072003144.1548,"status":"passed","message":"","name":"/Users/macanderson/oxagen-monorepo/packages/oxagen/src/contracts/agent.ui.render.test.ts"},{"assertionResults":[{"ancestorTitles":["api.key.create capability"],"fullName":"api.key.create capability parses a minimal valid input","status":"passed","title":"parses a minimal valid input","duration":1.098291999999958,"failureMessages":[],"meta":{}},{"ancestorTitles":["api.key.create capability"],"fullName":"api.key.create capability parses input with all fields","status":"passed","title":"parses input with all fields","duration":0.3177500000000464,"failureMessages":[],"meta":{}},{"ancestorTitles":["api.key.create capability"],"fullName":"api.key.create capability rejects an empty name","status":"passed","title":"rejects an empty name","duration":0.5443329999999946,"failureMessages":[],"meta":{}},{"ancestorTitles":["api.key.create capability"],"fullName":"api.key.create capability rejects a missing name","status":"passed","title":"rejects a missing name","duration":0.11754099999996015,"failureMessages":[],"meta":{}},{"ancestorTitles":["api.key.create capability"],"fullName":"api.key.create capability rejects a name over 120 characters","status":"passed","title":"rejects a name over 120 characters","duration":0.10029200000002447,"failureMessages":[],"meta":{}},{"ancestorTitles":["api.key.create capability"],"fullName":"api.key.create capability rejects a non-datetime expiresAt","status":"passed","title":"rejects a non-datetime expiresAt","duration":0.2595420000000104,"failureMessages":[],"meta":{}},{"ancestorTitles":["api.key.create capability"],"fullName":"api.key.create capability parses a valid output","status":"passed","title":"parses a valid output","duration":0.336166999999989,"failureMessages":[],"meta":{}},{"ancestorTitles":["api.key.create capability"],"fullName":"api.key.create capability is registered in the capability registry","status":"passed","title":"is registered in the capability registry","duration":0.044375000000002274,"failureMessages":[],"meta":{}},{"ancestorTitles":["api.key.create capability"],"fullName":"api.key.create capability is high-sensitivity and default-deny","status":"passed","title":"is high-sensitivity and default-deny","duration":0.0542920000000322,"failureMessages":[],"meta":{}}],"startTime":1781072003232,"endTime":1781072003235.0542,"status":"passed","message":"","name":"/Users/macanderson/oxagen-monorepo/packages/oxagen/src/contracts/api.key.create.test.ts"},{"assertionResults":[{"ancestorTitles":["api.key.revoke capability"],"fullName":"api.key.revoke capability parses a valid input","status":"passed","title":"parses a valid input","duration":0.8259160000000065,"failureMessages":[],"meta":{}},{"ancestorTitles":["api.key.revoke capability"],"fullName":"api.key.revoke capability rejects an empty keyPublicId","status":"passed","title":"rejects an empty keyPublicId","duration":0.5445839999999862,"failureMessages":[],"meta":{}},{"ancestorTitles":["api.key.revoke capability"],"fullName":"api.key.revoke capability rejects a missing keyPublicId","status":"passed","title":"rejects a missing keyPublicId","duration":0.12291699999997263,"failureMessages":[],"meta":{}},{"ancestorTitles":["api.key.revoke capability"],"fullName":"api.key.revoke capability parses a valid output","status":"passed","title":"parses a valid output","duration":0.3241249999999809,"failureMessages":[],"meta":{}},{"ancestorTitles":["api.key.revoke capability"],"fullName":"api.key.revoke capability rejects a non-boolean revoked in output","status":"passed","title":"rejects a non-boolean revoked in output","duration":0.09679199999999355,"failureMessages":[],"meta":{}},{"ancestorTitles":["api.key.revoke capability"],"fullName":"api.key.revoke capability is registered in the capability registry","status":"passed","title":"is registered in the capability registry","duration":0.06120799999996507,"failureMessages":[],"meta":{}},{"ancestorTitles":["api.key.revoke capability"],"fullName":"api.key.revoke capability is high-sensitivity, default-deny, and requires agent approval","status":"passed","title":"is high-sensitivity, default-deny, and requires agent approval","duration":0.07625000000001592,"failureMessages":[],"meta":{}}],"startTime":1781072003692,"endTime":1781072003694.3242,"status":"passed","message":"","name":"/Users/macanderson/oxagen-monorepo/packages/oxagen/src/contracts/api.key.revoke.test.ts"},{"assertionResults":[{"ancestorTitles":["archive.create capability"],"fullName":"archive.create capability parses a minimal valid input with a text entry","status":"passed","title":"parses a minimal valid input with a text entry","duration":1.2923330000003261,"failureMessages":[],"meta":{}},{"ancestorTitles":["archive.create capability"],"fullName":"archive.create capability parses an entry with assetId","status":"passed","title":"parses an entry with assetId","duration":0.12045799999987139,"failureMessages":[],"meta":{}},{"ancestorTitles":["archive.create capability"],"fullName":"archive.create capability parses an entry with contentBase64","status":"passed","title":"parses an entry with contentBase64","duration":0.09637500000008004,"failureMessages":[],"meta":{}},{"ancestorTitles":["archive.create capability"],"fullName":"archive.create capability parses multiple entries","status":"passed","title":"parses multiple entries","duration":0.12800000000015643,"failureMessages":[],"meta":{}},{"ancestorTitles":["archive.create capability"],"fullName":"archive.create capability defaults archiveName to 'archive'","status":"passed","title":"defaults archiveName to 'archive'","duration":0.07474999999976717,"failureMessages":[],"meta":{}},{"ancestorTitles":["archive.create capability"],"fullName":"archive.create capability rejects empty entries array","status":"passed","title":"rejects empty entries array","duration":0.4096669999998994,"failureMessages":[],"meta":{}},{"ancestorTitles":["archive.create capability"],"fullName":"archive.create capability rejects an entry with an empty name","status":"passed","title":"rejects an entry with an empty name","duration":0.19962500000019645,"failureMessages":[],"meta":{}},{"ancestorTitles":["archive.create capability"],"fullName":"archive.create capability parses a valid output shape","status":"passed","title":"parses a valid output shape","duration":0.18391699999983757,"failureMessages":[],"meta":{}},{"ancestorTitles":["archive.create capability"],"fullName":"archive.create capability rejects output missing required fields","status":"passed","title":"rejects output missing required fields","duration":0.12654199999997218,"failureMessages":[],"meta":{}},{"ancestorTitles":["archive.create capability"],"fullName":"archive.create capability rejects output with wrong kind","status":"passed","title":"rejects output with wrong kind","duration":0.1060419999998885,"failureMessages":[],"meta":{}}],"startTime":1781072002326,"endTime":1781072002329.106,"status":"passed","message":"","name":"/Users/macanderson/oxagen-monorepo/packages/oxagen/src/contracts/archive.create.test.ts"},{"assertionResults":[{"ancestorTitles":["asset.upload capability"],"fullName":"asset.upload capability is registered","status":"passed","title":"is registered","duration":0.4455409999999915,"failureMessages":[],"meta":{}},{"ancestorTitles":["asset.upload capability"],"fullName":"asset.upload capability parses valid input — image kind","status":"passed","title":"parses valid input — image kind","duration":0.7168750000000159,"failureMessages":[],"meta":{}},{"ancestorTitles":["asset.upload capability"],"fullName":"asset.upload capability parses valid input — avatar kind with optional filename","status":"passed","title":"parses valid input — avatar kind with optional filename","duration":0.11704200000002629,"failureMessages":[],"meta":{}},{"ancestorTitles":["asset.upload capability"],"fullName":"asset.upload capability parses valid input — document kind","status":"passed","title":"parses valid input — document kind","duration":0.09308299999997871,"failureMessages":[],"meta":{}},{"ancestorTitles":["asset.upload capability"],"fullName":"asset.upload capability rejects input with a bad sourceUrl (not a URL)","status":"passed","title":"rejects input with a bad sourceUrl (not a URL)","duration":62.28254099999998,"failureMessages":[],"meta":{}},{"ancestorTitles":["asset.upload capability"],"fullName":"asset.upload capability rejects input with an unknown kind","status":"passed","title":"rejects input with an unknown kind","duration":0.22033299999998235,"failureMessages":[],"meta":{}},{"ancestorTitles":["asset.upload capability"],"fullName":"asset.upload capability rejects input with a filename that is too long","status":"passed","title":"rejects input with a filename that is too long","duration":0.13320899999996527,"failureMessages":[],"meta":{}},{"ancestorTitles":["asset.upload capability"],"fullName":"asset.upload capability parses a valid output","status":"passed","title":"parses a valid output","duration":0.19666699999999082,"failureMessages":[],"meta":{}},{"ancestorTitles":["asset.upload capability"],"fullName":"asset.upload capability rejects output with invalid url","status":"passed","title":"rejects output with invalid url","duration":0.12833399999999529,"failureMessages":[],"meta":{}},{"ancestorTitles":["asset.upload capability"],"fullName":"asset.upload capability rejects output with negative bytes","status":"passed","title":"rejects output with negative bytes","duration":0.12237499999997681,"failureMessages":[],"meta":{}},{"ancestorTitles":["asset.upload capability"],"fullName":"asset.upload capability capability has correct defaults","status":"passed","title":"capability has correct defaults","duration":0.11825000000004593,"failureMessages":[],"meta":{}}],"startTime":1781072002775,"endTime":1781072002840.1223,"status":"passed","message":"","name":"/Users/macanderson/oxagen-monorepo/packages/oxagen/src/contracts/asset.upload.test.ts"},{"assertionResults":[{"ancestorTitles":["billing.credits.purchase capability"],"fullName":"billing.credits.purchase capability is registered","status":"passed","title":"is registered","duration":0.4641660000000343,"failureMessages":[],"meta":{}},{"ancestorTitles":["billing.credits.purchase capability"],"fullName":"billing.credits.purchase capability parses a valid input","status":"passed","title":"parses a valid input","duration":0.6055000000000064,"failureMessages":[],"meta":{}},{"ancestorTitles":["billing.credits.purchase capability"],"fullName":"billing.credits.purchase capability parses input with optional successUrl and cancelUrl","status":"passed","title":"parses input with optional successUrl and cancelUrl","duration":0.24416700000000446,"failureMessages":[],"meta":{}},{"ancestorTitles":["billing.credits.purchase capability"],"fullName":"billing.credits.purchase capability accepts input without successUrl and cancelUrl (they are optional)","status":"passed","title":"accepts input without successUrl and cancelUrl (they are optional)","duration":0.0939159999999788,"failureMessages":[],"meta":{}},{"ancestorTitles":["billing.credits.purchase capability"],"fullName":"billing.credits.purchase capability rejects invalid successUrl","status":"passed","title":"rejects invalid successUrl","duration":0.3242079999999987,"failureMessages":[],"meta":{}},{"ancestorTitles":["billing.credits.purchase capability"],"fullName":"billing.credits.purchase capability rejects invalid cancelUrl","status":"passed","title":"rejects invalid cancelUrl","duration":0.12912500000004457,"failureMessages":[],"meta":{}},{"ancestorTitles":["billing.credits.purchase capability"],"fullName":"billing.credits.purchase capability rejects amountUsd below minimum ($5)","status":"passed","title":"rejects amountUsd below minimum ($5)","duration":0.09858399999995981,"failureMessages":[],"meta":{}},{"ancestorTitles":["billing.credits.purchase capability"],"fullName":"billing.credits.purchase capability rejects zero amountUsd","status":"passed","title":"rejects zero amountUsd","duration":0.09987499999999727,"failureMessages":[],"meta":{}},{"ancestorTitles":["billing.credits.purchase capability"],"fullName":"billing.credits.purchase capability rejects negative amountUsd","status":"passed","title":"rejects negative amountUsd","duration":0.10525000000001228,"failureMessages":[],"meta":{}},{"ancestorTitles":["billing.credits.purchase capability"],"fullName":"billing.credits.purchase capability parses a valid output","status":"passed","title":"parses a valid output","duration":0.1237920000000372,"failureMessages":[],"meta":{}},{"ancestorTitles":["billing.credits.purchase capability"],"fullName":"billing.credits.purchase capability rejects output with invalid URL","status":"passed","title":"rejects output with invalid URL","duration":0.10683299999999463,"failureMessages":[],"meta":{}},{"ancestorTitles":["billing.credits.purchase capability"],"fullName":"billing.credits.purchase capability rejects output with non-positive grantCents","status":"passed","title":"rejects output with non-positive grantCents","duration":0.08629200000001447,"failureMessages":[],"meta":{}},{"ancestorTitles":["billing.credits.purchase capability"],"fullName":"billing.credits.purchase capability capability has correct defaults","status":"passed","title":"capability has correct defaults","duration":0.08891699999998082,"failureMessages":[],"meta":{}}],"startTime":1781072002794,"endTime":1781072002797.0889,"status":"passed","message":"","name":"/Users/macanderson/oxagen-monorepo/packages/oxagen/src/contracts/billing.credits.purchase.test.ts"},{"assertionResults":[{"ancestorTitles":["billing.subscription.read capability"],"fullName":"billing.subscription.read capability parses an empty input object","status":"passed","title":"parses an empty input object","duration":0.8031660000000045,"failureMessages":[],"meta":{}},{"ancestorTitles":["billing.subscription.read capability"],"fullName":"billing.subscription.read capability rejects a non-object input","status":"passed","title":"rejects a non-object input","duration":0.5142500000000041,"failureMessages":[],"meta":{}},{"ancestorTitles":["billing.subscription.read capability"],"fullName":"billing.subscription.read capability parses a valid output with a subscription","status":"passed","title":"parses a valid output with a subscription","duration":0.6569160000000238,"failureMessages":[],"meta":{}},{"ancestorTitles":["billing.subscription.read capability"],"fullName":"billing.subscription.read capability parses a valid output without a subscription","status":"passed","title":"parses a valid output without a subscription","duration":0.07499999999998863,"failureMessages":[],"meta":{}},{"ancestorTitles":["billing.subscription.read capability"],"fullName":"billing.subscription.read capability rejects a bad billing interval","status":"passed","title":"rejects a bad billing interval","duration":0.17283299999999713,"failureMessages":[],"meta":{}}],"startTime":1781072003222,"endTime":1781072003224.657,"status":"passed","message":"","name":"/Users/macanderson/oxagen-monorepo/packages/oxagen/src/contracts/billing.subscription.read.test.ts"},{"assertionResults":[{"ancestorTitles":["billing.subscription.upgrade.start capability"],"fullName":"billing.subscription.upgrade.start capability is registered","status":"passed","title":"is registered","duration":0.4397920000000113,"failureMessages":[],"meta":{}},{"ancestorTitles":["billing.subscription.upgrade.start capability"],"fullName":"billing.subscription.upgrade.start capability parses a valid input","status":"passed","title":"parses a valid input","duration":0.7085840000000019,"failureMessages":[],"meta":{}},{"ancestorTitles":["billing.subscription.upgrade.start capability"],"fullName":"billing.subscription.upgrade.start capability rejects invalid interval","status":"passed","title":"rejects invalid interval","duration":0.3354580000000169,"failureMessages":[],"meta":{}},{"ancestorTitles":["billing.subscription.upgrade.start capability"],"fullName":"billing.subscription.upgrade.start capability requires URL-shaped success/cancel","status":"passed","title":"requires URL-shaped success/cancel","duration":0.14287499999997522,"failureMessages":[],"meta":{}},{"ancestorTitles":["billing.subscription.upgrade.start capability"],"fullName":"billing.subscription.upgrade.start capability parses a valid output","status":"passed","title":"parses a valid output","duration":0.09616700000000833,"failureMessages":[],"meta":{}},{"ancestorTitles":["billing.subscription.upgrade.start capability"],"fullName":"billing.subscription.upgrade.start capability rejects an invalid output","status":"passed","title":"rejects an invalid output","duration":0.1054160000000195,"failureMessages":[],"meta":{}}],"startTime":1781072003372,"endTime":1781072003374.3354,"status":"passed","message":"","name":"/Users/macanderson/oxagen-monorepo/packages/oxagen/src/contracts/billing.subscription.upgrade.start.test.ts"},{"assertionResults":[{"ancestorTitles":["brandkit.apply capability"],"fullName":"brandkit.apply capability parses a valid input","status":"passed","title":"parses a valid input","duration":2.025791999999967,"failureMessages":[],"meta":{}},{"ancestorTitles":["brandkit.apply capability"],"fullName":"brandkit.apply capability rejects an empty workspaceId","status":"passed","title":"rejects an empty workspaceId","duration":0.6745409999999765,"failureMessages":[],"meta":{}},{"ancestorTitles":["brandkit.apply capability"],"fullName":"brandkit.apply capability rejects an empty brandKitId","status":"passed","title":"rejects an empty brandKitId","duration":0.4420000000000073,"failureMessages":[],"meta":{}},{"ancestorTitles":["brandkit.apply capability"],"fullName":"brandkit.apply capability rejects an empty targetFileId","status":"passed","title":"rejects an empty targetFileId","duration":0.1881670000000213,"failureMessages":[],"meta":{}},{"ancestorTitles":["brandkit.apply capability"],"fullName":"brandkit.apply capability parses a valid stub output","status":"passed","title":"parses a valid stub output","duration":0.20620800000000372,"failureMessages":[],"meta":{}},{"ancestorTitles":["brandkit.apply capability"],"fullName":"brandkit.apply capability rejects output where applied is not false","status":"passed","title":"rejects output where applied is not false","duration":1.5357500000000073,"failureMessages":[],"meta":{}},{"ancestorTitles":["brandkit.apply capability"],"fullName":"brandkit.apply capability rejects output where stub is not true","status":"passed","title":"rejects output where stub is not true","duration":0.20416599999998652,"failureMessages":[],"meta":{}}],"startTime":1781072003312,"endTime":1781072003317.5356,"status":"passed","message":"","name":"/Users/macanderson/oxagen-monorepo/packages/oxagen/src/contracts/brandkit.apply.test.ts"},{"assertionResults":[{"ancestorTitles":["chat.message.execution capability"],"fullName":"chat.message.execution capability is registered","status":"passed","title":"is registered","duration":0.4991669999999999,"failureMessages":[],"meta":{}},{"ancestorTitles":["chat.message.execution capability"],"fullName":"chat.message.execution capability parses a valid input","status":"passed","title":"parses a valid input","duration":0.9075839999999857,"failureMessages":[],"meta":{}},{"ancestorTitles":["chat.message.execution capability"],"fullName":"chat.message.execution capability rejects originType other than 'chat'","status":"passed","title":"rejects originType other than 'chat'","duration":0.3526249999999891,"failureMessages":[],"meta":{}},{"ancestorTitles":["chat.message.execution capability"],"fullName":"chat.message.execution capability rejects a non-UUID messageId","status":"passed","title":"rejects a non-UUID messageId","duration":0.14350000000001728,"failureMessages":[],"meta":{}},{"ancestorTitles":["chat.message.execution capability"],"fullName":"chat.message.execution capability defaults updateMessageMetadata to true when omitted","status":"passed","title":"defaults updateMessageMetadata to true when omitted","duration":0.11220800000000963,"failureMessages":[],"meta":{}},{"ancestorTitles":["chat.message.execution capability"],"fullName":"chat.message.execution capability accepts updateMessageMetadata: false explicitly","status":"passed","title":"accepts updateMessageMetadata: false explicitly","duration":0.07983299999997939,"failureMessages":[],"meta":{}},{"ancestorTitles":["chat.message.execution capability"],"fullName":"chat.message.execution capability parses a valid output","status":"passed","title":"parses a valid output","duration":0.13895800000000236,"failureMessages":[],"meta":{}},{"ancestorTitles":["chat.message.execution capability"],"fullName":"chat.message.execution capability rejects output missing executionId","status":"passed","title":"rejects output missing executionId","duration":0.08937499999998977,"failureMessages":[],"meta":{}},{"ancestorTitles":["chat.message.execution capability"],"fullName":"chat.message.execution capability is exposed on api and mcp surfaces only","status":"passed","title":"is exposed on api and mcp surfaces only","duration":0.4532920000000047,"failureMessages":[],"meta":{}},{"ancestorTitles":["chat.message.execution capability"],"fullName":"chat.message.execution capability has defaultEffect of 'allow'","status":"passed","title":"has defaultEffect of 'allow'","duration":0.04949999999999477,"failureMessages":[],"meta":{}}],"startTime":1781072003124,"endTime":1781072003127.0496,"status":"passed","message":"","name":"/Users/macanderson/oxagen-monorepo/packages/oxagen/src/contracts/chat.message.execution.test.ts"},{"assertionResults":[{"ancestorTitles":["chat.message.send capability"],"fullName":"chat.message.send capability parses a valid input starting a new conversation","status":"passed","title":"parses a valid input starting a new conversation","duration":1.037040999999988,"failureMessages":[],"meta":{}},{"ancestorTitles":["chat.message.send capability"],"fullName":"chat.message.send capability parses a regenerate branch","status":"passed","title":"parses a regenerate branch","duration":0.1852919999999756,"failureMessages":[],"meta":{}},{"ancestorTitles":["chat.message.send capability"],"fullName":"chat.message.send capability rejects an empty content body","status":"passed","title":"rejects an empty content body","duration":0.5327079999999853,"failureMessages":[],"meta":{}},{"ancestorTitles":["chat.message.send capability"],"fullName":"chat.message.send capability rejects an invalid branch reason","status":"passed","title":"rejects an invalid branch reason","duration":0.1534170000000188,"failureMessages":[],"meta":{}},{"ancestorTitles":["chat.message.send capability"],"fullName":"chat.message.send capability parses a valid output","status":"passed","title":"parses a valid output","duration":0.07183299999999804,"failureMessages":[],"meta":{}}],"startTime":1781072003579,"endTime":1781072003581.0718,"status":"passed","message":"","name":"/Users/macanderson/oxagen-monorepo/packages/oxagen/src/contracts/chat.message.send.test.ts"},{"assertionResults":[{"ancestorTitles":["connection.create capability"],"fullName":"connection.create capability parses valid minimal input","status":"passed","title":"parses valid minimal input","duration":1.2985840000000053,"failureMessages":[],"meta":{}},{"ancestorTitles":["connection.create capability"],"fullName":"connection.create capability parses input with all optional fields","status":"passed","title":"parses input with all optional fields","duration":0.16270800000006602,"failureMessages":[],"meta":{}},{"ancestorTitles":["connection.create capability"],"fullName":"connection.create capability rejects empty connectorId","status":"passed","title":"rejects empty connectorId","duration":0.5309170000000449,"failureMessages":[],"meta":{}},{"ancestorTitles":["connection.create capability"],"fullName":"connection.create capability rejects empty displayName","status":"passed","title":"rejects empty displayName","duration":0.11183300000004692,"failureMessages":[],"meta":{}},{"ancestorTitles":["connection.create capability"],"fullName":"connection.create capability rejects displayName over 255 chars","status":"passed","title":"rejects displayName over 255 chars","duration":0.1123330000000351,"failureMessages":[],"meta":{}},{"ancestorTitles":["connection.create capability"],"fullName":"connection.create capability parses valid output","status":"passed","title":"parses valid output","duration":0.10829100000000835,"failureMessages":[],"meta":{}},{"ancestorTitles":["connection.create capability"],"fullName":"connection.create capability rejects output with wrong status","status":"passed","title":"rejects output with wrong status","duration":0.10054200000001856,"failureMessages":[],"meta":{}},{"ancestorTitles":["connection.create capability"],"fullName":"connection.create capability is registered in the capability registry","status":"passed","title":"is registered in the capability registry","duration":0.04716699999994489,"failureMessages":[],"meta":{}},{"ancestorTitles":["connection.create capability"],"fullName":"connection.create capability requires approval","status":"passed","title":"requires approval","duration":0.039083000000005086,"failureMessages":[],"meta":{}},{"ancestorTitles":["connection.create capability"],"fullName":"connection.create capability has high sensitivity","status":"passed","title":"has high sensitivity","duration":0.0521249999999327,"failureMessages":[],"meta":{}},{"ancestorTitles":["connection.create capability"],"fullName":"connection.create capability is in the connection domain","status":"passed","title":"is in the connection domain","duration":0.0388749999999618,"failureMessages":[],"meta":{}}],"startTime":1781072002890,"endTime":1781072002893.1123,"status":"passed","message":"","name":"/Users/macanderson/oxagen-monorepo/packages/oxagen/src/contracts/connection.create.test.ts"},{"assertionResults":[{"ancestorTitles":["connection.delete capability"],"fullName":"connection.delete capability defaults mode to full","status":"passed","title":"defaults mode to full","duration":1.1443340000000148,"failureMessages":[],"meta":{}},{"ancestorTitles":["connection.delete capability"],"fullName":"connection.delete capability parses connection_only mode","status":"passed","title":"parses connection_only mode","duration":0.10645800000003192,"failureMessages":[],"meta":{}},{"ancestorTitles":["connection.delete capability"],"fullName":"connection.delete capability parses data_only mode","status":"passed","title":"parses data_only mode","duration":0.08433400000001257,"failureMessages":[],"meta":{}},{"ancestorTitles":["connection.delete capability"],"fullName":"connection.delete capability rejects unknown mode","status":"passed","title":"rejects unknown mode","duration":0.5514589999999657,"failureMessages":[],"meta":{}},{"ancestorTitles":["connection.delete capability"],"fullName":"connection.delete capability rejects empty connectionId","status":"passed","title":"rejects empty connectionId","duration":0.12933299999997416,"failureMessages":[],"meta":{}},{"ancestorTitles":["connection.delete capability"],"fullName":"connection.delete capability parses valid output","status":"passed","title":"parses valid output","duration":0.11670900000001438,"failureMessages":[],"meta":{}},{"ancestorTitles":["connection.delete capability"],"fullName":"connection.delete capability rejects wrong output status","status":"passed","title":"rejects wrong output status","duration":0.09879199999994626,"failureMessages":[],"meta":{}},{"ancestorTitles":["connection.delete capability"],"fullName":"connection.delete capability is registered in the capability registry","status":"passed","title":"is registered in the capability registry","duration":0.048499999999989996,"failureMessages":[],"meta":{}},{"ancestorTitles":["connection.delete capability"],"fullName":"connection.delete capability is async mode","status":"passed","title":"is async mode","duration":0.04079199999995353,"failureMessages":[],"meta":{}},{"ancestorTitles":["connection.delete capability"],"fullName":"connection.delete capability requires approval and is destructive category","status":"passed","title":"requires approval and is destructive category","duration":0.07341600000000881,"failureMessages":[],"meta":{}},{"ancestorTitles":["connection.delete capability"],"fullName":"connection.delete capability has high sensitivity","status":"passed","title":"has high sensitivity","duration":0.03612499999996999,"failureMessages":[],"meta":{}}],"startTime":1781072003173,"endTime":1781072003175.1294,"status":"passed","message":"","name":"/Users/macanderson/oxagen-monorepo/packages/oxagen/src/contracts/connection.delete.test.ts"},{"assertionResults":[{"ancestorTitles":["connection.get capability"],"fullName":"connection.get capability parses valid input","status":"passed","title":"parses valid input","duration":2.846834000000001,"failureMessages":[],"meta":{}},{"ancestorTitles":["connection.get capability"],"fullName":"connection.get capability rejects empty connectionId","status":"passed","title":"rejects empty connectionId","duration":0.572208000000046,"failureMessages":[],"meta":{}},{"ancestorTitles":["connection.get capability"],"fullName":"connection.get capability parses valid output with all fields","status":"passed","title":"parses valid output with all fields","duration":0.26520800000002964,"failureMessages":[],"meta":{}},{"ancestorTitles":["connection.get capability"],"fullName":"connection.get capability parses output with deliveryConfig and errorMessage","status":"passed","title":"parses output with deliveryConfig and errorMessage","duration":0.31587500000000546,"failureMessages":[],"meta":{}},{"ancestorTitles":["connection.get capability"],"fullName":"connection.get capability is registered in the capability registry","status":"passed","title":"is registered in the capability registry","duration":0.054708000000005086,"failureMessages":[],"meta":{}},{"ancestorTitles":["connection.get capability"],"fullName":"connection.get capability is a read operation with low risk","status":"passed","title":"is a read operation with low risk","duration":0.07370800000001054,"failureMessages":[],"meta":{}}],"startTime":1781072003297,"endTime":1781072003302.0737,"status":"passed","message":"","name":"/Users/macanderson/oxagen-monorepo/packages/oxagen/src/contracts/connection.get.test.ts"},{"assertionResults":[{"ancestorTitles":["connection.list capability"],"fullName":"connection.list capability parses empty input with no filters","status":"passed","title":"parses empty input with no filters","duration":0.7595409999999845,"failureMessages":[],"meta":{}},{"ancestorTitles":["connection.list capability"],"fullName":"connection.list capability parses valid status filter","status":"passed","title":"parses valid status filter","duration":0.14970800000000395,"failureMessages":[],"meta":{}},{"ancestorTitles":["connection.list capability"],"fullName":"connection.list capability rejects unknown status","status":"passed","title":"rejects unknown status","duration":0.5324579999999912,"failureMessages":[],"meta":{}},{"ancestorTitles":["connection.list capability"],"fullName":"connection.list capability parses connectorId filter","status":"passed","title":"parses connectorId filter","duration":0.19966700000000515,"failureMessages":[],"meta":{}},{"ancestorTitles":["connection.list capability"],"fullName":"connection.list capability parses valid output","status":"passed","title":"parses valid output","duration":0.48016699999999446,"failureMessages":[],"meta":{}},{"ancestorTitles":["connection.list capability"],"fullName":"connection.list capability is registered in the capability registry","status":"passed","title":"is registered in the capability registry","duration":0.06462499999997817,"failureMessages":[],"meta":{}}],"startTime":1781072003564,"endTime":1781072003566.4802,"status":"passed","message":"","name":"/Users/macanderson/oxagen-monorepo/packages/oxagen/src/contracts/connection.list.test.ts"},{"assertionResults":[{"ancestorTitles":["connection.mappings.get capability"],"fullName":"connection.mappings.get capability parses valid input","status":"passed","title":"parses valid input","duration":0.9954160000000343,"failureMessages":[],"meta":{}},{"ancestorTitles":["connection.mappings.get capability"],"fullName":"connection.mappings.get capability rejects empty connectionId","status":"passed","title":"rejects empty connectionId","duration":0.5495829999999842,"failureMessages":[],"meta":{}},{"ancestorTitles":["connection.mappings.get capability"],"fullName":"connection.mappings.get capability parses valid output with mappings","status":"passed","title":"parses valid output with mappings","duration":0.5194169999999758,"failureMessages":[],"meta":{}},{"ancestorTitles":["connection.mappings.get capability"],"fullName":"connection.mappings.get capability parses empty mappings array","status":"passed","title":"parses empty mappings array","duration":0.10487499999999272,"failureMessages":[],"meta":{}},{"ancestorTitles":["connection.mappings.get capability"],"fullName":"connection.mappings.get capability is registered in the capability registry","status":"passed","title":"is registered in the capability registry","duration":0.0519170000000031,"failureMessages":[],"meta":{}},{"ancestorTitles":["connection.mappings.get capability"],"fullName":"connection.mappings.get capability is a read operation, no approval needed","status":"passed","title":"is a read operation, no approval needed","duration":0.061082999999996446,"failureMessages":[],"meta":{}}],"startTime":1781072003504,"endTime":1781072003506.105,"status":"passed","message":"","name":"/Users/macanderson/oxagen-monorepo/packages/oxagen/src/contracts/connection.mappings.get.test.ts"},{"assertionResults":[{"ancestorTitles":["connection.mappings.set capability"],"fullName":"connection.mappings.set capability parses minimal valid input","status":"passed","title":"parses minimal valid input","duration":3.7217919999999935,"failureMessages":[],"meta":{}},{"ancestorTitles":["connection.mappings.set capability"],"fullName":"connection.mappings.set capability parses input with activateConnection=false","status":"passed","title":"parses input with activateConnection=false","duration":0.2014159999999947,"failureMessages":[],"meta":{}},{"ancestorTitles":["connection.mappings.set capability"],"fullName":"connection.mappings.set capability rejects empty mappings array","status":"passed","title":"rejects empty mappings array","duration":0.460583999999983,"failureMessages":[],"meta":{}},{"ancestorTitles":["connection.mappings.set capability"],"fullName":"connection.mappings.set capability rejects empty oxagenEntityType","status":"passed","title":"rejects empty oxagenEntityType","duration":0.13929099999995742,"failureMessages":[],"meta":{}},{"ancestorTitles":["connection.mappings.set capability"],"fullName":"connection.mappings.set capability parses valid output","status":"passed","title":"parses valid output","duration":0.13549999999997908,"failureMessages":[],"meta":{}},{"ancestorTitles":["connection.mappings.set capability"],"fullName":"connection.mappings.set capability is registered in the capability registry","status":"passed","title":"is registered in the capability registry","duration":0.056874999999990905,"failureMessages":[],"meta":{}},{"ancestorTitles":["connection.mappings.set capability"],"fullName":"connection.mappings.set capability requires approval and is write category","status":"passed","title":"requires approval and is write category","duration":0.05529100000001108,"failureMessages":[],"meta":{}},{"ancestorTitles":["connection.mappings.set capability"],"fullName":"connection.mappings.set capability has medium sensitivity","status":"passed","title":"has medium sensitivity","duration":0.03849999999999909,"failureMessages":[],"meta":{}}],"startTime":1781072003085,"endTime":1781072003090.057,"status":"passed","message":"","name":"/Users/macanderson/oxagen-monorepo/packages/oxagen/src/contracts/connection.mappings.set.test.ts"},{"assertionResults":[{"ancestorTitles":["connection.mappings.suggest capability"],"fullName":"connection.mappings.suggest capability parses valid input","status":"passed","title":"parses valid input","duration":1.6802080000002206,"failureMessages":[],"meta":{}},{"ancestorTitles":["connection.mappings.suggest capability"],"fullName":"connection.mappings.suggest capability parses input with existingEntityTypes","status":"passed","title":"parses input with existingEntityTypes","duration":0.33254200000010314,"failureMessages":[],"meta":{}},{"ancestorTitles":["connection.mappings.suggest capability"],"fullName":"connection.mappings.suggest capability rejects empty recordTypes array","status":"passed","title":"rejects empty recordTypes array","duration":0.28566600000021936,"failureMessages":[],"meta":{}},{"ancestorTitles":["connection.mappings.suggest capability"],"fullName":"connection.mappings.suggest capability description field in record type is optional","status":"passed","title":"description field in record type is optional","duration":0.08887499999991633,"failureMessages":[],"meta":{}},{"ancestorTitles":["connection.mappings.suggest capability"],"fullName":"connection.mappings.suggest capability parses valid output","status":"passed","title":"parses valid output","duration":0.24683300000015151,"failureMessages":[],"meta":{}},{"ancestorTitles":["connection.mappings.suggest capability"],"fullName":"connection.mappings.suggest capability rejects confidence outside 0-1","status":"passed","title":"rejects confidence outside 0-1","duration":0.308292000000165,"failureMessages":[],"meta":{}},{"ancestorTitles":["connection.mappings.suggest capability"],"fullName":"connection.mappings.suggest capability is registered in the capability registry","status":"passed","title":"is registered in the capability registry","duration":0.06620900000007168,"failureMessages":[],"meta":{}},{"ancestorTitles":["connection.mappings.suggest capability"],"fullName":"connection.mappings.suggest capability is an AI category, low risk, no approval required","status":"passed","title":"is an AI category, low risk, no approval required","duration":0.05687500000021828,"failureMessages":[],"meta":{}}],"startTime":1781072002313,"endTime":1781072002316.3083,"status":"passed","message":"","name":"/Users/macanderson/oxagen-monorepo/packages/oxagen/src/contracts/connection.mappings.suggest.test.ts"},{"assertionResults":[{"ancestorTitles":["conversation.archive capability"],"fullName":"conversation.archive capability parses a valid archive input with archived=true","status":"passed","title":"parses a valid archive input with archived=true","duration":1.3934589999998934,"failureMessages":[],"meta":{}},{"ancestorTitles":["conversation.archive capability"],"fullName":"conversation.archive capability parses a valid unarchive input with archived=false","status":"passed","title":"parses a valid unarchive input with archived=false","duration":0.10770800000000236,"failureMessages":[],"meta":{}},{"ancestorTitles":["conversation.archive capability"],"fullName":"conversation.archive capability accepts conversationIds with 1 item (min)","status":"passed","title":"accepts conversationIds with 1 item (min)","duration":0.4236249999999018,"failureMessages":[],"meta":{}},{"ancestorTitles":["conversation.archive capability"],"fullName":"conversation.archive capability accepts conversationIds with 100 items (max)","status":"passed","title":"accepts conversationIds with 100 items (max)","duration":0.17299999999977445,"failureMessages":[],"meta":{}},{"ancestorTitles":["conversation.archive capability"],"fullName":"conversation.archive capability rejects empty conversationIds array (min=1)","status":"passed","title":"rejects empty conversationIds array (min=1)","duration":0.4624159999998483,"failureMessages":[],"meta":{}},{"ancestorTitles":["conversation.archive capability"],"fullName":"conversation.archive capability rejects conversationIds with 101 items (above max)","status":"passed","title":"rejects conversationIds with 101 items (above max)","duration":0.15774999999985084,"failureMessages":[],"meta":{}},{"ancestorTitles":["conversation.archive capability"],"fullName":"conversation.archive capability rejects a conversationId that is an empty string","status":"passed","title":"rejects a conversationId that is an empty string","duration":0.10450000000037107,"failureMessages":[],"meta":{}},{"ancestorTitles":["conversation.archive capability"],"fullName":"conversation.archive capability rejects missing archived field","status":"passed","title":"rejects missing archived field","duration":0.09458299999960218,"failureMessages":[],"meta":{}},{"ancestorTitles":["conversation.archive capability"],"fullName":"conversation.archive capability parses a valid output","status":"passed","title":"parses a valid output","duration":0.11441699999977573,"failureMessages":[],"meta":{}},{"ancestorTitles":["conversation.archive capability"],"fullName":"conversation.archive capability accepts updated=0","status":"passed","title":"accepts updated=0","duration":0.057708000000275206,"failureMessages":[],"meta":{}},{"ancestorTitles":["conversation.archive capability"],"fullName":"conversation.archive capability rejects negative updated","status":"passed","title":"rejects negative updated","duration":0.08854100000007747,"failureMessages":[],"meta":{}},{"ancestorTitles":["conversation.archive capability"],"fullName":"conversation.archive capability is registered in the capability registry","status":"passed","title":"is registered in the capability registry","duration":0.042832999999973254,"failureMessages":[],"meta":{}}],"startTime":1781072002269,"endTime":1781072002272.1145,"status":"passed","message":"","name":"/Users/macanderson/oxagen-monorepo/packages/oxagen/src/contracts/conversation.archive.test.ts"},{"assertionResults":[{"ancestorTitles":["conversation.delete capability"],"fullName":"conversation.delete capability parses valid input with a single id","status":"passed","title":"parses valid input with a single id","duration":1.3874590000000353,"failureMessages":[],"meta":{}},{"ancestorTitles":["conversation.delete capability"],"fullName":"conversation.delete capability parses valid input with multiple ids","status":"passed","title":"parses valid input with multiple ids","duration":0.4140830000001188,"failureMessages":[],"meta":{}},{"ancestorTitles":["conversation.delete capability"],"fullName":"conversation.delete capability accepts 1 id (min)","status":"passed","title":"accepts 1 id (min)","duration":0.10883300000023155,"failureMessages":[],"meta":{}},{"ancestorTitles":["conversation.delete capability"],"fullName":"conversation.delete capability accepts 100 ids (max)","status":"passed","title":"accepts 100 ids (max)","duration":0.14404199999989942,"failureMessages":[],"meta":{}},{"ancestorTitles":["conversation.delete capability"],"fullName":"conversation.delete capability rejects empty array (below min=1)","status":"passed","title":"rejects empty array (below min=1)","duration":0.45479199999999764,"failureMessages":[],"meta":{}},{"ancestorTitles":["conversation.delete capability"],"fullName":"conversation.delete capability rejects 101 ids (above max=100)","status":"passed","title":"rejects 101 ids (above max=100)","duration":0.15366599999970276,"failureMessages":[],"meta":{}},{"ancestorTitles":["conversation.delete capability"],"fullName":"conversation.delete capability rejects an empty string id","status":"passed","title":"rejects an empty string id","duration":0.10029100000019753,"failureMessages":[],"meta":{}},{"ancestorTitles":["conversation.delete capability"],"fullName":"conversation.delete capability rejects missing conversationIds","status":"passed","title":"rejects missing conversationIds","duration":0.08091699999977209,"failureMessages":[],"meta":{}},{"ancestorTitles":["conversation.delete capability"],"fullName":"conversation.delete capability parses a valid output","status":"passed","title":"parses a valid output","duration":0.1731659999995827,"failureMessages":[],"meta":{}},{"ancestorTitles":["conversation.delete capability"],"fullName":"conversation.delete capability accepts deleted=0","status":"passed","title":"accepts deleted=0","duration":0.06329199999981938,"failureMessages":[],"meta":{}},{"ancestorTitles":["conversation.delete capability"],"fullName":"conversation.delete capability rejects negative deleted","status":"passed","title":"rejects negative deleted","duration":0.07700000000022555,"failureMessages":[],"meta":{}},{"ancestorTitles":["conversation.delete capability"],"fullName":"conversation.delete capability is registered in the capability registry","status":"passed","title":"is registered in the capability registry","duration":0.043708000000151515,"failureMessages":[],"meta":{}}],"startTime":1781072002464,"endTime":1781072002467.173,"status":"passed","message":"","name":"/Users/macanderson/oxagen-monorepo/packages/oxagen/src/contracts/conversation.delete.test.ts"},{"assertionResults":[{"ancestorTitles":["conversation.list capability"],"fullName":"conversation.list capability defaults filter to 'active'","status":"passed","title":"defaults filter to 'active'","duration":0.8544160000001284,"failureMessages":[],"meta":{}},{"ancestorTitles":["conversation.list capability"],"fullName":"conversation.list capability defaults limit to 50","status":"passed","title":"defaults limit to 50","duration":0.10208299999976589,"failureMessages":[],"meta":{}},{"ancestorTitles":["conversation.list capability"],"fullName":"conversation.list capability defaults cursor to null","status":"passed","title":"defaults cursor to null","duration":0.09604199999967022,"failureMessages":[],"meta":{}},{"ancestorTitles":["conversation.list capability"],"fullName":"conversation.list capability parses filter='archived'","status":"passed","title":"parses filter='archived'","duration":0.08254200000010314,"failureMessages":[],"meta":{}},{"ancestorTitles":["conversation.list capability"],"fullName":"conversation.list capability rejects an unknown filter value","status":"passed","title":"rejects an unknown filter value","duration":0.5509999999999309,"failureMessages":[],"meta":{}},{"ancestorTitles":["conversation.list capability"],"fullName":"conversation.list capability accepts limit=1 (min)","status":"passed","title":"accepts limit=1 (min)","duration":0.07633299999997689,"failureMessages":[],"meta":{}},{"ancestorTitles":["conversation.list capability"],"fullName":"conversation.list capability accepts limit=100 (max)","status":"passed","title":"accepts limit=100 (max)","duration":0.06341699999984485,"failureMessages":[],"meta":{}},{"ancestorTitles":["conversation.list capability"],"fullName":"conversation.list capability rejects limit=0 (below min)","status":"passed","title":"rejects limit=0 (below min)","duration":0.10525000000006912,"failureMessages":[],"meta":{}},{"ancestorTitles":["conversation.list capability"],"fullName":"conversation.list capability rejects limit=101 (above max)","status":"passed","title":"rejects limit=101 (above max)","duration":0.0864160000000993,"failureMessages":[],"meta":{}},{"ancestorTitles":["conversation.list capability"],"fullName":"conversation.list capability rejects a non-integer limit","status":"passed","title":"rejects a non-integer limit","duration":0.09508299999970404,"failureMessages":[],"meta":{}},{"ancestorTitles":["conversation.list capability"],"fullName":"conversation.list capability accepts a cursor ISO string","status":"passed","title":"accepts a cursor ISO string","duration":0.17925000000013824,"failureMessages":[],"meta":{}},{"ancestorTitles":["conversation.list capability"],"fullName":"conversation.list capability accepts a null cursor","status":"passed","title":"accepts a null cursor","duration":0.042207999999845924,"failureMessages":[],"meta":{}},{"ancestorTitles":["conversation.list capability"],"fullName":"conversation.list capability parses a valid output with conversations and null nextCursor","status":"passed","title":"parses a valid output with conversations and null nextCursor","duration":0.40299999999979264,"failureMessages":[],"meta":{}},{"ancestorTitles":["conversation.list capability"],"fullName":"conversation.list capability parses output with a non-null nextCursor","status":"passed","title":"parses output with a non-null nextCursor","duration":0.049667000000226835,"failureMessages":[],"meta":{}},{"ancestorTitles":["conversation.list capability"],"fullName":"conversation.list capability parses a conversation summary with null title","status":"passed","title":"parses a conversation summary with null title","duration":0.05654099999992468,"failureMessages":[],"meta":{}},{"ancestorTitles":["conversation.list capability"],"fullName":"conversation.list capability is registered in the capability registry","status":"passed","title":"is registered in the capability registry","duration":0.039958999999726075,"failureMessages":[],"meta":{}}],"startTime":1781072002345,"endTime":1781072002348.403,"status":"passed","message":"","name":"/Users/macanderson/oxagen-monorepo/packages/oxagen/src/contracts/conversation.list.test.ts"},{"assertionResults":[{"ancestorTitles":["conversation.purge capability"],"fullName":"conversation.purge capability parses an empty input object","status":"passed","title":"parses an empty input object","duration":0.7982920000000036,"failureMessages":[],"meta":{}},{"ancestorTitles":["conversation.purge capability"],"fullName":"conversation.purge capability ignores unknown fields on input (strict zod strips them)","status":"passed","title":"ignores unknown fields on input (strict zod strips them)","duration":0.08979200000004539,"failureMessages":[],"meta":{}},{"ancestorTitles":["conversation.purge capability"],"fullName":"conversation.purge capability parses a valid output with deleted count","status":"passed","title":"parses a valid output with deleted count","duration":0.18095900000002985,"failureMessages":[],"meta":{}},{"ancestorTitles":["conversation.purge capability"],"fullName":"conversation.purge capability accepts deleted=0 (no archived conversations to purge)","status":"passed","title":"accepts deleted=0 (no archived conversations to purge)","duration":0.07108399999998483,"failureMessages":[],"meta":{}},{"ancestorTitles":["conversation.purge capability"],"fullName":"conversation.purge capability rejects negative deleted","status":"passed","title":"rejects negative deleted","duration":0.49954200000001947,"failureMessages":[],"meta":{}},{"ancestorTitles":["conversation.purge capability"],"fullName":"conversation.purge capability rejects a non-integer deleted","status":"passed","title":"rejects a non-integer deleted","duration":0.12516699999997627,"failureMessages":[],"meta":{}},{"ancestorTitles":["conversation.purge capability"],"fullName":"conversation.purge capability rejects missing deleted field","status":"passed","title":"rejects missing deleted field","duration":0.10987499999998818,"failureMessages":[],"meta":{}},{"ancestorTitles":["conversation.purge capability"],"fullName":"conversation.purge capability has riskLevel='high' (destructive operation)","status":"passed","title":"has riskLevel='high' (destructive operation)","duration":0.042083999999988464,"failureMessages":[],"meta":{}},{"ancestorTitles":["conversation.purge capability"],"fullName":"conversation.purge capability requires approval (destructive operation)","status":"passed","title":"requires approval (destructive operation)","duration":0.04470799999995734,"failureMessages":[],"meta":{}},{"ancestorTitles":["conversation.purge capability"],"fullName":"conversation.purge capability has sensitivity='destructive'","status":"passed","title":"has sensitivity='destructive'","duration":0.04579099999995151,"failureMessages":[],"meta":{}},{"ancestorTitles":["conversation.purge capability"],"fullName":"conversation.purge capability is registered in the capability registry","status":"passed","title":"is registered in the capability registry","duration":0.04162500000001046,"failureMessages":[],"meta":{}}],"startTime":1781072002953,"endTime":1781072002956.046,"status":"passed","message":"","name":"/Users/macanderson/oxagen-monorepo/packages/oxagen/src/contracts/conversation.purge.test.ts"},{"assertionResults":[{"ancestorTitles":["conversation.rename capability"],"fullName":"conversation.rename capability parses a valid rename input","status":"passed","title":"parses a valid rename input","duration":0.8974170000000186,"failureMessages":[],"meta":{}},{"ancestorTitles":["conversation.rename capability"],"fullName":"conversation.rename capability trims whitespace from title","status":"passed","title":"trims whitespace from title","duration":0.09899999999998954,"failureMessages":[],"meta":{}},{"ancestorTitles":["conversation.rename capability"],"fullName":"conversation.rename capability rejects empty conversationId","status":"passed","title":"rejects empty conversationId","duration":0.5606660000000261,"failureMessages":[],"meta":{}},{"ancestorTitles":["conversation.rename capability"],"fullName":"conversation.rename capability rejects empty title (after trim)","status":"passed","title":"rejects empty title (after trim)","duration":0.11816700000002811,"failureMessages":[],"meta":{}},{"ancestorTitles":["conversation.rename capability"],"fullName":"conversation.rename capability rejects title longer than 200 characters","status":"passed","title":"rejects title longer than 200 characters","duration":0.11066699999997809,"failureMessages":[],"meta":{}},{"ancestorTitles":["conversation.rename capability"],"fullName":"conversation.rename capability accepts a title of exactly 200 characters","status":"passed","title":"accepts a title of exactly 200 characters","duration":0.32900000000000773,"failureMessages":[],"meta":{}},{"ancestorTitles":["conversation.rename capability"],"fullName":"conversation.rename capability parses a valid output","status":"passed","title":"parses a valid output","duration":0.0806660000000079,"failureMessages":[],"meta":{}},{"ancestorTitles":["conversation.rename capability"],"fullName":"conversation.rename capability rejects output missing publicId","status":"passed","title":"rejects output missing publicId","duration":0.10145799999997962,"failureMessages":[],"meta":{}},{"ancestorTitles":["conversation.rename capability"],"fullName":"conversation.rename capability is registered in the capability registry","status":"passed","title":"is registered in the capability registry","duration":0.05275000000000318,"failureMessages":[],"meta":{}}],"startTime":1781072002958,"endTime":1781072002961.1016,"status":"passed","message":"","name":"/Users/macanderson/oxagen-monorepo/packages/oxagen/src/contracts/conversation.rename.test.ts"},{"assertionResults":[{"ancestorTitles":["documents.generate capability"],"fullName":"documents.generate capability parses a minimal valid input (kind + title)","status":"passed","title":"parses a minimal valid input (kind + title)","duration":0.9017920000001141,"failureMessages":[],"meta":{}},{"ancestorTitles":["documents.generate capability"],"fullName":"documents.generate capability parses a document input with sections","status":"passed","title":"parses a document input with sections","duration":0.5447920000001432,"failureMessages":[],"meta":{}},{"ancestorTitles":["documents.generate capability"],"fullName":"documents.generate capability parses a spreadsheet input with headers and rows","status":"passed","title":"parses a spreadsheet input with headers and rows","duration":37.13408299999992,"failureMessages":[],"meta":{}},{"ancestorTitles":["documents.generate capability"],"fullName":"documents.generate capability parses a presentation input with slides","status":"passed","title":"parses a presentation input with slides","duration":2.925582999999733,"failureMessages":[],"meta":{}},{"ancestorTitles":["documents.generate capability"],"fullName":"documents.generate capability parses brandColors when supplied","status":"passed","title":"parses brandColors when supplied","duration":0.08412499999985812,"failureMessages":[],"meta":{}},{"ancestorTitles":["documents.generate capability"],"fullName":"documents.generate capability rejects an empty title","status":"passed","title":"rejects an empty title","duration":0.4032919999999649,"failureMessages":[],"meta":{}},{"ancestorTitles":["documents.generate capability"],"fullName":"documents.generate capability rejects an unknown kind","status":"passed","title":"rejects an unknown kind","duration":0.11262499999975262,"failureMessages":[],"meta":{}},{"ancestorTitles":["documents.generate capability"],"fullName":"documents.generate capability parses a valid output shape","status":"passed","title":"parses a valid output shape","duration":0.15016700000023775,"failureMessages":[],"meta":{}},{"ancestorTitles":["documents.generate capability"],"fullName":"documents.generate capability rejects output missing required fields","status":"passed","title":"rejects output missing required fields","duration":0.13049999999975626,"failureMessages":[],"meta":{}},{"ancestorTitles":["documents.generate capability"],"fullName":"documents.generate capability rejects output with invalid kind","status":"passed","title":"rejects output with invalid kind","duration":0.10720800000035524,"failureMessages":[],"meta":{}}],"startTime":1781072002156,"endTime":1781072002198.4033,"status":"passed","message":"","name":"/Users/macanderson/oxagen-monorepo/packages/oxagen/src/contracts/documents.generate.test.ts"},{"assertionResults":[{"ancestorTitles":["documents.pdf.create capability"],"fullName":"documents.pdf.create capability parses a minimal valid input (title only)","status":"passed","title":"parses a minimal valid input (title only)","duration":0.9932080000003225,"failureMessages":[],"meta":{}},{"ancestorTitles":["documents.pdf.create capability"],"fullName":"documents.pdf.create capability parses a full input with sections and brandColors","status":"passed","title":"parses a full input with sections and brandColors","duration":0.5806250000000546,"failureMessages":[],"meta":{}},{"ancestorTitles":["documents.pdf.create capability"],"fullName":"documents.pdf.create capability rejects an empty title","status":"passed","title":"rejects an empty title","duration":0.508665999999721,"failureMessages":[],"meta":{}},{"ancestorTitles":["documents.pdf.create capability"],"fullName":"documents.pdf.create capability rejects a section with no paragraphs","status":"passed","title":"rejects a section with no paragraphs","duration":0.13275000000021464,"failureMessages":[],"meta":{}},{"ancestorTitles":["documents.pdf.create capability"],"fullName":"documents.pdf.create capability parses a valid output shape","status":"passed","title":"parses a valid output shape","duration":0.17808300000024246,"failureMessages":[],"meta":{}},{"ancestorTitles":["documents.pdf.create capability"],"fullName":"documents.pdf.create capability rejects output missing required fields","status":"passed","title":"rejects output missing required fields","duration":0.13300000000026557,"failureMessages":[],"meta":{}},{"ancestorTitles":["documents.pdf.create capability"],"fullName":"documents.pdf.create capability rejects output with wrong render componentId","status":"passed","title":"rejects output with wrong render componentId","duration":0.1119170000001759,"failureMessages":[],"meta":{}}],"startTime":1781072002471,"endTime":1781072002474.133,"status":"passed","message":"","name":"/Users/macanderson/oxagen-monorepo/packages/oxagen/src/contracts/documents.pdf.create.test.ts"},{"assertionResults":[{"ancestorTitles":["form.fill capability"],"fullName":"form.fill capability parses a valid input with a single text field","status":"passed","title":"parses a valid input with a single text field","duration":1.2634170000001177,"failureMessages":[],"meta":{}},{"ancestorTitles":["form.fill capability"],"fullName":"form.fill capability parses a valid input with multiple field types","status":"passed","title":"parses a valid input with multiple field types","duration":0.25612500000033833,"failureMessages":[],"meta":{}},{"ancestorTitles":["form.fill capability"],"fullName":"form.fill capability rejects an empty instruction","status":"passed","title":"rejects an empty instruction","duration":9.937124999999924,"failureMessages":[],"meta":{}},{"ancestorTitles":["form.fill capability"],"fullName":"form.fill capability rejects an empty fields array","status":"passed","title":"rejects an empty fields array","duration":0.38562499999989086,"failureMessages":[],"meta":{}},{"ancestorTitles":["form.fill capability"],"fullName":"form.fill capability rejects an invalid field type","status":"passed","title":"rejects an invalid field type","duration":0.3010839999997188,"failureMessages":[],"meta":{}},{"ancestorTitles":["form.fill capability"],"fullName":"form.fill capability parses a valid output with changed and unchanged fields","status":"passed","title":"parses a valid output with changed and unchanged fields","duration":0.17254200000024866,"failureMessages":[],"meta":{}},{"ancestorTitles":["form.fill capability"],"fullName":"form.fill capability parses output without optional reason field","status":"passed","title":"parses output without optional reason field","duration":0.07987499999990177,"failureMessages":[],"meta":{}}],"startTime":1781072002493,"endTime":1781072002506.0798,"status":"passed","message":"","name":"/Users/macanderson/oxagen-monorepo/packages/oxagen/src/contracts/form.fill.test.ts"},{"assertionResults":[{"ancestorTitles":["image.generate capability"],"fullName":"image.generate capability parses a minimal valid input","status":"passed","title":"parses a minimal valid input","duration":0.8879999999999768,"failureMessages":[],"meta":{}},{"ancestorTitles":["image.generate capability"],"fullName":"image.generate capability parses input with explicit alt and size","status":"passed","title":"parses input with explicit alt and size","duration":0.1263749999999959,"failureMessages":[],"meta":{}},{"ancestorTitles":["image.generate capability"],"fullName":"image.generate capability rejects an empty prompt","status":"passed","title":"rejects an empty prompt","duration":0.5285410000000184,"failureMessages":[],"meta":{}},{"ancestorTitles":["image.generate capability"],"fullName":"image.generate capability rejects an invalid size value","status":"passed","title":"rejects an invalid size value","duration":0.1332500000000323,"failureMessages":[],"meta":{}},{"ancestorTitles":["image.generate capability"],"fullName":"image.generate capability parses a placeholder output (no dataUri)","status":"passed","title":"parses a placeholder output (no dataUri)","duration":0.15837500000003502,"failureMessages":[],"meta":{}},{"ancestorTitles":["image.generate capability"],"fullName":"image.generate capability parses a successful output with dataUri","status":"passed","title":"parses a successful output with dataUri","duration":0.10008299999998371,"failureMessages":[],"meta":{}},{"ancestorTitles":["image.generate capability"],"fullName":"image.generate capability has the expected contract metadata","status":"passed","title":"has the expected contract metadata","duration":0.3713339999999903,"failureMessages":[],"meta":{}}],"startTime":1781072003288,"endTime":1781072003290.3713,"status":"passed","message":"","name":"/Users/macanderson/oxagen-monorepo/packages/oxagen/src/contracts/image.generate.test.ts"},{"assertionResults":[{"ancestorTitles":["notifications.list contract"],"fullName":"notifications.list contract has the correct name and domain","status":"passed","title":"has the correct name and domain","duration":0.4837079999999787,"failureMessages":[],"meta":{}},{"ancestorTitles":["notifications.list contract"],"fullName":"notifications.list contract parses valid input with defaults","status":"passed","title":"parses valid input with defaults","duration":0.3942500000000564,"failureMessages":[],"meta":{}},{"ancestorTitles":["notifications.list contract"],"fullName":"notifications.list contract rejects limit above 100","status":"passed","title":"rejects limit above 100","duration":0.523166999999944,"failureMessages":[],"meta":{}},{"ancestorTitles":["notifications.list contract"],"fullName":"notifications.list contract output schema accepts a valid notification list","status":"passed","title":"output schema accepts a valid notification list","duration":0.82487500000002,"failureMessages":[],"meta":{}}],"startTime":1781072004165,"endTime":1781072004166.825,"status":"passed","message":"","name":"/Users/macanderson/oxagen-monorepo/packages/oxagen/src/contracts/notifications.list.test.ts"},{"assertionResults":[{"ancestorTitles":["notifications.mark contract"],"fullName":"notifications.mark contract has the correct name and domain","status":"passed","title":"has the correct name and domain","duration":0.48783400000002075,"failureMessages":[],"meta":{}},{"ancestorTitles":["notifications.mark contract"],"fullName":"notifications.mark contract parses valid input with read=true","status":"passed","title":"parses valid input with read=true","duration":0.4446249999999736,"failureMessages":[],"meta":{}},{"ancestorTitles":["notifications.mark contract"],"fullName":"notifications.mark contract rejects empty id","status":"passed","title":"rejects empty id","duration":0.5475000000000136,"failureMessages":[],"meta":{}},{"ancestorTitles":["notifications.mark contract"],"fullName":"notifications.mark contract parses archived=true alone (read optional)","status":"passed","title":"parses archived=true alone (read optional)","duration":0.09370799999999235,"failureMessages":[],"meta":{}},{"ancestorTitles":["notifications.mark contract"],"fullName":"notifications.mark contract output schema accepts ok:true","status":"passed","title":"output schema accepts ok:true","duration":0.06099999999992178,"failureMessages":[],"meta":{}}],"startTime":1781072004474,"endTime":1781072004475.5476,"status":"passed","message":"","name":"/Users/macanderson/oxagen-monorepo/packages/oxagen/src/contracts/notifications.mark.test.ts"},{"assertionResults":[{"ancestorTitles":["org.member.add capability"],"fullName":"org.member.add capability parses a valid invite input","status":"passed","title":"parses a valid invite input","duration":1.3626250000000084,"failureMessages":[],"meta":{}},{"ancestorTitles":["org.member.add capability"],"fullName":"org.member.add capability rejects an invalid email","status":"passed","title":"rejects an invalid email","duration":0.5974579999999889,"failureMessages":[],"meta":{}},{"ancestorTitles":["org.member.add capability"],"fullName":"org.member.add capability rejects an empty role","status":"passed","title":"rejects an empty role","duration":0.48504199999999287,"failureMessages":[],"meta":{}},{"ancestorTitles":["org.member.add capability"],"fullName":"org.member.add capability rejects a missing email","status":"passed","title":"rejects a missing email","duration":0.15725000000000477,"failureMessages":[],"meta":{}},{"ancestorTitles":["org.member.add capability"],"fullName":"org.member.add capability parses a valid pending-invitation output","status":"passed","title":"parses a valid pending-invitation output","duration":0.20241599999999949,"failureMessages":[],"meta":{}},{"ancestorTitles":["org.member.add capability"],"fullName":"org.member.add capability rejects an output whose status is not the 'pending' literal","status":"passed","title":"rejects an output whose status is not the 'pending' literal","duration":0.13291699999999196,"failureMessages":[],"meta":{}},{"ancestorTitles":["org.member.add capability"],"fullName":"org.member.add capability is registered in the capability registry","status":"passed","title":"is registered in the capability registry","duration":0.05716699999999264,"failureMessages":[],"meta":{}},{"ancestorTitles":["org.member.add capability"],"fullName":"org.member.add capability defaults to deny with seat-sensitive metadata","status":"passed","title":"defaults to deny with seat-sensitive metadata","duration":0.046041999999999916,"failureMessages":[],"meta":{}}],"startTime":1781072003387,"endTime":1781072003391.0461,"status":"passed","message":"","name":"/Users/macanderson/oxagen-monorepo/packages/oxagen/src/contracts/org.member.add.test.ts"},{"assertionResults":[{"ancestorTitles":["org.member.invite.accept capability"],"fullName":"org.member.invite.accept capability parses a valid input","status":"passed","title":"parses a valid input","duration":0.8217499999999802,"failureMessages":[],"meta":{}},{"ancestorTitles":["org.member.invite.accept capability"],"fullName":"org.member.invite.accept capability rejects an empty invitationPublicId","status":"passed","title":"rejects an empty invitationPublicId","duration":0.5324589999999603,"failureMessages":[],"meta":{}},{"ancestorTitles":["org.member.invite.accept capability"],"fullName":"org.member.invite.accept capability rejects a missing invitationPublicId","status":"passed","title":"rejects a missing invitationPublicId","duration":0.11537500000002865,"failureMessages":[],"meta":{}},{"ancestorTitles":["org.member.invite.accept capability"],"fullName":"org.member.invite.accept capability parses a valid membership output","status":"passed","title":"parses a valid membership output","duration":0.0741249999999809,"failureMessages":[],"meta":{}},{"ancestorTitles":["org.member.invite.accept capability"],"fullName":"org.member.invite.accept capability rejects an output missing joinedAt","status":"passed","title":"rejects an output missing joinedAt","duration":0.11012499999998226,"failureMessages":[],"meta":{}},{"ancestorTitles":["org.member.invite.accept capability"],"fullName":"org.member.invite.accept capability is registered in the capability registry","status":"passed","title":"is registered in the capability registry","duration":0.060916000000020176,"failureMessages":[],"meta":{}},{"ancestorTitles":["org.member.invite.accept capability"],"fullName":"org.member.invite.accept capability allows the invitee to accept (defaultEffect allow, low risk)","status":"passed","title":"allows the invitee to accept (defaultEffect allow, low risk)","duration":0.055958999999973,"failureMessages":[],"meta":{}}],"startTime":1781072003610,"endTime":1781072003612.1155,"status":"passed","message":"","name":"/Users/macanderson/oxagen-monorepo/packages/oxagen/src/contracts/org.member.invite.accept.test.ts"},{"assertionResults":[{"ancestorTitles":["org.member.invite.decline capability"],"fullName":"org.member.invite.decline capability parses a valid input","status":"passed","title":"parses a valid input","duration":21.133291999999983,"failureMessages":[],"meta":{}},{"ancestorTitles":["org.member.invite.decline capability"],"fullName":"org.member.invite.decline capability rejects an empty invitationPublicId","status":"passed","title":"rejects an empty invitationPublicId","duration":0.5557079999999814,"failureMessages":[],"meta":{}},{"ancestorTitles":["org.member.invite.decline capability"],"fullName":"org.member.invite.decline capability parses a valid output","status":"passed","title":"parses a valid output","duration":0.09870900000009897,"failureMessages":[],"meta":{}},{"ancestorTitles":["org.member.invite.decline capability"],"fullName":"org.member.invite.decline capability rejects an output whose status is not the 'declined' literal","status":"passed","title":"rejects an output whose status is not the 'declined' literal","duration":0.11341700000002675,"failureMessages":[],"meta":{}},{"ancestorTitles":["org.member.invite.decline capability"],"fullName":"org.member.invite.decline capability is registered in the capability registry","status":"passed","title":"is registered in the capability registry","duration":0.056791999999973086,"failureMessages":[],"meta":{}}],"startTime":1781072004194,"endTime":1781072004215.5557,"status":"passed","message":"","name":"/Users/macanderson/oxagen-monorepo/packages/oxagen/src/contracts/org.member.invite.decline.test.ts"},{"assertionResults":[{"ancestorTitles":["org.member.remove capability"],"fullName":"org.member.remove capability parses a valid input","status":"passed","title":"parses a valid input","duration":0.8269999999999982,"failureMessages":[],"meta":{}},{"ancestorTitles":["org.member.remove capability"],"fullName":"org.member.remove capability rejects an empty targetUserId","status":"passed","title":"rejects an empty targetUserId","duration":0.5447079999999573,"failureMessages":[],"meta":{}},{"ancestorTitles":["org.member.remove capability"],"fullName":"org.member.remove capability rejects a missing targetUserId","status":"passed","title":"rejects a missing targetUserId","duration":0.11691700000000083,"failureMessages":[],"meta":{}},{"ancestorTitles":["org.member.remove capability"],"fullName":"org.member.remove capability parses a valid output","status":"passed","title":"parses a valid output","duration":0.09287499999999227,"failureMessages":[],"meta":{}},{"ancestorTitles":["org.member.remove capability"],"fullName":"org.member.remove capability rejects an output with a non-boolean removed flag","status":"passed","title":"rejects an output with a non-boolean removed flag","duration":0.10179200000004585,"failureMessages":[],"meta":{}},{"ancestorTitles":["org.member.remove capability"],"fullName":"org.member.remove capability is registered in the capability registry","status":"passed","title":"is registered in the capability registry","duration":0.05779100000000881,"failureMessages":[],"meta":{}},{"ancestorTitles":["org.member.remove capability"],"fullName":"org.member.remove capability is high-sensitivity and default-deny (last-owner guard lives in the handler)","status":"passed","title":"is high-sensitivity and default-deny (last-owner guard lives in the handler)","duration":0.052833999999961634,"failureMessages":[],"meta":{}}],"startTime":1781072003825,"endTime":1781072003827.0579,"status":"passed","message":"","name":"/Users/macanderson/oxagen-monorepo/packages/oxagen/src/contracts/org.member.remove.test.ts"},{"assertionResults":[{"ancestorTitles":["org.member.role.change capability"],"fullName":"org.member.role.change capability parses a valid input","status":"passed","title":"parses a valid input","duration":1.0134169999999472,"failureMessages":[],"meta":{}},{"ancestorTitles":["org.member.role.change capability"],"fullName":"org.member.role.change capability rejects an empty targetUserId","status":"passed","title":"rejects an empty targetUserId","duration":0.5415830000000028,"failureMessages":[],"meta":{}},{"ancestorTitles":["org.member.role.change capability"],"fullName":"org.member.role.change capability rejects an empty newRole","status":"passed","title":"rejects an empty newRole","duration":0.1358340000000453,"failureMessages":[],"meta":{}},{"ancestorTitles":["org.member.role.change capability"],"fullName":"org.member.role.change capability parses a valid output with a nullable previousRole","status":"passed","title":"parses a valid output with a nullable previousRole","duration":0.16699999999997317,"failureMessages":[],"meta":{}},{"ancestorTitles":["org.member.role.change capability"],"fullName":"org.member.role.change capability accepts a non-null previousRole","status":"passed","title":"accepts a non-null previousRole","duration":0.06533300000000963,"failureMessages":[],"meta":{}},{"ancestorTitles":["org.member.role.change capability"],"fullName":"org.member.role.change capability is registered in the capability registry","status":"passed","title":"is registered in the capability registry","duration":0.06079099999999471,"failureMessages":[],"meta":{}},{"ancestorTitles":["org.member.role.change capability"],"fullName":"org.member.role.change capability is high-risk and default-deny","status":"passed","title":"is high-risk and default-deny","duration":0.07262500000001637,"failureMessages":[],"meta":{}}],"startTime":1781072003449,"endTime":1781072003451.0725,"status":"passed","message":"","name":"/Users/macanderson/oxagen-monorepo/packages/oxagen/src/contracts/org.member.role.change.test.ts"},{"assertionResults":[{"ancestorTitles":["organization.create capability"],"fullName":"organization.create capability parses a valid input","status":"passed","title":"parses a valid input","duration":0.9902920000004087,"failureMessages":[],"meta":{}},{"ancestorTitles":["organization.create capability"],"fullName":"organization.create capability applies the default plan slug","status":"passed","title":"applies the default plan slug","duration":0.1424589999996897,"failureMessages":[],"meta":{}},{"ancestorTitles":["organization.create capability"],"fullName":"organization.create capability rejects an uppercase slug","status":"passed","title":"rejects an uppercase slug","duration":0.45241599999963,"failureMessages":[],"meta":{}},{"ancestorTitles":["organization.create capability"],"fullName":"organization.create capability rejects an empty name","status":"passed","title":"rejects an empty name","duration":0.20933299999978772,"failureMessages":[],"meta":{}},{"ancestorTitles":["organization.create capability"],"fullName":"organization.create capability parses a valid output","status":"passed","title":"parses a valid output","duration":0.33599999999978536,"failureMessages":[],"meta":{}},{"ancestorTitles":["organization.create capability"],"fullName":"organization.create capability defaults type to business","status":"passed","title":"defaults type to business","duration":0.08399999999983265,"failureMessages":[],"meta":{}},{"ancestorTitles":["organization.create capability"],"fullName":"organization.create capability rejects business-only fields on a personal account","status":"passed","title":"rejects business-only fields on a personal account","duration":0.12445800000023155,"failureMessages":[],"meta":{}},{"ancestorTitles":["organization.create capability"],"fullName":"organization.create capability accepts a business account with industry and employee size","status":"passed","title":"accepts a business account with industry and employee size","duration":0.09774999999990541,"failureMessages":[],"meta":{}},{"ancestorTitles":["organization.create capability"],"fullName":"organization.create capability requires a valid US state code when the country is US","status":"passed","title":"requires a valid US state code when the country is US","duration":0.1834169999997357,"failureMessages":[],"meta":{}},{"ancestorTitles":["organization.create capability"],"fullName":"organization.create capability rejects an unknown ISO country code","status":"passed","title":"rejects an unknown ISO country code","duration":0.10795800000005329,"failureMessages":[],"meta":{}}],"startTime":1781072002686,"endTime":1781072002688.1833,"status":"passed","message":"","name":"/Users/macanderson/oxagen-monorepo/packages/oxagen/src/contracts/organization.create.test.ts"},{"assertionResults":[{"ancestorTitles":["plugin.catalog.browse contract"],"fullName":"plugin.catalog.browse contract registers with api+mcp surfaces and org admin roles","status":"passed","title":"registers with api+mcp surfaces and org admin roles","duration":0.8487910000001193,"failureMessages":[],"meta":{}},{"ancestorTitles":["plugin.catalog.browse contract"],"fullName":"plugin.catalog.browse contract applies input defaults (limit 30, offset 0)","status":"passed","title":"applies input defaults (limit 30, offset 0)","duration":23.742958999999928,"failureMessages":[],"meta":{}},{"ancestorTitles":["plugin.catalog.browse contract"],"fullName":"plugin.catalog.browse contract rejects an invalid authKind","status":"passed","title":"rejects an invalid authKind","duration":0.6272500000000036,"failureMessages":[],"meta":{}}],"startTime":1781072005292,"endTime":1781072005317.6272,"status":"passed","message":"","name":"/Users/macanderson/oxagen-monorepo/packages/oxagen/src/contracts/plugin.catalog.browse.test.ts"},{"assertionResults":[{"ancestorTitles":["plugin.catalog.get contract"],"fullName":"plugin.catalog.get contract registers with the correct name","status":"passed","title":"registers with the correct name","duration":0.4600000000000364,"failureMessages":[],"meta":{}},{"ancestorTitles":["plugin.catalog.get contract"],"fullName":"plugin.catalog.get contract has api+mcp surfaces and org admin roles","status":"passed","title":"has api+mcp surfaces and org admin roles","duration":0.36262499999998,"failureMessages":[],"meta":{}},{"ancestorTitles":["plugin.catalog.get contract"],"fullName":"plugin.catalog.get contract rejects input missing catalogId","status":"passed","title":"rejects input missing catalogId","duration":0.7994579999999587,"failureMessages":[],"meta":{}},{"ancestorTitles":["plugin.catalog.get contract"],"fullName":"plugin.catalog.get contract accepts a valid catalogId","status":"passed","title":"accepts a valid catalogId","duration":0.0676250000001346,"failureMessages":[],"meta":{}}],"startTime":1781072005291,"endTime":1781072005293.0676,"status":"passed","message":"","name":"/Users/macanderson/oxagen-monorepo/packages/oxagen/src/contracts/plugin.catalog.get.test.ts"},{"assertionResults":[{"ancestorTitles":["plugin.credential.reauth contract"],"fullName":"plugin.credential.reauth contract registers with the correct name","status":"passed","title":"registers with the correct name","duration":0.46604100000001836,"failureMessages":[],"meta":{}},{"ancestorTitles":["plugin.credential.reauth contract"],"fullName":"plugin.credential.reauth contract includes api and mcp surfaces","status":"passed","title":"includes api and mcp surfaces","duration":0.36404199999998355,"failureMessages":[],"meta":{}},{"ancestorTitles":["plugin.credential.reauth contract"],"fullName":"plugin.credential.reauth contract allows org Owner and Admin","status":"passed","title":"allows org Owner and Admin","duration":0.0833329999999819,"failureMessages":[],"meta":{}},{"ancestorTitles":["plugin.credential.reauth contract"],"fullName":"plugin.credential.reauth contract is scoped (workspaceId required)","status":"passed","title":"is scoped (workspaceId required)","duration":0.04091700000003584,"failureMessages":[],"meta":{}},{"ancestorTitles":["plugin.credential.reauth contract"],"fullName":"plugin.credential.reauth contract requires orgListingId in input","status":"passed","title":"requires orgListingId in input","duration":0.8331670000000031,"failureMessages":[],"meta":{}},{"ancestorTitles":["plugin.credential.reauth contract"],"fullName":"plugin.credential.reauth contract accepts a valid orgListingId","status":"passed","title":"accepts a valid orgListingId","duration":0.1921249999999759,"failureMessages":[],"meta":{}},{"ancestorTitles":["plugin.credential.reauth contract"],"fullName":"plugin.credential.reauth contract output schema validates a URL","status":"passed","title":"output schema validates a URL","duration":0.09320900000000165,"failureMessages":[],"meta":{}},{"ancestorTitles":["plugin.credential.reauth contract"],"fullName":"plugin.credential.reauth contract output schema rejects a non-URL","status":"passed","title":"output schema rejects a non-URL","duration":0.12495799999999235,"failureMessages":[],"meta":{}}],"startTime":1781072003524,"endTime":1781072003526.125,"status":"passed","message":"","name":"/Users/macanderson/oxagen-monorepo/packages/oxagen/src/contracts/plugin.credential.reauth.test.ts"},{"assertionResults":[{"ancestorTitles":["plugin.credential.set_secret contract"],"fullName":"plugin.credential.set_secret contract registers with the correct name","status":"passed","title":"registers with the correct name","duration":0.4882920000000013,"failureMessages":[],"meta":{}},{"ancestorTitles":["plugin.credential.set_secret contract"],"fullName":"plugin.credential.set_secret contract includes api and mcp surfaces","status":"passed","title":"includes api and mcp surfaces","duration":0.3718749999998181,"failureMessages":[],"meta":{}},{"ancestorTitles":["plugin.credential.set_secret contract"],"fullName":"plugin.credential.set_secret contract allows org Owner","status":"passed","title":"allows org Owner","duration":3.2159580000000005,"failureMessages":[],"meta":{}},{"ancestorTitles":["plugin.credential.set_secret contract"],"fullName":"plugin.credential.set_secret contract rejects invalid authKind","status":"passed","title":"rejects invalid authKind","duration":3.2380000000000564,"failureMessages":[],"meta":{}}],"startTime":1781072005592,"endTime":1781072005600.238,"status":"passed","message":"","name":"/Users/macanderson/oxagen-monorepo/packages/oxagen/src/contracts/plugin.credential.set_secret.test.ts"},{"assertionResults":[{"ancestorTitles":["plugin.denylist.add contract"],"fullName":"plugin.denylist.add contract registers with the correct name","status":"passed","title":"registers with the correct name","duration":0.45266700000001947,"failureMessages":[],"meta":{}},{"ancestorTitles":["plugin.denylist.add contract"],"fullName":"plugin.denylist.add contract includes api and mcp surfaces","status":"passed","title":"includes api and mcp surfaces","duration":0.36295799999993505,"failureMessages":[],"meta":{}},{"ancestorTitles":["plugin.denylist.add contract"],"fullName":"plugin.denylist.add contract allows org Owner","status":"passed","title":"allows org Owner","duration":0.055541999999832115,"failureMessages":[],"meta":{}},{"ancestorTitles":["plugin.denylist.add contract"],"fullName":"plugin.denylist.add contract defaults pluginType to mcp_server","status":"passed","title":"defaults pluginType to mcp_server","duration":0.4387500000000273,"failureMessages":[],"meta":{}},{"ancestorTitles":["plugin.denylist.add contract"],"fullName":"plugin.denylist.add contract rejects missing serverName","status":"passed","title":"rejects missing serverName","duration":0.4486249999999927,"failureMessages":[],"meta":{}}],"startTime":1781072004938,"endTime":1781072004939.4487,"status":"passed","message":"","name":"/Users/macanderson/oxagen-monorepo/packages/oxagen/src/contracts/plugin.denylist.add.test.ts"},{"assertionResults":[{"ancestorTitles":["plugin.denylist.remove contract"],"fullName":"plugin.denylist.remove contract registers with the correct name","status":"passed","title":"registers with the correct name","duration":0.4980000000000473,"failureMessages":[],"meta":{}},{"ancestorTitles":["plugin.denylist.remove contract"],"fullName":"plugin.denylist.remove contract includes api and mcp surfaces","status":"passed","title":"includes api and mcp surfaces","duration":1.1904160000001411,"failureMessages":[],"meta":{}},{"ancestorTitles":["plugin.denylist.remove contract"],"fullName":"plugin.denylist.remove contract allows org Owner","status":"passed","title":"allows org Owner","duration":0.12095799999997325,"failureMessages":[],"meta":{}},{"ancestorTitles":["plugin.denylist.remove contract"],"fullName":"plugin.denylist.remove contract rejects missing serverName","status":"passed","title":"rejects missing serverName","duration":1.1827080000000478,"failureMessages":[],"meta":{}}],"startTime":1781072005613,"endTime":1781072005616.1826,"status":"passed","message":"","name":"/Users/macanderson/oxagen-monorepo/packages/oxagen/src/contracts/plugin.denylist.remove.test.ts"},{"assertionResults":[{"ancestorTitles":["plugin.org.install contract"],"fullName":"plugin.org.install contract registers with the correct name","status":"passed","title":"registers with the correct name","duration":0.46133400000007896,"failureMessages":[],"meta":{}},{"ancestorTitles":["plugin.org.install contract"],"fullName":"plugin.org.install contract includes api and mcp surfaces","status":"passed","title":"includes api and mcp surfaces","duration":0.35770800000000236,"failureMessages":[],"meta":{}},{"ancestorTitles":["plugin.org.install contract"],"fullName":"plugin.org.install contract allows org Owner","status":"passed","title":"allows org Owner","duration":0.0595419999999649,"failureMessages":[],"meta":{}},{"ancestorTitles":["plugin.org.install contract"],"fullName":"plugin.org.install contract defaults pluginType to mcp_server","status":"passed","title":"defaults pluginType to mcp_server","duration":0.31720900000004804,"failureMessages":[],"meta":{}},{"ancestorTitles":["plugin.org.install contract"],"fullName":"plugin.org.install contract rejects invalid pluginType","status":"passed","title":"rejects invalid pluginType","duration":0.46041700000000674,"failureMessages":[],"meta":{}}],"startTime":1781072004985,"endTime":1781072004986.4604,"status":"passed","message":"","name":"/Users/macanderson/oxagen-monorepo/packages/oxagen/src/contracts/plugin.org.install.test.ts"},{"assertionResults":[{"ancestorTitles":["plugin.org.install_bulk contract"],"fullName":"plugin.org.install_bulk contract registers with the correct name","status":"passed","title":"registers with the correct name","duration":0.46391700000003766,"failureMessages":[],"meta":{}},{"ancestorTitles":["plugin.org.install_bulk contract"],"fullName":"plugin.org.install_bulk contract includes api and mcp surfaces","status":"passed","title":"includes api and mcp surfaces","duration":0.5412499999999909,"failureMessages":[],"meta":{}},{"ancestorTitles":["plugin.org.install_bulk contract"],"fullName":"plugin.org.install_bulk contract allows org Owner","status":"passed","title":"allows org Owner","duration":0.0745000000000573,"failureMessages":[],"meta":{}},{"ancestorTitles":["plugin.org.install_bulk contract"],"fullName":"plugin.org.install_bulk contract rejects empty items array","status":"passed","title":"rejects empty items array","duration":0.7523750000000291,"failureMessages":[],"meta":{}},{"ancestorTitles":["plugin.org.install_bulk contract"],"fullName":"plugin.org.install_bulk contract rejects items array over 50","status":"passed","title":"rejects items array over 50","duration":1.5397909999999229,"failureMessages":[],"meta":{}}],"startTime":1781072004627,"endTime":1781072004630.5398,"status":"passed","message":"","name":"/Users/macanderson/oxagen-monorepo/packages/oxagen/src/contracts/plugin.org.install_bulk.test.ts"},{"assertionResults":[{"ancestorTitles":["plugin.org.list contract"],"fullName":"plugin.org.list contract registers with api+mcp+agent surfaces and org admin roles","status":"passed","title":"registers with api+mcp+agent surfaces and org admin roles","duration":0.8327910000000429,"failureMessages":[],"meta":{}},{"ancestorTitles":["plugin.org.list contract"],"fullName":"plugin.org.list contract is read-only: riskLevel low, requiresApproval false","status":"passed","title":"is read-only: riskLevel low, requiresApproval false","duration":0.07474999999999454,"failureMessages":[],"meta":{}},{"ancestorTitles":["plugin.org.list contract"],"fullName":"plugin.org.list contract accepts an empty input (no pluginType filter)","status":"passed","title":"accepts an empty input (no pluginType filter)","duration":0.283457999999996,"failureMessages":[],"meta":{}},{"ancestorTitles":["plugin.org.list contract"],"fullName":"plugin.org.list contract accepts a valid pluginType filter","status":"passed","title":"accepts a valid pluginType filter","duration":0.08079099999997652,"failureMessages":[],"meta":{}},{"ancestorTitles":["plugin.org.list contract"],"fullName":"plugin.org.list contract rejects an invalid pluginType","status":"passed","title":"rejects an invalid pluginType","duration":0.4677090000000135,"failureMessages":[],"meta":{}},{"ancestorTitles":["plugin.org.list contract"],"fullName":"plugin.org.list contract output schema validates a minimal listings + denylist payload","status":"passed","title":"output schema validates a minimal listings + denylist payload","duration":0.8579160000000456,"failureMessages":[],"meta":{}}],"startTime":1781072003056,"endTime":1781072003058.858,"status":"passed","message":"","name":"/Users/macanderson/oxagen-monorepo/packages/oxagen/src/contracts/plugin.org.list.test.ts"},{"assertionResults":[{"ancestorTitles":["plugin.org.set_enabled contract"],"fullName":"plugin.org.set_enabled contract registers with the correct name","status":"passed","title":"registers with the correct name","duration":0.5737919999999122,"failureMessages":[],"meta":{}},{"ancestorTitles":["plugin.org.set_enabled contract"],"fullName":"plugin.org.set_enabled contract includes api and mcp surfaces","status":"passed","title":"includes api and mcp surfaces","duration":0.3990840000001299,"failureMessages":[],"meta":{}},{"ancestorTitles":["plugin.org.set_enabled contract"],"fullName":"plugin.org.set_enabled contract allows org Owner","status":"passed","title":"allows org Owner","duration":0.06691699999987577,"failureMessages":[],"meta":{}},{"ancestorTitles":["plugin.org.set_enabled contract"],"fullName":"plugin.org.set_enabled contract rejects missing enabled field","status":"passed","title":"rejects missing enabled field","duration":1.5042499999999563,"failureMessages":[],"meta":{}}],"startTime":1781072005592,"endTime":1781072005595.5042,"status":"passed","message":"","name":"/Users/macanderson/oxagen-monorepo/packages/oxagen/src/contracts/plugin.org.set_enabled.test.ts"},{"assertionResults":[{"ancestorTitles":["plugin.org.uninstall contract"],"fullName":"plugin.org.uninstall contract registers with the correct name","status":"passed","title":"registers with the correct name","duration":1.4568339999998443,"failureMessages":[],"meta":{}},{"ancestorTitles":["plugin.org.uninstall contract"],"fullName":"plugin.org.uninstall contract includes api and mcp surfaces","status":"passed","title":"includes api and mcp surfaces","duration":0.9792919999999867,"failureMessages":[],"meta":{}},{"ancestorTitles":["plugin.org.uninstall contract"],"fullName":"plugin.org.uninstall contract allows org Owner","status":"passed","title":"allows org Owner","duration":0.06808399999999892,"failureMessages":[],"meta":{}},{"ancestorTitles":["plugin.org.uninstall contract"],"fullName":"plugin.org.uninstall contract rejects missing orgListingId","status":"passed","title":"rejects missing orgListingId","duration":4.532500000000027,"failureMessages":[],"meta":{}}],"startTime":1781072005739,"endTime":1781072005746.5325,"status":"passed","message":"","name":"/Users/macanderson/oxagen-monorepo/packages/oxagen/src/contracts/plugin.org.uninstall.test.ts"},{"assertionResults":[{"ancestorTitles":["plugin.registry.add contract"],"fullName":"plugin.registry.add contract registers with the correct name","status":"passed","title":"registers with the correct name","duration":25.441374999999994,"failureMessages":[],"meta":{}},{"ancestorTitles":["plugin.registry.add contract"],"fullName":"plugin.registry.add contract has api+mcp surfaces and org admin roles","status":"passed","title":"has api+mcp surfaces and org admin roles","duration":0.41112499999997,"failureMessages":[],"meta":{}},{"ancestorTitles":["plugin.registry.add contract"],"fullName":"plugin.registry.add contract rejects an invalid (non-URL) baseUrl","status":"passed","title":"rejects an invalid (non-URL) baseUrl","duration":0.8317909999999529,"failureMessages":[],"meta":{}},{"ancestorTitles":["plugin.registry.add contract"],"fullName":"plugin.registry.add contract accepts valid input","status":"passed","title":"accepts valid input","duration":0.10325000000000273,"failureMessages":[],"meta":{}}],"startTime":1781072004420,"endTime":1781072004447.1033,"status":"passed","message":"","name":"/Users/macanderson/oxagen-monorepo/packages/oxagen/src/contracts/plugin.registry.add.test.ts"},{"assertionResults":[{"ancestorTitles":["plugin.registry.list contract"],"fullName":"plugin.registry.list contract registers with the correct name","status":"passed","title":"registers with the correct name","duration":3.277166999999963,"failureMessages":[],"meta":{}},{"ancestorTitles":["plugin.registry.list contract"],"fullName":"plugin.registry.list contract has api+mcp surfaces and org admin roles","status":"passed","title":"has api+mcp surfaces and org admin roles","duration":10.127375000000029,"failureMessages":[],"meta":{}},{"ancestorTitles":["plugin.registry.list contract"],"fullName":"plugin.registry.list contract accepts an empty input object (no required fields)","status":"passed","title":"accepts an empty input object (no required fields)","duration":2.849707999999964,"failureMessages":[],"meta":{}}],"startTime":1781072005507,"endTime":1781072005523.8496,"status":"passed","message":"","name":"/Users/macanderson/oxagen-monorepo/packages/oxagen/src/contracts/plugin.registry.list.test.ts"},{"assertionResults":[{"ancestorTitles":["plugin.registry.remove contract"],"fullName":"plugin.registry.remove contract registers with the correct name","status":"passed","title":"registers with the correct name","duration":0.47700000000008913,"failureMessages":[],"meta":{}},{"ancestorTitles":["plugin.registry.remove contract"],"fullName":"plugin.registry.remove contract has api+mcp surfaces and org admin roles","status":"passed","title":"has api+mcp surfaces and org admin roles","duration":0.38324999999986176,"failureMessages":[],"meta":{}},{"ancestorTitles":["plugin.registry.remove contract"],"fullName":"plugin.registry.remove contract rejects input missing registryId","status":"passed","title":"rejects input missing registryId","duration":0.7725000000000364,"failureMessages":[],"meta":{}},{"ancestorTitles":["plugin.registry.remove contract"],"fullName":"plugin.registry.remove contract accepts a valid registryId","status":"passed","title":"accepts a valid registryId","duration":0.0679579999998623,"failureMessages":[],"meta":{}}],"startTime":1781072004941,"endTime":1781072004942.7725,"status":"passed","message":"","name":"/Users/macanderson/oxagen-monorepo/packages/oxagen/src/contracts/plugin.registry.remove.test.ts"},{"assertionResults":[{"ancestorTitles":["plugin.registry.sync contract"],"fullName":"plugin.registry.sync contract registers with the correct name","status":"passed","title":"registers with the correct name","duration":0.4720839999999953,"failureMessages":[],"meta":{}},{"ancestorTitles":["plugin.registry.sync contract"],"fullName":"plugin.registry.sync contract has api+mcp surfaces and org admin roles","status":"passed","title":"has api+mcp surfaces and org admin roles","duration":0.38837499999999636,"failureMessages":[],"meta":{}},{"ancestorTitles":["plugin.registry.sync contract"],"fullName":"plugin.registry.sync contract defaults mode to incremental","status":"passed","title":"defaults mode to incremental","duration":0.4655830000001515,"failureMessages":[],"meta":{}},{"ancestorTitles":["plugin.registry.sync contract"],"fullName":"plugin.registry.sync contract rejects an invalid mode value","status":"passed","title":"rejects an invalid mode value","duration":0.4626250000001164,"failureMessages":[],"meta":{}}],"startTime":1781072004779,"endTime":1781072004781.4626,"status":"passed","message":"","name":"/Users/macanderson/oxagen-monorepo/packages/oxagen/src/contracts/plugin.registry.sync.test.ts"},{"assertionResults":[{"ancestorTitles":["plugin.settings.set_auth_alerts contract"],"fullName":"plugin.settings.set_auth_alerts contract has correct name and domain","status":"passed","title":"has correct name and domain","duration":0.4866670000000113,"failureMessages":[],"meta":{}},{"ancestorTitles":["plugin.settings.set_auth_alerts contract"],"fullName":"plugin.settings.set_auth_alerts contract parses valid input","status":"passed","title":"parses valid input","duration":0.5916249999999081,"failureMessages":[],"meta":{}},{"ancestorTitles":["plugin.settings.set_auth_alerts contract"],"fullName":"plugin.settings.set_auth_alerts contract rejects empty roles array","status":"passed","title":"rejects empty roles array","duration":0.5131250000000591,"failureMessages":[],"meta":{}},{"ancestorTitles":["plugin.settings.set_auth_alerts contract"],"fullName":"plugin.settings.set_auth_alerts contract rejects invalid role names","status":"passed","title":"rejects invalid role names","duration":0.14224999999999,"failureMessages":[],"meta":{}}],"startTime":1781072004336,"endTime":1781072004338.1423,"status":"passed","message":"","name":"/Users/macanderson/oxagen-monorepo/packages/oxagen/src/contracts/plugin.settings.set_auth_alerts.test.ts"},{"assertionResults":[{"ancestorTitles":["plugin.workspace.set_enabled contract"],"fullName":"plugin.workspace.set_enabled contract registers with the correct name","status":"passed","title":"registers with the correct name","duration":0.8242499999998927,"failureMessages":[],"meta":{}},{"ancestorTitles":["plugin.workspace.set_enabled contract"],"fullName":"plugin.workspace.set_enabled contract includes api and mcp surfaces","status":"passed","title":"includes api and mcp surfaces","duration":0.3670830000000933,"failureMessages":[],"meta":{}},{"ancestorTitles":["plugin.workspace.set_enabled contract"],"fullName":"plugin.workspace.set_enabled contract allows org Owner","status":"passed","title":"allows org Owner","duration":0.05812500000001819,"failureMessages":[],"meta":{}},{"ancestorTitles":["plugin.workspace.set_enabled contract"],"fullName":"plugin.workspace.set_enabled contract rejects missing enabled field","status":"passed","title":"rejects missing enabled field","duration":1.3427090000000135,"failureMessages":[],"meta":{}}],"startTime":1781072005593,"endTime":1781072005595.3428,"status":"passed","message":"","name":"/Users/macanderson/oxagen-monorepo/packages/oxagen/src/contracts/plugin.workspace.set_enabled.test.ts"},{"assertionResults":[{"ancestorTitles":["privacy.data.erase capability"],"fullName":"privacy.data.erase capability is registered","status":"passed","title":"is registered","duration":0.45487500000001546,"failureMessages":[],"meta":{}},{"ancestorTitles":["privacy.data.erase capability"],"fullName":"privacy.data.erase capability parses user-scope input with confirm: true","status":"passed","title":"parses user-scope input with confirm: true","duration":0.5969579999999723,"failureMessages":[],"meta":{}},{"ancestorTitles":["privacy.data.erase capability"],"fullName":"privacy.data.erase capability parses org-scope input with valid orgId and confirm: true","status":"passed","title":"parses org-scope input with valid orgId and confirm: true","duration":0.274167000000034,"failureMessages":[],"meta":{}},{"ancestorTitles":["privacy.data.erase capability"],"fullName":"privacy.data.erase capability rejects input without confirm field","status":"passed","title":"rejects input without confirm field","duration":0.3034170000000245,"failureMessages":[],"meta":{}},{"ancestorTitles":["privacy.data.erase capability"],"fullName":"privacy.data.erase capability rejects confirm: false","status":"passed","title":"rejects confirm: false","duration":0.10591700000003357,"failureMessages":[],"meta":{}},{"ancestorTitles":["privacy.data.erase capability"],"fullName":"privacy.data.erase capability rejects unknown scope","status":"passed","title":"rejects unknown scope","duration":0.11829099999999926,"failureMessages":[],"meta":{}},{"ancestorTitles":["privacy.data.erase capability"],"fullName":"privacy.data.erase capability rejects org-scope with invalid orgId UUID","status":"passed","title":"rejects org-scope with invalid orgId UUID","duration":0.1706670000000372,"failureMessages":[],"meta":{}},{"ancestorTitles":["privacy.data.erase capability"],"fullName":"privacy.data.erase capability parses valid output","status":"passed","title":"parses valid output","duration":0.23458299999998644,"failureMessages":[],"meta":{}},{"ancestorTitles":["privacy.data.erase capability"],"fullName":"privacy.data.erase capability rejects output with status other than 'queued'","status":"passed","title":"rejects output with status other than 'queued'","duration":0.23750000000001137,"failureMessages":[],"meta":{}},{"ancestorTitles":["privacy.data.erase capability"],"fullName":"privacy.data.erase capability rejects output with non-datetime effectiveAt","status":"passed","title":"rejects output with non-datetime effectiveAt","duration":0.11087500000002137,"failureMessages":[],"meta":{}},{"ancestorTitles":["privacy.data.erase capability"],"fullName":"privacy.data.erase capability has defaultEffect of 'deny'","status":"passed","title":"has defaultEffect of 'deny'","duration":0.07654199999996081,"failureMessages":[],"meta":{}},{"ancestorTitles":["privacy.data.erase capability"],"fullName":"privacy.data.erase capability is available on api, mcp, and agent surfaces","status":"passed","title":"is available on api, mcp, and agent surfaces","duration":0.30629099999998743,"failureMessages":[],"meta":{}},{"ancestorTitles":["privacy.data.erase capability"],"fullName":"privacy.data.erase capability requires agent approval","status":"passed","title":"requires agent approval","duration":0.040625000000034106,"failureMessages":[],"meta":{}},{"ancestorTitles":["privacy.data.erase capability"],"fullName":"privacy.data.erase capability has destructive sensitivity","status":"passed","title":"has destructive sensitivity","duration":0.034207999999978256,"failureMessages":[],"meta":{}},{"ancestorTitles":["privacy.data.erase capability"],"fullName":"privacy.data.erase capability is in the privacy domain","status":"passed","title":"is in the privacy domain","duration":0.03508300000004283,"failureMessages":[],"meta":{}}],"startTime":1781072002897,"endTime":1781072002900.3064,"status":"passed","message":"","name":"/Users/macanderson/oxagen-monorepo/packages/oxagen/src/contracts/privacy.data.erase.test.ts"},{"assertionResults":[{"ancestorTitles":["privacy.data.export capability"],"fullName":"privacy.data.export capability is registered","status":"passed","title":"is registered","duration":0.4425420000000031,"failureMessages":[],"meta":{}},{"ancestorTitles":["privacy.data.export capability"],"fullName":"privacy.data.export capability parses user-scope input without orgId","status":"passed","title":"parses user-scope input without orgId","duration":0.560416000000032,"failureMessages":[],"meta":{}},{"ancestorTitles":["privacy.data.export capability"],"fullName":"privacy.data.export capability parses org-scope input with valid orgId","status":"passed","title":"parses org-scope input with valid orgId","duration":0.26891599999999016,"failureMessages":[],"meta":{}},{"ancestorTitles":["privacy.data.export capability"],"fullName":"privacy.data.export capability rejects unknown scope","status":"passed","title":"rejects unknown scope","duration":0.29787499999997635,"failureMessages":[],"meta":{}},{"ancestorTitles":["privacy.data.export capability"],"fullName":"privacy.data.export capability rejects org-scope with invalid orgId UUID","status":"passed","title":"rejects org-scope with invalid orgId UUID","duration":0.1564999999999941,"failureMessages":[],"meta":{}},{"ancestorTitles":["privacy.data.export capability"],"fullName":"privacy.data.export capability parses queued output without downloadUrl","status":"passed","title":"parses queued output without downloadUrl","duration":0.10174999999998136,"failureMessages":[],"meta":{}},{"ancestorTitles":["privacy.data.export capability"],"fullName":"privacy.data.export capability parses ready output with downloadUrl","status":"passed","title":"parses ready output with downloadUrl","duration":0.10416699999996126,"failureMessages":[],"meta":{}},{"ancestorTitles":["privacy.data.export capability"],"fullName":"privacy.data.export capability rejects output with invalid downloadUrl","status":"passed","title":"rejects output with invalid downloadUrl","duration":0.12024999999999864,"failureMessages":[],"meta":{}},{"ancestorTitles":["privacy.data.export capability"],"fullName":"privacy.data.export capability rejects output missing exportId","status":"passed","title":"rejects output missing exportId","duration":6.977167000000009,"failureMessages":[],"meta":{}},{"ancestorTitles":["privacy.data.export capability"],"fullName":"privacy.data.export capability has defaultEffect of 'allow'","status":"passed","title":"has defaultEffect of 'allow'","duration":1.5289589999999862,"failureMessages":[],"meta":{}},{"ancestorTitles":["privacy.data.export capability"],"fullName":"privacy.data.export capability is available on api, mcp, and agent surfaces","status":"passed","title":"is available on api, mcp, and agent surfaces","duration":0.4795419999999808,"failureMessages":[],"meta":{}},{"ancestorTitles":["privacy.data.export capability"],"fullName":"privacy.data.export capability is in the privacy domain","status":"passed","title":"is in the privacy domain","duration":0.05216699999999719,"failureMessages":[],"meta":{}},{"ancestorTitles":["privacy.data.export capability"],"fullName":"privacy.data.export capability is async mode","status":"passed","title":"is async mode","duration":0.035750000000007276,"failureMessages":[],"meta":{}}],"startTime":1781072003151,"endTime":1781072003162.4795,"status":"passed","message":"","name":"/Users/macanderson/oxagen-monorepo/packages/oxagen/src/contracts/privacy.data.export.test.ts"},{"assertionResults":[{"ancestorTitles":["prompt.settings.read contract"],"fullName":"prompt.settings.read contract declares api + mcp + agent surfaces and a workspace domain","status":"passed","title":"declares api + mcp + agent surfaces and a workspace domain","duration":0.6962919999999713,"failureMessages":[],"meta":{}},{"ancestorTitles":["prompt.settings.read contract"],"fullName":"prompt.settings.read contract accepts an empty input","status":"passed","title":"accepts an empty input","duration":0.443458000000021,"failureMessages":[],"meta":{}},{"ancestorTitles":["prompt.settings.read contract"],"fullName":"prompt.settings.read contract validates the output shape (instructions, overrides, autoImprove)","status":"passed","title":"validates the output shape (instructions, overrides, autoImprove)","duration":0.368082999999956,"failureMessages":[],"meta":{}},{"ancestorTitles":["prompt.settings.read contract"],"fullName":"prompt.settings.read contract rejects output missing autoImprovePrompts","status":"passed","title":"rejects output missing autoImprovePrompts","duration":0.4979589999999803,"failureMessages":[],"meta":{}}],"startTime":1781072003794,"endTime":1781072003796.498,"status":"passed","message":"","name":"/Users/macanderson/oxagen-monorepo/packages/oxagen/src/contracts/prompt.settings.read.test.ts"},{"assertionResults":[{"ancestorTitles":["prompt.settings.write contract"],"fullName":"prompt.settings.write contract is medium-sensitivity, deny-by-default, owner/admin only","status":"passed","title":"is medium-sensitivity, deny-by-default, owner/admin only","duration":0.8088329999999928,"failureMessages":[],"meta":{}},{"ancestorTitles":["prompt.settings.write contract"],"fullName":"prompt.settings.write contract accepts a partial update (any subset of fields)","status":"passed","title":"accepts a partial update (any subset of fields)","duration":0.5843329999999867,"failureMessages":[],"meta":{}},{"ancestorTitles":["prompt.settings.write contract"],"fullName":"prompt.settings.write contract allows clearing via null","status":"passed","title":"allows clearing via null","duration":0.10974999999999113,"failureMessages":[],"meta":{}},{"ancestorTitles":["prompt.settings.write contract"],"fullName":"prompt.settings.write contract rejects an override longer than the cap","status":"passed","title":"rejects an override longer than the cap","duration":0.5010829999999942,"failureMessages":[],"meta":{}},{"ancestorTitles":["prompt.settings.write contract"],"fullName":"prompt.settings.write contract rejects an unknown override key","status":"passed","title":"rejects an unknown override key","duration":0.13824999999999932,"failureMessages":[],"meta":{}}],"startTime":1781072003226,"endTime":1781072003228.501,"status":"passed","message":"","name":"/Users/macanderson/oxagen-monorepo/packages/oxagen/src/contracts/prompt.settings.write.test.ts"},{"assertionResults":[{"ancestorTitles":["svg.generate capability"],"fullName":"svg.generate capability parses a minimal valid input","status":"passed","title":"parses a minimal valid input","duration":0.8788749999999936,"failureMessages":[],"meta":{}},{"ancestorTitles":["svg.generate capability"],"fullName":"svg.generate capability parses a full input with all optional fields","status":"passed","title":"parses a full input with all optional fields","duration":0.177250000000015,"failureMessages":[],"meta":{}},{"ancestorTitles":["svg.generate capability"],"fullName":"svg.generate capability rejects an empty prompt","status":"passed","title":"rejects an empty prompt","duration":0.775541000000004,"failureMessages":[],"meta":{}},{"ancestorTitles":["svg.generate capability"],"fullName":"svg.generate capability rejects a non-positive width","status":"passed","title":"rejects a non-positive width","duration":5.551457999999997,"failureMessages":[],"meta":{}},{"ancestorTitles":["svg.generate capability"],"fullName":"svg.generate capability rejects a negative height","status":"passed","title":"rejects a negative height","duration":0.2480419999999981,"failureMessages":[],"meta":{}},{"ancestorTitles":["svg.generate capability"],"fullName":"svg.generate capability parses a valid output with render directive","status":"passed","title":"parses a valid output with render directive","duration":0.21608299999999758,"failureMessages":[],"meta":{}},{"ancestorTitles":["svg.generate capability"],"fullName":"svg.generate capability rejects output with empty svg","status":"passed","title":"rejects output with empty svg","duration":0.1282500000000084,"failureMessages":[],"meta":{}},{"ancestorTitles":["svg.generate capability"],"fullName":"svg.generate capability has the expected contract metadata","status":"passed","title":"has the expected contract metadata","duration":0.33579199999999787,"failureMessages":[],"meta":{}}],"startTime":1781072003189,"endTime":1781072003197.3357,"status":"passed","message":"","name":"/Users/macanderson/oxagen-monorepo/packages/oxagen/src/contracts/svg.generate.test.ts"},{"assertionResults":[{"ancestorTitles":["system.install.instructions capability"],"fullName":"system.install.instructions capability parses a minimal valid input for claude-code","status":"passed","title":"parses a minimal valid input for claude-code","duration":0.7512079999999628,"failureMessages":[],"meta":{}},{"ancestorTitles":["system.install.instructions capability"],"fullName":"system.install.instructions capability parses all supported client values","status":"passed","title":"parses all supported client values","duration":0.19070799999997234,"failureMessages":[],"meta":{}},{"ancestorTitles":["system.install.instructions capability"],"fullName":"system.install.instructions capability parses input with optional workspaceSlug","status":"passed","title":"parses input with optional workspaceSlug","duration":0.20908299999996416,"failureMessages":[],"meta":{}},{"ancestorTitles":["system.install.instructions capability"],"fullName":"system.install.instructions capability rejects an unknown client value","status":"passed","title":"rejects an unknown client value","duration":0.5400419999999713,"failureMessages":[],"meta":{}},{"ancestorTitles":["system.install.instructions capability"],"fullName":"system.install.instructions capability parses a valid output with steps and render directive","status":"passed","title":"parses a valid output with steps and render directive","duration":0.5095420000000104,"failureMessages":[],"meta":{}},{"ancestorTitles":["system.install.instructions capability"],"fullName":"system.install.instructions capability rejects output with empty steps array","status":"passed","title":"rejects output with empty steps array","duration":0.13362500000005184,"failureMessages":[],"meta":{}},{"ancestorTitles":["system.install.instructions capability"],"fullName":"system.install.instructions capability rejects a step with an empty label","status":"passed","title":"rejects a step with an empty label","duration":0.12850000000003092,"failureMessages":[],"meta":{}},{"ancestorTitles":["system.install.instructions capability"],"fullName":"system.install.instructions capability has the expected contract metadata","status":"passed","title":"has the expected contract metadata","duration":0.20916599999998198,"failureMessages":[],"meta":{}}],"startTime":1781072002913,"endTime":1781072002916.2092,"status":"passed","message":"","name":"/Users/macanderson/oxagen-monorepo/packages/oxagen/src/contracts/system.install.instructions.test.ts"},{"assertionResults":[{"ancestorTitles":["user.preferences.read capability"],"fullName":"user.preferences.read capability parses a valid (empty) input object","status":"passed","title":"parses a valid (empty) input object","duration":0.8322080000002643,"failureMessages":[],"meta":{}},{"ancestorTitles":["user.preferences.read capability"],"fullName":"user.preferences.read capability rejects unknown input keys (strict parsing)","status":"passed","title":"rejects unknown input keys (strict parsing)","duration":0.08829100000002654,"failureMessages":[],"meta":{}},{"ancestorTitles":["user.preferences.read capability"],"fullName":"user.preferences.read capability parses a valid full-preferences output","status":"passed","title":"parses a valid full-preferences output","duration":0.33091600000034305,"failureMessages":[],"meta":{}},{"ancestorTitles":["user.preferences.read capability"],"fullName":"user.preferences.read capability parses output with nullable model fields set to null","status":"passed","title":"parses output with nullable model fields set to null","duration":0.12145800000007512,"failureMessages":[],"meta":{}},{"ancestorTitles":["user.preferences.read capability"],"fullName":"user.preferences.read capability rejects an invalid fontSize value in output","status":"passed","title":"rejects an invalid fontSize value in output","duration":9.460791999999856,"failureMessages":[],"meta":{}},{"ancestorTitles":["user.preferences.read capability"],"fullName":"user.preferences.read capability rejects an invalid density value in output","status":"passed","title":"rejects an invalid density value in output","duration":0.1770419999998012,"failureMessages":[],"meta":{}},{"ancestorTitles":["user.preferences.read capability"],"fullName":"user.preferences.read capability is registered in the capability registry","status":"passed","title":"is registered in the capability registry","duration":0.06095800000002782,"failureMessages":[],"meta":{}},{"ancestorTitles":["user.preferences.read capability"],"fullName":"user.preferences.read capability declares scoped:false (user-scoped, not workspace-scoped)","status":"passed","title":"declares scoped:false (user-scoped, not workspace-scoped)","duration":0.03562499999998181,"failureMessages":[],"meta":{}},{"ancestorTitles":["user.preferences.read capability"],"fullName":"user.preferences.read capability declares api, mcp, and agent surfaces","status":"passed","title":"declares api, mcp, and agent surfaces","duration":0.34991600000012113,"failureMessages":[],"meta":{}}],"startTime":1781072002493,"endTime":1781072002505.3499,"status":"passed","message":"","name":"/Users/macanderson/oxagen-monorepo/packages/oxagen/src/contracts/user.preferences.read.test.ts"},{"assertionResults":[{"ancestorTitles":["user.preferences.write capability"],"fullName":"user.preferences.write capability parses an empty input object (no-op update)","status":"passed","title":"parses an empty input object (no-op update)","duration":0.801667000000009,"failureMessages":[],"meta":{}},{"ancestorTitles":["user.preferences.write capability"],"fullName":"user.preferences.write capability parses a partial input with only fontSize","status":"passed","title":"parses a partial input with only fontSize","duration":0.17433299999999008,"failureMessages":[],"meta":{}},{"ancestorTitles":["user.preferences.write capability"],"fullName":"user.preferences.write capability parses a full input with all fields","status":"passed","title":"parses a full input with all fields","duration":0.2620410000000106,"failureMessages":[],"meta":{}},{"ancestorTitles":["user.preferences.write capability"],"fullName":"user.preferences.write capability parses null values for nullable model fields (clear)","status":"passed","title":"parses null values for nullable model fields (clear)","duration":0.08087499999999181,"failureMessages":[],"meta":{}},{"ancestorTitles":["user.preferences.write capability"],"fullName":"user.preferences.write capability rejects an empty string for defaultTextModel (min(1))","status":"passed","title":"rejects an empty string for defaultTextModel (min(1))","duration":0.5142919999999549,"failureMessages":[],"meta":{}},{"ancestorTitles":["user.preferences.write capability"],"fullName":"user.preferences.write capability rejects an invalid pendingPromptBehavior value","status":"passed","title":"rejects an invalid pendingPromptBehavior value","duration":0.1230419999999981,"failureMessages":[],"meta":{}},{"ancestorTitles":["user.preferences.write capability"],"fullName":"user.preferences.write capability parses a valid full-preferences output","status":"passed","title":"parses a valid full-preferences output","duration":0.07483400000000984,"failureMessages":[],"meta":{}},{"ancestorTitles":["user.preferences.write capability"],"fullName":"user.preferences.write capability is registered in the capability registry","status":"passed","title":"is registered in the capability registry","duration":0.046666999999956715,"failureMessages":[],"meta":{}},{"ancestorTitles":["user.preferences.write capability"],"fullName":"user.preferences.write capability declares scoped:false (user-scoped)","status":"passed","title":"declares scoped:false (user-scoped)","duration":0.039790999999979704,"failureMessages":[],"meta":{}}],"startTime":1781072002956,"endTime":1781072002958.123,"status":"passed","message":"","name":"/Users/macanderson/oxagen-monorepo/packages/oxagen/src/contracts/user.preferences.write.test.ts"},{"assertionResults":[{"ancestorTitles":["video.generate capability"],"fullName":"video.generate capability parses a minimal valid input (prompt only)","status":"passed","title":"parses a minimal valid input (prompt only)","duration":0.9219160000002375,"failureMessages":[],"meta":{}},{"ancestorTitles":["video.generate capability"],"fullName":"video.generate capability parses a fully-populated input","status":"passed","title":"parses a fully-populated input","duration":0.20279200000004494,"failureMessages":[],"meta":{}},{"ancestorTitles":["video.generate capability"],"fullName":"video.generate capability accepts all valid aspect ratios","status":"passed","title":"accepts all valid aspect ratios","duration":0.13520800000014788,"failureMessages":[],"meta":{}},{"ancestorTitles":["video.generate capability"],"fullName":"video.generate capability rejects an empty prompt","status":"passed","title":"rejects an empty prompt","duration":0.5594169999999394,"failureMessages":[],"meta":{}},{"ancestorTitles":["video.generate capability"],"fullName":"video.generate capability rejects a missing prompt","status":"passed","title":"rejects a missing prompt","duration":0.10158400000000256,"failureMessages":[],"meta":{}},{"ancestorTitles":["video.generate capability"],"fullName":"video.generate capability rejects an invalid aspect ratio","status":"passed","title":"rejects an invalid aspect ratio","duration":0.11324999999987995,"failureMessages":[],"meta":{}},{"ancestorTitles":["video.generate capability"],"fullName":"video.generate capability rejects durationSeconds below 1","status":"passed","title":"rejects durationSeconds below 1","duration":0.09974999999985812,"failureMessages":[],"meta":{}},{"ancestorTitles":["video.generate capability"],"fullName":"video.generate capability rejects durationSeconds above 60","status":"passed","title":"rejects durationSeconds above 60","duration":0.0913749999999709,"failureMessages":[],"meta":{}},{"ancestorTitles":["video.generate capability"],"fullName":"video.generate capability parses a valid queued output","status":"passed","title":"parses a valid queued output","duration":0.16666600000007747,"failureMessages":[],"meta":{}},{"ancestorTitles":["video.generate capability"],"fullName":"video.generate capability parses a valid output with full render props","status":"passed","title":"parses a valid output with full render props","duration":0.06595799999968222,"failureMessages":[],"meta":{}},{"ancestorTitles":["video.generate capability"],"fullName":"video.generate capability rejects output where render.componentId is not video-result","status":"passed","title":"rejects output where render.componentId is not video-result","duration":0.08554199999980483,"failureMessages":[],"meta":{}},{"ancestorTitles":["video.generate capability"],"fullName":"video.generate capability rejects output missing required jobId","status":"passed","title":"rejects output missing required jobId","duration":0.06954099999984464,"failureMessages":[],"meta":{}},{"ancestorTitles":["video.generate capability"],"fullName":"video.generate capability rejects output missing required serveUrl","status":"passed","title":"rejects output missing required serveUrl","duration":0.0784590000002936,"failureMessages":[],"meta":{}},{"ancestorTitles":["video.generate capability"],"fullName":"video.generate capability declares api, mcp, and agent surfaces","status":"passed","title":"declares api, mcp, and agent surfaces","duration":0.3040000000000873,"failureMessages":[],"meta":{}},{"ancestorTitles":["video.generate capability"],"fullName":"video.generate capability is org/workspace scoped","status":"passed","title":"is org/workspace scoped","duration":0.030874999999923602,"failureMessages":[],"meta":{}}],"startTime":1781072002155,"endTime":1781072002159.0308,"status":"passed","message":"","name":"/Users/macanderson/oxagen-monorepo/packages/oxagen/src/contracts/video.generate.test.ts"},{"assertionResults":[{"ancestorTitles":["workflow.cancel capability"],"fullName":"workflow.cancel capability is registered","status":"passed","title":"is registered","duration":0.6512500000000045,"failureMessages":[],"meta":{}},{"ancestorTitles":["workflow.cancel capability"],"fullName":"workflow.cancel capability parses a valid input with a public ID","status":"passed","title":"parses a valid input with a public ID","duration":0.6893749999999841,"failureMessages":[],"meta":{}},{"ancestorTitles":["workflow.cancel capability"],"fullName":"workflow.cancel capability parses a valid input with an internal UUID","status":"passed","title":"parses a valid input with an internal UUID","duration":0.10904199999998809,"failureMessages":[],"meta":{}},{"ancestorTitles":["workflow.cancel capability"],"fullName":"workflow.cancel capability rejects input missing workflowId","status":"passed","title":"rejects input missing workflowId","duration":0.28429199999999355,"failureMessages":[],"meta":{}},{"ancestorTitles":["workflow.cancel capability"],"fullName":"workflow.cancel capability rejects input with empty workflowId","status":"passed","title":"rejects input with empty workflowId","duration":0.4701249999999959,"failureMessages":[],"meta":{}},{"ancestorTitles":["workflow.cancel capability"],"fullName":"workflow.cancel capability parses a valid output when cancelled=true","status":"passed","title":"parses a valid output when cancelled=true","duration":0.1660829999999578,"failureMessages":[],"meta":{}},{"ancestorTitles":["workflow.cancel capability"],"fullName":"workflow.cancel capability parses a valid output when cancelled=false","status":"passed","title":"parses a valid output when cancelled=false","duration":0.13145800000000918,"failureMessages":[],"meta":{}},{"ancestorTitles":["workflow.cancel capability"],"fullName":"workflow.cancel capability rejects output missing cancelled field","status":"passed","title":"rejects output missing cancelled field","duration":0.11920900000001211,"failureMessages":[],"meta":{}},{"ancestorTitles":["workflow.cancel capability"],"fullName":"workflow.cancel capability has correct defaultEffect and defaultRoles","status":"passed","title":"has correct defaultEffect and defaultRoles","duration":0.3099589999999921,"failureMessages":[],"meta":{}}],"startTime":1781072003513,"endTime":1781072003516.31,"status":"passed","message":"","name":"/Users/macanderson/oxagen-monorepo/packages/oxagen/src/contracts/workflow.cancel.test.ts"},{"assertionResults":[{"ancestorTitles":["workflow.run capability"],"fullName":"workflow.run capability is registered","status":"passed","title":"is registered","duration":0.45991700000001856,"failureMessages":[],"meta":{}},{"ancestorTitles":["workflow.run capability"],"fullName":"workflow.run capability parses a valid minimal input","status":"passed","title":"parses a valid minimal input","duration":0.7694999999999936,"failureMessages":[],"meta":{}},{"ancestorTitles":["workflow.run capability"],"fullName":"workflow.run capability parses a fully specified input","status":"passed","title":"parses a fully specified input","duration":0.12820799999997234,"failureMessages":[],"meta":{}},{"ancestorTitles":["workflow.run capability"],"fullName":"workflow.run capability applies default outputFormat=json when omitted","status":"passed","title":"applies default outputFormat=json when omitted","duration":0.1200420000000122,"failureMessages":[],"meta":{}},{"ancestorTitles":["workflow.run capability"],"fullName":"workflow.run capability applies default maxParallelism=50 when omitted","status":"passed","title":"applies default maxParallelism=50 when omitted","duration":19.274792000000048,"failureMessages":[],"meta":{}},{"ancestorTitles":["workflow.run capability"],"fullName":"workflow.run capability rejects an empty goal","status":"passed","title":"rejects an empty goal","duration":1.717290999999932,"failureMessages":[],"meta":{}},{"ancestorTitles":["workflow.run capability"],"fullName":"workflow.run capability rejects goal exceeding 2000 characters","status":"passed","title":"rejects goal exceeding 2000 characters","duration":0.3940829999999096,"failureMessages":[],"meta":{}},{"ancestorTitles":["workflow.run capability"],"fullName":"workflow.run capability rejects maxParallelism above 100","status":"passed","title":"rejects maxParallelism above 100","duration":0.16366600000003473,"failureMessages":[],"meta":{}},{"ancestorTitles":["workflow.run capability"],"fullName":"workflow.run capability rejects maxParallelism below 1","status":"passed","title":"rejects maxParallelism below 1","duration":0.10950000000002547,"failureMessages":[],"meta":{}},{"ancestorTitles":["workflow.run capability"],"fullName":"workflow.run capability rejects an invalid outputFormat","status":"passed","title":"rejects an invalid outputFormat","duration":0.1440420000000131,"failureMessages":[],"meta":{}},{"ancestorTitles":["workflow.run capability"],"fullName":"workflow.run capability parses a valid output","status":"passed","title":"parses a valid output","duration":0.1400420000001077,"failureMessages":[],"meta":{}},{"ancestorTitles":["workflow.run capability"],"fullName":"workflow.run capability rejects output with wrong status","status":"passed","title":"rejects output with wrong status","duration":0.09208300000000236,"failureMessages":[],"meta":{}},{"ancestorTitles":["workflow.run capability"],"fullName":"workflow.run capability has correct defaultEffect and defaultRoles","status":"passed","title":"has correct defaultEffect and defaultRoles","duration":0.06799999999998363,"failureMessages":[],"meta":{}}],"startTime":1781072002812,"endTime":1781072002836.144,"status":"passed","message":"","name":"/Users/macanderson/oxagen-monorepo/packages/oxagen/src/contracts/workflow.run.test.ts"},{"assertionResults":[{"ancestorTitles":["workflow.status capability"],"fullName":"workflow.status capability is registered","status":"passed","title":"is registered","duration":0.43429200000002766,"failureMessages":[],"meta":{}},{"ancestorTitles":["workflow.status capability"],"fullName":"workflow.status capability parses a valid input","status":"passed","title":"parses a valid input","duration":0.6716660000000729,"failureMessages":[],"meta":{}},{"ancestorTitles":["workflow.status capability"],"fullName":"workflow.status capability rejects input missing workflowId","status":"passed","title":"rejects input missing workflowId","duration":0.2927079999999478,"failureMessages":[],"meta":{}},{"ancestorTitles":["workflow.status capability"],"fullName":"workflow.status capability rejects input with empty workflowId","status":"passed","title":"rejects input with empty workflowId","duration":0.11333300000001145,"failureMessages":[],"meta":{}},{"ancestorTitles":["workflow.status capability"],"fullName":"workflow.status capability parses a valid output with workflow and tasks","status":"passed","title":"parses a valid output with workflow and tasks","duration":0.32566700000006676,"failureMessages":[],"meta":{}},{"ancestorTitles":["workflow.status capability"],"fullName":"workflow.status capability parses a valid output with empty tasks array","status":"passed","title":"parses a valid output with empty tasks array","duration":0.1246249999999236,"failureMessages":[],"meta":{}},{"ancestorTitles":["workflow.status capability"],"fullName":"workflow.status capability rejects output missing workflow field","status":"passed","title":"rejects output missing workflow field","duration":0.10179200000004585,"failureMessages":[],"meta":{}},{"ancestorTitles":["workflow.status capability"],"fullName":"workflow.status capability rejects output with invalid workflow status","status":"passed","title":"rejects output with invalid workflow status","duration":0.11637499999994816,"failureMessages":[],"meta":{}},{"ancestorTitles":["workflow.status capability"],"fullName":"workflow.status capability has correct defaultEffect and defaultRoles","status":"passed","title":"has correct defaultEffect and defaultRoles","duration":0.12558400000000347,"failureMessages":[],"meta":{}}],"startTime":1781072002878,"endTime":1781072002881.1255,"status":"passed","message":"","name":"/Users/macanderson/oxagen-monorepo/packages/oxagen/src/contracts/workflow.status.test.ts"},{"assertionResults":[{"ancestorTitles":["workspace.create capability"],"fullName":"workspace.create capability parses a valid input","status":"passed","title":"parses a valid input","duration":1.0059580000000778,"failureMessages":[],"meta":{}},{"ancestorTitles":["workspace.create capability"],"fullName":"workspace.create capability rejects an invalid slug","status":"passed","title":"rejects an invalid slug","duration":0.5761670000000549,"failureMessages":[],"meta":{}},{"ancestorTitles":["workspace.create capability"],"fullName":"workspace.create capability rejects a too-short slug","status":"passed","title":"rejects a too-short slug","duration":0.214917000000014,"failureMessages":[],"meta":{}},{"ancestorTitles":["workspace.create capability"],"fullName":"workspace.create capability parses a valid output","status":"passed","title":"parses a valid output","duration":2.4134579999999914,"failureMessages":[],"meta":{}}],"startTime":1781072004620,"endTime":1781072004624.4136,"status":"passed","message":"","name":"/Users/macanderson/oxagen-monorepo/packages/oxagen/src/contracts/workspace.create.test.ts"},{"assertionResults":[{"ancestorTitles":["workspace.model.settings.read capability"],"fullName":"workspace.model.settings.read capability parses a valid empty input object","status":"passed","title":"parses a valid empty input object","duration":0.8874169999999708,"failureMessages":[],"meta":{}},{"ancestorTitles":["workspace.model.settings.read capability"],"fullName":"workspace.model.settings.read capability parses a valid output with all four fields set","status":"passed","title":"parses a valid output with all four fields set","duration":0.34370799999999235,"failureMessages":[],"meta":{}},{"ancestorTitles":["workspace.model.settings.read capability"],"fullName":"workspace.model.settings.read capability parses a valid output with all fields null","status":"passed","title":"parses a valid output with all fields null","duration":0.11658399999998892,"failureMessages":[],"meta":{}},{"ancestorTitles":["workspace.model.settings.read capability"],"fullName":"workspace.model.settings.read capability rejects an invalid defaultTextTier value","status":"passed","title":"rejects an invalid defaultTextTier value","duration":0.5270419999999945,"failureMessages":[],"meta":{}},{"ancestorTitles":["workspace.model.settings.read capability"],"fullName":"workspace.model.settings.read capability is registered in the capability registry","status":"passed","title":"is registered in the capability registry","duration":0.05500000000000682,"failureMessages":[],"meta":{}},{"ancestorTitles":["workspace.model.settings.read capability"],"fullName":"workspace.model.settings.read capability declares scoped:true (workspace-scoped)","status":"passed","title":"declares scoped:true (workspace-scoped)","duration":0.05070800000004283,"failureMessages":[],"meta":{}},{"ancestorTitles":["workspace.model.settings.read capability"],"fullName":"workspace.model.settings.read capability declares api, mcp, and agent surfaces","status":"passed","title":"declares api, mcp, and agent surfaces","duration":0.3226249999999595,"failureMessages":[],"meta":{}}],"startTime":1781072003241,"endTime":1781072003243.527,"status":"passed","message":"","name":"/Users/macanderson/oxagen-monorepo/packages/oxagen/src/contracts/workspace.model.settings.read.test.ts"},{"assertionResults":[{"ancestorTitles":["workspace.model.settings.write capability"],"fullName":"workspace.model.settings.write capability parses an empty input object (no-op update)","status":"passed","title":"parses an empty input object (no-op update)","duration":0.7794589999999744,"failureMessages":[],"meta":{}},{"ancestorTitles":["workspace.model.settings.write capability"],"fullName":"workspace.model.settings.write capability parses a partial input with only defaultTextTier","status":"passed","title":"parses a partial input with only defaultTextTier","duration":0.1705000000000041,"failureMessages":[],"meta":{}},{"ancestorTitles":["workspace.model.settings.write capability"],"fullName":"workspace.model.settings.write capability parses a full input with all four model fields","status":"passed","title":"parses a full input with all four model fields","duration":0.22966700000000628,"failureMessages":[],"meta":{}},{"ancestorTitles":["workspace.model.settings.write capability"],"fullName":"workspace.model.settings.write capability parses null values for all fields (clear all overrides)","status":"passed","title":"parses null values for all fields (clear all overrides)","duration":0.09266700000000583,"failureMessages":[],"meta":{}},{"ancestorTitles":["workspace.model.settings.write capability"],"fullName":"workspace.model.settings.write capability rejects an empty string for defaultTextModel (min(1))","status":"passed","title":"rejects an empty string for defaultTextModel (min(1))","duration":0.48979200000002265,"failureMessages":[],"meta":{}},{"ancestorTitles":["workspace.model.settings.write capability"],"fullName":"workspace.model.settings.write capability rejects an invalid defaultTextTier value","status":"passed","title":"rejects an invalid defaultTextTier value","duration":0.121708999999953,"failureMessages":[],"meta":{}},{"ancestorTitles":["workspace.model.settings.write capability"],"fullName":"workspace.model.settings.write capability parses a valid output object","status":"passed","title":"parses a valid output object","duration":0.09250000000002956,"failureMessages":[],"meta":{}},{"ancestorTitles":["workspace.model.settings.write capability"],"fullName":"workspace.model.settings.write capability is registered in the capability registry","status":"passed","title":"is registered in the capability registry","duration":0.040916999999979,"failureMessages":[],"meta":{}},{"ancestorTitles":["workspace.model.settings.write capability"],"fullName":"workspace.model.settings.write capability declares scoped:true (workspace-scoped)","status":"passed","title":"declares scoped:true (workspace-scoped)","duration":0.03899999999998727,"failureMessages":[],"meta":{}}],"startTime":1781072002947,"endTime":1781072002949.1218,"status":"passed","message":"","name":"/Users/macanderson/oxagen-monorepo/packages/oxagen/src/contracts/workspace.model.settings.write.test.ts"},{"assertionResults":[{"ancestorTitles":["evaluateConditions — empty/null/malformed"],"fullName":"evaluateConditions — empty/null/malformed null conditions → true (unconditional grant)","status":"passed","title":"null conditions → true (unconditional grant)","duration":0.5302080000001297,"failureMessages":[],"meta":{}},{"ancestorTitles":["evaluateConditions — empty/null/malformed"],"fullName":"evaluateConditions — empty/null/malformed undefined conditions → true","status":"passed","title":"undefined conditions → true","duration":0.07266699999991033,"failureMessages":[],"meta":{}},{"ancestorTitles":["evaluateConditions — empty/null/malformed"],"fullName":"evaluateConditions — empty/null/malformed empty object → true","status":"passed","title":"empty object → true","duration":0.06029199999966295,"failureMessages":[],"meta":{}},{"ancestorTitles":["evaluateConditions — empty/null/malformed"],"fullName":"evaluateConditions — empty/null/malformed array → false (malformed, fail-closed)","status":"passed","title":"array → false (malformed, fail-closed)","duration":0.05091600000014296,"failureMessages":[],"meta":{}},{"ancestorTitles":["evaluateConditions — empty/null/malformed"],"fullName":"evaluateConditions — empty/null/malformed string → false (malformed, fail-closed)","status":"passed","title":"string → false (malformed, fail-closed)","duration":0.04891700000007404,"failureMessages":[],"meta":{}},{"ancestorTitles":["evaluateConditions — empty/null/malformed"],"fullName":"evaluateConditions — empty/null/malformed number → false (malformed, fail-closed)","status":"passed","title":"number → false (malformed, fail-closed)","duration":0.053958999999849766,"failureMessages":[],"meta":{}},{"ancestorTitles":["evaluateConditions — empty/null/malformed"],"fullName":"evaluateConditions — empty/null/malformed unknown key → false (fail-closed)","status":"passed","title":"unknown key → false (fail-closed)","duration":0.052958000000217,"failureMessages":[],"meta":{}},{"ancestorTitles":["evaluateConditions — empty/null/malformed"],"fullName":"evaluateConditions — empty/null/malformed mix of known and unknown keys → false (fail-closed)","status":"passed","title":"mix of known and unknown keys → false (fail-closed)","duration":0.04658400000016627,"failureMessages":[],"meta":{}},{"ancestorTitles":["evaluateConditions — time_window"],"fullName":"evaluateConditions — time_window in window (UTC) → true","status":"passed","title":"in window (UTC) → true","duration":9.559791000000132,"failureMessages":[],"meta":{}},{"ancestorTitles":["evaluateConditions — time_window"],"fullName":"evaluateConditions — time_window before window start → false","status":"passed","title":"before window start → false","duration":0.1649579999998423,"failureMessages":[],"meta":{}},{"ancestorTitles":["evaluateConditions — time_window"],"fullName":"evaluateConditions — time_window after window end → false","status":"passed","title":"after window end → false","duration":0.09799999999995634,"failureMessages":[],"meta":{}},{"ancestorTitles":["evaluateConditions — time_window"],"fullName":"evaluateConditions — time_window exactly at start time → true (inclusive)","status":"passed","title":"exactly at start time → true (inclusive)","duration":0.07983400000011898,"failureMessages":[],"meta":{}},{"ancestorTitles":["evaluateConditions — time_window"],"fullName":"evaluateConditions — time_window exactly at end time → false (exclusive)","status":"passed","title":"exactly at end time → false (exclusive)","duration":0.0733330000002752,"failureMessages":[],"meta":{}},{"ancestorTitles":["evaluateConditions — time_window"],"fullName":"evaluateConditions — time_window midnight-wrap window: 22:00–06:00, now=23:30 → true","status":"passed","title":"midnight-wrap window: 22:00–06:00, now=23:30 → true","duration":0.06708299999991141,"failureMessages":[],"meta":{}},{"ancestorTitles":["evaluateConditions — time_window"],"fullName":"evaluateConditions — time_window midnight-wrap window: 22:00–06:00, now=02:00 → true","status":"passed","title":"midnight-wrap window: 22:00–06:00, now=02:00 → true","duration":0.06758300000001327,"failureMessages":[],"meta":{}},{"ancestorTitles":["evaluateConditions — time_window"],"fullName":"evaluateConditions — time_window midnight-wrap window: 22:00–06:00, now=14:00 → false","status":"passed","title":"midnight-wrap window: 22:00–06:00, now=14:00 → false","duration":0.0753340000001117,"failureMessages":[],"meta":{}},{"ancestorTitles":["evaluateConditions — time_window"],"fullName":"evaluateConditions — time_window zero-length window (start===end) → false","status":"passed","title":"zero-length window (start===end) → false","duration":0.07429199999978664,"failureMessages":[],"meta":{}},{"ancestorTitles":["evaluateConditions — time_window"],"fullName":"evaluateConditions — time_window weekday filter: Mon in [1,2,3,4,5] → true","status":"passed","title":"weekday filter: Mon in [1,2,3,4,5] → true","duration":0.0884169999999358,"failureMessages":[],"meta":{}},{"ancestorTitles":["evaluateConditions — time_window"],"fullName":"evaluateConditions — time_window weekday filter: Sat not in [1,2,3,4,5] → false","status":"passed","title":"weekday filter: Sat not in [1,2,3,4,5] → false","duration":0.06500000000005457,"failureMessages":[],"meta":{}},{"ancestorTitles":["evaluateConditions — time_window"],"fullName":"evaluateConditions — time_window weekday filter: all days [0,1,2,3,4,5,6] → true for any day","status":"passed","title":"weekday filter: all days [0,1,2,3,4,5,6] → true for any day","duration":0.060209000000213564,"failureMessages":[],"meta":{}},{"ancestorTitles":["evaluateConditions — time_window"],"fullName":"evaluateConditions — time_window timezone: UTC+5:30 shifts time so a UTC-14:00 request is in a different local hour","status":"passed","title":"timezone: UTC+5:30 shifts time so a UTC-14:00 request is in a different local hour","duration":0.07695899999998801,"failureMessages":[],"meta":{}},{"ancestorTitles":["evaluateConditions — time_window"],"fullName":"evaluateConditions — time_window timezone: UTC-5 shifts time so the same UTC time is outside window","status":"passed","title":"timezone: UTC-5 shifts time so the same UTC time is outside window","duration":0.0751669999999649,"failureMessages":[],"meta":{}},{"ancestorTitles":["evaluateConditions — time_window"],"fullName":"evaluateConditions — time_window timezone: UTC-5 within window","status":"passed","title":"timezone: UTC-5 within window","duration":0.06208399999968606,"failureMessages":[],"meta":{}},{"ancestorTitles":["evaluateConditions — time_window"],"fullName":"evaluateConditions — time_window malformed time_window (not an object) → false","status":"passed","title":"malformed time_window (not an object) → false","duration":0.03350000000000364,"failureMessages":[],"meta":{}},{"ancestorTitles":["evaluateConditions — time_window"],"fullName":"evaluateConditions — time_window malformed start time → false","status":"passed","title":"malformed start time → false","duration":0.037291000000095664,"failureMessages":[],"meta":{}},{"ancestorTitles":["evaluateConditions — time_window"],"fullName":"evaluateConditions — time_window malformed days array (out-of-range value) → false","status":"passed","title":"malformed days array (out-of-range value) → false","duration":0.03341600000021572,"failureMessages":[],"meta":{}},{"ancestorTitles":["evaluateConditions — time_window"],"fullName":"evaluateConditions — time_window malformed days (not an array) → false","status":"passed","title":"malformed days (not an array) → false","duration":0.030208000000129687,"failureMessages":[],"meta":{}},{"ancestorTitles":["evaluateConditions — ip_ranges"],"fullName":"evaluateConditions — ip_ranges IPv4 in /8 CIDR → true","status":"passed","title":"IPv4 in /8 CIDR → true","duration":0.18787499999962165,"failureMessages":[],"meta":{}},{"ancestorTitles":["evaluateConditions — ip_ranges"],"fullName":"evaluateConditions — ip_ranges IPv4 outside /8 CIDR → false","status":"passed","title":"IPv4 outside /8 CIDR → false","duration":0.04287500000009459,"failureMessages":[],"meta":{}},{"ancestorTitles":["evaluateConditions — ip_ranges"],"fullName":"evaluateConditions — ip_ranges IPv4 exact match /32 → true","status":"passed","title":"IPv4 exact match /32 → true","duration":0.040042000000084954,"failureMessages":[],"meta":{}},{"ancestorTitles":["evaluateConditions — ip_ranges"],"fullName":"evaluateConditions — ip_ranges IPv4 /32 exact mismatch → false","status":"passed","title":"IPv4 /32 exact mismatch → false","duration":0.03837500000008731,"failureMessages":[],"meta":{}},{"ancestorTitles":["evaluateConditions — ip_ranges"],"fullName":"evaluateConditions — ip_ranges IPv4 in /24 subnet → true","status":"passed","title":"IPv4 in /24 subnet → true","duration":0.04283400000031179,"failureMessages":[],"meta":{}},{"ancestorTitles":["evaluateConditions — ip_ranges"],"fullName":"evaluateConditions — ip_ranges IPv4 outside /24 subnet → false","status":"passed","title":"IPv4 outside /24 subnet → false","duration":0.034500000000207365,"failureMessages":[],"meta":{}},{"ancestorTitles":["evaluateConditions — ip_ranges"],"fullName":"evaluateConditions — ip_ranges IPv4 in /0 (all IPs) → true","status":"passed","title":"IPv4 in /0 (all IPs) → true","duration":0.04275000000006912,"failureMessages":[],"meta":{}},{"ancestorTitles":["evaluateConditions — ip_ranges"],"fullName":"evaluateConditions — ip_ranges null clientIp → false (fail-closed for any IP condition)","status":"passed","title":"null clientIp → false (fail-closed for any IP condition)","duration":0.028708000000278844,"failureMessages":[],"meta":{}},{"ancestorTitles":["evaluateConditions — ip_ranges"],"fullName":"evaluateConditions — ip_ranges multiple CIDRs: IP matches second → true","status":"passed","title":"multiple CIDRs: IP matches second → true","duration":0.037040999999589985,"failureMessages":[],"meta":{}},{"ancestorTitles":["evaluateConditions — ip_ranges"],"fullName":"evaluateConditions — ip_ranges multiple CIDRs: IP matches none → false","status":"passed","title":"multiple CIDRs: IP matches none → false","duration":0.033625000000029104,"failureMessages":[],"meta":{}},{"ancestorTitles":["evaluateConditions — ip_ranges"],"fullName":"evaluateConditions — ip_ranges IPv6 in /32 CIDR → true","status":"passed","title":"IPv6 in /32 CIDR → true","duration":0.4210840000000644,"failureMessages":[],"meta":{}},{"ancestorTitles":["evaluateConditions — ip_ranges"],"fullName":"evaluateConditions — ip_ranges IPv6 outside /32 CIDR → false","status":"passed","title":"IPv6 outside /32 CIDR → false","duration":0.049082999999882304,"failureMessages":[],"meta":{}},{"ancestorTitles":["evaluateConditions — ip_ranges"],"fullName":"evaluateConditions — ip_ranges IPv6 loopback in /128 → true","status":"passed","title":"IPv6 loopback in /128 → true","duration":0.049042000000099506,"failureMessages":[],"meta":{}},{"ancestorTitles":["evaluateConditions — ip_ranges"],"fullName":"evaluateConditions — ip_ranges IPv6 loopback /128 mismatch → false","status":"passed","title":"IPv6 loopback /128 mismatch → false","duration":0.046291999999994005,"failureMessages":[],"meta":{}},{"ancestorTitles":["evaluateConditions — ip_ranges"],"fullName":"evaluateConditions — ip_ranges IPv4-mapped IPv6 (::ffff:10.0.0.1) matched against IPv4 CIDR 10.0.0.0/8 → true","status":"passed","title":"IPv4-mapped IPv6 (::ffff:10.0.0.1) matched against IPv4 CIDR 10.0.0.0/8 → true","duration":0.04091699999980847,"failureMessages":[],"meta":{}},{"ancestorTitles":["evaluateConditions — ip_ranges"],"fullName":"evaluateConditions — ip_ranges IPv4-mapped IPv6 outside IPv4 CIDR → false","status":"passed","title":"IPv4-mapped IPv6 outside IPv4 CIDR → false","duration":0.03850000000011278,"failureMessages":[],"meta":{}},{"ancestorTitles":["evaluateConditions — ip_ranges"],"fullName":"evaluateConditions — ip_ranges ip_allow alias works identically to ip_ranges","status":"passed","title":"ip_allow alias works identically to ip_ranges","duration":0.04241700000011406,"failureMessages":[],"meta":{}},{"ancestorTitles":["evaluateConditions — ip_ranges"],"fullName":"evaluateConditions — ip_ranges malformed ip_ranges (not an array) → false","status":"passed","title":"malformed ip_ranges (not an array) → false","duration":0.06274999999959618,"failureMessages":[],"meta":{}},{"ancestorTitles":["evaluateConditions — ip_ranges"],"fullName":"evaluateConditions — ip_ranges malformed ip_ranges (array contains non-string) → false","status":"passed","title":"malformed ip_ranges (array contains non-string) → false","duration":0.02891600000020844,"failureMessages":[],"meta":{}},{"ancestorTitles":["evaluateConditions — AND combination"],"fullName":"evaluateConditions — AND combination time_window AND ip_ranges — both pass → true","status":"passed","title":"time_window AND ip_ranges — both pass → true","duration":0.10508400000026086,"failureMessages":[],"meta":{}},{"ancestorTitles":["evaluateConditions — AND combination"],"fullName":"evaluateConditions — AND combination time_window AND ip_ranges — time fails → false","status":"passed","title":"time_window AND ip_ranges — time fails → false","duration":0.06916700000010678,"failureMessages":[],"meta":{}},{"ancestorTitles":["evaluateConditions — AND combination"],"fullName":"evaluateConditions — AND combination time_window AND ip_ranges — IP fails → false","status":"passed","title":"time_window AND ip_ranges — IP fails → false","duration":0.0913749999999709,"failureMessages":[],"meta":{}},{"ancestorTitles":["evaluateConditions — AND combination"],"fullName":"evaluateConditions — AND combination time_window AND ip_ranges — both fail → false","status":"passed","title":"time_window AND ip_ranges — both fail → false","duration":0.06475000000000364,"failureMessages":[],"meta":{}}],"startTime":1781072002151,"endTime":1781072002165.0913,"status":"passed","message":"","name":"/Users/macanderson/oxagen-monorepo/packages/oxagen/src/iam/conditions.test.ts"},{"assertionResults":[{"ancestorTitles":["resolve — Rule 8: default effect"],"fullName":"resolve — Rule 8: default effect deny with reason no_grant when defaultEffect is deny and no grants exist","status":"passed","title":"deny with reason no_grant when defaultEffect is deny and no grants exist","duration":0.6410409999998592,"failureMessages":[],"meta":{}},{"ancestorTitles":["resolve — Rule 8: default effect"],"fullName":"resolve — Rule 8: default effect allows when defaultEffect is allow and no grants exist","status":"passed","title":"allows when defaultEffect is allow and no grants exist","duration":0.09429199999976845,"failureMessages":[],"meta":{}},{"ancestorTitles":["resolve — Rule 8: default effect"],"fullName":"resolve — Rule 8: default effect returns pending_approval when defaultEffect is require_approval","status":"passed","title":"returns pending_approval when defaultEffect is require_approval","duration":0.07933299999967858,"failureMessages":[],"meta":{}},{"ancestorTitles":["resolve — Rule 6: org default grant"],"fullName":"resolve — Rule 6: org default grant allows when org grant is allow and no workspace override","status":"passed","title":"allows when org grant is allow and no workspace override","duration":0.13574999999991633,"failureMessages":[],"meta":{}},{"ancestorTitles":["resolve — Rule 6: org default grant"],"fullName":"resolve — Rule 6: org default grant inherits pending_approval from org grant","status":"passed","title":"inherits pending_approval from org grant","duration":0.07583399999975882,"failureMessages":[],"meta":{}},{"ancestorTitles":["resolve — Rule 6: org default grant"],"fullName":"resolve — Rule 6: org default grant denies when org grant effect is deny","status":"passed","title":"denies when org grant effect is deny","duration":0.08608300000014424,"failureMessages":[],"meta":{}},{"ancestorTitles":["resolve — Rule 6: org default grant"],"fullName":"resolve — Rule 6: org default grant expired grant is skipped and falls through to rule 8 deny","status":"passed","title":"expired grant is skipped and falls through to rule 8 deny","duration":0.09483300000010786,"failureMessages":[],"meta":{}},{"ancestorTitles":["resolve — Rule 6: org default grant"],"fullName":"resolve — Rule 6: org default grant condition-failed grant is skipped and reported","status":"passed","title":"condition-failed grant is skipped and reported","duration":0.0775829999997768,"failureMessages":[],"meta":{}},{"ancestorTitles":["resolve — Rule 1: workspace explicit deny"],"fullName":"resolve — Rule 1: workspace explicit deny denies when workspace deny overrides org allow (rule 1 before rule 3)","status":"passed","title":"denies when workspace deny overrides org allow (rule 1 before rule 3)","duration":0.09816600000021936,"failureMessages":[],"meta":{}},{"ancestorTitles":["resolve — Rule 1: workspace explicit deny"],"fullName":"resolve — Rule 1: workspace explicit deny does not fire rule 1 when scope is org (workspace deny only applies on workspace scope)","status":"passed","title":"does not fire rule 1 when scope is org (workspace deny only applies on workspace scope)","duration":0.08374999999978172,"failureMessages":[],"meta":{}},{"ancestorTitles":["resolve — Rule 2: org enforced deny"],"fullName":"resolve — Rule 2: org enforced deny org enforced deny beats workspace allow (rule 2 before rule 3)","status":"passed","title":"org enforced deny beats workspace allow (rule 2 before rule 3)","duration":0.10233400000015536,"failureMessages":[],"meta":{}},{"ancestorTitles":["resolve — Rule 2: org enforced deny"],"fullName":"resolve — Rule 2: org enforced deny non-enforced org deny policy does not fire rule 2","status":"passed","title":"non-enforced org deny policy does not fire rule 2","duration":0.0669169999996484,"failureMessages":[],"meta":{}},{"ancestorTitles":["resolve — Rule 3: workspace explicit allow"],"fullName":"resolve — Rule 3: workspace explicit allow workspace allow takes precedence over org deny","status":"passed","title":"workspace allow takes precedence over org deny","duration":0.05704199999991033,"failureMessages":[],"meta":{}},{"ancestorTitles":["resolve — Rule 4: org enforced allow"],"fullName":"resolve — Rule 4: org enforced allow org enforced allow resolves","status":"passed","title":"org enforced allow resolves","duration":0.06458299999985684,"failureMessages":[],"meta":{}},{"ancestorTitles":["resolve — Rule 5: workspace require_approval"],"fullName":"resolve — Rule 5: workspace require_approval workspace require_approval returns pending","status":"passed","title":"workspace require_approval returns pending","duration":0.08279200000015408,"failureMessages":[],"meta":{}},{"ancestorTitles":["resolve — Rule 7: role-inherited grant"],"fullName":"resolve — Rule 7: role-inherited grant role grant allow is used when no direct grants (rule 7)","status":"passed","title":"role grant allow is used when no direct grants (rule 7)","duration":0.7316249999998945,"failureMessages":[],"meta":{}},{"ancestorTitles":["resolve — Rule 7: role-inherited grant"],"fullName":"resolve — Rule 7: role-inherited grant require_approval in role grant returns pending (rule 7)","status":"passed","title":"require_approval in role grant returns pending (rule 7)","duration":0.08249999999998181,"failureMessages":[],"meta":{}},{"ancestorTitles":["resolve — Rule 7: role-inherited grant"],"fullName":"resolve — Rule 7: role-inherited grant role grant deny causes deny (rule 7)","status":"passed","title":"role grant deny causes deny (rule 7)","duration":0.0630420000002232,"failureMessages":[],"meta":{}},{"ancestorTitles":["resolve — Rule 7: role-inherited grant"],"fullName":"resolve — Rule 7: role-inherited grant principal not in role — role grant does not apply","status":"passed","title":"principal not in role — role grant does not apply","duration":0.04854199999999764,"failureMessages":[],"meta":{}},{"ancestorTitles":["resolve — Rule precedence: org enforced deny beats role grant allow"],"fullName":"resolve — Rule precedence: org enforced deny beats role grant allow org enforced deny (rule 2) fires before role grant allow (rule 7)","status":"passed","title":"org enforced deny (rule 2) fires before role grant allow (rule 7)","duration":0.0645409999997355,"failureMessages":[],"meta":{}},{"ancestorTitles":["resolve — trace integrity"],"fullName":"resolve — trace integrity trace contains all rules evaluated in order before the decision","status":"passed","title":"trace contains all rules evaluated in order before the decision","duration":0.10095900000032998,"failureMessages":[],"meta":{}},{"ancestorTitles":["resolve — trace integrity"],"fullName":"resolve — trace integrity trace decidedBy points to a step in the steps array","status":"passed","title":"trace decidedBy points to a step in the steps array","duration":0.4824159999998301,"failureMessages":[],"meta":{}},{"ancestorTitles":["resolve — trace integrity"],"fullName":"resolve — trace integrity workspace scope includes workspace-specific rule steps","status":"passed","title":"workspace scope includes workspace-specific rule steps","duration":0.11145899999974063,"failureMessages":[],"meta":{}},{"ancestorTitles":["resolve — expiry edge cases"],"fullName":"resolve — expiry edge cases grant with future expiresAt is valid (not expired)","status":"passed","title":"grant with future expiresAt is valid (not expired)","duration":0.04854199999999764,"failureMessages":[],"meta":{}},{"ancestorTitles":["resolve — expiry edge cases"],"fullName":"resolve — expiry edge cases grant with undefined expiresAt never expires","status":"passed","title":"grant with undefined expiresAt never expires","duration":0.033249999999952706,"failureMessages":[],"meta":{}},{"ancestorTitles":["resolve — conditions"],"fullName":"resolve — conditions empty conditions object means always satisfied","status":"passed","title":"empty conditions object means always satisfied","duration":0.039874999999938154,"failureMessages":[],"meta":{}},{"ancestorTitles":["resolve — conditions"],"fullName":"resolve — conditions null conditionsJsonb means always satisfied","status":"passed","title":"null conditionsJsonb means always satisfied","duration":0.04166699999996126,"failureMessages":[],"meta":{}},{"ancestorTitles":["resolve — conditions"],"fullName":"resolve — conditions array conditionsJsonb fails closed (returns condition_failed)","status":"passed","title":"array conditionsJsonb fails closed (returns condition_failed)","duration":0.04729200000019773,"failureMessages":[],"meta":{}}],"startTime":1781072002488,"endTime":1781072002492.1116,"status":"passed","message":"","name":"/Users/macanderson/oxagen-monorepo/packages/oxagen/src/iam/resolve.test.ts"}]}
@oxagen/notifications:test:unit: {"level":50,"time":1781072005809,"app":"notifications","driver":"smtp","recipientCount":1,"subject":"s","err":{"type":"Error","message":"SMTP 535 authentication failed","stack":"Error: SMTP 535 authentication failed\n    at /Users/macanderson/oxagen-monorepo/packages/notifications/src/smtp-transport.test.ts:136:36\n    at file:///Users/macanderson/oxagen-monorepo/node_modules/@vitest/runner/dist/index.js:146:14\n    at file:///Users/macanderson/oxagen-monorepo/node_modules/@vitest/runner/dist/index.js:533:11\n    at runWithTimeout (file:///Users/macanderson/oxagen-monorepo/node_modules/@vitest/runner/dist/index.js:39:7)\n    at runTest (file:///Users/macanderson/oxagen-monorepo/node_modules/@vitest/runner/dist/index.js:1056:17)\n    at processTicksAndRejections (node:internal/process/task_queues:104:5)\n    at runSuite (file:///Users/macanderson/oxagen-monorepo/node_modules/@vitest/runner/dist/index.js:1205:15)\n    at runSuite (file:///Users/macanderson/oxagen-monorepo/node_modules/@vitest/runner/dist/index.js:1205:15)\n    at runFiles (file:///Users/macanderson/oxagen-monorepo/node_modules/@vitest/runner/dist/index.js:1262:5)\n    at startTests (file:///Users/macanderson/oxagen-monorepo/node_modules/@vitest/runner/dist/index.js:1271:3)"},"durationMs":0,"msg":"notifications.email.send: failed"}
@oxagen/notifications:test:unit: {"level":50,"time":1781072006186,"app":"notifications","orgId":"org-1","userId":"u1","err":{"type":"Error","message":"db down","stack":"Error: db down\n    at /Users/macanderson/oxagen-monorepo/packages/notifications/src/notifications/notify-org-managers.production.test.ts:204:30\n    at file:///Users/macanderson/oxagen-monorepo/node_modules/@vitest/runner/dist/index.js:146:14\n    at file:///Users/macanderson/oxagen-monorepo/node_modules/@vitest/runner/dist/index.js:533:11\n    at runWithTimeout (file:///Users/macanderson/oxagen-monorepo/node_modules/@vitest/runner/dist/index.js:39:7)\n    at runTest (file:///Users/macanderson/oxagen-monorepo/node_modules/@vitest/runner/dist/index.js:1056:17)\n    at processTicksAndRejections (node:internal/process/task_queues:104:5)\n    at runSuite (file:///Users/macanderson/oxagen-monorepo/node_modules/@vitest/runner/dist/index.js:1205:15)\n    at runSuite (file:///Users/macanderson/oxagen-monorepo/node_modules/@vitest/runner/dist/index.js:1205:15)\n    at runFiles (file:///Users/macanderson/oxagen-monorepo/node_modules/@vitest/runner/dist/index.js:1262:5)\n    at startTests (file:///Users/macanderson/oxagen-monorepo/node_modules/@vitest/runner/dist/index.js:1271:3)"},"msg":"[notifyOrgManagers] failed to create in-app notification"}
@oxagen/notifications:test:unit: {"level":50,"time":1781072006270,"app":"notifications","orgId":"org-1","userId":"user-owner","email":"owner@acme.com","err":{"type":"Error","message":"SMTP connection refused","stack":"Error: SMTP connection refused\n    at /Users/macanderson/oxagen-monorepo/packages/notifications/src/notifications/notify-org-managers.test.ts:87:41\n    at file:///Users/macanderson/oxagen-monorepo/node_modules/@vitest/runner/dist/index.js:146:14\n    at file:///Users/macanderson/oxagen-monorepo/node_modules/@vitest/runner/dist/index.js:533:11\n    at runWithTimeout (file:///Users/macanderson/oxagen-monorepo/node_modules/@vitest/runner/dist/index.js:39:7)\n    at runTest (file:///Users/macanderson/oxagen-monorepo/node_modules/@vitest/runner/dist/index.js:1056:17)\n    at processTicksAndRejections (node:internal/process/task_queues:104:5)\n    at runSuite (file:///Users/macanderson/oxagen-monorepo/node_modules/@vitest/runner/dist/index.js:1205:15)\n    at runSuite (file:///Users/macanderson/oxagen-monorepo/node_modules/@vitest/runner/dist/index.js:1205:15)\n    at runFiles (file:///Users/macanderson/oxagen-monorepo/node_modules/@vitest/runner/dist/index.js:1262:5)\n    at startTests (file:///Users/macanderson/oxagen-monorepo/node_modules/@vitest/runner/dist/index.js:1271:3)"},"msg":"[notifyOrgManagers] email send failed (in-app notification still created)"}
@oxagen/iam:test:unit: {"level":40,"time":1781072007076,"app":"iam","err":{"type":"Error","message":"clickhouse read failed","stack":"Error: clickhouse read failed\n    at /Users/macanderson/oxagen-monorepo/packages/iam/src/emit-audit.test.ts:124:50\n    at file:///Users/macanderson/oxagen-monorepo/node_modules/@vitest/runner/dist/index.js:146:14\n    at file:///Users/macanderson/oxagen-monorepo/node_modules/@vitest/runner/dist/index.js:533:11\n    at runWithTimeout (file:///Users/macanderson/oxagen-monorepo/node_modules/@vitest/runner/dist/index.js:39:7)\n    at runTest (file:///Users/macanderson/oxagen-monorepo/node_modules/@vitest/runner/dist/index.js:1056:17)\n    at runSuite (file:///Users/macanderson/oxagen-monorepo/node_modules/@vitest/runner/dist/index.js:1205:15)\n    at runSuite (file:///Users/macanderson/oxagen-monorepo/node_modules/@vitest/runner/dist/index.js:1205:15)\n    at runFiles (file:///Users/macanderson/oxagen-monorepo/node_modules/@vitest/runner/dist/index.js:1262:5)\n    at startTests (file:///Users/macanderson/oxagen-monorepo/node_modules/@vitest/runner/dist/index.js:1271:3)\n    at file:///Users/macanderson/oxagen-monorepo/node_modules/vitest/dist/chunks/runBaseTests.3qpJUEJM.js:126:11"},"msg":"[iam:emit-audit] Failed to read latest chain hash"}
@oxagen/iam:test:unit: {"level":40,"time":1781072007124,"app":"iam","err":{"type":"Error","message":"read timeout","stack":"Error: read timeout\n    at /Users/macanderson/oxagen-monorepo/packages/iam/src/emit-audit.test.ts:363:50\n    at file:///Users/macanderson/oxagen-monorepo/node_modules/@vitest/runner/dist/index.js:146:14\n    at file:///Users/macanderson/oxagen-monorepo/node_modules/@vitest/runner/dist/index.js:533:11\n    at runWithTimeout (file:///Users/macanderson/oxagen-monorepo/node_modules/@vitest/runner/dist/index.js:39:7)\n    at runTest (file:///Users/macanderson/oxagen-monorepo/node_modules/@vitest/runner/dist/index.js:1056:17)\n    at runSuite (file:///Users/macanderson/oxagen-monorepo/node_modules/@vitest/runner/dist/index.js:1205:15)\n    at runSuite (file:///Users/macanderson/oxagen-monorepo/node_modules/@vitest/runner/dist/index.js:1205:15)\n    at runFiles (file:///Users/macanderson/oxagen-monorepo/node_modules/@vitest/runner/dist/index.js:1262:5)\n    at startTests (file:///Users/macanderson/oxagen-monorepo/node_modules/@vitest/runner/dist/index.js:1271:3)\n    at file:///Users/macanderson/oxagen-monorepo/node_modules/vitest/dist/chunks/runBaseTests.3qpJUEJM.js:126:11"},"msg":"[iam:emit-audit] Failed to read latest chain hash"}
@oxagen/database:test:unit: {"numTotalTestSuites":34,"numPassedTestSuites":34,"numFailedTestSuites":0,"numPendingTestSuites":0,"numTotalTests":97,"numPassedTests":97,"numFailedTests":0,"numPendingTests":0,"numTodoTests":0,"snapshot":{"added":0,"failure":false,"filesAdded":0,"filesRemoved":0,"filesRemovedList":[],"filesUnmatched":0,"filesUpdated":0,"matched":0,"total":0,"unchecked":0,"uncheckedKeysByFile":[],"unmatched":0,"updated":0,"didUpdate":false},"startTime":1781072003853,"success":true,"testResults":[{"assertionResults":[{"ancestorTitles":["makeSecurityEventInserter — RLS bypass invariant"],"fullName":"makeSecurityEventInserter — RLS bypass invariant calls withSystemDb (not withTenantDb) for the insert","status":"passed","title":"calls withSystemDb (not withTenantDb) for the insert","duration":0.7040419999998448,"failureMessages":[],"meta":{}},{"ancestorTitles":["makeSecurityEventInserter — RLS bypass invariant"],"fullName":"makeSecurityEventInserter — RLS bypass invariant works WITHOUT any active tenant scope (no requireScope, no TenantScopeError)","status":"passed","title":"works WITHOUT any active tenant scope (no requireScope, no TenantScopeError)","duration":0.2868329999996604,"failureMessages":[],"meta":{}},{"ancestorTitles":["makeSecurityEventInserter — null field mapping"],"fullName":"makeSecurityEventInserter — null field mapping maps null actorUserId to undefined","status":"passed","title":"maps null actorUserId to undefined","duration":0.10933299999987867,"failureMessages":[],"meta":{}},{"ancestorTitles":["makeSecurityEventInserter — null field mapping"],"fullName":"makeSecurityEventInserter — null field mapping maps null workspaceId to undefined","status":"passed","title":"maps null workspaceId to undefined","duration":0.09054100000003018,"failureMessages":[],"meta":{}},{"ancestorTitles":["makeSecurityEventInserter — null field mapping"],"fullName":"makeSecurityEventInserter — null field mapping maps null capability to undefined","status":"passed","title":"maps null capability to undefined","duration":0.07004100000040125,"failureMessages":[],"meta":{}},{"ancestorTitles":["makeSecurityEventInserter — null field mapping"],"fullName":"makeSecurityEventInserter — null field mapping maps null ip to undefined","status":"passed","title":"maps null ip to undefined","duration":0.07204099999989921,"failureMessages":[],"meta":{}},{"ancestorTitles":["makeSecurityEventInserter — null field mapping"],"fullName":"makeSecurityEventInserter — null field mapping maps null userAgent to undefined","status":"passed","title":"maps null userAgent to undefined","duration":0.06195899999966059,"failureMessages":[],"meta":{}},{"ancestorTitles":["makeSecurityEventInserter — null field mapping"],"fullName":"makeSecurityEventInserter — null field mapping maps null requestId to undefined","status":"passed","title":"maps null requestId to undefined","duration":0.0569590000000062,"failureMessages":[],"meta":{}},{"ancestorTitles":["makeSecurityEventInserter — null field mapping"],"fullName":"makeSecurityEventInserter — null field mapping passes non-null values through unchanged","status":"passed","title":"passes non-null values through unchanged","duration":0.14425000000028376,"failureMessages":[],"meta":{}},{"ancestorTitles":["makeSecurityEventInserter — return type"],"fullName":"makeSecurityEventInserter — return type returns a function","status":"passed","title":"returns a function","duration":0.06804199999987759,"failureMessages":[],"meta":{}},{"ancestorTitles":["makeSecurityEventInserter — return type"],"fullName":"makeSecurityEventInserter — return type the returned function resolves void (not a value)","status":"passed","title":"the returned function resolves void (not a value)","duration":0.05900000000019645,"failureMessages":[],"meta":{}},{"ancestorTitles":["makeSecurityEventInserter — return type"],"fullName":"makeSecurityEventInserter — return type creates independent inserter instances per call","status":"passed","title":"creates independent inserter instances per call","duration":0.2550420000002305,"failureMessages":[],"meta":{}}],"startTime":1781072006066,"endTime":1781072006068.2551,"status":"passed","message":"","name":"/Users/macanderson/oxagen-monorepo/packages/database/src/security.test.ts"},{"assertionResults":[{"ancestorTitles":["rlsEnforced"],"fullName":"rlsEnforced returns true when requireEnv returns true (mirrors 'true' string transform)","status":"passed","title":"returns true when requireEnv returns true (mirrors 'true' string transform)","duration":1.9133750000000873,"failureMessages":[],"meta":{}},{"ancestorTitles":["rlsEnforced"],"fullName":"rlsEnforced returns false when requireEnv returns false (mirrors undefined/missing transform)","status":"passed","title":"returns false when requireEnv returns false (mirrors undefined/missing transform)","duration":0.305625000000191,"failureMessages":[],"meta":{}},{"ancestorTitles":["rlsEnforced"],"fullName":"rlsEnforced returns false by default (mock default → false)","status":"passed","title":"returns false by default (mock default → false)","duration":0.07275000000004184,"failureMessages":[],"meta":{}},{"ancestorTitles":["rlsEnforced"],"fullName":"rlsEnforced invokes requireEnv with the TENANT_RLS_ENFORCEMENT_ENABLED key","status":"passed","title":"invokes requireEnv with the TENANT_RLS_ENFORCEMENT_ENABLED key","duration":1.7427920000000086,"failureMessages":[],"meta":{}},{"ancestorTitles":["rlsEnforced"],"fullName":"rlsEnforced returns a boolean (not a string, not undefined)","status":"passed","title":"returns a boolean (not a string, not undefined)","duration":0.12133300000004965,"failureMessages":[],"meta":{}},{"ancestorTitles":["TENANT_RLS_ENFORCEMENT_ENABLED Zod transform parity"],"fullName":"TENANT_RLS_ENFORCEMENT_ENABLED Zod transform parity schema transforms 'true' to boolean true","status":"passed","title":"schema transforms 'true' to boolean true","duration":0.46433299999989686,"failureMessages":[],"meta":{}},{"ancestorTitles":["TENANT_RLS_ENFORCEMENT_ENABLED Zod transform parity"],"fullName":"TENANT_RLS_ENFORCEMENT_ENABLED Zod transform parity schema transforms 'false' to boolean false","status":"passed","title":"schema transforms 'false' to boolean false","duration":0.2616249999998672,"failureMessages":[],"meta":{}},{"ancestorTitles":["TENANT_RLS_ENFORCEMENT_ENABLED Zod transform parity"],"fullName":"TENANT_RLS_ENFORCEMENT_ENABLED Zod transform parity schema transforms undefined to false (optional field absent = enforcement off)","status":"passed","title":"schema transforms undefined to false (optional field absent = enforcement off)","duration":0.08233399999994617,"failureMessages":[],"meta":{}},{"ancestorTitles":["TENANT_RLS_ENFORCEMENT_ENABLED Zod transform parity"],"fullName":"TENANT_RLS_ENFORCEMENT_ENABLED Zod transform parity schema rejects non-'true'/'false' strings","status":"passed","title":"schema rejects non-'true'/'false' strings","duration":5.600082999999813,"failureMessages":[],"meta":{}}],"startTime":1781072005731,"endTime":1781072005741.6,"status":"passed","message":"","name":"/Users/macanderson/oxagen-monorepo/packages/database/src/tenant-flag.test.ts"},{"assertionResults":[{"ancestorTitles":["tenant policy manifest"],"fullName":"tenant policy manifest assigns a known class to every table","status":"passed","title":"assigns a known class to every table","duration":4.02920899999981,"failureMessages":[],"meta":{}},{"ancestorTitles":["tenant policy manifest"],"fullName":"tenant policy manifest includes the known standard owned tables","status":"passed","title":"includes the known standard owned tables","duration":0.09958299999993869,"failureMessages":[],"meta":{}},{"ancestorTitles":["tenant policy manifest"],"fullName":"tenant policy manifest marks billing tables org_only and security_events workspace_nullable","status":"passed","title":"marks billing tables org_only and security_events workspace_nullable","duration":0.10908299999982773,"failureMessages":[],"meta":{}},{"ancestorTitles":["tenant policy manifest"],"fullName":"tenant policy manifest IAM tables live in org.* schema (not iam.*)","status":"passed","title":"IAM tables live in org.* schema (not iam.*)","duration":0.17841700000008132,"failureMessages":[],"meta":{}},{"ancestorTitles":["tenant policy manifest"],"fullName":"tenant policy manifest content.generated_assets is present as standard","status":"passed","title":"content.generated_assets is present as standard","duration":0.04879099999993741,"failureMessages":[],"meta":{}},{"ancestorTitles":["tenant policy manifest"],"fullName":"tenant policy manifest scopes workspace_users (workspace_id only, no org_id) as workspace_only","status":"passed","title":"scopes workspace_users (workspace_id only, no org_id) as workspace_only","duration":0.05274999999983265,"failureMessages":[],"meta":{}},{"ancestorTitles":["tenant policy manifest"],"fullName":"tenant policy manifest excludes tables that carry neither org_id nor a scoping workspace_id","status":"passed","title":"excludes tables that carry neither org_id nor a scoping workspace_id","duration":0.05945799999994961,"failureMessages":[],"meta":{}},{"ancestorTitles":["tenant policy manifest"],"fullName":"tenant policy manifest has no duplicate table entries","status":"passed","title":"has no duplicate table entries","duration":0.04766599999993559,"failureMessages":[],"meta":{}}],"startTime":1781072005696,"endTime":1781072005700.1785,"status":"passed","message":"","name":"/Users/macanderson/oxagen-monorepo/packages/database/src/tenant-policy.manifest.test.ts"},{"assertionResults":[{"ancestorTitles":["withTenantDb"],"fullName":"withTenantDb requires an active scope (fail-closed)","status":"passed","title":"requires an active scope (fail-closed)","duration":10.83987500000012,"failureMessages":[],"meta":{}},{"ancestorTitles":["withTenantDb"],"fullName":"withTenantDb sets org + workspace GUCs and bypass='on' when enforcement is off","status":"passed","title":"sets org + workspace GUCs and bypass='on' when enforcement is off","duration":1.5782079999999041,"failureMessages":[],"meta":{}},{"ancestorTitles":["withTenantDb"],"fullName":"withTenantDb sets bypass='off' when enforcement is enabled","status":"passed","title":"sets bypass='off' when enforcement is enabled","duration":0.16466700000000856,"failureMessages":[],"meta":{}},{"ancestorTitles":["withSystemDb"],"fullName":"withSystemDb runs WITHOUT an active scope (the bypass escape hatch)","status":"passed","title":"runs WITHOUT an active scope (the bypass escape hatch)","duration":0.14762500000006185,"failureMessages":[],"meta":{}},{"ancestorTitles":["withSystemDb"],"fullName":"withSystemDb sets app.rls_bypass='on' and no scope GUCs, even when enforcement is on","status":"passed","title":"sets app.rls_bypass='on' and no scope GUCs, even when enforcement is on","duration":0.11749999999983629,"failureMessages":[],"meta":{}},{"ancestorTitles":["assertRlsConnectionSafe"],"fullName":"assertRlsConnectionSafe is a no-op (does not query db) when enforcement is off","status":"passed","title":"is a no-op (does not query db) when enforcement is off","duration":0.2908340000003591,"failureMessages":[],"meta":{}},{"ancestorTitles":["assertRlsConnectionSafe"],"fullName":"assertRlsConnectionSafe throws when enforcement is on and the role is a superuser","status":"passed","title":"throws when enforcement is on and the role is a superuser","duration":0.17404199999964476,"failureMessages":[],"meta":{}},{"ancestorTitles":["assertRlsConnectionSafe"],"fullName":"assertRlsConnectionSafe throws when enforcement is on and the role has BYPASSRLS","status":"passed","title":"throws when enforcement is on and the role has BYPASSRLS","duration":0.11383299999988594,"failureMessages":[],"meta":{}},{"ancestorTitles":["assertRlsConnectionSafe"],"fullName":"assertRlsConnectionSafe resolves (no throw) when enforcement is on and role is a non-superuser non-BYPASSRLS role","status":"passed","title":"resolves (no throw) when enforcement is on and role is a non-superuser non-BYPASSRLS role","duration":0.0680409999999938,"failureMessages":[],"meta":{}},{"ancestorTitles":["assertRlsConnectionSafe"],"fullName":"assertRlsConnectionSafe queries the db when enforcement is on","status":"passed","title":"queries the db when enforcement is on","duration":0.05562499999996362,"failureMessages":[],"meta":{}}],"startTime":1781072006389,"endTime":1781072006403.2908,"status":"passed","message":"","name":"/Users/macanderson/oxagen-monorepo/packages/database/src/tenant.test.ts"},{"assertionResults":[{"ancestorTitles":["unscoped meter"],"fullName":"unscoped meter counts a call with no active scope","status":"passed","title":"counts a call with no active scope","duration":1.3218329999999696,"failureMessages":[],"meta":{}},{"ancestorTitles":["unscoped meter"],"fullName":"unscoped meter does not count a call inside a scope","status":"passed","title":"does not count a call inside a scope","duration":0.22245900000007168,"failureMessages":[],"meta":{}}],"startTime":1781072005723,"endTime":1781072005724.3218,"status":"passed","message":"","name":"/Users/macanderson/oxagen-monorepo/packages/database/src/unscoped-meter.test.ts"},{"assertionResults":[{"ancestorTitles":["IAM tables importable from schema/index"],"fullName":"IAM tables importable from schema/index all 5 IAM tables are defined (not undefined)","status":"passed","title":"all 5 IAM tables are defined (not undefined)","duration":4.425917000000027,"failureMessages":[],"meta":{}},{"ancestorTitles":["IAM tables importable from schema/index"],"fullName":"IAM tables importable from schema/index principals has an 'id' primary key column","status":"passed","title":"principals has an 'id' primary key column","duration":2.4597499999999854,"failureMessages":[],"meta":{}},{"ancestorTitles":["IAM tables importable from schema/index"],"fullName":"IAM tables importable from schema/index roles has an 'id' primary key column","status":"passed","title":"roles has an 'id' primary key column","duration":0.11400000000003274,"failureMessages":[],"meta":{}},{"ancestorTitles":["IAM tables importable from schema/index"],"fullName":"IAM tables importable from schema/index roleGrants has an 'id' primary key column","status":"passed","title":"roleGrants has an 'id' primary key column","duration":0.07412499999963984,"failureMessages":[],"meta":{}},{"ancestorTitles":["IAM tables importable from schema/index"],"fullName":"IAM tables importable from schema/index principalRoleAssignments has an 'id' primary key column","status":"passed","title":"principalRoleAssignments has an 'id' primary key column","duration":0.11358299999983501,"failureMessages":[],"meta":{}},{"ancestorTitles":["IAM tables importable from schema/index"],"fullName":"IAM tables importable from schema/index accessRequests has an 'id' primary key column","status":"passed","title":"accessRequests has an 'id' primary key column","duration":0.09658300000000963,"failureMessages":[],"meta":{}},{"ancestorTitles":["principals.kind CHECK constraint"],"fullName":"principals.kind CHECK constraint CHECK constraint name includes 'kind_check'","status":"passed","title":"CHECK constraint name includes 'kind_check'","duration":0.10004200000003038,"failureMessages":[],"meta":{}},{"ancestorTitles":["principals.kind CHECK constraint"],"fullName":"principals.kind CHECK constraint kind CHECK SQL includes 'human'","status":"passed","title":"kind CHECK SQL includes 'human'","duration":0.10150000000021464,"failureMessages":[],"meta":{}},{"ancestorTitles":["principals.kind CHECK constraint"],"fullName":"principals.kind CHECK constraint kind CHECK SQL includes 'agent'","status":"passed","title":"kind CHECK SQL includes 'agent'","duration":0.055332999999791355,"failureMessages":[],"meta":{}},{"ancestorTitles":["principals.kind CHECK constraint"],"fullName":"principals.kind CHECK constraint kind CHECK SQL includes 'service'","status":"passed","title":"kind CHECK SQL includes 'service'","duration":0.05591599999979735,"failureMessages":[],"meta":{}},{"ancestorTitles":["roleGrants.effect CHECK constraint"],"fullName":"roleGrants.effect CHECK constraint CHECK constraint name includes 'effect_check'","status":"passed","title":"CHECK constraint name includes 'effect_check'","duration":0.04500000000007276,"failureMessages":[],"meta":{}},{"ancestorTitles":["roleGrants.effect CHECK constraint"],"fullName":"roleGrants.effect CHECK constraint effect CHECK SQL includes 'allow'","status":"passed","title":"effect CHECK SQL includes 'allow'","duration":0.052083999999922526,"failureMessages":[],"meta":{}},{"ancestorTitles":["roleGrants.effect CHECK constraint"],"fullName":"roleGrants.effect CHECK constraint effect CHECK SQL includes 'deny'","status":"passed","title":"effect CHECK SQL includes 'deny'","duration":3.228290999999899,"failureMessages":[],"meta":{}},{"ancestorTitles":["roleGrants.effect CHECK constraint"],"fullName":"roleGrants.effect CHECK constraint effect CHECK SQL includes 'require_approval'","status":"passed","title":"effect CHECK SQL includes 'require_approval'","duration":0.1585840000002463,"failureMessages":[],"meta":{}},{"ancestorTitles":["role_grants columns"],"fullName":"role_grants columns has org_id column","status":"passed","title":"has org_id column","duration":0.5299999999997453,"failureMessages":[],"meta":{}},{"ancestorTitles":["role_grants columns"],"fullName":"role_grants columns has role_id column","status":"passed","title":"has role_id column","duration":0.0810420000002523,"failureMessages":[],"meta":{}},{"ancestorTitles":["role_grants columns"],"fullName":"role_grants columns has capability_id column","status":"passed","title":"has capability_id column","duration":0.05170799999996234,"failureMessages":[],"meta":{}},{"ancestorTitles":["principalRoleAssignments unique index"],"fullName":"principalRoleAssignments unique index has a composite index whose columns include principal_id and role_id","status":"passed","title":"has a composite index whose columns include principal_id and role_id","duration":0.08658299999979135,"failureMessages":[],"meta":{}},{"ancestorTitles":["principalRoleAssignments unique index"],"fullName":"principalRoleAssignments unique index has an org_id column","status":"passed","title":"has an org_id column","duration":0.06749999999965439,"failureMessages":[],"meta":{}},{"ancestorTitles":["principalRoleAssignments unique index"],"fullName":"principalRoleAssignments unique index has an assigned_at column","status":"passed","title":"has an assigned_at column","duration":0.06024999999999636,"failureMessages":[],"meta":{}},{"ancestorTitles":["access_requests.status CHECK constraint"],"fullName":"access_requests.status CHECK constraint CHECK constraint name includes 'status_check'","status":"passed","title":"CHECK constraint name includes 'status_check'","duration":0.043417000000317785,"failureMessages":[],"meta":{}},{"ancestorTitles":["access_requests.status CHECK constraint"],"fullName":"access_requests.status CHECK constraint status CHECK SQL includes 'pending'","status":"passed","title":"status CHECK SQL includes 'pending'","duration":0.046665999999731866,"failureMessages":[],"meta":{}},{"ancestorTitles":["access_requests.status CHECK constraint"],"fullName":"access_requests.status CHECK constraint status CHECK SQL includes 'approved'","status":"passed","title":"status CHECK SQL includes 'approved'","duration":0.04645799999980227,"failureMessages":[],"meta":{}},{"ancestorTitles":["access_requests.status CHECK constraint"],"fullName":"access_requests.status CHECK constraint status CHECK SQL includes 'denied'","status":"passed","title":"status CHECK SQL includes 'denied'","duration":0.0470420000001468,"failureMessages":[],"meta":{}},{"ancestorTitles":["access_requests.status CHECK constraint"],"fullName":"access_requests.status CHECK constraint status CHECK SQL includes 'expired'","status":"passed","title":"status CHECK SQL includes 'expired'","duration":0.042916999999761174,"failureMessages":[],"meta":{}},{"ancestorTitles":["roles.scope_kind CHECK constraint"],"fullName":"roles.scope_kind CHECK constraint CHECK constraint name includes 'scope_kind_check'","status":"passed","title":"CHECK constraint name includes 'scope_kind_check'","duration":0.036665999999968335,"failureMessages":[],"meta":{}},{"ancestorTitles":["roles.scope_kind CHECK constraint"],"fullName":"roles.scope_kind CHECK constraint scope_kind CHECK SQL includes 'org'","status":"passed","title":"scope_kind CHECK SQL includes 'org'","duration":7.255249999999705,"failureMessages":[],"meta":{}},{"ancestorTitles":["roles.scope_kind CHECK constraint"],"fullName":"roles.scope_kind CHECK constraint scope_kind CHECK SQL includes 'workspace'","status":"passed","title":"scope_kind CHECK SQL includes 'workspace'","duration":0.0773749999998472,"failureMessages":[],"meta":{}}],"startTime":1781072007539,"endTime":1781072007559.2554,"status":"passed","message":"","name":"/Users/macanderson/oxagen-monorepo/packages/database/src/__tests__/iam-schema.test.ts"},{"assertionResults":[{"ancestorTitles":["idMixin — publicId config.defaultFn"],"fullName":"idMixin — publicId config.defaultFn config.defaultFn is defined (a JS-side generator is registered)","status":"passed","title":"config.defaultFn is defined (a JS-side generator is registered)","duration":10.407416000000012,"failureMessages":[],"meta":{}},{"ancestorTitles":["idMixin — publicId config.defaultFn"],"fullName":"idMixin — publicId config.defaultFn generates a string matching /^<prefix>_[0-9a-z]{22}$/","status":"passed","title":"generates a string matching /^<prefix>_[0-9a-z]{22}$/","duration":4.808415999999852,"failureMessages":[],"meta":{}},{"ancestorTitles":["idMixin — publicId config.defaultFn"],"fullName":"idMixin — publicId config.defaultFn two calls produce different values (non-deterministic / entropy present)","status":"passed","title":"two calls produce different values (non-deterministic / entropy present)","duration":1.1904589999999189,"failureMessages":[],"meta":{}},{"ancestorTitles":["idMixin — publicId config.defaultFn"],"fullName":"idMixin — publicId config.defaultFn contains only Crockford base32 alphabet — no i, l, o, u after the prefix","status":"passed","title":"contains only Crockford base32 alphabet — no i, l, o, u after the prefix","duration":1.2567920000001322,"failureMessages":[],"meta":{}},{"ancestorTitles":["idMixin — publicId config.defaultFn"],"fullName":"idMixin — publicId config.defaultFn the prefix is honoured for different prefix strings","status":"passed","title":"the prefix is honoured for different prefix strings","duration":0.238582999999835,"failureMessages":[],"meta":{}},{"ancestorTitles":["allowedExecutionStatuses"],"fullName":"allowedExecutionStatuses has no duplicate values","status":"passed","title":"has no duplicate values","duration":0.08245899999974426,"failureMessages":[],"meta":{}},{"ancestorTitles":["allowedExecutionStatuses"],"fullName":"allowedExecutionStatuses includes the 7 expected lifecycle statuses","status":"passed","title":"includes the 7 expected lifecycle statuses","duration":4.097625000000335,"failureMessages":[],"meta":{}},{"ancestorTitles":["securityEvents CHECK constraints"],"fullName":"securityEvents CHECK constraints has an event_type CHECK constraint","status":"passed","title":"has an event_type CHECK constraint","duration":0.0773340000000644,"failureMessages":[],"meta":{}},{"ancestorTitles":["securityEvents CHECK constraints"],"fullName":"securityEvents CHECK constraints event_type CHECK SQL includes every value from SECURITY_EVENT_TYPES","status":"passed","title":"event_type CHECK SQL includes every value from SECURITY_EVENT_TYPES","duration":0.2952919999997903,"failureMessages":[],"meta":{}},{"ancestorTitles":["securityEvents CHECK constraints"],"fullName":"securityEvents CHECK constraints has an outcome CHECK constraint","status":"passed","title":"has an outcome CHECK constraint","duration":0.06112500000017462,"failureMessages":[],"meta":{}},{"ancestorTitles":["securityEvents CHECK constraints"],"fullName":"securityEvents CHECK constraints outcome CHECK SQL includes 'allow', 'deny', 'error'","status":"passed","title":"outcome CHECK SQL includes 'allow', 'deny', 'error'","duration":0.06970799999999144,"failureMessages":[],"meta":{}}],"startTime":1781072007576,"endTime":1781072007599.2954,"status":"passed","message":"","name":"/Users/macanderson/oxagen-monorepo/packages/database/src/__tests__/mixins.test.ts"},{"assertionResults":[{"ancestorTitles":["append-only tables: forbidden mutation columns"],"fullName":"append-only tables: forbidden mutation columns usage_records has no updated_at or deleted_at column","status":"passed","title":"usage_records has no updated_at or deleted_at column","duration":3.4941670000002887,"failureMessages":[],"meta":{}},{"ancestorTitles":["append-only tables: forbidden mutation columns"],"fullName":"append-only tables: forbidden mutation columns credit_ledger has no updated_at or deleted_at column","status":"passed","title":"credit_ledger has no updated_at or deleted_at column","duration":0.22816699999975754,"failureMessages":[],"meta":{}},{"ancestorTitles":["append-only tables: forbidden mutation columns"],"fullName":"append-only tables: forbidden mutation columns stripe_events has no updated_at or deleted_at column","status":"passed","title":"stripe_events has no updated_at or deleted_at column","duration":0.6989159999998265,"failureMessages":[],"meta":{}},{"ancestorTitles":["append-only tables: forbidden mutation columns"],"fullName":"append-only tables: forbidden mutation columns security_events has no updated_at or deleted_at column","status":"passed","title":"security_events has no updated_at or deleted_at column","duration":0.2021669999999176,"failureMessages":[],"meta":{}},{"ancestorTitles":["credit_balances CHECK constraints"],"fullName":"credit_balances CHECK constraints has a balanceCents column (SQL: balance_cents)","status":"passed","title":"has a balanceCents column (SQL: balance_cents)","duration":0.1112089999996897,"failureMessages":[],"meta":{}},{"ancestorTitles":["credit_balances CHECK constraints"],"fullName":"credit_balances CHECK constraints CHECK constraint name includes 'balance_non_negative'","status":"passed","title":"CHECK constraint name includes 'balance_non_negative'","duration":0.1198749999998654,"failureMessages":[],"meta":{}},{"ancestorTitles":["credit_balances CHECK constraints"],"fullName":"credit_balances CHECK constraints balance_non_negative CHECK SQL references balance_cents and >= 0","status":"passed","title":"balance_non_negative CHECK SQL references balance_cents and >= 0","duration":0.13608399999975518,"failureMessages":[],"meta":{}},{"ancestorTitles":["credit_ledger CHECK constraints"],"fullName":"credit_ledger CHECK constraints has a deltaCents column (SQL: delta_cents)","status":"passed","title":"has a deltaCents column (SQL: delta_cents)","duration":0.07233400000041001,"failureMessages":[],"meta":{}},{"ancestorTitles":["credit_ledger CHECK constraints"],"fullName":"credit_ledger CHECK constraints CHECK constraint name includes 'delta_non_zero'","status":"passed","title":"CHECK constraint name includes 'delta_non_zero'","duration":0.05195800000001327,"failureMessages":[],"meta":{}},{"ancestorTitles":["credit_ledger CHECK constraints"],"fullName":"credit_ledger CHECK constraints delta_non_zero CHECK SQL references delta_cents and <> 0","status":"passed","title":"delta_non_zero CHECK SQL references delta_cents and <> 0","duration":0.078125,"failureMessages":[],"meta":{}},{"ancestorTitles":["stripe_events unique idempotency constraint"],"fullName":"stripe_events unique idempotency constraint has a stripe_event_id column","status":"passed","title":"has a stripe_event_id column","duration":0.0568329999996422,"failureMessages":[],"meta":{}},{"ancestorTitles":["stripe_events unique idempotency constraint"],"fullName":"stripe_events unique idempotency constraint has a unique index on stripe_event_id","status":"passed","title":"has a unique index on stripe_event_id","duration":0.05641700000023775,"failureMessages":[],"meta":{}},{"ancestorTitles":["security_events CHECK constraints"],"fullName":"security_events CHECK constraints has an outcome column","status":"passed","title":"has an outcome column","duration":0.0694999999996071,"failureMessages":[],"meta":{}},{"ancestorTitles":["security_events CHECK constraints"],"fullName":"security_events CHECK constraints CHECK constraint name includes 'outcome_check'","status":"passed","title":"CHECK constraint name includes 'outcome_check'","duration":0.0632909999999356,"failureMessages":[],"meta":{}},{"ancestorTitles":["security_events event_type CHECK constraint — billing.* types present"],"fullName":"security_events event_type CHECK constraint — billing.* types present has an event_type_check constraint","status":"passed","title":"has an event_type_check constraint","duration":0.05983299999979863,"failureMessages":[],"meta":{}},{"ancestorTitles":["security_events event_type CHECK constraint — billing.* types present"],"fullName":"security_events event_type CHECK constraint — billing.* types present CHECK SQL includes all billing.* values from the TS union","status":"passed","title":"CHECK SQL includes all billing.* values from the TS union","duration":3.592916999999943,"failureMessages":[],"meta":{}},{"ancestorTitles":["security_events event_type CHECK constraint — billing.* types present"],"fullName":"security_events event_type CHECK constraint — billing.* types present SECURITY_EVENT_TYPES includes exactly the expected billing.* event types","status":"passed","title":"SECURITY_EVENT_TYPES includes exactly the expected billing.* event types","duration":0.7170420000002196,"failureMessages":[],"meta":{}}],"startTime":1781072007536,"endTime":1781072007549.717,"status":"passed","message":"","name":"/Users/macanderson/oxagen-monorepo/packages/database/src/__tests__/schema-append-only.test.ts"}]}
@oxagen/notifications:test:unit: {"numTotalTestSuites":26,"numPassedTestSuites":26,"numFailedTestSuites":0,"numPendingTestSuites":0,"numTotalTests":67,"numPassedTests":67,"numFailedTests":0,"numPendingTests":0,"numTodoTests":0,"snapshot":{"added":0,"failure":false,"filesAdded":0,"filesRemoved":0,"filesRemovedList":[],"filesUnmatched":0,"filesUpdated":0,"matched":0,"total":0,"unchecked":0,"uncheckedKeysByFile":[],"unmatched":0,"updated":0,"didUpdate":false},"startTime":1781072003731,"success":true,"testResults":[{"assertionResults":[{"ancestorTitles":["@oxagen/notifications public surface"],"fullName":"@oxagen/notifications public surface exposes every documented runtime entry point","status":"passed","title":"exposes every documented runtime entry point","duration":5.7327920000007,"failureMessages":[],"meta":{}},{"ancestorTitles":["@oxagen/notifications public surface"],"fullName":"@oxagen/notifications public surface exposes the shared zod payload schema as a parseable validator","status":"passed","title":"exposes the shared zod payload schema as a parseable validator","duration":0.10658299999977316,"failureMessages":[],"meta":{}}],"startTime":1781072008533,"endTime":1781072008538.733,"status":"passed","message":"","name":"/Users/macanderson/oxagen-monorepo/packages/notifications/src/index.test.ts"},{"assertionResults":[{"ancestorTitles":["sendEmail"],"fullName":"sendEmail validates and forwards a well-formed payload to the transport","status":"passed","title":"validates and forwards a well-formed payload to the transport","duration":5.777707999999848,"failureMessages":[],"meta":{}},{"ancestorTitles":["sendEmail"],"fullName":"sendEmail accepts a list of recipients plus cc and bcc","status":"passed","title":"accepts a list of recipients plus cc and bcc","duration":2.871917000000167,"failureMessages":[],"meta":{}},{"ancestorTitles":["sendEmail"],"fullName":"sendEmail rejects a payload with neither text nor html, without calling the transport","status":"passed","title":"rejects a payload with neither text nor html, without calling the transport","duration":1.266832999999906,"failureMessages":[],"meta":{}},{"ancestorTitles":["sendEmail"],"fullName":"sendEmail rejects an invalid recipient address","status":"passed","title":"rejects an invalid recipient address","duration":0.2280839999998534,"failureMessages":[],"meta":{}},{"ancestorTitles":["sendEmail"],"fullName":"sendEmail rejects an empty subject","status":"passed","title":"rejects an empty subject","duration":0.17058300000007875,"failureMessages":[],"meta":{}},{"ancestorTitles":["sendEmail"],"fullName":"sendEmail rejects an empty recipient list","status":"passed","title":"rejects an empty recipient list","duration":0.15258399999993344,"failureMessages":[],"meta":{}},{"ancestorTitles":["sendEmail"],"fullName":"sendEmail rejects to:[\"not-an-email\"] (array with invalid address)","status":"passed","title":"rejects to:[\"not-an-email\"] (array with invalid address)","duration":0.1677079999999478,"failureMessages":[],"meta":{}},{"ancestorTitles":["sendEmail"],"fullName":"sendEmail rejects replyTo:\"not-an-email\" (invalid replyTo address)","status":"passed","title":"rejects replyTo:\"not-an-email\" (invalid replyTo address)","duration":0.13183300000014242,"failureMessages":[],"meta":{}},{"ancestorTitles":["sendEmail"],"fullName":"sendEmail rejects html:\"\" (empty html with text present — fails min(1) on html)","status":"passed","title":"rejects html:\"\" (empty html with text present — fails min(1) on html)","duration":0.12637499999982538,"failureMessages":[],"meta":{}},{"ancestorTitles":["sendEmail"],"fullName":"sendEmail rejects bcc:[] (empty bcc array — fails min(1) on the array union branch)","status":"passed","title":"rejects bcc:[] (empty bcc array — fails min(1) on the array union branch)","duration":0.1356670000000122,"failureMessages":[],"meta":{}},{"ancestorTitles":["sendEmail"],"fullName":"sendEmail accepts html:\" \" (whitespace — passes min(1) since length=1)","status":"passed","title":"accepts html:\" \" (whitespace — passes min(1) since length=1)","duration":0.19933300000002419,"failureMessages":[],"meta":{}}],"startTime":1781072005487,"endTime":1781072005498.1992,"status":"passed","message":"","name":"/Users/macanderson/oxagen-monorepo/packages/notifications/src/send-email.test.ts"},{"assertionResults":[{"ancestorTitles":["createSmtpTransport"],"fullName":"createSmtpTransport reports the driver name","status":"passed","title":"reports the driver name","duration":0.6301659999999174,"failureMessages":[],"meta":{}},{"ancestorTitles":["createSmtpTransport"],"fullName":"createSmtpTransport negotiates STARTTLS on port 587 (secure:false, requireTLS:true)","status":"passed","title":"negotiates STARTTLS on port 587 (secure:false, requireTLS:true)","duration":1.0457080000001042,"failureMessages":[],"meta":{}},{"ancestorTitles":["createSmtpTransport"],"fullName":"createSmtpTransport uses implicit TLS on port 465 (secure:true, requireTLS:false)","status":"passed","title":"uses implicit TLS on port 465 (secure:true, requireTLS:false)","duration":0.15379200000006676,"failureMessages":[],"meta":{}},{"ancestorTitles":["createSmtpTransport"],"fullName":"createSmtpTransport honors an explicit `secure` override regardless of port","status":"passed","title":"honors an explicit `secure` override regardless of port","duration":0.1203330000000733,"failureMessages":[],"meta":{}},{"ancestorTitles":["createSmtpTransport"],"fullName":"createSmtpTransport sends with the structured default From and returns accepted/rejected","status":"passed","title":"sends with the structured default From and returns accepted/rejected","duration":0.583417000000054,"failureMessages":[],"meta":{}},{"ancestorTitles":["createSmtpTransport"],"fullName":"createSmtpTransport uses a bare address as From when no display name is configured","status":"passed","title":"uses a bare address as From when no display name is configured","duration":0.13937499999997272,"failureMessages":[],"meta":{}},{"ancestorTitles":["createSmtpTransport"],"fullName":"createSmtpTransport honors an explicit `from` override and passes html/cc/bcc/replyTo through","status":"passed","title":"honors an explicit `from` override and passes html/cc/bcc/replyTo through","duration":0.16958299999987503,"failureMessages":[],"meta":{}},{"ancestorTitles":["createSmtpTransport"],"fullName":"createSmtpTransport normalizes Address-object accepted/rejected entries to plain strings","status":"passed","title":"normalizes Address-object accepted/rejected entries to plain strings","duration":0.09483299999988049,"failureMessages":[],"meta":{}},{"ancestorTitles":["createSmtpTransport"],"fullName":"createSmtpTransport propagates a transport failure to the caller","status":"passed","title":"propagates a transport failure to the caller","duration":2.0456249999999727,"failureMessages":[],"meta":{}}],"startTime":1781072005806,"endTime":1781072005811.0457,"status":"passed","message":"","name":"/Users/macanderson/oxagen-monorepo/packages/notifications/src/smtp-transport.test.ts"},{"assertionResults":[{"ancestorTitles":["emailTransport"],"fullName":"emailTransport throws a precise error naming the missing SMTP vars","status":"passed","title":"throws a precise error naming the missing SMTP vars","duration":0.98174999999992,"failureMessages":[],"meta":{}},{"ancestorTitles":["emailTransport"],"fullName":"emailTransport treats SMTP_FROM_NAME as optional (does not block resolution)","status":"passed","title":"treats SMTP_FROM_NAME as optional (does not block resolution)","duration":16.359624999999824,"failureMessages":[],"meta":{}},{"ancestorTitles":["emailTransport"],"fullName":"emailTransport maps env to the SMTP config and memoizes a single instance","status":"passed","title":"maps env to the SMTP config and memoizes a single instance","duration":1.228791000000001,"failureMessages":[],"meta":{}}],"startTime":1781072005433,"endTime":1781072005451.2288,"status":"passed","message":"","name":"/Users/macanderson/oxagen-monorepo/packages/notifications/src/transport.test.ts"},{"assertionResults":[{"ancestorTitles":["createNotification"],"fullName":"createNotification inserts a notification row and returns id/publicId/createdAt","status":"passed","title":"inserts a notification row and returns id/publicId/createdAt","duration":3.5062079999997877,"failureMessages":[],"meta":{}},{"ancestorTitles":["createNotification"],"fullName":"createNotification accepts optional workspaceId","status":"passed","title":"accepts optional workspaceId","duration":0.14720800000031886,"failureMessages":[],"meta":{}},{"ancestorTitles":["createNotification"],"fullName":"createNotification rejects an invalid kind at runtime with a thrown error","status":"passed","title":"rejects an invalid kind at runtime with a thrown error","duration":0.6535000000003492,"failureMessages":[],"meta":{}}],"startTime":1781072008513,"endTime":1781072008517.6536,"status":"passed","message":"","name":"/Users/macanderson/oxagen-monorepo/packages/notifications/src/notifications/create-notification.test.ts"},{"assertionResults":[{"ancestorTitles":["reauthEmailTemplate","subject"],"fullName":"reauthEmailTemplate subject contains the server name","status":"passed","title":"contains the server name","duration":0.5662079999999605,"failureMessages":[],"meta":{}},{"ancestorTitles":["reauthEmailTemplate","subject"],"fullName":"reauthEmailTemplate subject mentions reconnect action","status":"passed","title":"mentions reconnect action","duration":0.1225409999999556,"failureMessages":[],"meta":{}},{"ancestorTitles":["reauthEmailTemplate","text"],"fullName":"reauthEmailTemplate text contains the org name","status":"passed","title":"contains the org name","duration":0.07166600000005019,"failureMessages":[],"meta":{}},{"ancestorTitles":["reauthEmailTemplate","text"],"fullName":"reauthEmailTemplate text contains the server name","status":"passed","title":"contains the server name","duration":0.06445800000005875,"failureMessages":[],"meta":{}},{"ancestorTitles":["reauthEmailTemplate","text"],"fullName":"reauthEmailTemplate text contains the reauth URL verbatim","status":"passed","title":"contains the reauth URL verbatim","duration":0.0607910000001084,"failureMessages":[],"meta":{}},{"ancestorTitles":["reauthEmailTemplate","html"],"fullName":"reauthEmailTemplate html contains an anchor with the reauth URL as href","status":"passed","title":"contains an anchor with the reauth URL as href","duration":0.0705830000001697,"failureMessages":[],"meta":{}},{"ancestorTitles":["reauthEmailTemplate","html"],"fullName":"reauthEmailTemplate html contains the server name in anchor text","status":"passed","title":"contains the server name in anchor text","duration":0.05879200000003948,"failureMessages":[],"meta":{}},{"ancestorTitles":["reauthEmailTemplate","html"],"fullName":"reauthEmailTemplate html contains the org name","status":"passed","title":"contains the org name","duration":0.05295900000010079,"failureMessages":[],"meta":{}},{"ancestorTitles":["reauthEmailTemplate","esc() — HTML escaping in html output"],"fullName":"reauthEmailTemplate esc() — HTML escaping in html output escapes & in serverName as &amp;","status":"passed","title":"escapes & in serverName as &amp;","duration":0.11041599999998652,"failureMessages":[],"meta":{}},{"ancestorTitles":["reauthEmailTemplate","esc() — HTML escaping in html output"],"fullName":"reauthEmailTemplate esc() — HTML escaping in html output escapes < in serverName as &lt;","status":"passed","title":"escapes < in serverName as &lt;","duration":0.0833749999999327,"failureMessages":[],"meta":{}},{"ancestorTitles":["reauthEmailTemplate","esc() — HTML escaping in html output"],"fullName":"reauthEmailTemplate esc() — HTML escaping in html output escapes > in serverName as &gt;","status":"passed","title":"escapes > in serverName as &gt;","duration":0.06950000000006185,"failureMessages":[],"meta":{}},{"ancestorTitles":["reauthEmailTemplate","esc() — HTML escaping in html output"],"fullName":"reauthEmailTemplate esc() — HTML escaping in html output escapes \" in serverName as &quot;","status":"passed","title":"escapes \" in serverName as &quot;","duration":0.07224999999993997,"failureMessages":[],"meta":{}},{"ancestorTitles":["reauthEmailTemplate","esc() — HTML escaping in html output"],"fullName":"reauthEmailTemplate esc() — HTML escaping in html output escapes & in reauthUrl (href) as &amp;","status":"passed","title":"escapes & in reauthUrl (href) as &amp;","duration":0.04941600000006474,"failureMessages":[],"meta":{}},{"ancestorTitles":["reauthEmailTemplate","esc() — HTML escaping in html output"],"fullName":"reauthEmailTemplate esc() — HTML escaping in html output escapes < and > in orgName","status":"passed","title":"escapes < and > in orgName","duration":0.05875000000014552,"failureMessages":[],"meta":{}},{"ancestorTitles":["reauthEmailTemplate","esc() — HTML escaping in html output"],"fullName":"reauthEmailTemplate esc() — HTML escaping in html output escapes & in orgName as &amp;","status":"passed","title":"escapes & in orgName as &amp;","duration":0.05016699999987395,"failureMessages":[],"meta":{}},{"ancestorTitles":["reauthEmailTemplate","esc() — HTML escaping in html output"],"fullName":"reauthEmailTemplate esc() — HTML escaping in html output does NOT escape in plain text output (text carries raw values)","status":"passed","title":"does NOT escape in plain text output (text carries raw values)","duration":0.07725000000004911,"failureMessages":[],"meta":{}}],"startTime":1781072005418,"endTime":1781072005420.0835,"status":"passed","message":"","name":"/Users/macanderson/oxagen-monorepo/packages/notifications/src/notifications/email-templates.test.ts"},{"assertionResults":[{"ancestorTitles":["notifyOrgManagers — production DB-resolution path"],"fullName":"notifyOrgManagers — production DB-resolution path resolves recipients from the DB (default Owner/Admin roles), notifies and emails each, and stamps emailedAt","status":"passed","title":"resolves recipients from the DB (default Owner/Admin roles), notifies and emails each, and stamps emailedAt","duration":7.288625000000138,"failureMessages":[],"meta":{}},{"ancestorTitles":["notifyOrgManagers — production DB-resolution path"],"fullName":"notifyOrgManagers — production DB-resolution path falls back to the title for email text when no body is provided","status":"passed","title":"falls back to the title for email text when no body is provided","duration":0.2690419999998994,"failureMessages":[],"meta":{}},{"ancestorTitles":["notifyOrgManagers — production DB-resolution path"],"fullName":"notifyOrgManagers — production DB-resolution path honors custom alert roles from org settings","status":"passed","title":"honors custom alert roles from org settings","duration":0.18449999999984357,"failureMessages":[],"meta":{}},{"ancestorTitles":["notifyOrgManagers — production DB-resolution path"],"fullName":"notifyOrgManagers — production DB-resolution path skips email when org settings send_email is false (in-app notification still created)","status":"passed","title":"skips email when org settings send_email is false (in-app notification still created)","duration":0.1461669999998776,"failureMessages":[],"meta":{}},{"ancestorTitles":["notifyOrgManagers — production DB-resolution path"],"fullName":"notifyOrgManagers — production DB-resolution path returns early and creates nothing when no org users match the alert roles","status":"passed","title":"returns early and creates nothing when no org users match the alert roles","duration":3.5635419999998703,"failureMessages":[],"meta":{}},{"ancestorTitles":["notifyOrgManagers — production DB-resolution path"],"fullName":"notifyOrgManagers — production DB-resolution path logs and continues to the next recipient when in-app notification creation fails","status":"passed","title":"logs and continues to the next recipient when in-app notification creation fails","duration":3.4498750000002474,"failureMessages":[],"meta":{}}],"startTime":1781072006174,"endTime":1781072006189.45,"status":"passed","message":"","name":"/Users/macanderson/oxagen-monorepo/packages/notifications/src/notifications/notify-org-managers.production.test.ts"},{"assertionResults":[{"ancestorTitles":["notifyOrgManagers"],"fullName":"notifyOrgManagers creates one notification per resolved recipient (Owner + Admin by default)","status":"passed","title":"creates one notification per resolved recipient (Owner + Admin by default)","duration":14.219041999999718,"failureMessages":[],"meta":{}},{"ancestorTitles":["notifyOrgManagers"],"fullName":"notifyOrgManagers skips email when send_email setting is false","status":"passed","title":"skips email when send_email setting is false","duration":0.2171250000001237,"failureMessages":[],"meta":{}},{"ancestorTitles":["notifyOrgManagers"],"fullName":"notifyOrgManagers creates in-app notification even when email fails (log-and-continue)","status":"passed","title":"creates in-app notification even when email fails (log-and-continue)","duration":35.06904200000008,"failureMessages":[],"meta":{}},{"ancestorTitles":["notifyOrgManagers"],"fullName":"notifyOrgManagers filters recipients by custom roles when settings override present","status":"passed","title":"filters recipients by custom roles when settings override present","duration":0.3244159999999283,"failureMessages":[],"meta":{}}],"startTime":1781072006255,"endTime":1781072006305.3245,"status":"passed","message":"","name":"/Users/macanderson/oxagen-monorepo/packages/notifications/src/notifications/notify-org-managers.test.ts"},{"assertionResults":[{"ancestorTitles":["resetPasswordEmailTemplate","subject"],"fullName":"resetPasswordEmailTemplate subject mentions password reset","status":"passed","title":"mentions password reset","duration":0.5543330000000424,"failureMessages":[],"meta":{}},{"ancestorTitles":["resetPasswordEmailTemplate","subject"],"fullName":"resetPasswordEmailTemplate subject mentions Oxagen","status":"passed","title":"mentions Oxagen","duration":0.11541600000009566,"failureMessages":[],"meta":{}},{"ancestorTitles":["resetPasswordEmailTemplate","text"],"fullName":"resetPasswordEmailTemplate text contains the reset URL verbatim","status":"passed","title":"contains the reset URL verbatim","duration":0.061958000000004176,"failureMessages":[],"meta":{}},{"ancestorTitles":["resetPasswordEmailTemplate","text"],"fullName":"resetPasswordEmailTemplate text contains the user email address","status":"passed","title":"contains the user email address","duration":0.05879200000003948,"failureMessages":[],"meta":{}},{"ancestorTitles":["resetPasswordEmailTemplate","text"],"fullName":"resetPasswordEmailTemplate text mentions 1 hour expiry","status":"passed","title":"mentions 1 hour expiry","duration":0.06312500000012733,"failureMessages":[],"meta":{}},{"ancestorTitles":["resetPasswordEmailTemplate","text"],"fullName":"resetPasswordEmailTemplate text informs user to ignore if they did not request a reset","status":"passed","title":"informs user to ignore if they did not request a reset","duration":0.06670800000006238,"failureMessages":[],"meta":{}},{"ancestorTitles":["resetPasswordEmailTemplate","html"],"fullName":"resetPasswordEmailTemplate html contains an anchor with the reset URL as href","status":"passed","title":"contains an anchor with the reset URL as href","duration":0.05025000000000546,"failureMessages":[],"meta":{}},{"ancestorTitles":["resetPasswordEmailTemplate","html"],"fullName":"resetPasswordEmailTemplate html contains the email address in the body","status":"passed","title":"contains the email address in the body","duration":0.043292000000064945,"failureMessages":[],"meta":{}},{"ancestorTitles":["resetPasswordEmailTemplate","html"],"fullName":"resetPasswordEmailTemplate html contains a reset-password CTA label","status":"passed","title":"contains a reset-password CTA label","duration":0.07216600000015205,"failureMessages":[],"meta":{}},{"ancestorTitles":["resetPasswordEmailTemplate","html"],"fullName":"resetPasswordEmailTemplate html mentions 1 hour expiry","status":"passed","title":"mentions 1 hour expiry","duration":0.0708750000001146,"failureMessages":[],"meta":{}},{"ancestorTitles":["resetPasswordEmailTemplate","HTML escaping via esc()"],"fullName":"resetPasswordEmailTemplate HTML escaping via esc() escapes & in resetUrl (href) as &amp;","status":"passed","title":"escapes & in resetUrl (href) as &amp;","duration":0.06320899999991525,"failureMessages":[],"meta":{}},{"ancestorTitles":["resetPasswordEmailTemplate","HTML escaping via esc()"],"fullName":"resetPasswordEmailTemplate HTML escaping via esc() escapes < in email as &lt;","status":"passed","title":"escapes < in email as &lt;","duration":0.07295800000019881,"failureMessages":[],"meta":{}},{"ancestorTitles":["resetPasswordEmailTemplate","HTML escaping via esc()"],"fullName":"resetPasswordEmailTemplate HTML escaping via esc() does NOT escape plain text (text carries raw values)","status":"passed","title":"does NOT escape plain text (text carries raw values)","duration":0.04458299999987503,"failureMessages":[],"meta":{}}],"startTime":1781072005160,"endTime":1781072005162.0447,"status":"passed","message":"","name":"/Users/macanderson/oxagen-monorepo/packages/notifications/src/notifications/reset-password-email-template.test.ts"}]}
@oxagen/auth:test:unit: {"numTotalTestSuites":36,"numPassedTestSuites":36,"numFailedTestSuites":0,"numPendingTestSuites":0,"numTotalTests":126,"numPassedTests":126,"numFailedTests":0,"numPendingTests":0,"numTodoTests":0,"snapshot":{"added":0,"failure":false,"filesAdded":0,"filesRemoved":0,"filesRemovedList":[],"filesUnmatched":0,"filesUpdated":0,"matched":0,"total":0,"unchecked":0,"uncheckedKeysByFile":[],"unmatched":0,"updated":0,"didUpdate":false},"startTime":1781072004477,"success":true,"testResults":[{"assertionResults":[{"ancestorTitles":["useSecureCookies derivation"],"fullName":"useSecureCookies derivation is true in production without E2E_TEST","status":"passed","title":"is true in production without E2E_TEST","duration":0.5124160000000302,"failureMessages":[],"meta":{}},{"ancestorTitles":["useSecureCookies derivation"],"fullName":"useSecureCookies derivation is true in production when E2E_TEST is empty string","status":"passed","title":"is true in production when E2E_TEST is empty string","duration":0.07120799999984229,"failureMessages":[],"meta":{}},{"ancestorTitles":["useSecureCookies derivation"],"fullName":"useSecureCookies derivation is false in production when E2E_TEST=true (playwright bypass)","status":"passed","title":"is false in production when E2E_TEST=true (playwright bypass)","duration":0.0576250000001437,"failureMessages":[],"meta":{}},{"ancestorTitles":["useSecureCookies derivation"],"fullName":"useSecureCookies derivation is false in development regardless of E2E_TEST","status":"passed","title":"is false in development regardless of E2E_TEST","duration":0.06375000000002728,"failureMessages":[],"meta":{}},{"ancestorTitles":["useSecureCookies derivation"],"fullName":"useSecureCookies derivation is false in test regardless of E2E_TEST","status":"passed","title":"is false in test regardless of E2E_TEST","duration":0.05404199999998127,"failureMessages":[],"meta":{}},{"ancestorTitles":["useSecureCookies derivation"],"fullName":"useSecureCookies derivation bypass only activates for the exact string 'true', not 'True' or '1'","status":"passed","title":"bypass only activates for the exact string 'true', not 'True' or '1'","duration":0.0887079999999969,"failureMessages":[],"meta":{}},{"ancestorTitles":["email and password policy"],"fullName":"email and password policy minimum password length is at least 8 characters","status":"passed","title":"minimum password length is at least 8 characters","duration":0.2562080000000151,"failureMessages":[],"meta":{}},{"ancestorTitles":["email and password policy"],"fullName":"email and password policy autoSignIn is enabled after password sign-up","status":"passed","title":"autoSignIn is enabled after password sign-up","duration":0.060791999999992186,"failureMessages":[],"meta":{}},{"ancestorTitles":["email and password policy"],"fullName":"email and password policy email+password auth is enabled","status":"passed","title":"email+password auth is enabled","duration":0.0542920000000322,"failureMessages":[],"meta":{}},{"ancestorTitles":["cookie attribute invariants"],"fullName":"cookie attribute invariants httpOnly is true so JS cannot read session cookies","status":"passed","title":"httpOnly is true so JS cannot read session cookies","duration":0.07733299999995324,"failureMessages":[],"meta":{}},{"ancestorTitles":["cookie attribute invariants"],"fullName":"cookie attribute invariants sameSite is lax — not 'none' which would allow cross-site sends","status":"passed","title":"sameSite is lax — not 'none' which would allow cross-site sends","duration":0.04733299999998053,"failureMessages":[],"meta":{}},{"ancestorTitles":["cookie attribute invariants"],"fullName":"cookie attribute invariants cookiePrefix is oxagen (namespace isolation)","status":"passed","title":"cookiePrefix is oxagen (namespace isolation)","duration":0.04254199999991215,"failureMessages":[],"meta":{}},{"ancestorTitles":["cookie attribute invariants"],"fullName":"cookie attribute invariants httpOnly and sameSite are consistent across environments","status":"passed","title":"httpOnly and sameSite are consistent across environments","duration":0.09708299999988412,"failureMessages":[],"meta":{}},{"ancestorTitles":["session duration invariants"],"fullName":"session duration invariants session expiry is exactly 30 days in seconds","status":"passed","title":"session expiry is exactly 30 days in seconds","duration":0.044833000000153334,"failureMessages":[],"meta":{}},{"ancestorTitles":["session duration invariants"],"fullName":"session duration invariants updateAge is exactly 1 day in seconds","status":"passed","title":"updateAge is exactly 1 day in seconds","duration":0.042416000000002896,"failureMessages":[],"meta":{}},{"ancestorTitles":["session duration invariants"],"fullName":"session duration invariants session expiry is longer than updateAge","status":"passed","title":"session expiry is longer than updateAge","duration":0.05475000000001273,"failureMessages":[],"meta":{}},{"ancestorTitles":["useSecureCookies in assembled config"],"fullName":"useSecureCookies in assembled config is true in the assembled config when NODE_ENV=production and E2E_TEST is unset","status":"passed","title":"is true in the assembled config when NODE_ENV=production and E2E_TEST is unset","duration":0.04712500000005093,"failureMessages":[],"meta":{}},{"ancestorTitles":["useSecureCookies in assembled config"],"fullName":"useSecureCookies in assembled config is false in the assembled config when E2E_TEST=true (Playwright bypass)","status":"passed","title":"is false in the assembled config when E2E_TEST=true (Playwright bypass)","duration":0.04349999999999454,"failureMessages":[],"meta":{}},{"ancestorTitles":["useSecureCookies in assembled config"],"fullName":"useSecureCookies in assembled config is false in development builds","status":"passed","title":"is false in development builds","duration":0.036833000000115135,"failureMessages":[],"meta":{}},{"ancestorTitles":["social provider guard"],"fullName":"social provider guard google provider is undefined when credentials are absent","status":"passed","title":"google provider is undefined when credentials are absent","duration":0.05837499999984175,"failureMessages":[],"meta":{}},{"ancestorTitles":["social provider guard"],"fullName":"social provider guard google provider is undefined when only clientId is set","status":"passed","title":"google provider is undefined when only clientId is set","duration":0.042832999999973254,"failureMessages":[],"meta":{}},{"ancestorTitles":["social provider guard"],"fullName":"social provider guard google provider is undefined when only clientSecret is set","status":"passed","title":"google provider is undefined when only clientSecret is set","duration":0.03587500000003274,"failureMessages":[],"meta":{}},{"ancestorTitles":["social provider guard"],"fullName":"social provider guard google provider is configured when both credentials are present","status":"passed","title":"google provider is configured when both credentials are present","duration":0.2625420000001668,"failureMessages":[],"meta":{}},{"ancestorTitles":["social provider guard"],"fullName":"social provider guard github provider is undefined when credentials are absent","status":"passed","title":"github provider is undefined when credentials are absent","duration":0.04412500000012187,"failureMessages":[],"meta":{}},{"ancestorTitles":["social provider guard"],"fullName":"social provider guard github provider is configured when both credentials are present","status":"passed","title":"github provider is configured when both credentials are present","duration":0.05300000000011096,"failureMessages":[],"meta":{}},{"ancestorTitles":["social provider guard"],"fullName":"social provider guard providers can be configured independently","status":"passed","title":"providers can be configured independently","duration":0.05479200000013407,"failureMessages":[],"meta":{}},{"ancestorTitles":["trustedOrigins"],"fullName":"trustedOrigins always includes all four Vercel prod app domains","status":"passed","title":"always includes all four Vercel prod app domains","duration":0.6112909999999374,"failureMessages":[],"meta":{}},{"ancestorTitles":["trustedOrigins"],"fullName":"trustedOrigins includes localhost dev origins in non-production","status":"passed","title":"includes localhost dev origins in non-production","duration":0.09458300000005693,"failureMessages":[],"meta":{}},{"ancestorTitles":["trustedOrigins"],"fullName":"trustedOrigins excludes localhost dev origins in production","status":"passed","title":"excludes localhost dev origins in production","duration":0.1520829999999478,"failureMessages":[],"meta":{}},{"ancestorTitles":["trustedOrigins"],"fullName":"trustedOrigins includes additional origins from BETTER_AUTH_TRUSTED_ORIGINS env var","status":"passed","title":"includes additional origins from BETTER_AUTH_TRUSTED_ORIGINS env var","duration":0.10216700000000856,"failureMessages":[],"meta":{}},{"ancestorTitles":["trustedOrigins"],"fullName":"trustedOrigins is not empty — an empty trustedOrigins would block all cross-origin requests","status":"passed","title":"is not empty — an empty trustedOrigins would block all cross-origin requests","duration":0.055917000000135886,"failureMessages":[],"meta":{}},{"ancestorTitles":["AUTH_TOKEN_ENCRYPTION_KEY startup guard"],"fullName":"AUTH_TOKEN_ENCRYPTION_KEY startup guard throws in production when the key is absent","status":"passed","title":"throws in production when the key is absent","duration":0.05649999999991451,"failureMessages":[],"meta":{}},{"ancestorTitles":["AUTH_TOKEN_ENCRYPTION_KEY startup guard"],"fullName":"AUTH_TOKEN_ENCRYPTION_KEY startup guard throws in production when the key is empty string","status":"passed","title":"throws in production when the key is empty string","duration":0.04020799999989322,"failureMessages":[],"meta":{}},{"ancestorTitles":["AUTH_TOKEN_ENCRYPTION_KEY startup guard"],"fullName":"AUTH_TOKEN_ENCRYPTION_KEY startup guard does NOT throw in development when the key is absent","status":"passed","title":"does NOT throw in development when the key is absent","duration":0.037624999999934516,"failureMessages":[],"meta":{}},{"ancestorTitles":["AUTH_TOKEN_ENCRYPTION_KEY startup guard"],"fullName":"AUTH_TOKEN_ENCRYPTION_KEY startup guard does NOT throw in test environment when the key is absent","status":"passed","title":"does NOT throw in test environment when the key is absent","duration":0.03587500000003274,"failureMessages":[],"meta":{}},{"ancestorTitles":["AUTH_TOKEN_ENCRYPTION_KEY startup guard"],"fullName":"AUTH_TOKEN_ENCRYPTION_KEY startup guard does NOT throw on Vercel preview (VERCEL_ENV=development) when the key is absent","status":"passed","title":"does NOT throw on Vercel preview (VERCEL_ENV=development) when the key is absent","duration":0.036125000000083674,"failureMessages":[],"meta":{}},{"ancestorTitles":["AUTH_TOKEN_ENCRYPTION_KEY startup guard"],"fullName":"AUTH_TOKEN_ENCRYPTION_KEY startup guard does NOT throw in production when the key is present","status":"passed","title":"does NOT throw in production when the key is present","duration":0.03691700000013043,"failureMessages":[],"meta":{}},{"ancestorTitles":["AUTH_TOKEN_ENCRYPTION_KEY startup guard"],"fullName":"AUTH_TOKEN_ENCRYPTION_KEY startup guard does NOT throw during the Next.js build phase even when the key is absent","status":"passed","title":"does NOT throw during the Next.js build phase even when the key is absent","duration":0.09783300000003692,"failureMessages":[],"meta":{}},{"ancestorTitles":["AUTH_TOKEN_ENCRYPTION_KEY startup guard"],"fullName":"AUTH_TOKEN_ENCRYPTION_KEY startup guard does NOT throw in production when E2E_TEST=true (Playwright CI bypass)","status":"passed","title":"does NOT throw in production when E2E_TEST=true (Playwright CI bypass)","duration":0.16779099999985192,"failureMessages":[],"meta":{}},{"ancestorTitles":["AUTH_TOKEN_ENCRYPTION_KEY startup guard"],"fullName":"AUTH_TOKEN_ENCRYPTION_KEY startup guard E2E bypass only activates for the exact string 'true', not '1' or 'TRUE'","status":"passed","title":"E2E bypass only activates for the exact string 'true', not '1' or 'TRUE'","duration":0.1564579999999296,"failureMessages":[],"meta":{}},{"ancestorTitles":["sendResetPassword config invariants"],"fullName":"sendResetPassword config invariants revokeSessionsOnPasswordReset is configured as true","status":"passed","title":"revokeSessionsOnPasswordReset is configured as true","duration":0.07304199999998673,"failureMessages":[],"meta":{}},{"ancestorTitles":["sendResetPassword config invariants"],"fullName":"sendResetPassword config invariants sendResetPassword is configured as a function (not undefined)","status":"passed","title":"sendResetPassword is configured as a function (not undefined)","duration":0.058250000000043656,"failureMessages":[],"meta":{}},{"ancestorTitles":["sendResetPassword config invariants"],"fullName":"sendResetPassword config invariants sendResetPassword callback does not throw when invoked","status":"passed","title":"sendResetPassword callback does not throw when invoked","duration":0.30112499999995634,"failureMessages":[],"meta":{}},{"ancestorTitles":["sendResetPassword config invariants"],"fullName":"sendResetPassword config invariants reset token expiry policy constant is 1 hour (3600 seconds)","status":"passed","title":"reset token expiry policy constant is 1 hour (3600 seconds)","duration":0.05183400000009897,"failureMessages":[],"meta":{}},{"ancestorTitles":["NO_ORG_SENTINEL"],"fullName":"NO_ORG_SENTINEL is a valid UUID-shaped string (8-4-4-4-12 hex)","status":"passed","title":"is a valid UUID-shaped string (8-4-4-4-12 hex)","duration":0.10191699999995762,"failureMessages":[],"meta":{}},{"ancestorTitles":["NO_ORG_SENTINEL"],"fullName":"NO_ORG_SENTINEL is the nil UUID (all zeros)","status":"passed","title":"is the nil UUID (all zeros)","duration":0.0597499999998945,"failureMessages":[],"meta":{}}],"startTime":1781072005627,"endTime":1781072005632.301,"status":"passed","message":"","name":"/Users/macanderson/oxagen-monorepo/packages/auth/src/auth.config.test.ts"},{"assertionResults":[{"ancestorTitles":["encryptAccountTokens"],"fullName":"encryptAccountTokens returns null encrypted fields when input tokens are null","status":"passed","title":"returns null encrypted fields when input tokens are null","duration":0.6309170000001814,"failureMessages":[],"meta":{}},{"ancestorTitles":["encryptAccountTokens"],"fullName":"encryptAccountTokens returns null encrypted fields when input tokens are empty string","status":"passed","title":"returns null encrypted fields when input tokens are empty string","duration":0.1232910000001084,"failureMessages":[],"meta":{}},{"ancestorTitles":["encryptAccountTokens"],"fullName":"encryptAccountTokens returns all three encrypted fields WITHOUT plaintext (CONTRACT phase)","status":"passed","title":"returns all three encrypted fields WITHOUT plaintext (CONTRACT phase)","duration":0.27779199999986304,"failureMessages":[],"meta":{}},{"ancestorTitles":["decryptAccountTokens"],"fullName":"decryptAccountTokens returns null token fields when tokenKmsKeyId is absent (pre-migration rows)","status":"passed","title":"returns null token fields when tokenKmsKeyId is absent (pre-migration rows)","duration":0.11079199999994671,"failureMessages":[],"meta":{}},{"ancestorTitles":["decryptAccountTokens"],"fullName":"decryptAccountTokens decrypts _enc columns when tokenKmsKeyId is present","status":"passed","title":"decrypts _enc columns when tokenKmsKeyId is present","duration":0.14266700000007404,"failureMessages":[],"meta":{}},{"ancestorTitles":["decryptAccountTokens"],"fullName":"decryptAccountTokens returns null tokens when _enc columns are null (partial row)","status":"passed","title":"returns null tokens when _enc columns are null (partial row)","duration":0.09349999999994907,"failureMessages":[],"meta":{}},{"ancestorTitles":["buildAccountTokenHooks"],"fullName":"buildAccountTokenHooks throws when the key-version label is empty","status":"passed","title":"throws when the key-version label is empty","duration":0.3721250000000964,"failureMessages":[],"meta":{}},{"ancestorTitles":["buildAccountTokenHooks"],"fullName":"buildAccountTokenHooks returns create and update hooks when a key id is provided","status":"passed","title":"returns create and update hooks when a key id is provided","duration":0.2887080000000424,"failureMessages":[],"meta":{}},{"ancestorTitles":["buildAccountTokenHooks"],"fullName":"buildAccountTokenHooks create.before encrypts token fields and strips all plaintext columns","status":"passed","title":"create.before encrypts token fields and strips all plaintext columns","duration":0.6815839999999298,"failureMessages":[],"meta":{}},{"ancestorTitles":["buildAccountTokenHooks"],"fullName":"buildAccountTokenHooks update.before skips encryption when no token field is present","status":"passed","title":"update.before skips encryption when no token field is present","duration":0.08445800000004056,"failureMessages":[],"meta":{}},{"ancestorTitles":["buildAccountTokenHooks"],"fullName":"buildAccountTokenHooks update.before with only accessToken → accessTokenEnc set, accessToken stripped","status":"passed","title":"update.before with only accessToken → accessTokenEnc set, accessToken stripped","duration":0.09695800000008603,"failureMessages":[],"meta":{}},{"ancestorTitles":["buildAccountTokenHooks"],"fullName":"buildAccountTokenHooks update.before with only refreshToken → refreshTokenEnc set, refreshToken stripped","status":"passed","title":"update.before with only refreshToken → refreshTokenEnc set, refreshToken stripped","duration":0.0757499999999709,"failureMessages":[],"meta":{}},{"ancestorTitles":["buildAccountTokenHooks"],"fullName":"buildAccountTokenHooks update.before with only idToken → idTokenEnc set, idToken stripped","status":"passed","title":"update.before with only idToken → idTokenEnc set, idToken stripped","duration":0.06783299999983683,"failureMessages":[],"meta":{}},{"ancestorTitles":["buildAccountTokenHooks"],"fullName":"buildAccountTokenHooks update.before with { accessToken: null } → key present but encryptToken(null) → accessTokenEnc: null, plaintext stripped","status":"passed","title":"update.before with { accessToken: null } → key present but encryptToken(null) → accessTokenEnc: null, plaintext stripped","duration":0.07174999999983811,"failureMessages":[],"meta":{}},{"ancestorTitles":["buildStripOnlyAccountHooks"],"fullName":"buildStripOnlyAccountHooks strips accessToken, refreshToken, and idToken on create (SOC2: no plaintext at rest)","status":"passed","title":"strips accessToken, refreshToken, and idToken on create (SOC2: no plaintext at rest)","duration":0.11758300000019517,"failureMessages":[],"meta":{}},{"ancestorTitles":["buildStripOnlyAccountHooks"],"fullName":"buildStripOnlyAccountHooks strips accessToken, refreshToken, and idToken on update too","status":"passed","title":"strips accessToken, refreshToken, and idToken on update too","duration":0.062333000000080574,"failureMessages":[],"meta":{}}],"startTime":1781072005920,"endTime":1781072005924.1177,"status":"passed","message":"","name":"/Users/macanderson/oxagen-monorepo/packages/auth/src/token-encryption.test.ts"},{"assertionResults":[{"ancestorTitles":["Auth Package Coverage Tests","Token Encryption"],"fullName":"Auth Package Coverage Tests Token Encryption encrypts and decrypts tokens correctly","status":"passed","title":"encrypts and decrypts tokens correctly","duration":0.8050419999999576,"failureMessages":[],"meta":{}},{"ancestorTitles":["Auth Package Coverage Tests","Token Encryption"],"fullName":"Auth Package Coverage Tests Token Encryption handles invalid encryption keys gracefully","status":"passed","title":"handles invalid encryption keys gracefully","duration":0.14791700000000674,"failureMessages":[],"meta":{}},{"ancestorTitles":["Auth Package Coverage Tests","Token Encryption"],"fullName":"Auth Package Coverage Tests Token Encryption handles corrupted ciphertext gracefully","status":"passed","title":"handles corrupted ciphertext gracefully","duration":0.1689169999999649,"failureMessages":[],"meta":{}},{"ancestorTitles":["Auth Package Coverage Tests","Session Management"],"fullName":"Auth Package Coverage Tests Session Management creates valid session tokens","status":"passed","title":"creates valid session tokens","duration":0.1418340000000171,"failureMessages":[],"meta":{}},{"ancestorTitles":["Auth Package Coverage Tests","Session Management"],"fullName":"Auth Package Coverage Tests Session Management validates session expiration","status":"passed","title":"validates session expiration","duration":0.11366700000007768,"failureMessages":[],"meta":{}},{"ancestorTitles":["Auth Package Coverage Tests","Session Management"],"fullName":"Auth Package Coverage Tests Session Management rejects expired sessions","status":"passed","title":"rejects expired sessions","duration":0.0727919999999358,"failureMessages":[],"meta":{}},{"ancestorTitles":["Auth Package Coverage Tests","API Key Management"],"fullName":"Auth Package Coverage Tests API Key Management generates valid API keys","status":"passed","title":"generates valid API keys","duration":0.0935420000000704,"failureMessages":[],"meta":{}},{"ancestorTitles":["Auth Package Coverage Tests","API Key Management"],"fullName":"Auth Package Coverage Tests API Key Management validates API key format","status":"passed","title":"validates API key format","duration":0.10550000000012005,"failureMessages":[],"meta":{}},{"ancestorTitles":["Auth Package Coverage Tests","API Key Management"],"fullName":"Auth Package Coverage Tests API Key Management handles API key rotation","status":"passed","title":"handles API key rotation","duration":0.25012500000002547,"failureMessages":[],"meta":{}},{"ancestorTitles":["Auth Package Coverage Tests","API Key Management"],"fullName":"Auth Package Coverage Tests API Key Management tracks API key usage","status":"passed","title":"tracks API key usage","duration":0.10187500000006366,"failureMessages":[],"meta":{}},{"ancestorTitles":["Auth Package Coverage Tests","Organization Authentication"],"fullName":"Auth Package Coverage Tests Organization Authentication validates org membership","status":"passed","title":"validates org membership","duration":0.06370800000013332,"failureMessages":[],"meta":{}},{"ancestorTitles":["Auth Package Coverage Tests","Organization Authentication"],"fullName":"Auth Package Coverage Tests Organization Authentication enforces org isolation","status":"passed","title":"enforces org isolation","duration":0.05662499999993997,"failureMessages":[],"meta":{}},{"ancestorTitles":["Auth Package Coverage Tests","Organization Authentication"],"fullName":"Auth Package Coverage Tests Organization Authentication handles multi-org users","status":"passed","title":"handles multi-org users","duration":0.07487500000002001,"failureMessages":[],"meta":{}},{"ancestorTitles":["Auth Package Coverage Tests","Organization Authentication"],"fullName":"Auth Package Coverage Tests Organization Authentication validates org ownership for admin operations","status":"passed","title":"validates org ownership for admin operations","duration":0.04258299999992232,"failureMessages":[],"meta":{}},{"ancestorTitles":["Auth Package Coverage Tests","Workspace Authentication"],"fullName":"Auth Package Coverage Tests Workspace Authentication validates workspace membership","status":"passed","title":"validates workspace membership","duration":0.06345800000008239,"failureMessages":[],"meta":{}},{"ancestorTitles":["Auth Package Coverage Tests","Workspace Authentication"],"fullName":"Auth Package Coverage Tests Workspace Authentication enforces workspace isolation","status":"passed","title":"enforces workspace isolation","duration":0.05208300000003874,"failureMessages":[],"meta":{}},{"ancestorTitles":["Auth Package Coverage Tests","Workspace Authentication"],"fullName":"Auth Package Coverage Tests Workspace Authentication handles workspace role permissions","status":"passed","title":"handles workspace role permissions","duration":0.32399999999984175,"failureMessages":[],"meta":{}},{"ancestorTitles":["Auth Package Coverage Tests","Workspace Authentication"],"fullName":"Auth Package Coverage Tests Workspace Authentication validates role-based access control","status":"passed","title":"validates role-based access control","duration":0.06587500000000546,"failureMessages":[],"meta":{}},{"ancestorTitles":["Auth Package Coverage Tests","Authentication Errors"],"fullName":"Auth Package Coverage Tests Authentication Errors handles invalid credentials","status":"passed","title":"handles invalid credentials","duration":0.0464999999999236,"failureMessages":[],"meta":{}},{"ancestorTitles":["Auth Package Coverage Tests","Authentication Errors"],"fullName":"Auth Package Coverage Tests Authentication Errors tracks failed login attempts","status":"passed","title":"tracks failed login attempts","duration":0.053875000000061846,"failureMessages":[],"meta":{}},{"ancestorTitles":["Auth Package Coverage Tests","Authentication Errors"],"fullName":"Auth Package Coverage Tests Authentication Errors implements account lockout after failed attempts","status":"passed","title":"implements account lockout after failed attempts","duration":0.05020799999988412,"failureMessages":[],"meta":{}},{"ancestorTitles":["Auth Package Coverage Tests","Authentication Errors"],"fullName":"Auth Package Coverage Tests Authentication Errors enforces rate limiting on auth endpoints","status":"passed","title":"enforces rate limiting on auth endpoints","duration":0.06558400000017173,"failureMessages":[],"meta":{}},{"ancestorTitles":["Auth Package Coverage Tests","OAuth Integration"],"fullName":"Auth Package Coverage Tests OAuth Integration validates OAuth provider tokens","status":"passed","title":"validates OAuth provider tokens","duration":0.07208299999979317,"failureMessages":[],"meta":{}},{"ancestorTitles":["Auth Package Coverage Tests","OAuth Integration"],"fullName":"Auth Package Coverage Tests OAuth Integration handles OAuth callback flows","status":"passed","title":"handles OAuth callback flows","duration":0.08433300000001509,"failureMessages":[],"meta":{}},{"ancestorTitles":["Auth Package Coverage Tests","OAuth Integration"],"fullName":"Auth Package Coverage Tests OAuth Integration stores OAuth provider metadata","status":"passed","title":"stores OAuth provider metadata","duration":0.05625000000009095,"failureMessages":[],"meta":{}},{"ancestorTitles":["Auth Package Coverage Tests","Session Security"],"fullName":"Auth Package Coverage Tests Session Security implements CSRF protection","status":"passed","title":"implements CSRF protection","duration":0.061958000000004176,"failureMessages":[],"meta":{}},{"ancestorTitles":["Auth Package Coverage Tests","Session Security"],"fullName":"Auth Package Coverage Tests Session Security enforces secure cookie flags","status":"passed","title":"enforces secure cookie flags","duration":0.059207999999898675,"failureMessages":[],"meta":{}},{"ancestorTitles":["Auth Package Coverage Tests","Session Security"],"fullName":"Auth Package Coverage Tests Session Security validates same-origin requests","status":"passed","title":"validates same-origin requests","duration":0.06395799999995688,"failureMessages":[],"meta":{}},{"ancestorTitles":["Auth Package Coverage Tests","Token Refresh"],"fullName":"Auth Package Coverage Tests Token Refresh issues refresh tokens","status":"passed","title":"issues refresh tokens","duration":0.0628750000000764,"failureMessages":[],"meta":{}},{"ancestorTitles":["Auth Package Coverage Tests","Token Refresh"],"fullName":"Auth Package Coverage Tests Token Refresh rotates tokens on refresh","status":"passed","title":"rotates tokens on refresh","duration":0.07608400000003712,"failureMessages":[],"meta":{}},{"ancestorTitles":["Auth Package Coverage Tests","Token Refresh"],"fullName":"Auth Package Coverage Tests Token Refresh invalidates old tokens after rotation","status":"passed","title":"invalidates old tokens after rotation","duration":0.04120799999986957,"failureMessages":[],"meta":{}},{"ancestorTitles":["Auth Package Coverage Tests","Auth Middleware"],"fullName":"Auth Package Coverage Tests Auth Middleware extracts auth headers correctly","status":"passed","title":"extracts auth headers correctly","duration":0.06837500000006003,"failureMessages":[],"meta":{}},{"ancestorTitles":["Auth Package Coverage Tests","Auth Middleware"],"fullName":"Auth Package Coverage Tests Auth Middleware validates JWT structure","status":"passed","title":"validates JWT structure","duration":0.05891699999983757,"failureMessages":[],"meta":{}},{"ancestorTitles":["Auth Package Coverage Tests","Auth Middleware"],"fullName":"Auth Package Coverage Tests Auth Middleware handles missing authentication","status":"passed","title":"handles missing authentication","duration":0.038917000000083135,"failureMessages":[],"meta":{}}],"startTime":1781072005857,"endTime":1781072005861.0842,"status":"passed","message":"","name":"/Users/macanderson/oxagen-monorepo/packages/auth/src/__tests__/auth-coverage.test.ts"},{"assertionResults":[{"ancestorTitles":["SESSION_COOKIE_NAME"],"fullName":"SESSION_COOKIE_NAME is oxagen.session_token (matches cookiePrefix in auth.ts)","status":"passed","title":"is oxagen.session_token (matches cookiePrefix in auth.ts)","duration":0.5733330000002752,"failureMessages":[],"meta":{}},{"ancestorTitles":["stripCookieSignature"],"fullName":"stripCookieSignature strips a 44-char base64 HMAC suffix from a signed value","status":"passed","title":"strips a 44-char base64 HMAC suffix from a signed value","duration":0.09850000000005821,"failureMessages":[],"meta":{}},{"ancestorTitles":["stripCookieSignature"],"fullName":"stripCookieSignature returns the value unchanged when there is no dot","status":"passed","title":"returns the value unchanged when there is no dot","duration":0.051000000000385626,"failureMessages":[],"meta":{}},{"ancestorTitles":["stripCookieSignature"],"fullName":"stripCookieSignature returns the full value when suffix length is not 44","status":"passed","title":"returns the full value when suffix length is not 44","duration":0.04816700000083074,"failureMessages":[],"meta":{}},{"ancestorTitles":["stripCookieSignature"],"fullName":"stripCookieSignature handles a token that itself contains dots","status":"passed","title":"handles a token that itself contains dots","duration":0.04787500000020373,"failureMessages":[],"meta":{}},{"ancestorTitles":["parseSessionCookie"],"fullName":"parseSessionCookie returns null when header is undefined","status":"passed","title":"returns null when header is undefined","duration":0.07891699999981938,"failureMessages":[],"meta":{}},{"ancestorTitles":["parseSessionCookie"],"fullName":"parseSessionCookie returns null when the cookie is absent","status":"passed","title":"returns null when the cookie is absent","duration":0.0520409999999174,"failureMessages":[],"meta":{}},{"ancestorTitles":["parseSessionCookie"],"fullName":"parseSessionCookie returns the raw (unsigned) token when present with HMAC suffix","status":"passed","title":"returns the raw (unsigned) token when present with HMAC suffix","duration":0.06849999999940337,"failureMessages":[],"meta":{}},{"ancestorTitles":["parseSessionCookie"],"fullName":"parseSessionCookie returns null for an empty token value","status":"passed","title":"returns null for an empty token value","duration":0.04458299999987503,"failureMessages":[],"meta":{}},{"ancestorTitles":["parseSessionCookie"],"fullName":"parseSessionCookie handles a cookie header with no spaces around semicolons","status":"passed","title":"handles a cookie header with no spaces around semicolons","duration":0.06183299999975134,"failureMessages":[],"meta":{}},{"ancestorTitles":["parseSessionCookie"],"fullName":"parseSessionCookie does NOT match the old default 'better-auth.session_token' cookie name (OXA-1497 regression guard)","status":"passed","title":"does NOT match the old default 'better-auth.session_token' cookie name (OXA-1497 regression guard)","duration":0.042083000000275206,"failureMessages":[],"meta":{}},{"ancestorTitles":["resolveSession"],"fullName":"resolveSession returns null for an empty token","status":"passed","title":"returns null for an empty token","duration":0.18079200000011042,"failureMessages":[],"meta":{}},{"ancestorTitles":["resolveSession"],"fullName":"resolveSession returns null when no session row is found","status":"passed","title":"returns null when no session row is found","duration":0.18308300000080635,"failureMessages":[],"meta":{}},{"ancestorTitles":["resolveSession"],"fullName":"resolveSession returns null when the session is expired","status":"passed","title":"returns null when the session is expired","duration":0.07462500000019645,"failureMessages":[],"meta":{}},{"ancestorTitles":["resolveSession"],"fullName":"resolveSession returns userId when the session is valid","status":"passed","title":"returns userId when the session is valid","duration":0.24933300000066083,"failureMessages":[],"meta":{}},{"ancestorTitles":["resolveSession"],"fullName":"resolveSession treats a session expiring exactly now as expired","status":"passed","title":"treats a session expiring exactly now as expired","duration":0.05579200000011042,"failureMessages":[],"meta":{}},{"ancestorTitles":["resolveApiKey"],"fullName":"resolveApiKey returns malformed when there is no underscore separator","status":"passed","title":"returns malformed when there is no underscore separator","duration":0.11991699999998673,"failureMessages":[],"meta":{}},{"ancestorTitles":["resolveApiKey"],"fullName":"resolveApiKey returns invalid when no row matches the prefix","status":"passed","title":"returns invalid when no row matches the prefix","duration":11.754374999999527,"failureMessages":[],"meta":{}},{"ancestorTitles":["resolveApiKey"],"fullName":"resolveApiKey returns invalid when the hash does not match","status":"passed","title":"returns invalid when the hash does not match","duration":0.14770800000042072,"failureMessages":[],"meta":{}},{"ancestorTitles":["resolveApiKey"],"fullName":"resolveApiKey returns expired when the key has passed its expiry","status":"passed","title":"returns expired when the key has passed its expiry","duration":0.10195800000019517,"failureMessages":[],"meta":{}},{"ancestorTitles":["resolveApiKey"],"fullName":"resolveApiKey returns ok with scope for a valid non-expiring key","status":"passed","title":"returns ok with scope for a valid non-expiring key","duration":0.10037499999998545,"failureMessages":[],"meta":{}},{"ancestorTitles":["resolveApiKey"],"fullName":"resolveApiKey returns ok for a valid key that has not yet expired","status":"passed","title":"returns ok for a valid key that has not yet expired","duration":0.08945799999946757,"failureMessages":[],"meta":{}},{"ancestorTitles":["resolveOrgScope"],"fullName":"resolveOrgScope returns not_found when the org slug does not exist","status":"passed","title":"returns not_found when the org slug does not exist","duration":0.2424590000000535,"failureMessages":[],"meta":{}},{"ancestorTitles":["resolveOrgScope"],"fullName":"resolveOrgScope returns not_found when the user is not in the org","status":"passed","title":"returns not_found when the user is not in the org","duration":0.10783300000002782,"failureMessages":[],"meta":{}},{"ancestorTitles":["resolveOrgScope"],"fullName":"resolveOrgScope returns orgId when the user is a member","status":"passed","title":"returns orgId when the user is a member","duration":0.08087499999965075,"failureMessages":[],"meta":{}},{"ancestorTitles":["resolveOrgScope"],"fullName":"resolveOrgScope cross-tenant isolation: user from org A cannot resolve org B","status":"passed","title":"cross-tenant isolation: user from org A cannot resolve org B","duration":0.0717080000003989,"failureMessages":[],"meta":{}},{"ancestorTitles":["resolveOrgScope"],"fullName":"resolveOrgScope cross-tenant isolation: two calls in sequence are independently scoped","status":"passed","title":"cross-tenant isolation: two calls in sequence are independently scoped","duration":0.11166599999978644,"failureMessages":[],"meta":{}},{"ancestorTitles":["resolveWorkspaceScope"],"fullName":"resolveWorkspaceScope returns not_found when no workspace matches org+slug","status":"passed","title":"returns not_found when no workspace matches org+slug","duration":0.08333399999992253,"failureMessages":[],"meta":{}},{"ancestorTitles":["resolveWorkspaceScope"],"fullName":"resolveWorkspaceScope returns workspaceId for a matching workspace","status":"passed","title":"returns workspaceId for a matching workspace","duration":0.05737499999941065,"failureMessages":[],"meta":{}},{"ancestorTitles":["resolveWorkspaceScope"],"fullName":"resolveWorkspaceScope cross-tenant isolation: slug that exists in org_b returns not_found when scoped to org_a","status":"passed","title":"cross-tenant isolation: slug that exists in org_b returns not_found when scoped to org_a","duration":0.0496659999998883,"failureMessages":[],"meta":{}}],"startTime":1781072009194,"endTime":1781072009210.0833,"status":"passed","message":"","name":"/Users/macanderson/oxagen-monorepo/packages/auth/src/resolvers/resolvers.test.ts"}]}
@oxagen/iam:test:unit: {"level":50,"time":1781072009962,"app":"iam","err":{"type":"Error","message":"connection refused","stack":"Error: connection refused\n    at Object.returning (/Users/macanderson/oxagen-monorepo/packages/iam/src/access-request.test.ts:115:41)\n    at /Users/macanderson/oxagen-monorepo/packages/iam/src/access-request.ts:59:10\n    at Proxy.withTenantDb (/Users/macanderson/oxagen-monorepo/packages/iam/src/access-request.test.ts:13:33)\n    at Module.createAccessRequest (/Users/macanderson/oxagen-monorepo/packages/iam/src/access-request.ts:45:25)\n    at /Users/macanderson/oxagen-monorepo/packages/iam/src/access-request.test.ts:120:26\n    at file:///Users/macanderson/oxagen-monorepo/node_modules/@vitest/runner/dist/index.js:146:14\n    at file:///Users/macanderson/oxagen-monorepo/node_modules/@vitest/runner/dist/index.js:533:11\n    at runWithTimeout (file:///Users/macanderson/oxagen-monorepo/node_modules/@vitest/runner/dist/index.js:39:7)\n    at runTest (file:///Users/macanderson/oxagen-monorepo/node_modules/@vitest/runner/dist/index.js:1056:17)\n    at processTicksAndRejections (node:internal/process/task_queues:104:5)"},"capability":"chat.message.send","orgId":"org_ar_test","msg":"[iam:access-request] Failed to create access request"}
@oxagen/iam:test:unit: {"level":40,"time":1781072009963,"app":"iam","err":{"type":"Error","message":"relation does not exist","stack":"Error: relation does not exist\n    at Object.select (/Users/macanderson/oxagen-monorepo/packages/iam/src/fetch-authz.test.ts:119:35)\n    at /Users/macanderson/oxagen-monorepo/packages/iam/src/fetch-authz.ts:101:8\n    at Proxy.withTenantDb (/Users/macanderson/oxagen-monorepo/packages/iam/src/fetch-authz.test.ts:20:33)\n    at _fetchAuthz (/Users/macanderson/oxagen-monorepo/packages/iam/src/fetch-authz.ts:99:10)\n    at Module.fetchAuthz (/Users/macanderson/oxagen-monorepo/packages/iam/src/fetch-authz.ts:64:18)\n    at /Users/macanderson/oxagen-monorepo/packages/iam/src/fetch-authz.test.ts:124:26\n    at file:///Users/macanderson/oxagen-monorepo/node_modules/@vitest/runner/dist/index.js:146:14\n    at file:///Users/macanderson/oxagen-monorepo/node_modules/@vitest/runner/dist/index.js:533:11\n    at runWithTimeout (file:///Users/macanderson/oxagen-monorepo/node_modules/@vitest/runner/dist/index.js:39:7)\n    at runTest (file:///Users/macanderson/oxagen-monorepo/node_modules/@vitest/runner/dist/index.js:1056:17)","code":"42P01"},"msg":"[iam] IAM tables not found (Postgres 42P01). Falling back to defaultEffect. Run `pnpm db:migrate` to apply the IAM foundation migration."}
@oxagen/ai:test:unit: {"level":50,"time":1781072010507,"app":"ai.embed","err":{"type":"Error","message":"clickhouse down","stack":"Error: clickhouse down\n    at /Users/macanderson/oxagen-monorepo/packages/ai/src/embed.test.ts:93:50\n    at file:///Users/macanderson/oxagen-monorepo/node_modules/@vitest/runner/dist/index.js:146:14\n    at file:///Users/macanderson/oxagen-monorepo/node_modules/@vitest/runner/dist/index.js:533:11\n    at runWithTimeout (file:///Users/macanderson/oxagen-monorepo/node_modules/@vitest/runner/dist/index.js:39:7)\n    at runTest (file:///Users/macanderson/oxagen-monorepo/node_modules/@vitest/runner/dist/index.js:1056:17)\n    at processTicksAndRejections (node:internal/process/task_queues:104:5)\n    at runSuite (file:///Users/macanderson/oxagen-monorepo/node_modules/@vitest/runner/dist/index.js:1205:15)\n    at runSuite (file:///Users/macanderson/oxagen-monorepo/node_modules/@vitest/runner/dist/index.js:1205:15)\n    at runFiles (file:///Users/macanderson/oxagen-monorepo/node_modules/@vitest/runner/dist/index.js:1262:5)\n    at startTests (file:///Users/macanderson/oxagen-monorepo/node_modules/@vitest/runner/dist/index.js:1271:3)"},"msg":"embedText telemetry write failed"}
@oxagen/ai:test:unit: {"level":50,"time":1781072010514,"app":"ai.object","err":{"type":"Error","message":"CH down","stack":"Error: CH down\n    at /Users/macanderson/oxagen-monorepo/packages/ai/src/generate-object.test.ts:241:50\n    at file:///Users/macanderson/oxagen-monorepo/node_modules/@vitest/runner/dist/index.js:146:14\n    at file:///Users/macanderson/oxagen-monorepo/node_modules/@vitest/runner/dist/index.js:533:11\n    at runWithTimeout (file:///Users/macanderson/oxagen-monorepo/node_modules/@vitest/runner/dist/index.js:39:7)\n    at runTest (file:///Users/macanderson/oxagen-monorepo/node_modules/@vitest/runner/dist/index.js:1056:17)\n    at processTicksAndRejections (node:internal/process/task_queues:104:5)\n    at runSuite (file:///Users/macanderson/oxagen-monorepo/node_modules/@vitest/runner/dist/index.js:1205:15)\n    at runSuite (file:///Users/macanderson/oxagen-monorepo/node_modules/@vitest/runner/dist/index.js:1205:15)\n    at runFiles (file:///Users/macanderson/oxagen-monorepo/node_modules/@vitest/runner/dist/index.js:1262:5)\n    at startTests (file:///Users/macanderson/oxagen-monorepo/node_modules/@vitest/runner/dist/index.js:1271:3)"},"msg":"generateObject telemetry write failed"}
@oxagen/ai:test:unit: {"level":50,"time":1781072010541,"app":"ai.object","err":{"type":"Error","message":"hash failure","stack":"Error: hash failure\n    at /Users/macanderson/oxagen-monorepo/packages/ai/src/generate-object.test.ts:253:44\n    at file:///Users/macanderson/oxagen-monorepo/node_modules/@vitest/runner/dist/index.js:146:14\n    at file:///Users/macanderson/oxagen-monorepo/node_modules/@vitest/runner/dist/index.js:533:11\n    at runWithTimeout (file:///Users/macanderson/oxagen-monorepo/node_modules/@vitest/runner/dist/index.js:39:7)\n    at runTest (file:///Users/macanderson/oxagen-monorepo/node_modules/@vitest/runner/dist/index.js:1056:17)\n    at processTicksAndRejections (node:internal/process/task_queues:104:5)\n    at runSuite (file:///Users/macanderson/oxagen-monorepo/node_modules/@vitest/runner/dist/index.js:1205:15)\n    at runSuite (file:///Users/macanderson/oxagen-monorepo/node_modules/@vitest/runner/dist/index.js:1205:15)\n    at runFiles (file:///Users/macanderson/oxagen-monorepo/node_modules/@vitest/runner/dist/index.js:1262:5)\n    at startTests (file:///Users/macanderson/oxagen-monorepo/node_modules/@vitest/runner/dist/index.js:1271:3)"},"msg":"generateObject telemetry write failed"}
@oxagen/ai:test:unit: {"level":50,"time":1781072010541,"app":"ai.object","err":{"type":"Error","message":"billing down","stack":"Error: billing down\n    at /Users/macanderson/oxagen-monorepo/packages/ai/src/generate-object.test.ts:265:52\n    at file:///Users/macanderson/oxagen-monorepo/node_modules/@vitest/runner/dist/index.js:146:14\n    at file:///Users/macanderson/oxagen-monorepo/node_modules/@vitest/runner/dist/index.js:533:11\n    at runWithTimeout (file:///Users/macanderson/oxagen-monorepo/node_modules/@vitest/runner/dist/index.js:39:7)\n    at runTest (file:///Users/macanderson/oxagen-monorepo/node_modules/@vitest/runner/dist/index.js:1056:17)\n    at processTicksAndRejections (node:internal/process/task_queues:104:5)\n    at runSuite (file:///Users/macanderson/oxagen-monorepo/node_modules/@vitest/runner/dist/index.js:1205:15)\n    at runSuite (file:///Users/macanderson/oxagen-monorepo/node_modules/@vitest/runner/dist/index.js:1205:15)\n    at runFiles (file:///Users/macanderson/oxagen-monorepo/node_modules/@vitest/runner/dist/index.js:1262:5)\n    at startTests (file:///Users/macanderson/oxagen-monorepo/node_modules/@vitest/runner/dist/index.js:1271:3)"},"msg":"generateObject credit charge failed"}
@oxagen/ai:test:unit: {"level":50,"time":1781072010580,"app":"ai.video","err":{"type":"Error","message":"CH down","stack":"Error: CH down\n    at /Users/macanderson/oxagen-monorepo/packages/ai/src/generate-video.test.ts:168:50\n    at file:///Users/macanderson/oxagen-monorepo/node_modules/@vitest/runner/dist/index.js:146:14\n    at file:///Users/macanderson/oxagen-monorepo/node_modules/@vitest/runner/dist/index.js:533:11\n    at runWithTimeout (file:///Users/macanderson/oxagen-monorepo/node_modules/@vitest/runner/dist/index.js:39:7)\n    at runTest (file:///Users/macanderson/oxagen-monorepo/node_modules/@vitest/runner/dist/index.js:1056:17)\n    at processTicksAndRejections (node:internal/process/task_queues:104:5)\n    at runSuite (file:///Users/macanderson/oxagen-monorepo/node_modules/@vitest/runner/dist/index.js:1205:15)\n    at runSuite (file:///Users/macanderson/oxagen-monorepo/node_modules/@vitest/runner/dist/index.js:1205:15)\n    at runFiles (file:///Users/macanderson/oxagen-monorepo/node_modules/@vitest/runner/dist/index.js:1262:5)\n    at startTests (file:///Users/macanderson/oxagen-monorepo/node_modules/@vitest/runner/dist/index.js:1271:3)"},"msg":"generateVideo telemetry write failed"}
@oxagen/ai:test:unit: {"level":50,"time":1781072010510,"app":"ai.image","err":{"type":"Error","message":"CH down","stack":"Error: CH down\n    at /Users/macanderson/oxagen-monorepo/packages/ai/src/generate-image.test.ts:135:50\n    at file:///Users/macanderson/oxagen-monorepo/node_modules/@vitest/runner/dist/index.js:146:14\n    at file:///Users/macanderson/oxagen-monorepo/node_modules/@vitest/runner/dist/index.js:533:11\n    at runWithTimeout (file:///Users/macanderson/oxagen-monorepo/node_modules/@vitest/runner/dist/index.js:39:7)\n    at runTest (file:///Users/macanderson/oxagen-monorepo/node_modules/@vitest/runner/dist/index.js:1056:17)\n    at processTicksAndRejections (node:internal/process/task_queues:104:5)\n    at runSuite (file:///Users/macanderson/oxagen-monorepo/node_modules/@vitest/runner/dist/index.js:1205:15)\n    at runSuite (file:///Users/macanderson/oxagen-monorepo/node_modules/@vitest/runner/dist/index.js:1205:15)\n    at runFiles (file:///Users/macanderson/oxagen-monorepo/node_modules/@vitest/runner/dist/index.js:1262:5)\n    at startTests (file:///Users/macanderson/oxagen-monorepo/node_modules/@vitest/runner/dist/index.js:1271:3)"},"msg":"generateImage telemetry write failed"}
@oxagen/ai:test:unit: {"level":50,"time":1781072010509,"app":"ai.stream","err":{"type":"Error","message":"billing down","stack":"Error: billing down\n    at /Users/macanderson/oxagen-monorepo/packages/ai/src/stream.test.ts:218:52\n    at file:///Users/macanderson/oxagen-monorepo/node_modules/@vitest/runner/dist/index.js:146:14\n    at file:///Users/macanderson/oxagen-monorepo/node_modules/@vitest/runner/dist/index.js:533:11\n    at runWithTimeout (file:///Users/macanderson/oxagen-monorepo/node_modules/@vitest/runner/dist/index.js:39:7)\n    at runTest (file:///Users/macanderson/oxagen-monorepo/node_modules/@vitest/runner/dist/index.js:1056:17)\n    at processTicksAndRejections (node:internal/process/task_queues:104:5)\n    at runSuite (file:///Users/macanderson/oxagen-monorepo/node_modules/@vitest/runner/dist/index.js:1205:15)\n    at runSuite (file:///Users/macanderson/oxagen-monorepo/node_modules/@vitest/runner/dist/index.js:1205:15)\n    at runFiles (file:///Users/macanderson/oxagen-monorepo/node_modules/@vitest/runner/dist/index.js:1262:5)\n    at startTests (file:///Users/macanderson/oxagen-monorepo/node_modules/@vitest/runner/dist/index.js:1271:3)"},"msg":"stream credit charge failed"}
@oxagen/ai:test:unit: {"level":50,"time":1781072010604,"app":"ai.video","err":{"type":"Error","message":"billing down","stack":"Error: billing down\n    at /Users/macanderson/oxagen-monorepo/packages/ai/src/generate-video.test.ts:180:52\n    at file:///Users/macanderson/oxagen-monorepo/node_modules/@vitest/runner/dist/index.js:146:14\n    at file:///Users/macanderson/oxagen-monorepo/node_modules/@vitest/runner/dist/index.js:533:11\n    at runWithTimeout (file:///Users/macanderson/oxagen-monorepo/node_modules/@vitest/runner/dist/index.js:39:7)\n    at runTest (file:///Users/macanderson/oxagen-monorepo/node_modules/@vitest/runner/dist/index.js:1056:17)\n    at processTicksAndRejections (node:internal/process/task_queues:104:5)\n    at runSuite (file:///Users/macanderson/oxagen-monorepo/node_modules/@vitest/runner/dist/index.js:1205:15)\n    at runSuite (file:///Users/macanderson/oxagen-monorepo/node_modules/@vitest/runner/dist/index.js:1205:15)\n    at runFiles (file:///Users/macanderson/oxagen-monorepo/node_modules/@vitest/runner/dist/index.js:1262:5)\n    at startTests (file:///Users/macanderson/oxagen-monorepo/node_modules/@vitest/runner/dist/index.js:1271:3)"},"msg":"generateVideo credit charge failed"}
@oxagen/ai:test:unit: {"level":50,"time":1781072010606,"app":"ai.image","err":{"type":"Error","message":"billing down","stack":"Error: billing down\n    at /Users/macanderson/oxagen-monorepo/packages/ai/src/generate-image.test.ts:147:52\n    at file:///Users/macanderson/oxagen-monorepo/node_modules/@vitest/runner/dist/index.js:146:14\n    at file:///Users/macanderson/oxagen-monorepo/node_modules/@vitest/runner/dist/index.js:533:11\n    at runWithTimeout (file:///Users/macanderson/oxagen-monorepo/node_modules/@vitest/runner/dist/index.js:39:7)\n    at runTest (file:///Users/macanderson/oxagen-monorepo/node_modules/@vitest/runner/dist/index.js:1056:17)\n    at processTicksAndRejections (node:internal/process/task_queues:104:5)\n    at runSuite (file:///Users/macanderson/oxagen-monorepo/node_modules/@vitest/runner/dist/index.js:1205:15)\n    at runSuite (file:///Users/macanderson/oxagen-monorepo/node_modules/@vitest/runner/dist/index.js:1205:15)\n    at runFiles (file:///Users/macanderson/oxagen-monorepo/node_modules/@vitest/runner/dist/index.js:1262:5)\n    at startTests (file:///Users/macanderson/oxagen-monorepo/node_modules/@vitest/runner/dist/index.js:1271:3)"},"msg":"generateImage credit charge failed"}
@oxagen/ai:test:unit: {"level":50,"time":1781072010606,"app":"ai.stream","err":{"type":"Error","message":"CH down","stack":"Error: CH down\n    at /Users/macanderson/oxagen-monorepo/packages/ai/src/stream.test.ts:249:50\n    at file:///Users/macanderson/oxagen-monorepo/node_modules/@vitest/runner/dist/index.js:146:14\n    at file:///Users/macanderson/oxagen-monorepo/node_modules/@vitest/runner/dist/index.js:533:11\n    at runWithTimeout (file:///Users/macanderson/oxagen-monorepo/node_modules/@vitest/runner/dist/index.js:39:7)\n    at runTest (file:///Users/macanderson/oxagen-monorepo/node_modules/@vitest/runner/dist/index.js:1056:17)\n    at processTicksAndRejections (node:internal/process/task_queues:104:5)\n    at runSuite (file:///Users/macanderson/oxagen-monorepo/node_modules/@vitest/runner/dist/index.js:1205:15)\n    at runSuite (file:///Users/macanderson/oxagen-monorepo/node_modules/@vitest/runner/dist/index.js:1205:15)\n    at runFiles (file:///Users/macanderson/oxagen-monorepo/node_modules/@vitest/runner/dist/index.js:1262:5)\n    at startTests (file:///Users/macanderson/oxagen-monorepo/node_modules/@vitest/runner/dist/index.js:1271:3)"},"msg":"stream telemetry write failed"}
@oxagen/ai:test:unit: {"level":50,"time":1781072010606,"app":"ai.stream","err":{"type":"Error","message":"hash failure","stack":"Error: hash failure\n    at /Users/macanderson/oxagen-monorepo/packages/ai/src/stream.test.ts:264:44\n    at file:///Users/macanderson/oxagen-monorepo/node_modules/@vitest/runner/dist/index.js:146:14\n    at file:///Users/macanderson/oxagen-monorepo/node_modules/@vitest/runner/dist/index.js:533:11\n    at runWithTimeout (file:///Users/macanderson/oxagen-monorepo/node_modules/@vitest/runner/dist/index.js:39:7)\n    at runTest (file:///Users/macanderson/oxagen-monorepo/node_modules/@vitest/runner/dist/index.js:1056:17)\n    at processTicksAndRejections (node:internal/process/task_queues:104:5)\n    at runSuite (file:///Users/macanderson/oxagen-monorepo/node_modules/@vitest/runner/dist/index.js:1205:15)\n    at runSuite (file:///Users/macanderson/oxagen-monorepo/node_modules/@vitest/runner/dist/index.js:1205:15)\n    at runFiles (file:///Users/macanderson/oxagen-monorepo/node_modules/@vitest/runner/dist/index.js:1262:5)\n    at startTests (file:///Users/macanderson/oxagen-monorepo/node_modules/@vitest/runner/dist/index.js:1271:3)"},"msg":"stream telemetry write failed"}
@oxagen/ai:test:unit: {"numTotalTestSuites":33,"numPassedTestSuites":33,"numFailedTestSuites":0,"numPendingTestSuites":0,"numTotalTests":113,"numPassedTests":113,"numFailedTests":0,"numPendingTests":0,"numTodoTests":0,"snapshot":{"added":0,"failure":false,"filesAdded":0,"filesRemoved":0,"filesRemovedList":[],"filesUnmatched":0,"filesUpdated":0,"matched":0,"total":0,"unchecked":0,"uncheckedKeysByFile":[],"unmatched":0,"updated":0,"didUpdate":false},"startTime":1781072003820,"success":true,"testResults":[{"assertionResults":[{"ancestorTitles":["model catalog (@oxagen/ai/catalog)"],"fullName":"model catalog (@oxagen/ai/catalog) indexes every model by its gateway id","status":"passed","title":"indexes every model by its gateway id","duration":0.7107499999999618,"failureMessages":[],"meta":{}},{"ancestorTitles":["model catalog (@oxagen/ai/catalog)"],"fullName":"model catalog (@oxagen/ai/catalog) reports reasoning support from the capability array","status":"passed","title":"reports reasoning support from the capability array","duration":0.10745900000006259,"failureMessages":[],"meta":{}},{"ancestorTitles":["model catalog (@oxagen/ai/catalog)"],"fullName":"model catalog (@oxagen/ai/catalog) classifies image vs video vs text capability","status":"passed","title":"classifies image vs video vs text capability","duration":0.13191600000004655,"failureMessages":[],"meta":{}},{"ancestorTitles":["model catalog (@oxagen/ai/catalog)"],"fullName":"model catalog (@oxagen/ai/catalog) supportsMedia dispatches on kind","status":"passed","title":"supportsMedia dispatches on kind","duration":0.06887500000016189,"failureMessages":[],"meta":{}},{"ancestorTitles":["model catalog (@oxagen/ai/catalog)"],"fullName":"model catalog (@oxagen/ai/catalog) accepts either an id string or a resolved model object","status":"passed","title":"accepts either an id string or a resolved model object","duration":0.03816699999993034,"failureMessages":[],"meta":{}},{"ancestorTitles":["model catalog (@oxagen/ai/catalog)"],"fullName":"model catalog (@oxagen/ai/catalog) labels every capability","status":"passed","title":"labels every capability","duration":0.07641699999999219,"failureMessages":[],"meta":{}},{"ancestorTitles":["model catalog (@oxagen/ai/catalog)"],"fullName":"model catalog (@oxagen/ai/catalog) exposes the three text tiers and two media tiers","status":"passed","title":"exposes the three text tiers and two media tiers","duration":0.27087500000016007,"failureMessages":[],"meta":{}},{"ancestorTitles":["model catalog (@oxagen/ai/catalog)"],"fullName":"model catalog (@oxagen/ai/catalog) every media env default resolves to a media-capable catalog entry","status":"passed","title":"every media env default resolves to a media-capable catalog entry","duration":0.05320799999981318,"failureMessages":[],"meta":{}}],"startTime":1781072005953,"endTime":1781072005954.271,"status":"passed","message":"","name":"/Users/macanderson/oxagen-monorepo/packages/ai/src/catalog.test.ts"},{"assertionResults":[{"ancestorTitles":["embedText (@oxagen/ai)"],"fullName":"embedText (@oxagen/ai) calls the gateway embedding model with the correct model id and returns a 1536-d vector","status":"passed","title":"calls the gateway embedding model with the correct model id and returns a 1536-d vector","duration":20.813208000000486,"failureMessages":[],"meta":{}},{"ancestorTitles":["embedText (@oxagen/ai)"],"fullName":"embedText (@oxagen/ai) always writes a token_usage row — telemetry is required for metering","status":"passed","title":"always writes a token_usage row — telemetry is required for metering","duration":0.15391700000054698,"failureMessages":[],"meta":{}},{"ancestorTitles":["embedText (@oxagen/ai)"],"fullName":"embedText (@oxagen/ai) writes exactly ONE token_usage row with the correct fields","status":"passed","title":"writes exactly ONE token_usage row with the correct fields","duration":0.24187499999970896,"failureMessages":[],"meta":{}},{"ancestorTitles":["embedText (@oxagen/ai)"],"fullName":"embedText (@oxagen/ai) swallows telemetry errors and still returns the embedding","status":"passed","title":"swallows telemetry errors and still returns the embedding","duration":14.014916999999514,"failureMessages":[],"meta":{}}],"startTime":1781072010486,"endTime":1781072010521.015,"status":"passed","message":"","name":"/Users/macanderson/oxagen-monorepo/packages/ai/src/embed.test.ts"},{"assertionResults":[{"ancestorTitles":["generateImageFor (@oxagen/ai)"],"fullName":"generateImageFor (@oxagen/ai) returns the base64 images and the image count","status":"passed","title":"returns the base64 images and the image count","duration":15.124125000000276,"failureMessages":[],"meta":{}},{"ancestorTitles":["generateImageFor (@oxagen/ai)"],"fullName":"generateImageFor (@oxagen/ai) writes a token_usage row tagged with the REAL model id (not a sentinel)","status":"passed","title":"writes a token_usage row tagged with the REAL model id (not a sentinel)","duration":0.5727499999993597,"failureMessages":[],"meta":{}},{"ancestorTitles":["generateImageFor (@oxagen/ai)"],"fullName":"generateImageFor (@oxagen/ai) prices the real model + size and charges via chargeImageCredits","status":"passed","title":"prices the real model + size and charges via chargeImageCredits","duration":1.1146659999994881,"failureMessages":[],"meta":{}},{"ancestorTitles":["generateImageFor (@oxagen/ai)"],"fullName":"generateImageFor (@oxagen/ai) defaults size to 1024x1024 when the caller omits it","status":"passed","title":"defaults size to 1024x1024 when the caller omits it","duration":0.43504200000006676,"failureMessages":[],"meta":{}},{"ancestorTitles":["generateImageFor (@oxagen/ai)"],"fullName":"generateImageFor (@oxagen/ai) swallows an insertTokenUsage error and still returns images","status":"passed","title":"swallows an insertTokenUsage error and still returns images","duration":95.97400000000016,"failureMessages":[],"meta":{}},{"ancestorTitles":["generateImageFor (@oxagen/ai)"],"fullName":"generateImageFor (@oxagen/ai) swallows a chargeImageCredits error and still returns images","status":"passed","title":"swallows a chargeImageCredits error and still returns images","duration":0.3079999999999927,"failureMessages":[],"meta":{}},{"ancestorTitles":["generateImageFor (@oxagen/ai)"],"fullName":"generateImageFor (@oxagen/ai) propagates errors from generateImage (not swallowed)","status":"passed","title":"propagates errors from generateImage (not swallowed)","duration":0.5357089999997697,"failureMessages":[],"meta":{}}],"startTime":1781072010492,"endTime":1781072010606.5356,"status":"passed","message":"","name":"/Users/macanderson/oxagen-monorepo/packages/ai/src/generate-image.test.ts"},{"assertionResults":[{"ancestorTitles":["generateObjectFor (@oxagen/ai)"],"fullName":"generateObjectFor (@oxagen/ai) returns an object that satisfies the zod schema","status":"passed","title":"returns an object that satisfies the zod schema","duration":19.80920800000058,"failureMessages":[],"meta":{}},{"ancestorTitles":["generateObjectFor (@oxagen/ai)"],"fullName":"generateObjectFor (@oxagen/ai) returns correct usage counts from the underlying SDK result","status":"passed","title":"returns correct usage counts from the underlying SDK result","duration":0.19049999999970169,"failureMessages":[],"meta":{}},{"ancestorTitles":["generateObjectFor (@oxagen/ai)"],"fullName":"generateObjectFor (@oxagen/ai) calls generateObject with default temperature 0 and the schema","status":"passed","title":"calls generateObject with default temperature 0 and the schema","duration":0.15095900000051188,"failureMessages":[],"meta":{}},{"ancestorTitles":["generateObjectFor (@oxagen/ai)"],"fullName":"generateObjectFor (@oxagen/ai) uses the caller-supplied model and does not call defaultModel","status":"passed","title":"uses the caller-supplied model and does not call defaultModel","duration":0.0884169999999358,"failureMessages":[],"meta":{}},{"ancestorTitles":["generateObjectFor (@oxagen/ai)"],"fullName":"generateObjectFor (@oxagen/ai) uses defaultModel() when no model is supplied","status":"passed","title":"uses defaultModel() when no model is supplied","duration":0.06700000000000728,"failureMessages":[],"meta":{}},{"ancestorTitles":["generateObjectFor (@oxagen/ai)"],"fullName":"generateObjectFor (@oxagen/ai) writes a token_usage row with the correct telemetry fields","status":"passed","title":"writes a token_usage row with the correct telemetry fields","duration":0.5186669999993683,"failureMessages":[],"meta":{}},{"ancestorTitles":["generateObjectFor (@oxagen/ai)"],"fullName":"generateObjectFor (@oxagen/ai) writes the prompt hash into the token_usage row","status":"passed","title":"writes the prompt hash into the token_usage row","duration":0.49416699999983393,"failureMessages":[],"meta":{}},{"ancestorTitles":["generateObjectFor (@oxagen/ai)"],"fullName":"generateObjectFor (@oxagen/ai) hashes the last user message content when messages are provided","status":"passed","title":"hashes the last user message content when messages are provided","duration":0.10804099999950267,"failureMessages":[],"meta":{}},{"ancestorTitles":["generateObjectFor (@oxagen/ai)"],"fullName":"generateObjectFor (@oxagen/ai) stringifies structured message content before hashing","status":"passed","title":"stringifies structured message content before hashing","duration":0.10129199999937555,"failureMessages":[],"meta":{}},{"ancestorTitles":["generateObjectFor (@oxagen/ai)"],"fullName":"generateObjectFor (@oxagen/ai) charges the org's credits through the billing gate","status":"passed","title":"charges the org's credits through the billing gate","duration":0.24562500000047294,"failureMessages":[],"meta":{}},{"ancestorTitles":["generateObjectFor (@oxagen/ai)"],"fullName":"generateObjectFor (@oxagen/ai) swallows a ClickHouse insertTokenUsage error and still returns the object","status":"passed","title":"swallows a ClickHouse insertTokenUsage error and still returns the object","duration":27.347875000000386,"failureMessages":[],"meta":{}},{"ancestorTitles":["generateObjectFor (@oxagen/ai)"],"fullName":"generateObjectFor (@oxagen/ai) swallows a hashPrompt error and still returns the object","status":"passed","title":"swallows a hashPrompt error and still returns the object","duration":0.25050000000010186,"failureMessages":[],"meta":{}},{"ancestorTitles":["generateObjectFor (@oxagen/ai)"],"fullName":"generateObjectFor (@oxagen/ai) swallows a credit-charge error and still returns the object","status":"passed","title":"swallows a credit-charge error and still returns the object","duration":0.17254199999933917,"failureMessages":[],"meta":{}},{"ancestorTitles":["generateObjectFor (@oxagen/ai)"],"fullName":"generateObjectFor (@oxagen/ai) respects a caller-supplied temperature override","status":"passed","title":"respects a caller-supplied temperature override","duration":0.068583000000217,"failureMessages":[],"meta":{}},{"ancestorTitles":["generateObjectFor (@oxagen/ai)"],"fullName":"generateObjectFor (@oxagen/ai) passes system and messages through to the underlying SDK call","status":"passed","title":"passes system and messages through to the underlying SDK call","duration":0.07041599999956816,"failureMessages":[],"meta":{}}],"startTime":1781072010492,"endTime":1781072010542.0703,"status":"passed","message":"","name":"/Users/macanderson/oxagen-monorepo/packages/ai/src/generate-object.test.ts"},{"assertionResults":[{"ancestorTitles":["generateVideoFor (@oxagen/ai)"],"fullName":"generateVideoFor (@oxagen/ai) returns bytes and mimeType from the first generated video","status":"passed","title":"returns bytes and mimeType from the first generated video","duration":65.48824999999943,"failureMessages":[],"meta":{}},{"ancestorTitles":["generateVideoFor (@oxagen/ai)"],"fullName":"generateVideoFor (@oxagen/ai) passes prompt, duration, and aspectRatio through to experimental_generateVideo","status":"passed","title":"passes prompt, duration, and aspectRatio through to experimental_generateVideo","duration":0.24887499999931606,"failureMessages":[],"meta":{}},{"ancestorTitles":["generateVideoFor (@oxagen/ai)"],"fullName":"generateVideoFor (@oxagen/ai) writes a token_usage row with the correct telemetry fields","status":"passed","title":"writes a token_usage row with the correct telemetry fields","duration":0.5134170000001177,"failureMessages":[],"meta":{}},{"ancestorTitles":["generateVideoFor (@oxagen/ai)"],"fullName":"generateVideoFor (@oxagen/ai) charges the org's credits through the billing gate","status":"passed","title":"charges the org's credits through the billing gate","duration":0.12062499999956344,"failureMessages":[],"meta":{}},{"ancestorTitles":["generateVideoFor (@oxagen/ai)"],"fullName":"generateVideoFor (@oxagen/ai) swallows an insertTokenUsage error and still returns bytes","status":"passed","title":"swallows an insertTokenUsage error and still returns bytes","duration":24.245249999999942,"failureMessages":[],"meta":{}},{"ancestorTitles":["generateVideoFor (@oxagen/ai)"],"fullName":"generateVideoFor (@oxagen/ai) swallows a chargeVideoCredits error and still returns bytes","status":"passed","title":"swallows a chargeVideoCredits error and still returns bytes","duration":0.32358300000032614,"failureMessages":[],"meta":{}},{"ancestorTitles":["generateVideoFor (@oxagen/ai)"],"fullName":"generateVideoFor (@oxagen/ai) propagates errors from experimental_generateVideo (not swallowed)","status":"passed","title":"propagates errors from experimental_generateVideo (not swallowed)","duration":0.5707499999998618,"failureMessages":[],"meta":{}},{"ancestorTitles":["generateVideoFor (@oxagen/ai)"],"fullName":"generateVideoFor (@oxagen/ai) defaults mimeType to video/mp4 when provider omits it","status":"passed","title":"defaults mimeType to video/mp4 when provider omits it","duration":0.12087500000052387,"failureMessages":[],"meta":{}},{"ancestorTitles":["generateVideoFor (@oxagen/ai)"],"fullName":"generateVideoFor (@oxagen/ai) calls providerFromModelId with the resolved model id","status":"passed","title":"calls providerFromModelId with the resolved model id","duration":0.42020899999988615,"failureMessages":[],"meta":{}},{"ancestorTitles":["generateVideoFor (@oxagen/ai)"],"fullName":"generateVideoFor (@oxagen/ai) resolves model id from a string model arg","status":"passed","title":"resolves model id from a string model arg","duration":0.120375000000422,"failureMessages":[],"meta":{}}],"startTime":1781072010513,"endTime":1781072010606.1204,"status":"passed","message":"","name":"/Users/macanderson/oxagen-monorepo/packages/ai/src/generate-video.test.ts"},{"assertionResults":[{"ancestorTitles":["loadEffectiveModelDefaults"],"fullName":"loadEffectiveModelDefaults returns all-null defaults when user has no preferences and no workspace","status":"passed","title":"returns all-null defaults when user has no preferences and no workspace","duration":1.7975839999999152,"failureMessages":[],"meta":{}},{"ancestorTitles":["loadEffectiveModelDefaults"],"fullName":"loadEffectiveModelDefaults resolves user preferences when workspace is null","status":"passed","title":"resolves user preferences when workspace is null","duration":0.2890419999994265,"failureMessages":[],"meta":{}},{"ancestorTitles":["loadEffectiveModelDefaults"],"fullName":"loadEffectiveModelDefaults workspace preferences override user preferences","status":"passed","title":"workspace preferences override user preferences","duration":0.17324999999982538,"failureMessages":[],"meta":{}},{"ancestorTitles":["loadEffectiveModelDefaults"],"fullName":"loadEffectiveModelDefaults does not query workspaces when workspaceId is null","status":"passed","title":"does not query workspaces when workspaceId is null","duration":0.20354200000019773,"failureMessages":[],"meta":{}}],"startTime":1781072008869,"endTime":1781072008872.2036,"status":"passed","message":"","name":"/Users/macanderson/oxagen-monorepo/packages/ai/src/load-effective-model-defaults.test.ts"},{"assertionResults":[{"ancestorTitles":["selectModel (@oxagen/ai) — gateway only"],"fullName":"selectModel (@oxagen/ai) — gateway only routes through the gateway at the balanced tier by default","status":"passed","title":"routes through the gateway at the balanced tier by default","duration":1.637042000000065,"failureMessages":[],"meta":{}},{"ancestorTitles":["selectModel (@oxagen/ai) — gateway only"],"fullName":"selectModel (@oxagen/ai) — gateway only resolves the fast tier to its OXAGEN_LLM_FAST gateway id","status":"passed","title":"resolves the fast tier to its OXAGEN_LLM_FAST gateway id","duration":0.14616700000010496,"failureMessages":[],"meta":{}},{"ancestorTitles":["selectModel (@oxagen/ai) — gateway only"],"fullName":"selectModel (@oxagen/ai) — gateway only resolves the precise tier to its OXAGEN_LLM_PRECISE gateway id","status":"passed","title":"resolves the precise tier to its OXAGEN_LLM_PRECISE gateway id","duration":0.09633400000006986,"failureMessages":[],"meta":{}},{"ancestorTitles":["selectModel (@oxagen/ai) — gateway only"],"fullName":"selectModel (@oxagen/ai) — gateway only an explicit gateway model id wins over a tier","status":"passed","title":"an explicit gateway model id wins over a tier","duration":0.07712500000002365,"failureMessages":[],"meta":{}},{"ancestorTitles":["selectImageModel (@oxagen/ai) — gateway only"],"fullName":"selectImageModel (@oxagen/ai) — gateway only defaults to the gateway gpt-image-1 model","status":"passed","title":"defaults to the gateway gpt-image-1 model","duration":0.10295899999982794,"failureMessages":[],"meta":{}},{"ancestorTitles":["selectImageModel (@oxagen/ai) — gateway only"],"fullName":"selectImageModel (@oxagen/ai) — gateway only passes an explicit gateway image model id through","status":"passed","title":"passes an explicit gateway image model id through","duration":0.07875000000012733,"failureMessages":[],"meta":{}},{"ancestorTitles":["media tier resolution (@oxagen/ai)"],"fullName":"media tier resolution (@oxagen/ai) resolves image tiers from OXAGEN_LLM_IMAGE_* env","status":"passed","title":"resolves image tiers from OXAGEN_LLM_IMAGE_* env","duration":0.06845800000019153,"failureMessages":[],"meta":{}},{"ancestorTitles":["media tier resolution (@oxagen/ai)"],"fullName":"media tier resolution (@oxagen/ai) resolves video tiers from OXAGEN_LLM_VIDEO_* env","status":"passed","title":"resolves video tiers from OXAGEN_LLM_VIDEO_* env","duration":0.06591699999989942,"failureMessages":[],"meta":{}},{"ancestorTitles":["media tier resolution (@oxagen/ai)"],"fullName":"media tier resolution (@oxagen/ai) joins every tier to its concrete gateway model id","status":"passed","title":"joins every tier to its concrete gateway model id","duration":0.12445899999988796,"failureMessages":[],"meta":{}},{"ancestorTitles":["selectVideoModel (@oxagen/ai) — gateway only"],"fullName":"selectVideoModel (@oxagen/ai) — gateway only defaults to the basic tier Veo fast model","status":"passed","title":"defaults to the basic tier Veo fast model","duration":0.12049999999999272,"failureMessages":[],"meta":{}},{"ancestorTitles":["selectVideoModel (@oxagen/ai) — gateway only"],"fullName":"selectVideoModel (@oxagen/ai) — gateway only resolves the advanced tier to OXAGEN_LLM_VIDEO_ADVANCED","status":"passed","title":"resolves the advanced tier to OXAGEN_LLM_VIDEO_ADVANCED","duration":0.053707999999915046,"failureMessages":[],"meta":{}},{"ancestorTitles":["selectVideoModel (@oxagen/ai) — gateway only"],"fullName":"selectVideoModel (@oxagen/ai) — gateway only an explicit model id wins over a tier","status":"passed","title":"an explicit model id wins over a tier","duration":0.06912499999998545,"failureMessages":[],"meta":{}}],"startTime":1781072005959,"endTime":1781072005962.1245,"status":"passed","message":"","name":"/Users/macanderson/oxagen-monorepo/packages/ai/src/models.test.ts"},{"assertionResults":[{"ancestorTitles":["resolveModelDefaults"],"fullName":"resolveModelDefaults returns all null and false override flags when both user and workspace are null","status":"passed","title":"returns all null and false override flags when both user and workspace are null","duration":0.6229580000001533,"failureMessages":[],"meta":{}},{"ancestorTitles":["resolveModelDefaults"],"fullName":"resolveModelDefaults returns all null when both user and workspace have null prefs (but exist)","status":"passed","title":"returns all null when both user and workspace have null prefs (but exist)","duration":0.12675000000012915,"failureMessages":[],"meta":{}},{"ancestorTitles":["resolveModelDefaults"],"fullName":"resolveModelDefaults uses user prefs when workspace is null (no override)","status":"passed","title":"uses user prefs when workspace is null (no override)","duration":0.10391600000002654,"failureMessages":[],"meta":{}},{"ancestorTitles":["resolveModelDefaults"],"fullName":"resolveModelDefaults uses user prefs when workspace has all-null prefs (no effective override)","status":"passed","title":"uses user prefs when workspace has all-null prefs (no effective override)","duration":0.10679100000015751,"failureMessages":[],"meta":{}},{"ancestorTitles":["resolveModelDefaults"],"fullName":"resolveModelDefaults uses workspace prefs when user has no prefs, and sets override flags","status":"passed","title":"uses workspace prefs when user has no prefs, and sets override flags","duration":0.07841700000017227,"failureMessages":[],"meta":{}},{"ancestorTitles":["resolveModelDefaults"],"fullName":"resolveModelDefaults workspace values win over user values, all override flags are true","status":"passed","title":"workspace values win over user values, all override flags are true","duration":0.08591599999999744,"failureMessages":[],"meta":{}},{"ancestorTitles":["resolveModelDefaults"],"fullName":"resolveModelDefaults partial workspace override: only image overridden, text+video from user","status":"passed","title":"partial workspace override: only image overridden, text+video from user","duration":0.07950000000005275,"failureMessages":[],"meta":{}},{"ancestorTitles":["resolveModelDefaults"],"fullName":"resolveModelDefaults text model beats tier at the user level when both are set","status":"passed","title":"text model beats tier at the user level when both are set","duration":0.04337499999996908,"failureMessages":[],"meta":{}},{"ancestorTitles":["resolveModelDefaults"],"fullName":"resolveModelDefaults workspace model beats workspace tier (model takes precedence at workspace level)","status":"passed","title":"workspace model beats workspace tier (model takes precedence at workspace level)","duration":0.06275000000005093,"failureMessages":[],"meta":{}},{"ancestorTitles":["resolveModelDefaults"],"fullName":"resolveModelDefaults workspace tier overrides user model when workspace has no explicit model","status":"passed","title":"workspace tier overrides user model when workspace has no explicit model","duration":0.06224999999994907,"failureMessages":[],"meta":{}}],"startTime":1781072005897,"endTime":1781072005899.0627,"status":"passed","message":"","name":"/Users/macanderson/oxagen-monorepo/packages/ai/src/resolve-model-defaults.test.ts"},{"assertionResults":[{"ancestorTitles":["streamAgentReply telemetry (@oxagen/ai)"],"fullName":"streamAgentReply telemetry (@oxagen/ai) calls streamText with the supplied messages and default temperature","status":"passed","title":"calls streamText with the supplied messages and default temperature","duration":9.633125000000291,"failureMessages":[],"meta":{}},{"ancestorTitles":["streamAgentReply telemetry (@oxagen/ai)"],"fullName":"streamAgentReply telemetry (@oxagen/ai) prepends the system prompt as an Anthropic-cacheable system message","status":"passed","title":"prepends the system prompt as an Anthropic-cacheable system message","duration":0.29920899999979156,"failureMessages":[],"meta":{}},{"ancestorTitles":["streamAgentReply telemetry (@oxagen/ai)"],"fullName":"streamAgentReply telemetry (@oxagen/ai) does not set providerOptions when no effort is supplied","status":"passed","title":"does not set providerOptions when no effort is supplied","duration":0.1260839999995369,"failureMessages":[],"meta":{}},{"ancestorTitles":["streamAgentReply telemetry (@oxagen/ai)"],"fullName":"streamAgentReply telemetry (@oxagen/ai) falls back to the openai namespace for a model id without a vendor prefix","status":"passed","title":"falls back to the openai namespace for a model id without a vendor prefix","duration":0.11883299999954033,"failureMessages":[],"meta":{}},{"ancestorTitles":["streamAgentReply telemetry (@oxagen/ai)"],"fullName":"streamAgentReply telemetry (@oxagen/ai) uses defaultModel() when no model arg is given","status":"passed","title":"uses defaultModel() when no model arg is given","duration":0.07474999999976717,"failureMessages":[],"meta":{}},{"ancestorTitles":["streamAgentReply telemetry (@oxagen/ai)"],"fullName":"streamAgentReply telemetry (@oxagen/ai) uses the caller-supplied model when provided, never calls defaultModel","status":"passed","title":"uses the caller-supplied model when provided, never calls defaultModel","duration":0.08241600000019389,"failureMessages":[],"meta":{}},{"ancestorTitles":["streamAgentReply telemetry (@oxagen/ai)"],"fullName":"streamAgentReply telemetry (@oxagen/ai) onFinish writes a token_usage row with correct telemetry fields","status":"passed","title":"onFinish writes a token_usage row with correct telemetry fields","duration":9.680000000000291,"failureMessages":[],"meta":{}},{"ancestorTitles":["streamAgentReply telemetry (@oxagen/ai)"],"fullName":"streamAgentReply telemetry (@oxagen/ai) onFinish charges the org's credits through the gate meter","status":"passed","title":"onFinish charges the org's credits through the gate meter","duration":0.39491699999962293,"failureMessages":[],"meta":{}},{"ancestorTitles":["streamAgentReply telemetry (@oxagen/ai)"],"fullName":"streamAgentReply telemetry (@oxagen/ai) forwards prompt-cache reads (cachedInputTokens) to telemetry and the meter","status":"passed","title":"forwards prompt-cache reads (cachedInputTokens) to telemetry and the meter","duration":0.6292920000005324,"failureMessages":[],"meta":{}},{"ancestorTitles":["streamAgentReply telemetry (@oxagen/ai)"],"fullName":"streamAgentReply telemetry (@oxagen/ai) swallows a credit-charge error and still calls onFinish","status":"passed","title":"swallows a credit-charge error and still calls onFinish","duration":97.70095899999978,"failureMessages":[],"meta":{}},{"ancestorTitles":["streamAgentReply telemetry (@oxagen/ai)"],"fullName":"streamAgentReply telemetry (@oxagen/ai) onFinish hashes the last user message content","status":"passed","title":"onFinish hashes the last user message content","duration":0.16375000000061846,"failureMessages":[],"meta":{}},{"ancestorTitles":["streamAgentReply telemetry (@oxagen/ai)"],"fullName":"streamAgentReply telemetry (@oxagen/ai) hashes stringified content when the last user message content is not a plain string","status":"passed","title":"hashes stringified content when the last user message content is not a plain string","duration":0.10445900000013353,"failureMessages":[],"meta":{}},{"ancestorTitles":["streamAgentReply telemetry (@oxagen/ai)"],"fullName":"streamAgentReply telemetry (@oxagen/ai) swallows a ClickHouse insertTokenUsage error and still calls onFinish","status":"passed","title":"swallows a ClickHouse insertTokenUsage error and still calls onFinish","duration":0.22291599999971368,"failureMessages":[],"meta":{}},{"ancestorTitles":["streamAgentReply telemetry (@oxagen/ai)"],"fullName":"streamAgentReply telemetry (@oxagen/ai) swallows a hashPrompt error and still calls onFinish","status":"passed","title":"swallows a hashPrompt error and still calls onFinish","duration":0.1416669999998703,"failureMessages":[],"meta":{}},{"ancestorTitles":["streamAgentReply telemetry (@oxagen/ai)"],"fullName":"streamAgentReply telemetry (@oxagen/ai) forwards text, usage and finishReason to the caller-supplied onFinish","status":"passed","title":"forwards text, usage and finishReason to the caller-supplied onFinish","duration":0.09858400000030088,"failureMessages":[],"meta":{}},{"ancestorTitles":["streamAgentReply telemetry (@oxagen/ai)"],"fullName":"streamAgentReply telemetry (@oxagen/ai) resolves promptTokens/completionTokens to 0 when usage fields are missing","status":"passed","title":"resolves promptTokens/completionTokens to 0 when usage fields are missing","duration":0.06824999999935244,"failureMessages":[],"meta":{}},{"ancestorTitles":["streamAgentReply telemetry (@oxagen/ai)"],"fullName":"streamAgentReply telemetry (@oxagen/ai) omits temperature entirely when an anthropic-prefixed model is used with effort","status":"passed","title":"omits temperature entirely when an anthropic-prefixed model is used with effort","duration":0.07991700000002311,"failureMessages":[],"meta":{}},{"ancestorTitles":["streamAgentReply telemetry (@oxagen/ai)"],"fullName":"streamAgentReply telemetry (@oxagen/ai) omits temperature entirely when an openai-prefixed model is used with effort","status":"passed","title":"omits temperature entirely when an openai-prefixed model is used with effort","duration":0.05587500000001455,"failureMessages":[],"meta":{}},{"ancestorTitles":["reasoningRequestConfig (@oxagen/ai)"],"fullName":"reasoningRequestConfig (@oxagen/ai) returns no providerOptions and temperatureLocked=false when effort is undefined","status":"passed","title":"returns no providerOptions and temperatureLocked=false when effort is undefined","duration":0.04683400000067195,"failureMessages":[],"meta":{}},{"ancestorTitles":["reasoningRequestConfig (@oxagen/ai)","anthropic vendor"],"fullName":"reasoningRequestConfig (@oxagen/ai) anthropic vendor sets adaptive thinking + output_config.effort and locks temperature","status":"passed","title":"sets adaptive thinking + output_config.effort and locks temperature","duration":0.05466699999942648,"failureMessages":[],"meta":{}},{"ancestorTitles":["reasoningRequestConfig (@oxagen/ai)","anthropic vendor"],"fullName":"reasoningRequestConfig (@oxagen/ai) anthropic vendor passes the effort level through to outputConfig (low)","status":"passed","title":"passes the effort level through to outputConfig (low)","duration":0.04708299999947485,"failureMessages":[],"meta":{}},{"ancestorTitles":["reasoningRequestConfig (@oxagen/ai)","anthropic vendor"],"fullName":"reasoningRequestConfig (@oxagen/ai) anthropic vendor passes the effort level through to outputConfig (high)","status":"passed","title":"passes the effort level through to outputConfig (high)","duration":0.03991700000005949,"failureMessages":[],"meta":{}},{"ancestorTitles":["reasoningRequestConfig (@oxagen/ai)","openai vendor"],"fullName":"reasoningRequestConfig (@oxagen/ai) openai vendor sets reasoningEffort + reasoningSummary and locks temperature","status":"passed","title":"sets reasoningEffort + reasoningSummary and locks temperature","duration":0.049292000000605185,"failureMessages":[],"meta":{}},{"ancestorTitles":["reasoningRequestConfig (@oxagen/ai)","openai vendor"],"fullName":"reasoningRequestConfig (@oxagen/ai) openai vendor passes through each effort level unchanged","status":"passed","title":"passes through each effort level unchanged","duration":0.05383400000027905,"failureMessages":[],"meta":{}},{"ancestorTitles":["reasoningRequestConfig (@oxagen/ai)","google vendor"],"fullName":"reasoningRequestConfig (@oxagen/ai) google vendor sets thinkingConfig with includeThoughts and correct budget, does NOT lock temperature","status":"passed","title":"sets thinkingConfig with includeThoughts and correct budget, does NOT lock temperature","duration":0.05308299999978772,"failureMessages":[],"meta":{}},{"ancestorTitles":["reasoningRequestConfig (@oxagen/ai)","google vendor"],"fullName":"reasoningRequestConfig (@oxagen/ai) google vendor maps high effort to 12288 budget tokens","status":"passed","title":"maps high effort to 12288 budget tokens","duration":0.04337500000019645,"failureMessages":[],"meta":{}},{"ancestorTitles":["reasoningRequestConfig (@oxagen/ai)","xai vendor"],"fullName":"reasoningRequestConfig (@oxagen/ai) xai vendor sets xai reasoningEffort and does NOT lock temperature","status":"passed","title":"sets xai reasoningEffort and does NOT lock temperature","duration":0.04945800000041345,"failureMessages":[],"meta":{}},{"ancestorTitles":["reasoningRequestConfig (@oxagen/ai)","deepseek vendor"],"fullName":"reasoningRequestConfig (@oxagen/ai) deepseek vendor returns no providerOptions (native streaming) and does NOT lock temperature","status":"passed","title":"returns no providerOptions (native streaming) and does NOT lock temperature","duration":0.054500000000189175,"failureMessages":[],"meta":{}},{"ancestorTitles":["reasoningRequestConfig (@oxagen/ai)","unknown/unrecognised vendor (back-compat)"],"fullName":"reasoningRequestConfig (@oxagen/ai) unknown/unrecognised vendor (back-compat) falls back to openai namespace without locking temperature","status":"passed","title":"falls back to openai namespace without locking temperature","duration":0.046833999999762455,"failureMessages":[],"meta":{}},{"ancestorTitles":["reasoningRequestConfig (@oxagen/ai)","unknown/unrecognised vendor (back-compat)"],"fullName":"reasoningRequestConfig (@oxagen/ai) unknown/unrecognised vendor (back-compat) falls back to openai namespace for a plain id with no slash","status":"passed","title":"falls back to openai namespace for a plain id with no slash","duration":0.042250000000422006,"failureMessages":[],"meta":{}}],"startTime":1781072010487,"endTime":1781072010608.0422,"status":"passed","message":"","name":"/Users/macanderson/oxagen-monorepo/packages/ai/src/stream.test.ts"},{"assertionResults":[{"ancestorTitles":["enhancePromptIfInsufficient"],"fullName":"enhancePromptIfInsufficient is a no-op when autoImprove is off (judge never runs)","status":"passed","title":"is a no-op when autoImprove is off (judge never runs)","duration":0.843708000000106,"failureMessages":[],"meta":{}},{"ancestorTitles":["enhancePromptIfInsufficient"],"fullName":"enhancePromptIfInsufficient is a no-op for an empty prompt","status":"passed","title":"is a no-op for an empty prompt","duration":0.1317909999997937,"failureMessages":[],"meta":{}},{"ancestorTitles":["enhancePromptIfInsufficient"],"fullName":"enhancePromptIfInsufficient returns the original when the judge deems it sufficient","status":"passed","title":"returns the original when the judge deems it sufficient","duration":0.17066700000009405,"failureMessages":[],"meta":{}},{"ancestorTitles":["enhancePromptIfInsufficient"],"fullName":"enhancePromptIfInsufficient returns the enhanced prompt when the judge deems it insufficient","status":"passed","title":"returns the enhanced prompt when the judge deems it insufficient","duration":0.07495799999992414,"failureMessages":[],"meta":{}},{"ancestorTitles":["enhancePromptIfInsufficient"],"fullName":"enhancePromptIfInsufficient falls back to the original when insufficient but no enhancedPrompt returned","status":"passed","title":"falls back to the original when insufficient but no enhancedPrompt returned","duration":0.0654580000000351,"failureMessages":[],"meta":{}},{"ancestorTitles":["enhancePromptIfInsufficient"],"fullName":"enhancePromptIfInsufficient never throws — a judge error degrades to the original prompt","status":"passed","title":"never throws — a judge error degrades to the original prompt","duration":0.11183300000016061,"failureMessages":[],"meta":{}}],"startTime":1781072005966,"endTime":1781072005967.1707,"status":"passed","message":"","name":"/Users/macanderson/oxagen-monorepo/packages/ai/src/prompts/auto-improve.test.ts"},{"assertionResults":[{"ancestorTitles":["resolvePrompt"],"fullName":"resolvePrompt returns the bare baseline when config is empty","status":"passed","title":"returns the bare baseline when config is empty","duration":0.6574169999998958,"failureMessages":[],"meta":{}},{"ancestorTitles":["resolvePrompt"],"fullName":"resolvePrompt applies a full override for an overridable (content) key","status":"passed","title":"applies a full override for an overridable (content) key","duration":0.07562499999994543,"failureMessages":[],"meta":{}},{"ancestorTitles":["resolvePrompt"],"fullName":"resolvePrompt IGNORES an override for an append-only orchestration key (chat.system)","status":"passed","title":"IGNORES an override for an append-only orchestration key (chat.system)","duration":0.18687500000010004,"failureMessages":[],"meta":{}},{"ancestorTitles":["resolvePrompt"],"fullName":"resolvePrompt appends additionalInstructions to ANY key, after an override","status":"passed","title":"appends additionalInstructions to ANY key, after an override","duration":0.06962499999985994,"failureMessages":[],"meta":{}},{"ancestorTitles":["resolvePrompt"],"fullName":"resolvePrompt appends additionalInstructions to the append-only chat prompt (the customer-influence path)","status":"passed","title":"appends additionalInstructions to the append-only chat prompt (the customer-influence path)","duration":0.06483299999990777,"failureMessages":[],"meta":{}},{"ancestorTitles":["resolvePrompt"],"fullName":"resolvePrompt ignores blank/whitespace overrides and instructions","status":"passed","title":"ignores blank/whitespace overrides and instructions","duration":0.051041000000168424,"failureMessages":[],"meta":{}},{"ancestorTitles":["isOverridablePromptKey"],"fullName":"isOverridablePromptKey classifies content prompts as overridable and orchestration prompts as not","status":"passed","title":"classifies content prompts as overridable and orchestration prompts as not","duration":0.0929590000000644,"failureMessages":[],"meta":{}}],"startTime":1781072005905,"endTime":1781072005906.093,"status":"passed","message":"","name":"/Users/macanderson/oxagen-monorepo/packages/ai/src/prompts/registry.test.ts"}]}
@oxagen/iam:test:unit: {"level":50,"time":1781072011364,"app":"iam","err":{"type":"Error","message":"clickhouse down","stack":"Error: clickhouse down\n    at /Users/macanderson/oxagen-monorepo/packages/iam/src/check-iam.test.ts:222:39\n    at file:///Users/macanderson/oxagen-monorepo/node_modules/@vitest/runner/dist/index.js:146:14\n    at file:///Users/macanderson/oxagen-monorepo/node_modules/@vitest/runner/dist/index.js:533:11\n    at runWithTimeout (file:///Users/macanderson/oxagen-monorepo/node_modules/@vitest/runner/dist/index.js:39:7)\n    at runTest (file:///Users/macanderson/oxagen-monorepo/node_modules/@vitest/runner/dist/index.js:1056:17)\n    at processTicksAndRejections (node:internal/process/task_queues:104:5)\n    at runSuite (file:///Users/macanderson/oxagen-monorepo/node_modules/@vitest/runner/dist/index.js:1205:15)\n    at runSuite (file:///Users/macanderson/oxagen-monorepo/node_modules/@vitest/runner/dist/index.js:1205:15)\n    at runFiles (file:///Users/macanderson/oxagen-monorepo/node_modules/@vitest/runner/dist/index.js:1262:5)\n    at startTests (file:///Users/macanderson/oxagen-monorepo/node_modules/@vitest/runner/dist/index.js:1271:3)"},"capability":"chat.message.send","msg":"[iam:audit] CRITICAL — audit event emission failed"}
@oxagen/iam:test:unit: {"numTotalTestSuites":13,"numPassedTestSuites":13,"numFailedTestSuites":0,"numPendingTestSuites":0,"numTotalTests":61,"numPassedTests":61,"numFailedTests":0,"numPendingTests":0,"numTodoTests":0,"snapshot":{"added":0,"failure":false,"filesAdded":0,"filesRemoved":0,"filesRemovedList":[],"filesUnmatched":0,"filesUpdated":0,"matched":0,"total":0,"unchecked":0,"uncheckedKeysByFile":[],"unmatched":0,"updated":0,"didUpdate":false},"startTime":1781072004752,"success":true,"testResults":[{"assertionResults":[{"ancestorTitles":["createAccessRequest()"],"fullName":"createAccessRequest() returns null when principal is null (graceful degradation — IAM tables may not exist)","status":"passed","title":"returns null when principal is null (graceful degradation — IAM tables may not exist)","duration":1.620125000000371,"failureMessages":[],"meta":{}},{"ancestorTitles":["createAccessRequest()"],"fullName":"createAccessRequest() inserts an access_request row and returns its publicId","status":"passed","title":"inserts an access_request row and returns its publicId","duration":0.4031249999998181,"failureMessages":[],"meta":{}},{"ancestorTitles":["createAccessRequest()"],"fullName":"createAccessRequest() returns null when the insert returns an empty array (row missing)","status":"passed","title":"returns null when the insert returns an empty array (row missing)","duration":0.12579199999981938,"failureMessages":[],"meta":{}},{"ancestorTitles":["createAccessRequest()"],"fullName":"createAccessRequest() returns null when the DB insert throws (graceful degradation)","status":"passed","title":"returns null when the DB insert throws (graceful degradation)","duration":1.7976669999998194,"failureMessages":[],"meta":{}},{"ancestorTitles":["createAccessRequest()"],"fullName":"createAccessRequest() uses workspace scope when workspaceId is present in ctx","status":"passed","title":"uses workspace scope when workspaceId is present in ctx","duration":0.11529199999949924,"failureMessages":[],"meta":{}},{"ancestorTitles":["createAccessRequest()"],"fullName":"createAccessRequest() uses org scope when workspaceId is empty","status":"passed","title":"uses org scope when workspaceId is empty","duration":0.09829200000058336,"failureMessages":[],"meta":{}},{"ancestorTitles":["createAccessRequest()"],"fullName":"createAccessRequest() uses org scope when workspaceId is null — distinct from the empty-string case","status":"passed","title":"uses org scope when workspaceId is null — distinct from the empty-string case","duration":0.08591599999999744,"failureMessages":[],"meta":{}}],"startTime":1781072009959,"endTime":1781072009964.0984,"status":"passed","message":"","name":"/Users/macanderson/oxagen-monorepo/packages/iam/src/access-request.test.ts"},{"assertionResults":[{"ancestorTitles":["bootstrapIAMRuntime()"],"fullName":"bootstrapIAMRuntime() calls setKernelIAMRuntime with the IAM check adapter and enforcement flag","status":"passed","title":"calls setKernelIAMRuntime with the IAM check adapter and enforcement flag","duration":2.4408330000001115,"failureMessages":[],"meta":{}},{"ancestorTitles":["bootstrapIAMRuntime()"],"fullName":"bootstrapIAMRuntime() passes enforced=false when IAM_ENFORCEMENT_ENABLED is false","status":"passed","title":"passes enforced=false when IAM_ENFORCEMENT_ENABLED is false","duration":0.1389160000001084,"failureMessages":[],"meta":{}},{"ancestorTitles":["bootstrapIAMRuntime()"],"fullName":"bootstrapIAMRuntime() is idempotent — calling twice does not throw","status":"passed","title":"is idempotent — calling twice does not throw","duration":0.39274999999997817,"failureMessages":[],"meta":{}},{"ancestorTitles":["bootstrapIAMRuntime()"],"fullName":"bootstrapIAMRuntime() IAM kernel adapter flattens ResolveResult to { outcome, reason?, principal }","status":"passed","title":"IAM kernel adapter flattens ResolveResult to { outcome, reason?, principal }","duration":0.3349169999999049,"failureMessages":[],"meta":{}},{"ancestorTitles":["bootstrapIAMRuntime()"],"fullName":"bootstrapIAMRuntime() IAM kernel adapter propagates reason for deny results","status":"passed","title":"IAM kernel adapter propagates reason for deny results","duration":0.09779200000002675,"failureMessages":[],"meta":{}}],"startTime":1781072006305,"endTime":1781072006308.3928,"status":"passed","message":"","name":"/Users/macanderson/oxagen-monorepo/packages/iam/src/bootstrap.test.ts"},{"assertionResults":[{"ancestorTitles":["checkIAM()"],"fullName":"checkIAM() returns allow and skips the resolver for non-enterprise orgs on iam.* capabilities","status":"passed","title":"returns allow and skips the resolver for non-enterprise orgs on iam.* capabilities","duration":7.079791000000114,"failureMessages":[],"meta":{}},{"ancestorTitles":["checkIAM()"],"fullName":"checkIAM() uses ctx.planTier when present (no resolveOrgTier call)","status":"passed","title":"uses ctx.planTier when present (no resolveOrgTier call)","duration":1.1215830000001006,"failureMessages":[],"meta":{}},{"ancestorTitles":["checkIAM()"],"fullName":"checkIAM() falls through to the resolver for enterprise orgs on iam.* capabilities","status":"passed","title":"falls through to the resolver for enterprise orgs on iam.* capabilities","duration":0.25741699999980483,"failureMessages":[],"meta":{}},{"ancestorTitles":["checkIAM()"],"fullName":"checkIAM() passes EMPTY_AUTHZ through the resolver when fetchAuthz returns no principal","status":"passed","title":"passes EMPTY_AUTHZ through the resolver when fetchAuthz returns no principal","duration":0.11066599999958271,"failureMessages":[],"meta":{}},{"ancestorTitles":["checkIAM()"],"fullName":"checkIAM() returns deny result from the resolver","status":"passed","title":"returns deny result from the resolver","duration":0.33604099999956816,"failureMessages":[],"meta":{}},{"ancestorTitles":["checkIAM()"],"fullName":"checkIAM() returns pending_approval result from the resolver","status":"passed","title":"returns pending_approval result from the resolver","duration":0.5536249999995562,"failureMessages":[],"meta":{}},{"ancestorTitles":["checkIAM()"],"fullName":"checkIAM() calls emitAudit after the resolve step","status":"passed","title":"calls emitAudit after the resolve step","duration":0.14408300000013696,"failureMessages":[],"meta":{}},{"ancestorTitles":["checkIAM()"],"fullName":"checkIAM() does NOT throw when emitAudit rejects — audit failure is non-fatal","status":"passed","title":"does NOT throw when emitAudit rejects — audit failure is non-fatal","duration":18.577166999999463,"failureMessages":[],"meta":{}},{"ancestorTitles":["checkIAM()"],"fullName":"checkIAM() billing.acl.manage (enterprise ACL prefix) on non-enterprise → allow, resolver skipped","status":"passed","title":"billing.acl.manage (enterprise ACL prefix) on non-enterprise → allow, resolver skipped","duration":3.0082090000005337,"failureMessages":[],"meta":{}},{"ancestorTitles":["checkIAM()"],"fullName":"checkIAM() exact \"iam\" capability on non-enterprise → allow, resolver skipped","status":"passed","title":"exact \"iam\" capability on non-enterprise → allow, resolver skipped","duration":0.15208300000085728,"failureMessages":[],"meta":{}},{"ancestorTitles":["checkIAM()"],"fullName":"checkIAM() \"iam_audit.read\" (near-miss — no \"iam.\" dot) falls through to fetchAuthz","status":"passed","title":"\"iam_audit.read\" (near-miss — no \"iam.\" dot) falls through to fetchAuthz","duration":0.11737499999981083,"failureMessages":[],"meta":{}},{"ancestorTitles":["checkIAM()"],"fullName":"checkIAM() \"billing.acl\" (no trailing dot) falls through to resolver — proves prefix uses the dot","status":"passed","title":"\"billing.acl\" (no trailing dot) falls through to resolver — proves prefix uses the dot","duration":0.08866599999964819,"failureMessages":[],"meta":{}}],"startTime":1781072011354,"endTime":1781072011386.1174,"status":"passed","message":"","name":"/Users/macanderson/oxagen-monorepo/packages/iam/src/check-iam.test.ts"},{"assertionResults":[{"ancestorTitles":["denial()"],"fullName":"denial() returns a DenialResponse with __capabilityDenied true","status":"passed","title":"returns a DenialResponse with __capabilityDenied true","duration":6.18854199999987,"failureMessages":[],"meta":{}},{"ancestorTitles":["denial()"],"fullName":"denial() carries the correct outcome for a deny","status":"passed","title":"carries the correct outcome for a deny","duration":0.10666700000001583,"failureMessages":[],"meta":{}},{"ancestorTitles":["denial()"],"fullName":"denial() carries the correct outcome for pending_approval","status":"passed","title":"carries the correct outcome for pending_approval","duration":0.067124999999578,"failureMessages":[],"meta":{}},{"ancestorTitles":["denial()"],"fullName":"denial() denial with pending_approval includes requestId when provided","status":"passed","title":"denial with pending_approval includes requestId when provided","duration":0.05708299999969313,"failureMessages":[],"meta":{}},{"ancestorTitles":["denial()"],"fullName":"denial() requestId is absent when not provided","status":"passed","title":"requestId is absent when not provided","duration":0.07124999999996362,"failureMessages":[],"meta":{}},{"ancestorTitles":["isDenial()"],"fullName":"isDenial() returns true for a DenialResponse","status":"passed","title":"returns true for a DenialResponse","duration":0.06999999999970896,"failureMessages":[],"meta":{}},{"ancestorTitles":["isDenial()"],"fullName":"isDenial() returns false for null","status":"passed","title":"returns false for null","duration":0.04512500000055297,"failureMessages":[],"meta":{}},{"ancestorTitles":["isDenial()"],"fullName":"isDenial() returns false for a plain string","status":"passed","title":"returns false for a plain string","duration":0.040208999999777006,"failureMessages":[],"meta":{}},{"ancestorTitles":["isDenial()"],"fullName":"isDenial() returns false for a number","status":"passed","title":"returns false for a number","duration":0.06912499999998545,"failureMessages":[],"meta":{}},{"ancestorTitles":["isDenial()"],"fullName":"isDenial() returns false for a plain object without the sentinel","status":"passed","title":"returns false for a plain object without the sentinel","duration":0.06183299999975134,"failureMessages":[],"meta":{}},{"ancestorTitles":["isDenial()"],"fullName":"isDenial() returns false for undefined","status":"passed","title":"returns false for undefined","duration":0.2627500000007785,"failureMessages":[],"meta":{}},{"ancestorTitles":["isDenial()"],"fullName":"isDenial() returns true for pending_approval DenialResponse","status":"passed","title":"returns true for pending_approval DenialResponse","duration":0.16866699999991397,"failureMessages":[],"meta":{}},{"ancestorTitles":["isDenial()"],"fullName":"isDenial() narrowing: TypeScript infers DenialResponse after isDenial check","status":"passed","title":"narrowing: TypeScript infers DenialResponse after isDenial check","duration":0.10725000000002183,"failureMessages":[],"meta":{}}],"startTime":1781072011379,"endTime":1781072011387.1687,"status":"passed","message":"","name":"/Users/macanderson/oxagen-monorepo/packages/iam/src/denial.test.ts"},{"assertionResults":[{"ancestorTitles":["emitAudit()"],"fullName":"emitAudit() calls insertAuditEvent exactly once with the correct capability and outcome","status":"passed","title":"calls insertAuditEvent exactly once with the correct capability and outcome","duration":102.05887499999972,"failureMessages":[],"meta":{}},{"ancestorTitles":["emitAudit()"],"fullName":"emitAudit() computes a chain_hash string of length 64 (SHA-256 hex)","status":"passed","title":"computes a chain_hash string of length 64 (SHA-256 hex)","duration":13.341707999999926,"failureMessages":[],"meta":{}},{"ancestorTitles":["emitAudit()"],"fullName":"emitAudit() chain_hash changes when prevHash changes (hash chains over prevHash)","status":"passed","title":"chain_hash changes when prevHash changes (hash chains over prevHash)","duration":17.572417000000314,"failureMessages":[],"meta":{}},{"ancestorTitles":["emitAudit()"],"fullName":"emitAudit() proceeds and calls insertAuditEvent even when latestAuditChainHash fails","status":"passed","title":"proceeds and calls insertAuditEvent even when latestAuditChainHash fails","duration":10.32791700000007,"failureMessages":[],"meta":{}},{"ancestorTitles":["emitAudit()"],"fullName":"emitAudit() sets scope_kind to 'workspace' when workspaceId is present in ctx","status":"passed","title":"sets scope_kind to 'workspace' when workspaceId is present in ctx","duration":10.868167000000085,"failureMessages":[],"meta":{}},{"ancestorTitles":["emitAudit()"],"fullName":"emitAudit() sets scope_kind to 'org' and scope_id to orgId when workspaceId is absent","status":"passed","title":"sets scope_kind to 'org' and scope_id to orgId when workspaceId is absent","duration":2.1682080000000497,"failureMessages":[],"meta":{}},{"ancestorTitles":["emitAudit()"],"fullName":"emitAudit() sets decision_reason from trace.decidedBy.rule","status":"passed","title":"sets decision_reason from trace.decidedBy.rule","duration":4.880583000000115,"failureMessages":[],"meta":{}},{"ancestorTitles":["emitAudit()"],"fullName":"emitAudit() workspaceId truthy → scope_kind 'workspace', scope_id = workspaceId","status":"passed","title":"workspaceId truthy → scope_kind 'workspace', scope_id = workspaceId","duration":6.381666000000223,"failureMessages":[],"meta":{}},{"ancestorTitles":["emitAudit()"],"fullName":"emitAudit() workspaceId \"\" (falsy) → scope_kind \"org\", scope_id = orgId","status":"passed","title":"workspaceId \"\" (falsy) → scope_kind \"org\", scope_id = orgId","duration":0.38304199999993216,"failureMessages":[],"meta":{}},{"ancestorTitles":["emitAudit()"],"fullName":"emitAudit() null principal → acting_principal_id is nil UUID, kind service, human_principal_id null","status":"passed","title":"null principal → acting_principal_id is nil UUID, kind service, human_principal_id null","duration":0.3471249999997781,"failureMessages":[],"meta":{}},{"ancestorTitles":["emitAudit()"],"fullName":"emitAudit() human principal → human_principal_id equals acting principal id","status":"passed","title":"human principal → human_principal_id equals acting principal id","duration":9.81595900000002,"failureMessages":[],"meta":{}},{"ancestorTitles":["emitAudit()"],"fullName":"emitAudit() agent principal → human_principal_id is null","status":"passed","title":"agent principal → human_principal_id is null","duration":0.7428749999999127,"failureMessages":[],"meta":{}},{"ancestorTitles":["emitAudit()"],"fullName":"emitAudit() payload_hash is a 64-char lowercase hex string (SHA-256 of rawInputJson)","status":"passed","title":"payload_hash is a 64-char lowercase hex string (SHA-256 of rawInputJson)","duration":0.9282920000000559,"failureMessages":[],"meta":{}},{"ancestorTitles":["emitAudit()"],"fullName":"emitAudit() payload_hash differs for different rawInputJson values","status":"passed","title":"payload_hash differs for different rawInputJson values","duration":1.850083000000268,"failureMessages":[],"meta":{}},{"ancestorTitles":["emitAudit()"],"fullName":"emitAudit() chain_hash is 64-char hex and differs from payload_hash (different inputs)","status":"passed","title":"chain_hash is 64-char hex and differs from payload_hash (different inputs)","duration":2.352125000000342,"failureMessages":[],"meta":{}},{"ancestorTitles":["emitAudit()"],"fullName":"emitAudit() latestAuditChainHash rejecting is non-fatal: insertAuditEvent called once, prevHash treated as ''","status":"passed","title":"latestAuditChainHash rejecting is non-fatal: insertAuditEvent called once, prevHash treated as ''","duration":0.5824999999999818,"failureMessages":[],"meta":{}},{"ancestorTitles":["emitAudit()"],"fullName":"emitAudit() CONCURRENCY: two parallel emitAudit calls each read prevHash='' and each call insertAuditEvent once — no throws","status":"passed","title":"CONCURRENCY: two parallel emitAudit calls each read prevHash='' and each call insertAuditEvent once — no throws","duration":14.213709000000108,"failureMessages":[],"meta":{}}],"startTime":1781072006939,"endTime":1781072007139.2136,"status":"passed","message":"","name":"/Users/macanderson/oxagen-monorepo/packages/iam/src/emit-audit.test.ts"},{"assertionResults":[{"ancestorTitles":["fetchAuthz()"],"fullName":"fetchAuthz() returns EMPTY_AUTHZ when Postgres throws 42P01 (table missing)","status":"passed","title":"returns EMPTY_AUTHZ when Postgres throws 42P01 (table missing)","duration":4.527667000000292,"failureMessages":[],"meta":{}},{"ancestorTitles":["fetchAuthz()"],"fullName":"fetchAuthz() rethrows non-42P01 errors","status":"passed","title":"rethrows non-42P01 errors","duration":0.5207080000000133,"failureMessages":[],"meta":{}},{"ancestorTitles":["fetchAuthz()"],"fullName":"fetchAuthz() returns EMPTY_AUTHZ immediately when userId is null","status":"passed","title":"returns EMPTY_AUTHZ immediately when userId is null","duration":0.2345839999998134,"failureMessages":[],"meta":{}},{"ancestorTitles":["fetchAuthz()"],"fullName":"fetchAuthz() returns EMPTY_AUTHZ when no principal row matches the userId in this org","status":"passed","title":"returns EMPTY_AUTHZ when no principal row matches the userId in this org","duration":0.22554200000013225,"failureMessages":[],"meta":{}},{"ancestorTitles":["fetchAuthz()"],"fullName":"fetchAuthz() maps PRA rows to role principalIds — assigned roles get principalId in list","status":"passed","title":"maps PRA rows to role principalIds — assigned roles get principalId in list","duration":0.3725000000004002,"failureMessages":[],"meta":{}},{"ancestorTitles":["fetchAuthz()"],"fullName":"fetchAuthz() excludes principalId from role when no PRA row matches","status":"passed","title":"excludes principalId from role when no PRA row matches","duration":0.14000000000032742,"failureMessages":[],"meta":{}},{"ancestorTitles":["fetchAuthz()"],"fullName":"fetchAuthz() returns a correctly shaped AuthzData on the happy path","status":"passed","title":"returns a correctly shaped AuthzData on the happy path","duration":0.2093749999994543,"failureMessages":[],"meta":{}}],"startTime":1781072009962,"endTime":1781072009968.2095,"status":"passed","message":"","name":"/Users/macanderson/oxagen-monorepo/packages/iam/src/fetch-authz.test.ts"}]}
@oxagen/handlers:test:unit: {"level":40,"time":1781072012342,"app":"handlers","err":{"type":"Error","message":"Model unavailable","stack":"Error: Model unavailable\n    at /Users/macanderson/oxagen-monorepo/packages/handlers/src/form.fill.test.ts:145:51\n    at file:///Users/macanderson/oxagen-monorepo/node_modules/@vitest/runner/dist/index.js:146:14\n    at file:///Users/macanderson/oxagen-monorepo/node_modules/@vitest/runner/dist/index.js:533:11\n    at runWithTimeout (file:///Users/macanderson/oxagen-monorepo/node_modules/@vitest/runner/dist/index.js:39:7)\n    at runTest (file:///Users/macanderson/oxagen-monorepo/node_modules/@vitest/runner/dist/index.js:1056:17)\n    at processTicksAndRejections (node:internal/process/task_queues:104:5)\n    at runSuite (file:///Users/macanderson/oxagen-monorepo/node_modules/@vitest/runner/dist/index.js:1205:15)\n    at runSuite (file:///Users/macanderson/oxagen-monorepo/node_modules/@vitest/runner/dist/index.js:1205:15)\n    at runFiles (file:///Users/macanderson/oxagen-monorepo/node_modules/@vitest/runner/dist/index.js:1262:5)\n    at startTests (file:///Users/macanderson/oxagen-monorepo/node_modules/@vitest/runner/dist/index.js:1271:3)"},"orgId":"org_1","workspaceId":"ws_1","msg":"form.fill: generateObjectFor failed — returning fields unchanged"}
@oxagen/inngest-functions:test:unit: {"level":50,"time":1781072012688,"app":"runner","taskId":"task_pub_1","orgId":"org_1","err":{"type":"Error","message":"capability error","stack":"Error: capability error\n    at /Users/macanderson/oxagen-monorepo/packages/inngest-functions/src/functions/agent.background-task.execute.test.ts:156:46\n    at file:///Users/macanderson/oxagen-monorepo/node_modules/@vitest/runner/dist/index.js:146:14\n    at file:///Users/macanderson/oxagen-monorepo/node_modules/@vitest/runner/dist/index.js:533:11\n    at runWithTimeout (file:///Users/macanderson/oxagen-monorepo/node_modules/@vitest/runner/dist/index.js:39:7)\n    at runTest (file:///Users/macanderson/oxagen-monorepo/node_modules/@vitest/runner/dist/index.js:1056:17)\n    at processTicksAndRejections (node:internal/process/task_queues:104:5)\n    at runSuite (file:///Users/macanderson/oxagen-monorepo/node_modules/@vitest/runner/dist/index.js:1205:15)\n    at runSuite (file:///Users/macanderson/oxagen-monorepo/node_modules/@vitest/runner/dist/index.js:1205:15)\n    at runFiles (file:///Users/macanderson/oxagen-monorepo/node_modules/@vitest/runner/dist/index.js:1262:5)\n    at startTests (file:///Users/macanderson/oxagen-monorepo/node_modules/@vitest/runner/dist/index.js:1271:3)"},"msg":"agent.background-task.execute failed"}
@oxagen/inngest-functions:test:unit: {"level":50,"time":1781072012702,"app":"runner","taskId":"task_pub_2","orgId":"org_1","err":{"type":"Error","message":"background task payload missing 'capability'","stack":"Error: background task payload missing 'capability'\n    at /Users/macanderson/oxagen-monorepo/packages/inngest-functions/src/functions/agent.background-task.execute.ts:69:36\n    at Object.run (/Users/macanderson/oxagen-monorepo/packages/inngest-functions/src/functions/agent.background-task.execute.test.ts:101:63)\n    at /Users/macanderson/oxagen-monorepo/packages/inngest-functions/src/functions/agent.background-task.execute.ts:68:33\n    at processTicksAndRejections (node:internal/process/task_queues:104:5)\n    at /Users/macanderson/oxagen-monorepo/packages/inngest-functions/src/functions/agent.background-task.execute.test.ts:186:5\n    at file:///Users/macanderson/oxagen-monorepo/node_modules/@vitest/runner/dist/index.js:533:5\n    at runTest (file:///Users/macanderson/oxagen-monorepo/node_modules/@vitest/runner/dist/index.js:1056:11)\n    at runSuite (file:///Users/macanderson/oxagen-monorepo/node_modules/@vitest/runner/dist/index.js:1205:15)\n    at runSuite (file:///Users/macanderson/oxagen-monorepo/node_modules/@vitest/runner/dist/index.js:1205:15)\n    at runFiles (file:///Users/macanderson/oxagen-monorepo/node_modules/@vitest/runner/dist/index.js:1262:5)"},"msg":"agent.background-task.execute failed"}
@oxagen/inngest-functions:test:unit: {"level":50,"time":1781072012709,"app":"runner","taskId":"task_pub_1","orgId":"org_1","err":"plain string error","msg":"agent.background-task.execute failed"}
@oxagen/agent:test:unit: {"level":50,"time":1781072012914,"app":"agent.hooks","capability":"agent.code.execute","msg":"tool.error agent.code.execute: boom"}
@oxagen/agent:test:unit: {"level":40,"time":1781072012915,"app":"agent.hooks","err":{"type":"Error","message":"clickhouse down","stack":"Error: clickhouse down\n    at /Users/macanderson/oxagen-monorepo/packages/agent/src/hooks/runtime.test.ts:72:57\n    at file:///Users/macanderson/oxagen-monorepo/node_modules/@vitest/runner/dist/index.js:146:14\n    at file:///Users/macanderson/oxagen-monorepo/node_modules/@vitest/runner/dist/index.js:533:11\n    at runWithTimeout (file:///Users/macanderson/oxagen-monorepo/node_modules/@vitest/runner/dist/index.js:39:7)\n    at runTest (file:///Users/macanderson/oxagen-monorepo/node_modules/@vitest/runner/dist/index.js:1056:17)\n    at processTicksAndRejections (node:internal/process/task_queues:104:5)\n    at runSuite (file:///Users/macanderson/oxagen-monorepo/node_modules/@vitest/runner/dist/index.js:1205:15)\n    at runSuite (file:///Users/macanderson/oxagen-monorepo/node_modules/@vitest/runner/dist/index.js:1205:15)\n    at runFiles (file:///Users/macanderson/oxagen-monorepo/node_modules/@vitest/runner/dist/index.js:1262:5)\n    at startTests (file:///Users/macanderson/oxagen-monorepo/node_modules/@vitest/runner/dist/index.js:1271:3)"},"msg":"execution_logs insert failed"}
@oxagen/billing:test:unit: {"numTotalTestSuites":121,"numPassedTestSuites":121,"numFailedTestSuites":0,"numPendingTestSuites":0,"numTotalTests":349,"numPassedTests":349,"numFailedTests":0,"numPendingTests":0,"numTodoTests":0,"snapshot":{"added":0,"failure":false,"filesAdded":0,"filesRemoved":0,"filesRemovedList":[],"filesUnmatched":0,"filesUpdated":0,"matched":0,"total":0,"unchecked":0,"uncheckedKeysByFile":[],"unmatched":0,"updated":0,"didUpdate":false},"startTime":1781072003729,"success":true,"testResults":[{"assertionResults":[{"ancestorTitles":["isLowBalance"],"fullName":"isLowBalance returns low=true when balance < threshold","status":"passed","title":"returns low=true when balance < threshold","duration":0.7451250000003711,"failureMessages":[],"meta":{}},{"ancestorTitles":["isLowBalance"],"fullName":"isLowBalance returns low=false when balance >= threshold","status":"passed","title":"returns low=false when balance >= threshold","duration":0.12120800000047893,"failureMessages":[],"meta":{}},{"ancestorTitles":["isLowBalance"],"fullName":"isLowBalance returns low=false when balance exactly equals threshold","status":"passed","title":"returns low=false when balance exactly equals threshold","duration":0.10133300000052259,"failureMessages":[],"meta":{}},{"ancestorTitles":["maybeAutoReload"],"fullName":"maybeAutoReload skips when auto-reload is disabled","status":"passed","title":"skips when auto-reload is disabled","duration":0.30795800000032614,"failureMessages":[],"meta":{}},{"ancestorTitles":["maybeAutoReload"],"fullName":"maybeAutoReload skips when balance is above threshold","status":"passed","title":"skips when balance is above threshold","duration":0.10170900000048277,"failureMessages":[],"meta":{}},{"ancestorTitles":["maybeAutoReload"],"fullName":"maybeAutoReload skips when reloaded within the last hour","status":"passed","title":"skips when reloaded within the last hour","duration":0.13829100000020844,"failureMessages":[],"meta":{}},{"ancestorTitles":["maybeAutoReload"],"fullName":"maybeAutoReload skips when no stripe customer found","status":"passed","title":"skips when no stripe customer found","duration":1.2099170000001322,"failureMessages":[],"meta":{}},{"ancestorTitles":["maybeAutoReload"],"fullName":"maybeAutoReload charges off-session and grants credit lot on success","status":"passed","title":"charges off-session and grants credit lot on success","duration":1.5230000000001382,"failureMessages":[],"meta":{}},{"ancestorTitles":["maybeAutoReload"],"fullName":"maybeAutoReload uses customer default payment method when no saved PM in settings","status":"passed","title":"uses customer default payment method when no saved PM in settings","duration":0.23087500000019645,"failureMessages":[],"meta":{}},{"ancestorTitles":["maybeAutoReload"],"fullName":"maybeAutoReload returns reloaded=false with reason on charge failure","status":"passed","title":"returns reloaded=false with reason on charge failure","duration":0.23170800000025338,"failureMessages":[],"meta":{}},{"ancestorTitles":["maybeAutoReload"],"fullName":"maybeAutoReload does not throw and does not stamp lastAutoReloadAt when the grant fails after a successful charge","status":"passed","title":"does not throw and does not stamp lastAutoReloadAt when the grant fails after a successful charge","duration":0.14916700000048877,"failureMessages":[],"meta":{}},{"ancestorTitles":["maybeAutoReload"],"fullName":"maybeAutoReload returns reloaded=false when charge did not succeed","status":"passed","title":"returns reloaded=false when charge did not succeed","duration":0.10262499999953434,"failureMessages":[],"meta":{}}],"startTime":1781072009211,"endTime":1781072009216.1492,"status":"passed","message":"","name":"/Users/macanderson/oxagen-monorepo/packages/billing/src/autoreload.test.ts"},{"assertionResults":[{"ancestorTitles":["getOrgBillingSettings"],"fullName":"getOrgBillingSettings creates default row on first call and returns it","status":"passed","title":"creates default row on first call and returns it","duration":0.8831249999993815,"failureMessages":[],"meta":{}},{"ancestorTitles":["getOrgBillingSettings"],"fullName":"getOrgBillingSettings returns mapped OrgBillingSettings with non-default values","status":"passed","title":"returns mapped OrgBillingSettings with non-default values","duration":0.3388750000003711,"failureMessages":[],"meta":{}},{"ancestorTitles":["getOrgBillingSettings"],"fullName":"getOrgBillingSettings throws when DB returns no row after insert","status":"passed","title":"throws when DB returns no row after insert","duration":0.5159999999996217,"failureMessages":[],"meta":{}},{"ancestorTitles":["updateAutoReloadSettings"],"fullName":"updateAutoReloadSettings updates autoReloadEnabled to true","status":"passed","title":"updates autoReloadEnabled to true","duration":0.8697499999998399,"failureMessages":[],"meta":{}},{"ancestorTitles":["updateAutoReloadSettings"],"fullName":"updateAutoReloadSettings updates thresholdCents and amountCents (as BigInt)","status":"passed","title":"updates thresholdCents and amountCents (as BigInt)","duration":0.29187499999989086,"failureMessages":[],"meta":{}},{"ancestorTitles":["updateAutoReloadSettings"],"fullName":"updateAutoReloadSettings updates paymentMethodId to a string value","status":"passed","title":"updates paymentMethodId to a string value","duration":0.10795800000050804,"failureMessages":[],"meta":{}},{"ancestorTitles":["updateAutoReloadSettings"],"fullName":"updateAutoReloadSettings updates paymentMethodId to null when explicitly passed null","status":"passed","title":"updates paymentMethodId to null when explicitly passed null","duration":0.09808299999986048,"failureMessages":[],"meta":{}},{"ancestorTitles":["updateAutoReloadSettings"],"fullName":"updateAutoReloadSettings rejects thresholdCents < 0 before any DB write","status":"passed","title":"rejects thresholdCents < 0 before any DB write","duration":0.1796250000006694,"failureMessages":[],"meta":{}},{"ancestorTitles":["updateAutoReloadSettings"],"fullName":"updateAutoReloadSettings accepts thresholdCents = 0","status":"passed","title":"accepts thresholdCents = 0","duration":0.18370800000047893,"failureMessages":[],"meta":{}},{"ancestorTitles":["updateAutoReloadSettings"],"fullName":"updateAutoReloadSettings rejects amountCents < 100 (below $1 minimum)","status":"passed","title":"rejects amountCents < 100 (below $1 minimum)","duration":0.11283300000013696,"failureMessages":[],"meta":{}},{"ancestorTitles":["updateAutoReloadSettings"],"fullName":"updateAutoReloadSettings accepts amountCents exactly 100 ($1.00 minimum)","status":"passed","title":"accepts amountCents exactly 100 ($1.00 minimum)","duration":0.09241699999984121,"failureMessages":[],"meta":{}},{"ancestorTitles":["updateAutoReloadSettings"],"fullName":"updateAutoReloadSettings only includes supplied keys in the update patch","status":"passed","title":"only includes supplied keys in the update patch","duration":0.09987500000079308,"failureMessages":[],"meta":{}}],"startTime":1781072009198,"endTime":1781072009202.1836,"status":"passed","message":"","name":"/Users/macanderson/oxagen-monorepo/packages/billing/src/billing-settings.test.ts"},{"assertionResults":[{"ancestorTitles":["bootstrapBillingRuntime"],"fullName":"bootstrapBillingRuntime calls setBillingAdmissionGate once","status":"passed","title":"calls setBillingAdmissionGate once","duration":17.878167000000076,"failureMessages":[],"meta":{}},{"ancestorTitles":["bootstrapBillingRuntime"],"fullName":"bootstrapBillingRuntime is idempotent — second call does not call setBillingAdmissionGate again","status":"passed","title":"is idempotent — second call does not call setBillingAdmissionGate again","duration":0.9434580000000778,"failureMessages":[],"meta":{}},{"ancestorTitles":["bootstrapBillingRuntime"],"fullName":"bootstrapBillingRuntime the registered gate delegates to assertCanStartTurn","status":"passed","title":"the registered gate delegates to assertCanStartTurn","duration":1.7638749999999845,"failureMessages":[],"meta":{}}],"startTime":1781072010075,"endTime":1781072010094.764,"status":"passed","message":"","name":"/Users/macanderson/oxagen-monorepo/packages/billing/src/bootstrap.test.ts"},{"assertionResults":[{"ancestorTitles":["changeOrgPlan"],"fullName":"changeOrgPlan no active subscription → returns checkoutUrl","status":"passed","title":"no active subscription → returns checkoutUrl","duration":7.349624999999833,"failureMessages":[],"meta":{}},{"ancestorTitles":["changeOrgPlan"],"fullName":"changeOrgPlan upgrade (build → scale) → calls upgradeSubscription with 'always_invoice'","status":"passed","title":"upgrade (build → scale) → calls upgradeSubscription with 'always_invoice'","duration":6.5850829999999405,"failureMessages":[],"meta":{}},{"ancestorTitles":["changeOrgPlan"],"fullName":"changeOrgPlan downgrade (scale → build) → calls upgradeSubscription with 'none'","status":"passed","title":"downgrade (scale → build) → calls upgradeSubscription with 'none'","duration":1.6639580000000933,"failureMessages":[],"meta":{}},{"ancestorTitles":["changeOrgPlan"],"fullName":"changeOrgPlan unknown plan slug → throws","status":"passed","title":"unknown plan slug → throws","duration":0.635707999999795,"failureMessages":[],"meta":{}},{"ancestorTitles":["changeOrgPlan"],"fullName":"changeOrgPlan plan exists but has no price for the interval → throws","status":"passed","title":"plan exists but has no price for the interval → throws","duration":0.17345800000020972,"failureMessages":[],"meta":{}},{"ancestorTitles":["createCheckoutSession — active subscription guard"],"fullName":"createCheckoutSession — active subscription guard org already has active subscription → throws ActiveSubscriptionError","status":"passed","title":"org already has active subscription → throws ActiveSubscriptionError","duration":0.13845800000035524,"failureMessages":[],"meta":{}},{"ancestorTitles":["createCheckoutSession — active subscription guard"],"fullName":"createCheckoutSession — active subscription guard ActiveSubscriptionError has correct code","status":"passed","title":"ActiveSubscriptionError has correct code","duration":0.14304100000026665,"failureMessages":[],"meta":{}},{"ancestorTitles":["createCheckoutSession — active subscription guard"],"fullName":"createCheckoutSession — active subscription guard free org (no active sub) → proceeds to create checkout","status":"passed","title":"free org (no active sub) → proceeds to create checkout","duration":0.23633299999983137,"failureMessages":[],"meta":{}}],"startTime":1781072009528,"endTime":1781072009545.2363,"status":"passed","message":"","name":"/Users/macanderson/oxagen-monorepo/packages/billing/src/change-plan.test.ts"},{"assertionResults":[{"ancestorTitles":["createCheckoutSession"],"fullName":"createCheckoutSession plan not found — throws with slug in message","status":"passed","title":"plan not found — throws with slug in message","duration":1.3244590000003882,"failureMessages":[],"meta":{}},{"ancestorTitles":["createCheckoutSession"],"fullName":"createCheckoutSession monthly price id missing on plan — throws","status":"passed","title":"monthly price id missing on plan — throws","duration":0.17454199999974662,"failureMessages":[],"meta":{}},{"ancestorTitles":["createCheckoutSession"],"fullName":"createCheckoutSession annual price id missing on plan — throws","status":"passed","title":"annual price id missing on plan — throws","duration":0.13850000000002183,"failureMessages":[],"meta":{}},{"ancestorTitles":["createCheckoutSession"],"fullName":"createCheckoutSession provider returns no URL — throws","status":"passed","title":"provider returns no URL — throws","duration":0.16049999999995634,"failureMessages":[],"meta":{}},{"ancestorTitles":["createCheckoutSession"],"fullName":"createCheckoutSession happy path (monthly) — returns url and sessionId","status":"passed","title":"happy path (monthly) — returns url and sessionId","duration":0.8990830000002461,"failureMessages":[],"meta":{}},{"ancestorTitles":["createCheckoutSession"],"fullName":"createCheckoutSession happy path (annual) — uses annual price id","status":"passed","title":"happy path (annual) — uses annual price id","duration":0.2370839999994132,"failureMessages":[],"meta":{}},{"ancestorTitles":["createCreditPackCheckoutSession"],"fullName":"createCreditPackCheckoutSession provider returns no URL — throws","status":"passed","title":"provider returns no URL — throws","duration":0.755500000000211,"failureMessages":[],"meta":{}},{"ancestorTitles":["createCreditPackCheckoutSession"],"fullName":"createCreditPackCheckoutSession happy path — returns url and sessionId","status":"passed","title":"happy path — returns url and sessionId","duration":0.6396670000003724,"failureMessages":[],"meta":{}}],"startTime":1781072008905,"endTime":1781072008909.7556,"status":"passed","message":"","name":"/Users/macanderson/oxagen-monorepo/packages/billing/src/checkout.test.ts"},{"assertionResults":[{"ancestorTitles":["billingProvider singleton"],"fullName":"billingProvider singleton returns a non-null provider on first call","status":"passed","title":"returns a non-null provider on first call","duration":0.6484580000000051,"failureMessages":[],"meta":{}},{"ancestorTitles":["billingProvider singleton"],"fullName":"billingProvider singleton returns the same instance on repeated calls (singleton)","status":"passed","title":"returns the same instance on repeated calls (singleton)","duration":0.13012500000002092,"failureMessages":[],"meta":{}},{"ancestorTitles":["billingProvider singleton"],"fullName":"billingProvider singleton setBillingProvider overrides the returned provider","status":"passed","title":"setBillingProvider overrides the returned provider","duration":0.07195799999999508,"failureMessages":[],"meta":{}},{"ancestorTitles":["billingProvider singleton"],"fullName":"billingProvider singleton resetBillingProvider clears the provider so billingProvider() re-creates","status":"passed","title":"resetBillingProvider clears the provider so billingProvider() re-creates","duration":0.2881249999999227,"failureMessages":[],"meta":{}},{"ancestorTitles":["billingProvider singleton"],"fullName":"billingProvider singleton setBillingProvider followed by reset then billingProvider creates a fresh instance","status":"passed","title":"setBillingProvider followed by reset then billingProvider creates a fresh instance","duration":0.07166700000004766,"failureMessages":[],"meta":{}}],"startTime":1781072010309,"endTime":1781072010310.288,"status":"passed","message":"","name":"/Users/macanderson/oxagen-monorepo/packages/billing/src/client.test.ts"},{"assertionResults":[{"ancestorTitles":["consumeCredits — lots model"],"fullName":"consumeCredits — lots model debits the full request when total lot balance covers it","status":"passed","title":"debits the full request when total lot balance covers it","duration":1.724583000000166,"failureMessages":[],"meta":{}},{"ancestorTitles":["consumeCredits — lots model"],"fullName":"consumeCredits — lots model clamps the charge to total lot balance (no overdraft)","status":"passed","title":"clamps the charge to total lot balance (no overdraft)","duration":0.20912500000031287,"failureMessages":[],"meta":{}},{"ancestorTitles":["consumeCredits — lots model"],"fullName":"consumeCredits — lots model writes no ledger row and returns zero charge when all lots are empty","status":"passed","title":"writes no ledger row and returns zero charge when all lots are empty","duration":0.21050000000013824,"failureMessages":[],"meta":{}},{"ancestorTitles":["consumeCredits — lots model"],"fullName":"consumeCredits — lots model returns no-op for a non-positive request without opening a transaction","status":"passed","title":"returns no-op for a non-positive request without opening a transaction","duration":0.10366700000031415,"failureMessages":[],"meta":{}},{"ancestorTitles":["consumeCredits — lots model"],"fullName":"consumeCredits — lots model treats missing lots (no rows) as zero balance","status":"passed","title":"treats missing lots (no rows) as zero balance","duration":0.4039169999996375,"failureMessages":[],"meta":{}},{"ancestorTitles":["consumeCredits — lots model"],"fullName":"consumeCredits — lots model drains the soonest-expiring lot first (expiring before non-expiring)","status":"passed","title":"drains the soonest-expiring lot first (expiring before non-expiring)","duration":0.7209590000002208,"failureMessages":[],"meta":{}},{"ancestorTitles":["consumeCredits — lots model"],"fullName":"consumeCredits — lots model draws only from the first lot when it covers the full request","status":"passed","title":"draws only from the first lot when it covers the full request","duration":0.4309580000008282,"failureMessages":[],"meta":{}},{"ancestorTitles":["consumeCredits — lots model"],"fullName":"consumeCredits — lots model excludes expired lots from the available balance (lazy expiry)","status":"passed","title":"excludes expired lots from the available balance (lazy expiry)","duration":0.37958400000024994,"failureMessages":[],"meta":{}},{"ancestorTitles":["consumeCredits — lots model"],"fullName":"consumeCredits — lots model reports zero balance and zero charge when all lots are expired","status":"passed","title":"reports zero balance and zero charge when all lots are expired","duration":0.35350000000016735,"failureMessages":[],"meta":{}},{"ancestorTitles":["consumeCredits — lots model"],"fullName":"consumeCredits — lots model consumes non-expiring (free) lots after expiring ones","status":"passed","title":"consumes non-expiring (free) lots after expiring ones","duration":12.87933300000077,"failureMessages":[],"meta":{}},{"ancestorTitles":["consumeCredits — lots model"],"fullName":"consumeCredits — lots model rejects an invalid reason before touching the DB","status":"passed","title":"rejects an invalid reason before touching the DB","duration":0.6320830000004207,"failureMessages":[],"meta":{}}],"startTime":1781072008763,"endTime":1781072008781.632,"status":"passed","message":"","name":"/Users/macanderson/oxagen-monorepo/packages/billing/src/consume-credits.test.ts"},{"assertionResults":[{"ancestorTitles":["createUsageCreditCheckout"],"fullName":"createUsageCreditCheckout throws RangeError when grantCents is below the minimum","status":"passed","title":"throws RangeError when grantCents is below the minimum","duration":1.741291999999703,"failureMessages":[],"meta":{}},{"ancestorTitles":["createUsageCreditCheckout"],"fullName":"createUsageCreditCheckout throws RangeError when grantCents is non-integer","status":"passed","title":"throws RangeError when grantCents is non-integer","duration":6.625167000000147,"failureMessages":[],"meta":{}},{"ancestorTitles":["createUsageCreditCheckout"],"fullName":"createUsageCreditCheckout throws TierDeniedError for a Free-tier org","status":"passed","title":"throws TierDeniedError for a Free-tier org","duration":0.39583300000003874,"failureMessages":[],"meta":{}},{"ancestorTitles":["createUsageCreditCheckout"],"fullName":"createUsageCreditCheckout rethrows when the provider throws (e.g. no checkout URL)","status":"passed","title":"rethrows when the provider throws (e.g. no checkout URL)","duration":0.8659999999999854,"failureMessages":[],"meta":{}},{"ancestorTitles":["createUsageCreditCheckout"],"fullName":"createUsageCreditCheckout $250 grant — applies 15% discount, customer pays $212.50, receives 25000 credits","status":"passed","title":"$250 grant — applies 15% discount, customer pays $212.50, receives 25000 credits","duration":35.02433299999984,"failureMessages":[],"meta":{}},{"ancestorTitles":["createUsageCreditCheckout"],"fullName":"createUsageCreditCheckout $50 grant — applies 3% discount, customer pays $48.50, receives 5000 credits","status":"passed","title":"$50 grant — applies 3% discount, customer pays $48.50, receives 5000 credits","duration":0.1768749999996544,"failureMessages":[],"meta":{}},{"ancestorTitles":["createUsageCreditCheckout"],"fullName":"createUsageCreditCheckout $5 minimum grant — no discount (below first increment), pays full price","status":"passed","title":"$5 minimum grant — no discount (below first increment), pays full price","duration":0.1125000000001819,"failureMessages":[],"meta":{}},{"ancestorTitles":["createUsageCreditCheckout"],"fullName":"createUsageCreditCheckout session metadata carries credits = grantCents (face value)","status":"passed","title":"session metadata carries credits = grantCents (face value)","duration":0.07529199999999037,"failureMessages":[],"meta":{}},{"ancestorTitles":["createUsageCreditCheckout"],"fullName":"createUsageCreditCheckout ensures Stripe customer before creating the session","status":"passed","title":"ensures Stripe customer before creating the session","duration":0.5094590000003336,"failureMessages":[],"meta":{}},{"ancestorTitles":["createUsageCreditCheckout"],"fullName":"createUsageCreditCheckout accepts scale-tier org (tier gate allows build+)","status":"passed","title":"accepts scale-tier org (tier gate allows build+)","duration":0.11762499999986176,"failureMessages":[],"meta":{}}],"startTime":1781072006333,"endTime":1781072006382.1177,"status":"passed","message":"","name":"/Users/macanderson/oxagen-monorepo/packages/billing/src/credits-purchase.test.ts"},{"assertionResults":[{"ancestorTitles":["createCreditLot"],"fullName":"createCreditLot happy path — returns lotId and effectiveBalanceCents","status":"passed","title":"happy path — returns lotId and effectiveBalanceCents","duration":1.678541999999652,"failureMessages":[],"meta":{}},{"ancestorTitles":["createCreditLot"],"fullName":"createCreditLot rejects amountCents <= 0","status":"passed","title":"rejects amountCents <= 0","duration":0.5409589999999298,"failureMessages":[],"meta":{}},{"ancestorTitles":["createCreditLot"],"fullName":"createCreditLot rejects invalid reason before touching DB","status":"passed","title":"rejects invalid reason before touching DB","duration":0.1383750000004511,"failureMessages":[],"meta":{}},{"ancestorTitles":["createCreditLot"],"fullName":"createCreditLot records the ledger entry with the correct deltaCents and reason","status":"passed","title":"records the ledger entry with the correct deltaCents and reason","duration":0.23700000000008004,"failureMessages":[],"meta":{}},{"ancestorTitles":["createCreditLot"],"fullName":"createCreditLot accepts allowed grant reason: grant_signup","status":"passed","title":"accepts allowed grant reason: grant_signup","duration":0.2604160000000775,"failureMessages":[],"meta":{}},{"ancestorTitles":["createCreditLot"],"fullName":"createCreditLot accepts allowed grant reason: grant_plan_renewal","status":"passed","title":"accepts allowed grant reason: grant_plan_renewal","duration":0.146708000000217,"failureMessages":[],"meta":{}},{"ancestorTitles":["createCreditLot"],"fullName":"createCreditLot accepts allowed grant reason: grant_credit_pack","status":"passed","title":"accepts allowed grant reason: grant_credit_pack","duration":0.1397500000002765,"failureMessages":[],"meta":{}},{"ancestorTitles":["createCreditLot"],"fullName":"createCreditLot accepts allowed grant reason: grant_manual","status":"passed","title":"accepts allowed grant reason: grant_manual","duration":0.12199999999938882,"failureMessages":[],"meta":{}},{"ancestorTitles":["effectiveBalance"],"fullName":"effectiveBalance sums remaining_cents across all non-expired lots","status":"passed","title":"sums remaining_cents across all non-expired lots","duration":0.16775000000052387,"failureMessages":[],"meta":{}},{"ancestorTitles":["effectiveBalance"],"fullName":"effectiveBalance returns 0 when there are no lots","status":"passed","title":"returns 0 when there are no lots","duration":0.11300000000028376,"failureMessages":[],"meta":{}},{"ancestorTitles":["effectiveBalance"],"fullName":"effectiveBalance returns 0 when all lots have zero remaining","status":"passed","title":"returns 0 when all lots have zero remaining","duration":0.12108400000033726,"failureMessages":[],"meta":{}},{"ancestorTitles":["grantCredits shim"],"fullName":"grantCredits shim positive delta — delegates to createCreditLot and returns effective balance","status":"passed","title":"positive delta — delegates to createCreditLot and returns effective balance","duration":0.19429200000013225,"failureMessages":[],"meta":{}},{"ancestorTitles":["grantCredits shim"],"fullName":"grantCredits shim invalid reason — throws before any DB interaction","status":"passed","title":"invalid reason — throws before any DB interaction","duration":0.12433399999918038,"failureMessages":[],"meta":{}},{"ancestorTitles":["grantCredits shim"],"fullName":"grantCredits shim accepts allowed reason: grant_signup","status":"passed","title":"accepts allowed reason: grant_signup","duration":0.15558400000008987,"failureMessages":[],"meta":{}},{"ancestorTitles":["grantCredits shim"],"fullName":"grantCredits shim accepts allowed reason: grant_plan_renewal","status":"passed","title":"accepts allowed reason: grant_plan_renewal","duration":0.11616700000013225,"failureMessages":[],"meta":{}},{"ancestorTitles":["grantCredits shim"],"fullName":"grantCredits shim accepts allowed reason: grant_manual","status":"passed","title":"accepts allowed reason: grant_manual","duration":0.12062500000047294,"failureMessages":[],"meta":{}},{"ancestorTitles":["grantCredits shim"],"fullName":"grantCredits shim accepts allowed reason: consume_execution","status":"passed","title":"accepts allowed reason: consume_execution","duration":0.22104200000012497,"failureMessages":[],"meta":{}},{"ancestorTitles":["grantCredits shim"],"fullName":"grantCredits shim accepts allowed reason: consume_tool_call","status":"passed","title":"accepts allowed reason: consume_tool_call","duration":0.09404200000062701,"failureMessages":[],"meta":{}},{"ancestorTitles":["grantCredits shim"],"fullName":"grantCredits shim accepts allowed reason: consume_token_overage","status":"passed","title":"accepts allowed reason: consume_token_overage","duration":0.08379199999944831,"failureMessages":[],"meta":{}},{"ancestorTitles":["grantCredits shim"],"fullName":"grantCredits shim accepts allowed reason: refund","status":"passed","title":"accepts allowed reason: refund","duration":0.07562500000040018,"failureMessages":[],"meta":{}},{"ancestorTitles":["grantCredits shim"],"fullName":"grantCredits shim accepts allowed reason: adjustment","status":"passed","title":"accepts allowed reason: adjustment","duration":0.07229199999983393,"failureMessages":[],"meta":{}}],"startTime":1781072009372,"endTime":1781072009377.221,"status":"passed","message":"","name":"/Users/macanderson/oxagen-monorepo/packages/billing/src/credits.test.ts"},{"assertionResults":[{"ancestorTitles":["ensureStripeCustomer"],"fullName":"ensureStripeCustomer existing customer on subscription row — returns without calling provider","status":"passed","title":"existing customer on subscription row — returns without calling provider","duration":0.9538339999999152,"failureMessages":[],"meta":{}},{"ancestorTitles":["ensureStripeCustomer"],"fullName":"ensureStripeCustomer no subscription row, provider search finds customer — returns found id","status":"passed","title":"no subscription row, provider search finds customer — returns found id","duration":0.1835000000000946,"failureMessages":[],"meta":{}},{"ancestorTitles":["ensureStripeCustomer"],"fullName":"ensureStripeCustomer no subscription row, provider search returns null — creates new customer and returns id","status":"passed","title":"no subscription row, provider search returns null — creates new customer and returns id","duration":4.266708000000108,"failureMessages":[],"meta":{}},{"ancestorTitles":["ensureStripeCustomer"],"fullName":"ensureStripeCustomer tenant not found in DB — throws with tenant id in message","status":"passed","title":"tenant not found in DB — throws with tenant id in message","duration":0.7078329999999369,"failureMessages":[],"meta":{}}],"startTime":1781072011426,"endTime":1781072011432.7078,"status":"passed","message":"","name":"/Users/macanderson/oxagen-monorepo/packages/billing/src/customers.test.ts"},{"assertionResults":[{"ancestorTitles":["usageVolumeDiscount"],"fullName":"usageVolumeDiscount gives no discount below the first increment","status":"passed","title":"gives no discount below the first increment","duration":1.5457079999999905,"failureMessages":[],"meta":{}},{"ancestorTitles":["usageVolumeDiscount"],"fullName":"usageVolumeDiscount steps 3% per $50 increment","status":"passed","title":"steps 3% per $50 increment","duration":0.29654200000004494,"failureMessages":[],"meta":{}},{"ancestorTitles":["usageVolumeDiscount"],"fullName":"usageVolumeDiscount hits the stated 15% max at the $250 ceiling","status":"passed","title":"hits the stated 15% max at the $250 ceiling","duration":0.13954100000000835,"failureMessages":[],"meta":{}},{"ancestorTitles":["usageVolumeDiscount"],"fullName":"usageVolumeDiscount stays flat at the max above the ceiling","status":"passed","title":"stays flat at the max above the ceiling","duration":0.18870899999990343,"failureMessages":[],"meta":{}},{"ancestorTitles":["usageVolumeDiscount"],"fullName":"usageVolumeDiscount uses partial increments by floor (mid-band gets the lower step)","status":"passed","title":"uses partial increments by floor (mid-band gets the lower step)","duration":0.12525000000005093,"failureMessages":[],"meta":{}},{"ancestorTitles":["usageVolumeDiscount"],"fullName":"usageVolumeDiscount respects operator-tuned env values","status":"passed","title":"respects operator-tuned env values","duration":0.10716600000000653,"failureMessages":[],"meta":{}},{"ancestorTitles":["usageVolumeDiscount"],"fullName":"usageVolumeDiscount rejects negative or non-finite grants","status":"passed","title":"rejects negative or non-finite grants","duration":0.13904200000001765,"failureMessages":[],"meta":{}}],"startTime":1781072009873,"endTime":1781072009875.1887,"status":"passed","message":"","name":"/Users/macanderson/oxagen-monorepo/packages/billing/src/discount.test.ts"},{"assertionResults":[{"ancestorTitles":["onDisputeCreated"],"fullName":"onDisputeCreated inserts dispute row and claws back credits","status":"passed","title":"inserts dispute row and claws back credits","duration":3.1753749999998035,"failureMessages":[],"meta":{}},{"ancestorTitles":["onDisputeCreated"],"fullName":"onDisputeCreated is idempotent: skips clawback when clawedBackCents already > 0","status":"passed","title":"is idempotent: skips clawback when clawedBackCents already > 0","duration":0.2525420000001759,"failureMessages":[],"meta":{}},{"ancestorTitles":["onDisputeCreated"],"fullName":"onDisputeCreated logs CRITICAL when orgId is null and cannot be resolved","status":"passed","title":"logs CRITICAL when orgId is null and cannot be resolved","duration":0.4502920000004451,"failureMessages":[],"meta":{}},{"ancestorTitles":["onDisputeCreated"],"fullName":"onDisputeCreated records clawedBackCents from consumeCredits result","status":"passed","title":"records clawedBackCents from consumeCredits result","duration":0.19441699999970297,"failureMessages":[],"meta":{}},{"ancestorTitles":["onDisputeClosed"],"fullName":"onDisputeClosed updates status and resolvedAt","status":"passed","title":"updates status and resolvedAt","duration":0.14362499999970169,"failureMessages":[],"meta":{}},{"ancestorTitles":["onChargeRefunded"],"fullName":"onChargeRefunded happy path: resolves org from charge.orgId, calls consumeCredits, logs info","status":"passed","title":"happy path: resolves org from charge.orgId, calls consumeCredits, logs info","duration":0.5869580000007772,"failureMessages":[],"meta":{}},{"ancestorTitles":["onChargeRefunded"],"fullName":"onChargeRefunded idempotency: skips clawback when ledger row already exists for this charge","status":"passed","title":"idempotency: skips clawback when ledger row already exists for this charge","duration":0.5588330000000497,"failureMessages":[],"meta":{}},{"ancestorTitles":["onChargeRefunded"],"fullName":"onChargeRefunded idempotency: same charge id always produces the same referenceId UUID","status":"passed","title":"idempotency: same charge id always produces the same referenceId UUID","duration":3.111707999999453,"failureMessages":[],"meta":{}},{"ancestorTitles":["onChargeRefunded"],"fullName":"onChargeRefunded unresolved org logs CRITICAL and does NOT crash or call consumeCredits","status":"passed","title":"unresolved org logs CRITICAL and does NOT crash or call consumeCredits","duration":0.39354200000070705,"failureMessages":[],"meta":{}},{"ancestorTitles":["onChargeRefunded"],"fullName":"onChargeRefunded skips clawback gracefully when amountRefundedCents is 0","status":"passed","title":"skips clawback gracefully when amountRefundedCents is 0","duration":0.1273750000000291,"failureMessages":[],"meta":{}}],"startTime":1781072009042,"endTime":1781072009052.3936,"status":"passed","message":"","name":"/Users/macanderson/oxagen-monorepo/packages/billing/src/disputes.test.ts"},{"assertionResults":[{"ancestorTitles":["DUNNING_GRACE_DAYS"],"fullName":"DUNNING_GRACE_DAYS is 7","status":"passed","title":"is 7","duration":0.5016670000004524,"failureMessages":[],"meta":{}},{"ancestorTitles":["BillingSuspendedError"],"fullName":"BillingSuspendedError has code billing_suspended","status":"passed","title":"has code billing_suspended","duration":0.10916699999961565,"failureMessages":[],"meta":{}},{"ancestorTitles":["BillingSuspendedError"],"fullName":"BillingSuspendedError carries graceEndsAt","status":"passed","title":"carries graceEndsAt","duration":0.2878339999997479,"failureMessages":[],"meta":{}},{"ancestorTitles":["isBillingSuspended"],"fullName":"isBillingSuspended returns true for BillingSuspendedError","status":"passed","title":"returns true for BillingSuspendedError","duration":0.05570799999986775,"failureMessages":[],"meta":{}},{"ancestorTitles":["isBillingSuspended"],"fullName":"isBillingSuspended returns false for other errors","status":"passed","title":"returns false for other errors","duration":0.058457999999518506,"failureMessages":[],"meta":{}},{"ancestorTitles":["getOrgBillingStatus"],"fullName":"getOrgBillingStatus returns active state when no settings row","status":"passed","title":"returns active state when no settings row","duration":0.6527079999996204,"failureMessages":[],"meta":{}},{"ancestorTitles":["getOrgBillingStatus"],"fullName":"getOrgBillingStatus reflects grace dunningState from settings row","status":"passed","title":"reflects grace dunningState from settings row","duration":0.14645800000016607,"failureMessages":[],"meta":{}},{"ancestorTitles":["getOrgBillingStatus"],"fullName":"getOrgBillingStatus reflects suspended dunningState from settings row","status":"passed","title":"reflects suspended dunningState from settings row","duration":0.1639580000000933,"failureMessages":[],"meta":{}},{"ancestorTitles":["getOrgBillingStatus"],"fullName":"getOrgBillingStatus pastDue is true when subscription status is past_due","status":"passed","title":"pastDue is true when subscription status is past_due","duration":0.1279580000000351,"failureMessages":[],"meta":{}},{"ancestorTitles":["assertOrgCanConsume"],"fullName":"assertOrgCanConsume resolves without throwing when state is active","status":"passed","title":"resolves without throwing when state is active","duration":0.33158300000013696,"failureMessages":[],"meta":{}},{"ancestorTitles":["assertOrgCanConsume"],"fullName":"assertOrgCanConsume resolves without throwing when state is grace","status":"passed","title":"resolves without throwing when state is grace","duration":0.11512500000026193,"failureMessages":[],"meta":{}},{"ancestorTitles":["assertOrgCanConsume"],"fullName":"assertOrgCanConsume throws BillingSuspendedError when state is suspended","status":"passed","title":"throws BillingSuspendedError when state is suspended","duration":0.212666999999783,"failureMessages":[],"meta":{}},{"ancestorTitles":["assertOrgCanConsume"],"fullName":"assertOrgCanConsume BillingSuspendedError has correct code","status":"passed","title":"BillingSuspendedError has correct code","duration":0.12466700000004494,"failureMessages":[],"meta":{}},{"ancestorTitles":["onInvoicePaymentFailed"],"fullName":"onInvoicePaymentFailed sets dunningState to grace when no existing settings row","status":"passed","title":"sets dunningState to grace when no existing settings row","duration":0.9171670000005179,"failureMessages":[],"meta":{}},{"ancestorTitles":["onInvoicePaymentFailed"],"fullName":"onInvoicePaymentFailed updates existing settings row to grace state","status":"passed","title":"updates existing settings row to grace state","duration":0.22766700000011042,"failureMessages":[],"meta":{}},{"ancestorTitles":["onInvoicePaymentFailed"],"fullName":"onInvoicePaymentFailed preserves existing delinquentSince (idempotent)","status":"passed","title":"preserves existing delinquentSince (idempotent)","duration":0.12912500000038563,"failureMessages":[],"meta":{}},{"ancestorTitles":["onInvoicePaymentFailed"],"fullName":"onInvoicePaymentFailed resolves orgId from subscriptionId when invoice.orgId is null","status":"passed","title":"resolves orgId from subscriptionId when invoice.orgId is null","duration":0.1456659999994372,"failureMessages":[],"meta":{}},{"ancestorTitles":["onInvoicePaymentFailed"],"fullName":"onInvoicePaymentFailed returns early when orgId cannot be resolved","status":"passed","title":"returns early when orgId cannot be resolved","duration":0.7682089999998425,"failureMessages":[],"meta":{}},{"ancestorTitles":["onInvoiceRecovered"],"fullName":"onInvoiceRecovered resets dunningState to active and clears dunning fields","status":"passed","title":"resets dunningState to active and clears dunning fields","duration":0.2015000000001237,"failureMessages":[],"meta":{}},{"ancestorTitles":["onInvoiceRecovered"],"fullName":"onInvoiceRecovered is a no-op when already active","status":"passed","title":"is a no-op when already active","duration":0.10654199999953562,"failureMessages":[],"meta":{}},{"ancestorTitles":["onInvoiceRecovered"],"fullName":"onInvoiceRecovered is a no-op when no settings row","status":"passed","title":"is a no-op when no settings row","duration":0.0767920000007507,"failureMessages":[],"meta":{}},{"ancestorTitles":["sweepDunning"],"fullName":"sweepDunning returns { suspended: 0 } when no grace orgs","status":"passed","title":"returns { suspended: 0 } when no grace orgs","duration":0.3473329999997077,"failureMessages":[],"meta":{}},{"ancestorTitles":["sweepDunning"],"fullName":"sweepDunning suspends orgs in grace with elapsed graceEndsAt","status":"passed","title":"suspends orgs in grace with elapsed graceEndsAt","duration":0.1899169999996957,"failureMessages":[],"meta":{}}],"startTime":1781072008905,"endTime":1781072008911.3474,"status":"passed","message":"","name":"/Users/macanderson/oxagen-monorepo/packages/billing/src/dunning.test.ts"},{"assertionResults":[{"ancestorTitles":["meetsMinimumTier"],"fullName":"meetsMinimumTier same tier always meets minimum","status":"passed","title":"same tier always meets minimum","duration":0.5637500000000273,"failureMessages":[],"meta":{}},{"ancestorTitles":["meetsMinimumTier"],"fullName":"meetsMinimumTier higher tier meets a lower minimum","status":"passed","title":"higher tier meets a lower minimum","duration":0.12233400000002348,"failureMessages":[],"meta":{}},{"ancestorTitles":["meetsMinimumTier"],"fullName":"meetsMinimumTier lower tier does NOT meet a higher minimum","status":"passed","title":"lower tier does NOT meet a higher minimum","duration":0.10087499999997362,"failureMessages":[],"meta":{}},{"ancestorTitles":["requireTier"],"fullName":"requireTier returns void when tier meets minimum","status":"passed","title":"returns void when tier meets minimum","duration":0.4117500000000973,"failureMessages":[],"meta":{}},{"ancestorTitles":["requireTier"],"fullName":"requireTier throws TierDeniedError when tier is below minimum","status":"passed","title":"throws TierDeniedError when tier is below minimum","duration":0.13266599999997197,"failureMessages":[],"meta":{}},{"ancestorTitles":["requireTier"],"fullName":"requireTier error carries actualTier and requiredTier fields","status":"passed","title":"error carries actualTier and requiredTier fields","duration":0.17008399999997437,"failureMessages":[],"meta":{}},{"ancestorTitles":["requireTier"],"fullName":"requireTier error message includes both tiers","status":"passed","title":"error message includes both tiers","duration":0.0790829999999687,"failureMessages":[],"meta":{}},{"ancestorTitles":["isTierDenied"],"fullName":"isTierDenied returns true for a TierDeniedError","status":"passed","title":"returns true for a TierDeniedError","duration":0.07304199999998673,"failureMessages":[],"meta":{}},{"ancestorTitles":["isTierDenied"],"fullName":"isTierDenied returns false for other errors","status":"passed","title":"returns false for other errors","duration":0.07904199999995853,"failureMessages":[],"meta":{}},{"ancestorTitles":["canAccessACL"],"fullName":"canAccessACL only enterprise can access ACLs","status":"passed","title":"only enterprise can access ACLs","duration":0.08795799999995779,"failureMessages":[],"meta":{}},{"ancestorTitles":["canAccessSSO"],"fullName":"canAccessSSO only enterprise can access SSO","status":"passed","title":"only enterprise can access SSO","duration":0.08641699999998309,"failureMessages":[],"meta":{}},{"ancestorTitles":["canAccessSCIM"],"fullName":"canAccessSCIM only enterprise can access SCIM","status":"passed","title":"only enterprise can access SCIM","duration":0.08499999999992269,"failureMessages":[],"meta":{}},{"ancestorTitles":["canAccessAuditLog"],"fullName":"canAccessAuditLog only enterprise can access the immutable audit log","status":"passed","title":"only enterprise can access the immutable audit log","duration":0.08970800000008694,"failureMessages":[],"meta":{}},{"ancestorTitles":["canBuyCredits"],"fullName":"canBuyCredits free orgs cannot buy credit packs","status":"passed","title":"free orgs cannot buy credit packs","duration":0.05987500000003365,"failureMessages":[],"meta":{}},{"ancestorTitles":["canBuyCredits"],"fullName":"canBuyCredits build, scale, enterprise orgs can buy credit packs","status":"passed","title":"build, scale, enterprise orgs can buy credit packs","duration":0.06020899999998619,"failureMessages":[],"meta":{}}],"startTime":1781072007423,"endTime":1781072007426.0603,"status":"passed","message":"","name":"/Users/macanderson/oxagen-monorepo/packages/billing/src/entitlements.test.ts"},{"assertionResults":[{"ancestorTitles":["grantFreeCredits — system seam (no tenant scope required)"],"fullName":"grantFreeCredits — system seam (no tenant scope required) uses withSystemDb and never withTenantDb (works with no active tenant scope)","status":"passed","title":"uses withSystemDb and never withTenantDb (works with no active tenant scope)","duration":6.657332999999653,"failureMessages":[],"meta":{}},{"ancestorTitles":["grantFreeCredits — system seam (no tenant scope required)"],"fullName":"grantFreeCredits — system seam (no tenant scope required) writes the ledger row, lot, and balance through the system seam","status":"passed","title":"writes the ledger row, lot, and balance through the system seam","duration":0.24320799999986775,"failureMessages":[],"meta":{}}],"startTime":1781072011662,"endTime":1781072011669.2432,"status":"passed","message":"","name":"/Users/macanderson/oxagen-monorepo/packages/billing/src/grants.scope.test.ts"},{"assertionResults":[{"ancestorTitles":["grantFreeCredits"],"fullName":"grantFreeCredits first grant — lot + ledger + balance written via the system seam","status":"passed","title":"first grant — lot + ledger + balance written via the system seam","duration":2.474124999999731,"failureMessages":[],"meta":{}},{"ancestorTitles":["grantFreeCredits"],"fullName":"grantFreeCredits already granted (ledger conflict) — lot and balance inserts NOT called","status":"passed","title":"already granted (ledger conflict) — lot and balance inserts NOT called","duration":1.0048329999999623,"failureMessages":[],"meta":{}},{"ancestorTitles":["grantPlanCreditsForInvoicePaid"],"fullName":"grantPlanCreditsForInvoicePaid subscription_create billing reason — grants plan credits via withSystemDb","status":"passed","title":"subscription_create billing reason — grants plan credits via withSystemDb","duration":5.259667000000263,"failureMessages":[],"meta":{}},{"ancestorTitles":["grantPlanCreditsForInvoicePaid"],"fullName":"grantPlanCreditsForInvoicePaid subscription_cycle billing reason — grants plan credits","status":"passed","title":"subscription_cycle billing reason — grants plan credits","duration":0.2639579999995476,"failureMessages":[],"meta":{}},{"ancestorTitles":["grantPlanCreditsForInvoicePaid"],"fullName":"grantPlanCreditsForInvoicePaid already granted (ledger conflict) — lot NOT inserted","status":"passed","title":"already granted (ledger conflict) — lot NOT inserted","duration":0.1416669999998703,"failureMessages":[],"meta":{}},{"ancestorTitles":["grantPlanCreditsForInvoicePaid"],"fullName":"grantPlanCreditsForInvoicePaid missing invoice row — grant not applied (referenceId undefined)","status":"passed","title":"missing invoice row — grant not applied (referenceId undefined)","duration":0.13429199999973207,"failureMessages":[],"meta":{}},{"ancestorTitles":["grantPlanCreditsForInvoicePaid"],"fullName":"grantPlanCreditsForInvoicePaid non-subscription billing reason (manual) — returns early, no grant","status":"passed","title":"non-subscription billing reason (manual) — returns early, no grant","duration":0.11524999999983265,"failureMessages":[],"meta":{}},{"ancestorTitles":["grantPlanCreditsForInvoicePaid"],"fullName":"grantPlanCreditsForInvoicePaid no subscriptionId on invoice — returns early","status":"passed","title":"no subscriptionId on invoice — returns early","duration":0.0860419999999067,"failureMessages":[],"meta":{}},{"ancestorTitles":["grantCreditPackForCheckout"],"fullName":"grantCreditPackForCheckout happy path — line items with credits → grants correct total via withSystemDb","status":"passed","title":"happy path — line items with credits → grants correct total via withSystemDb","duration":0.5362919999997757,"failureMessages":[],"meta":{}},{"ancestorTitles":["grantCreditPackForCheckout"],"fullName":"grantCreditPackForCheckout already granted (ledger conflict) — lot NOT inserted","status":"passed","title":"already granted (ledger conflict) — lot NOT inserted","duration":0.13270899999952235,"failureMessages":[],"meta":{}},{"ancestorTitles":["grantCreditPackForCheckout"],"fullName":"grantCreditPackForCheckout zero credits from line items — no insert","status":"passed","title":"zero credits from line items — no insert","duration":0.09141699999963748,"failureMessages":[],"meta":{}},{"ancestorTitles":["grantCreditPackForCheckout"],"fullName":"grantCreditPackForCheckout session mode is not payment — returns early, no insert","status":"passed","title":"session mode is not payment — returns early, no insert","duration":0.09412500000053114,"failureMessages":[],"meta":{}},{"ancestorTitles":["grantCreditPackForCheckout"],"fullName":"grantCreditPackForCheckout paymentStatus is not paid — returns early, no insert","status":"passed","title":"paymentStatus is not paid — returns early, no insert","duration":0.08604200000081619,"failureMessages":[],"meta":{}},{"ancestorTitles":["grantCreditPackForCheckout"],"fullName":"grantCreditPackForCheckout no org_id on session metadata — returns early, no insert","status":"passed","title":"no org_id on session metadata — returns early, no insert","duration":0.08183399999961694,"failureMessages":[],"meta":{}},{"ancestorTitles":["grantCreditPackForCheckout"],"fullName":"grantCreditPackForCheckout dynamic purchase — no price metadata credits but session metadata has credits → grants face value","status":"passed","title":"dynamic purchase — no price metadata credits but session metadata has credits → grants face value","duration":0.175916999999572,"failureMessages":[],"meta":{}},{"ancestorTitles":["grantCreditPackForCheckout"],"fullName":"grantCreditPackForCheckout dynamic purchase — session metadata credits is non-numeric → no insert","status":"passed","title":"dynamic purchase — session metadata credits is non-numeric → no insert","duration":0.08862500000032014,"failureMessages":[],"meta":{}},{"ancestorTitles":["grantCreditPackForCheckout"],"fullName":"grantCreditPackForCheckout dynamic purchase — session metadata credits is zero → no insert","status":"passed","title":"dynamic purchase — session metadata credits is zero → no insert","duration":0.08608400000048277,"failureMessages":[],"meta":{}},{"ancestorTitles":["grantCreditPackForCheckout"],"fullName":"grantCreditPackForCheckout dynamic purchase — already granted (ledger conflict) → lot NOT inserted","status":"passed","title":"dynamic purchase — already granted (ledger conflict) → lot NOT inserted","duration":0.12166600000000471,"failureMessages":[],"meta":{}}],"startTime":1781072009312,"endTime":1781072009324.1216,"status":"passed","message":"","name":"/Users/macanderson/oxagen-monorepo/packages/billing/src/grants.test.ts"},{"assertionResults":[{"ancestorTitles":["syncInvoiceFromStripe"],"fullName":"syncInvoiceFromStripe happy path — upserts invoice row and inserts line items inside withSystemDb","status":"passed","title":"happy path — upserts invoice row and inserts line items inside withSystemDb","duration":4.320666999999958,"failureMessages":[],"meta":{}},{"ancestorTitles":["syncInvoiceFromStripe"],"fullName":"syncInvoiceFromStripe upsert idempotency — second call runs same upsert path without error","status":"passed","title":"upsert idempotency — second call runs same upsert path without error","duration":0.4126659999997173,"failureMessages":[],"meta":{}},{"ancestorTitles":["syncInvoiceFromStripe"],"fullName":"syncInvoiceFromStripe no org_id and no subscription row — returns early, no insert","status":"passed","title":"no org_id and no subscription row — returns early, no insert","duration":0.24341700000013589,"failureMessages":[],"meta":{}},{"ancestorTitles":["syncInvoiceFromStripe"],"fullName":"syncInvoiceFromStripe empty line items — delete runs but line-item insert is skipped","status":"passed","title":"empty line items — delete runs but line-item insert is skipped","duration":0.1633750000000873,"failureMessages":[],"meta":{}},{"ancestorTitles":["syncInvoiceFromStripe"],"fullName":"syncInvoiceFromStripe line items replace — delete is called before line-item insert","status":"passed","title":"line items replace — delete is called before line-item insert","duration":0.17324999999982538,"failureMessages":[],"meta":{}}],"startTime":1781072009541,"endTime":1781072009546.2434,"status":"passed","message":"","name":"/Users/macanderson/oxagen-monorepo/packages/billing/src/invoices.test.ts"},{"assertionResults":[{"ancestorTitles":["imageProviderCostUsd"],"fullName":"imageProviderCostUsd prices a known model per image at its base size","status":"passed","title":"prices a known model per image at its base size","duration":0.5352910000000293,"failureMessages":[],"meta":{}},{"ancestorTitles":["imageProviderCostUsd"],"fullName":"imageProviderCostUsd applies the HD size multiplier","status":"passed","title":"applies the HD size multiplier","duration":0.06887499999993452,"failureMessages":[],"meta":{}},{"ancestorTitles":["imageProviderCostUsd"],"fullName":"imageProviderCostUsd matches a model family by longest prefix","status":"passed","title":"matches a model family by longest prefix","duration":0.10279099999991104,"failureMessages":[],"meta":{}},{"ancestorTitles":["imageProviderCostUsd"],"fullName":"imageProviderCostUsd over-charges (never $0) for an unknown model via the fallback","status":"passed","title":"over-charges (never $0) for an unknown model via the fallback","duration":0.08933400000000802,"failureMessages":[],"meta":{}},{"ancestorTitles":["imageProviderCostUsd"],"fullName":"imageProviderCostUsd never returns negative cost for a non-positive image count","status":"passed","title":"never returns negative cost for a non-positive image count","duration":0.10800000000006094,"failureMessages":[],"meta":{}},{"ancestorTitles":["imageProviderCostUsd"],"fullName":"imageProviderCostUsd converts to micro-USD","status":"passed","title":"converts to micro-USD","duration":0.07616699999994125,"failureMessages":[],"meta":{}},{"ancestorTitles":["videoProviderCostUsd"],"fullName":"videoProviderCostUsd prices per second of output","status":"passed","title":"prices per second of output","duration":0.07983400000000529,"failureMessages":[],"meta":{}},{"ancestorTitles":["videoProviderCostUsd"],"fullName":"videoProviderCostUsd uses the model's default duration when seconds are omitted or invalid","status":"passed","title":"uses the model's default duration when seconds are omitted or invalid","duration":0.05525000000000091,"failureMessages":[],"meta":{}},{"ancestorTitles":["videoProviderCostUsd"],"fullName":"videoProviderCostUsd over-charges (never $0) for an unknown model via the fallback","status":"passed","title":"over-charges (never $0) for an unknown model via the fallback","duration":0.061666000000059285,"failureMessages":[],"meta":{}},{"ancestorTitles":["videoProviderCostUsd"],"fullName":"videoProviderCostUsd converts to micro-USD","status":"passed","title":"converts to micro-USD","duration":0.054917000000045846,"failureMessages":[],"meta":{}}],"startTime":1781072009775,"endTime":1781072009777.0798,"status":"passed","message":"","name":"/Users/macanderson/oxagen-monorepo/packages/billing/src/media-pricing.test.ts"},{"assertionResults":[{"ancestorTitles":["assertCanStartTurn"],"fullName":"assertCanStartTurn resolves when org is in good standing with positive balance","status":"passed","title":"resolves when org is in good standing with positive balance","duration":16.473207999999886,"failureMessages":[],"meta":{}},{"ancestorTitles":["assertCanStartTurn"],"fullName":"assertCanStartTurn throws InsufficientCreditsError when balance is zero after reload attempt","status":"passed","title":"throws InsufficientCreditsError when balance is zero after reload attempt","duration":2.7451670000000377,"failureMessages":[],"meta":{}},{"ancestorTitles":["assertCanStartTurn"],"fullName":"assertCanStartTurn throws InsufficientCreditsError when balance is negative (should not happen but guard)","status":"passed","title":"throws InsufficientCreditsError when balance is negative (should not happen but guard)","duration":0.15158300000030067,"failureMessages":[],"meta":{}},{"ancestorTitles":["assertCanStartTurn"],"fullName":"assertCanStartTurn propagates BillingSuspendedError from assertOrgCanConsume","status":"passed","title":"propagates BillingSuspendedError from assertOrgCanConsume","duration":0.2767499999999927,"failureMessages":[],"meta":{}},{"ancestorTitles":["assertCanStartTurn"],"fullName":"assertCanStartTurn continues past auto-reload failure and still checks balance","status":"passed","title":"continues past auto-reload failure and still checks balance","duration":0.1457500000001346,"failureMessages":[],"meta":{}},{"ancestorTitles":["assertCanStartTurn"],"fullName":"assertCanStartTurn throws InsufficientCreditsError when auto-reload fails AND balance is zero","status":"passed","title":"throws InsufficientCreditsError when auto-reload fails AND balance is zero","duration":0.08929200000011406,"failureMessages":[],"meta":{}},{"ancestorTitles":["chargeImageCredits"],"fullName":"chargeImageCredits returns a ChargeUsageResult with imageCount in logFields","status":"passed","title":"returns a ChargeUsageResult with imageCount in logFields","duration":1.0778340000001663,"failureMessages":[],"meta":{}},{"ancestorTitles":["chargeImageCredits"],"fullName":"chargeImageCredits charges zero credits for zero images","status":"passed","title":"charges zero credits for zero images","duration":1.949916999999914,"failureMessages":[],"meta":{}},{"ancestorTitles":["chargeImageCredits"],"fullName":"chargeImageCredits passes referenceId to consumeCredits","status":"passed","title":"passes referenceId to consumeCredits","duration":5.941874999999982,"failureMessages":[],"meta":{}},{"ancestorTitles":["chargeVideoCredits"],"fullName":"chargeVideoCredits returns a ChargeUsageResult with video model","status":"passed","title":"returns a ChargeUsageResult with video model","duration":0.18558299999995143,"failureMessages":[],"meta":{}},{"ancestorTitles":["chargeVideoCredits"],"fullName":"chargeVideoCredits returns a non-zero result when durationSeconds is undefined (model has base cost)","status":"passed","title":"returns a non-zero result when durationSeconds is undefined (model has base cost)","duration":13.406124999999975,"failureMessages":[],"meta":{}},{"ancestorTitles":["chargeVideoCredits"],"fullName":"chargeVideoCredits surfaces shortfall from consumeCredits for video charges","status":"passed","title":"surfaces shortfall from consumeCredits for video charges","duration":6.3436249999999745,"failureMessages":[],"meta":{}}],"startTime":1781072006288,"endTime":1781072006337.3435,"status":"passed","message":"","name":"/Users/macanderson/oxagen-monorepo/packages/billing/src/metering-gate.test.ts"},{"assertionResults":[{"ancestorTitles":["meterCreditsForUsage"],"fullName":"meterCreditsForUsage rounds credits up from provider cost × markup","status":"passed","title":"rounds credits up from provider cost × markup","duration":0.6021249999998872,"failureMessages":[],"meta":{}},{"ancestorTitles":["meterCreditsForUsage"],"fullName":"meterCreditsForUsage returns 0 credits for a zero-cost call","status":"passed","title":"returns 0 credits for a zero-cost call","duration":0.9527919999995902,"failureMessages":[],"meta":{}},{"ancestorTitles":["chargeUsageCredits"],"fullName":"chargeUsageCredits meters the call and delegates the full debit to consumeCredits","status":"passed","title":"meters the call and delegates the full debit to consumeCredits","duration":17.47762499999999,"failureMessages":[],"meta":{}},{"ancestorTitles":["chargeUsageCredits"],"fullName":"chargeUsageCredits surfaces the clamp/shortfall reported by consumeCredits","status":"passed","title":"surfaces the clamp/shortfall reported by consumeCredits","duration":2.4700000000002547,"failureMessages":[],"meta":{}},{"ancestorTitles":["chargeUsageCredits"],"fullName":"chargeUsageCredits never calls consumeCredits for a zero-cost call","status":"passed","title":"never calls consumeCredits for a zero-cost call","duration":0.1855000000000473,"failureMessages":[],"meta":{}},{"ancestorTitles":["hasCreditBalance"],"fullName":"hasCreditBalance is true when the effective balance is positive","status":"passed","title":"is true when the effective balance is positive","duration":0.14825000000018917,"failureMessages":[],"meta":{}},{"ancestorTitles":["hasCreditBalance"],"fullName":"hasCreditBalance is false at zero effective balance","status":"passed","title":"is false at zero effective balance","duration":0.05308299999978772,"failureMessages":[],"meta":{}},{"ancestorTitles":["hasCreditBalance"],"fullName":"hasCreditBalance is false when effectiveBalance returns 0 (no lots or all expired)","status":"passed","title":"is false when effectiveBalance returns 0 (no lots or all expired)","duration":0.04775000000017826,"failureMessages":[],"meta":{}}],"startTime":1781072012735,"endTime":1781072012757.1855,"status":"passed","message":"","name":"/Users/macanderson/oxagen-monorepo/packages/billing/src/metering.test.ts"},{"assertionResults":[{"ancestorTitles":["listOrgPaymentMethods"],"fullName":"listOrgPaymentMethods returns mapped views from the DB","status":"passed","title":"returns mapped views from the DB","duration":1.8212499999999636,"failureMessages":[],"meta":{}},{"ancestorTitles":["listOrgPaymentMethods"],"fullName":"listOrgPaymentMethods returns empty array when no payment methods exist","status":"passed","title":"returns empty array when no payment methods exist","duration":0.1400839999996606,"failureMessages":[],"meta":{}},{"ancestorTitles":["createPaymentMethodSetupIntent"],"fullName":"createPaymentMethodSetupIntent resolves customer from subscription row and creates SetupIntent","status":"passed","title":"resolves customer from subscription row and creates SetupIntent","duration":3.3374579999999696,"failureMessages":[],"meta":{}},{"ancestorTitles":["createPaymentMethodSetupIntent"],"fullName":"createPaymentMethodSetupIntent falls back to ensureStripeCustomer when no subscription row exists","status":"passed","title":"falls back to ensureStripeCustomer when no subscription row exists","duration":0.4174170000005688,"failureMessages":[],"meta":{}},{"ancestorTitles":["syncPaymentMethodsFromStripe"],"fullName":"syncPaymentMethodsFromStripe upserts each card returned by the provider","status":"passed","title":"upserts each card returned by the provider","duration":1.2590000000000146,"failureMessages":[],"meta":{}},{"ancestorTitles":["syncPaymentMethodsFromStripe"],"fullName":"syncPaymentMethodsFromStripe soft-deletes DB rows for cards no longer in Stripe","status":"passed","title":"soft-deletes DB rows for cards no longer in Stripe","duration":0.3507499999996071,"failureMessages":[],"meta":{}},{"ancestorTitles":["syncPaymentMethodsFromStripe"],"fullName":"syncPaymentMethodsFromStripe calls no inserts when Stripe returns no cards","status":"passed","title":"calls no inserts when Stripe returns no cards","duration":0.1898750000000291,"failureMessages":[],"meta":{}},{"ancestorTitles":["setOrgDefaultPaymentMethod"],"fullName":"setOrgDefaultPaymentMethod calls provider setDefaultPaymentMethod and updates DB","status":"passed","title":"calls provider setDefaultPaymentMethod and updates DB","duration":0.2288330000001224,"failureMessages":[],"meta":{}},{"ancestorTitles":["removeOrgPaymentMethod"],"fullName":"removeOrgPaymentMethod detaches and soft-deletes a non-default card","status":"passed","title":"detaches and soft-deletes a non-default card","duration":115.53741599999921,"failureMessages":[],"meta":{}},{"ancestorTitles":["removeOrgPaymentMethod"],"fullName":"removeOrgPaymentMethod promotes another card to default when removed card was default","status":"passed","title":"promotes another card to default when removed card was default","duration":0.24729200000001583,"failureMessages":[],"meta":{}},{"ancestorTitles":["removeOrgPaymentMethod"],"fullName":"removeOrgPaymentMethod throws LastPaymentMethodError when removing last card on active subscription","status":"passed","title":"throws LastPaymentMethodError when removing last card on active subscription","duration":0.4512089999998352,"failureMessages":[],"meta":{}},{"ancestorTitles":["removeOrgPaymentMethod"],"fullName":"removeOrgPaymentMethod throws when the card does not belong to the org","status":"passed","title":"throws when the card does not belong to the org","duration":0.2785830000002534,"failureMessages":[],"meta":{}},{"ancestorTitles":["isLastPaymentMethodError"],"fullName":"isLastPaymentMethodError returns true for LastPaymentMethodError","status":"passed","title":"returns true for LastPaymentMethodError","duration":0.05199999999967986,"failureMessages":[],"meta":{}},{"ancestorTitles":["isLastPaymentMethodError"],"fullName":"isLastPaymentMethodError returns false for plain errors","status":"passed","title":"returns false for plain errors","duration":0.04979200000070705,"failureMessages":[],"meta":{}},{"ancestorTitles":["isLastPaymentMethodError"],"fullName":"isLastPaymentMethodError LastPaymentMethodError has code = last_payment_method","status":"passed","title":"LastPaymentMethodError has code = last_payment_method","duration":0.03295799999978044,"failureMessages":[],"meta":{}}],"startTime":1781072008768,"endTime":1781072008893.2786,"status":"passed","message":"","name":"/Users/macanderson/oxagen-monorepo/packages/billing/src/payment-methods.test.ts"},{"assertionResults":[{"ancestorTitles":["resolveRate"],"fullName":"resolveRate returns the exact rate for a known model id","status":"passed","title":"returns the exact rate for a known model id","duration":1.0935419999999567,"failureMessages":[],"meta":{}},{"ancestorTitles":["resolveRate"],"fullName":"resolveRate matches the longest prefix for a versioned/date-stamped id","status":"passed","title":"matches the longest prefix for a versioned/date-stamped id","duration":0.19416599999999562,"failureMessages":[],"meta":{}},{"ancestorTitles":["resolveRate"],"fullName":"resolveRate falls back to the configured fallback model for an unknown id","status":"passed","title":"falls back to the configured fallback model for an unknown id","duration":0.16566599999998743,"failureMessages":[],"meta":{}},{"ancestorTitles":["providerCostUsd"],"fullName":"providerCostUsd prices input + output at the Sonnet rate","status":"passed","title":"prices input + output at the Sonnet rate","duration":0.2589579999998932,"failureMessages":[],"meta":{}},{"ancestorTitles":["providerCostUsd"],"fullName":"providerCostUsd bills cached-input tokens at the cheaper cached rate","status":"passed","title":"bills cached-input tokens at the cheaper cached rate","duration":0.13991699999996854,"failureMessages":[],"meta":{}},{"ancestorTitles":["providerCostUsd"],"fullName":"providerCostUsd never lets billable input go negative when cached exceeds input","status":"passed","title":"never lets billable input go negative when cached exceeds input","duration":0.20183299999996507,"failureMessages":[],"meta":{}},{"ancestorTitles":["providerCostUsd"],"fullName":"providerCostUsd reports cost in micro-USD","status":"passed","title":"reports cost in micro-USD","duration":68.45595800000001,"failureMessages":[],"meta":{}},{"ancestorTitles":["solveMeterMarkup"],"fullName":"solveMeterMarkup reduces to 1/(1-m) when every product sells at face value","status":"passed","title":"reduces to 1/(1-m) when every product sells at face value","duration":0.11924999999996544,"failureMessages":[],"meta":{}},{"ancestorTitles":["solveMeterMarkup"],"fullName":"solveMeterMarkup rejects a target margin outside (0,1)","status":"passed","title":"rejects a target margin outside (0,1)","duration":2.7860829999999623,"failureMessages":[],"meta":{}},{"ancestorTitles":["derivePricing"],"fullName":"derivePricing blended margin equals the target by construction","status":"passed","title":"blended margin equals the target by construction","duration":0.27100000000007185,"failureMessages":[],"meta":{}},{"ancestorTitles":["derivePricing"],"fullName":"derivePricing default target margin is 65% and solves a markup of ~3.38","status":"passed","title":"default target margin is 65% and solves a markup of ~3.38","duration":0.0771670000000313,"failureMessages":[],"meta":{}},{"ancestorTitles":["derivePricing"],"fullName":"derivePricing packs run above target margin and subscriptions below (the incentive)","status":"passed","title":"packs run above target margin and subscriptions below (the incentive)","duration":0.13237500000002456,"failureMessages":[],"meta":{}},{"ancestorTitles":["derivePricing"],"fullName":"derivePricing a higher target margin produces a higher meter markup","status":"passed","title":"a higher target margin produces a higher meter markup","duration":0.043750000000045475,"failureMessages":[],"meta":{}},{"ancestorTitles":["derivePricing"],"fullName":"derivePricing emits one derived product per configured plan and pack","status":"passed","title":"emits one derived product per configured plan and pack","duration":0.29062499999997726,"failureMessages":[],"meta":{}}],"startTime":1781072009696,"endTime":1781072009770.2905,"status":"passed","message":"","name":"/Users/macanderson/oxagen-monorepo/packages/billing/src/pricing.test.ts"},{"assertionResults":[{"ancestorTitles":["previewSeatChange"],"fullName":"previewSeatChange increase direction — provider called with always_invoice, returns charge","status":"passed","title":"increase direction — provider called with always_invoice, returns charge","duration":16.4037500000004,"failureMessages":[],"meta":{}},{"ancestorTitles":["previewSeatChange"],"fullName":"previewSeatChange decrease direction — provider called with create_prorations, returns credit","status":"passed","title":"decrease direction — provider called with create_prorations, returns credit","duration":0.28412500000013097,"failureMessages":[],"meta":{}},{"ancestorTitles":["previewSeatChange"],"fullName":"previewSeatChange no change (none) — returns amountCents=0 without calling provider","status":"passed","title":"no change (none) — returns amountCents=0 without calling provider","duration":0.2319999999999709,"failureMessages":[],"meta":{}},{"ancestorTitles":["previewSeatChange"],"fullName":"previewSeatChange decrease below current usage — returns blocked without calling provider","status":"passed","title":"decrease below current usage — returns blocked without calling provider","duration":0.17462499999965075,"failureMessages":[],"meta":{}},{"ancestorTitles":["previewSeatChange"],"fullName":"previewSeatChange throws when no active subscription exists","status":"passed","title":"throws when no active subscription exists","duration":0.5807910000003176,"failureMessages":[],"meta":{}},{"ancestorTitles":["previewSeatChange"],"fullName":"previewSeatChange resolves default card brand and last4 when available","status":"passed","title":"resolves default card brand and last4 when available","duration":0.3572920000005979,"failureMessages":[],"meta":{}},{"ancestorTitles":["previewSeatChange"],"fullName":"previewSeatChange card is null when no default payment method is on file","status":"passed","title":"card is null when no default payment method is on file","duration":0.1263330000001588,"failureMessages":[],"meta":{}},{"ancestorTitles":["setSubscriptionSeats — direction-aware proration"],"fullName":"setSubscriptionSeats — direction-aware proration increase — passes prorationBehavior always_invoice with idempotencyKey","status":"passed","title":"increase — passes prorationBehavior always_invoice with idempotencyKey","duration":0.3866250000000946,"failureMessages":[],"meta":{}},{"ancestorTitles":["setSubscriptionSeats — direction-aware proration"],"fullName":"setSubscriptionSeats — direction-aware proration decrease — passes prorationBehavior create_prorations","status":"passed","title":"decrease — passes prorationBehavior create_prorations","duration":0.13145900000017718,"failureMessages":[],"meta":{}},{"ancestorTitles":["previewPlanChange"],"fullName":"previewPlanChange no active subscription — requiresCheckout=true, full monthly price","status":"passed","title":"no active subscription — requiresCheckout=true, full monthly price","duration":0.3948339999997188,"failureMessages":[],"meta":{}},{"ancestorTitles":["previewPlanChange"],"fullName":"previewPlanChange no active subscription — annual price used when interval=year","status":"passed","title":"no active subscription — annual price used when interval=year","duration":0.13000000000010914,"failureMessages":[],"meta":{}},{"ancestorTitles":["previewPlanChange"],"fullName":"previewPlanChange upgrade (active sub, higher tier) — requiresCheckout=false, provider preview used","status":"passed","title":"upgrade (active sub, higher tier) — requiresCheckout=false, provider preview used","duration":0.18408399999952962,"failureMessages":[],"meta":{}},{"ancestorTitles":["previewPlanChange"],"fullName":"previewPlanChange downgrade (active sub, lower tier) — prorationBehavior none, amountCents=0","status":"passed","title":"downgrade (active sub, lower tier) — prorationBehavior none, amountCents=0","duration":0.12658399999963876,"failureMessages":[],"meta":{}},{"ancestorTitles":["previewPlanChange"],"fullName":"previewPlanChange throws when target plan slug is not found","status":"passed","title":"throws when target plan slug is not found","duration":0.12995800000044255,"failureMessages":[],"meta":{}},{"ancestorTitles":["previewPlanChange"],"fullName":"previewPlanChange throws when target plan has no price for the requested interval","status":"passed","title":"throws when target plan has no price for the requested interval","duration":0.10320799999954033,"failureMessages":[],"meta":{}}],"startTime":1781072009337,"endTime":1781072009357.1033,"status":"passed","message":"","name":"/Users/macanderson/oxagen-monorepo/packages/billing/src/seats-proration.test.ts"},{"assertionResults":[{"ancestorTitles":["getOrgSeatUsage"],"fullName":"getOrgSeatUsage free org (no active subscription) → licenses = 1","status":"passed","title":"free org (no active subscription) → licenses = 1","duration":0.9691250000000764,"failureMessages":[],"meta":{}},{"ancestorTitles":["getOrgSeatUsage"],"fullName":"getOrgSeatUsage active subscription with seatCount = 5 → licenses = 5","status":"passed","title":"active subscription with seatCount = 5 → licenses = 5","duration":0.1992920000002414,"failureMessages":[],"meta":{}},{"ancestorTitles":["getOrgSeatUsage"],"fullName":"getOrgSeatUsage pending invitations count toward `used`","status":"passed","title":"pending invitations count toward `used`","duration":0.14495799999986048,"failureMessages":[],"meta":{}},{"ancestorTitles":["getOrgSeatUsage"],"fullName":"getOrgSeatUsage available is clamped at 0 when over-provisioned","status":"passed","title":"available is clamped at 0 when over-provisioned","duration":0.10537500000009459,"failureMessages":[],"meta":{}},{"ancestorTitles":["assertSeatAvailable"],"fullName":"assertSeatAvailable passes (no throw) when a seat is free","status":"passed","title":"passes (no throw) when a seat is free","duration":0.3339169999999285,"failureMessages":[],"meta":{}},{"ancestorTitles":["assertSeatAvailable"],"fullName":"assertSeatAvailable throws SeatLimitError when used === licenses","status":"passed","title":"throws SeatLimitError when used === licenses","duration":7.272749999999633,"failureMessages":[],"meta":{}},{"ancestorTitles":["assertSeatAvailable"],"fullName":"assertSeatAvailable SeatLimitError has correct code, licenses, and used fields","status":"passed","title":"SeatLimitError has correct code, licenses, and used fields","duration":0.24987499999997453,"failureMessages":[],"meta":{}},{"ancestorTitles":["assertSeatAvailable"],"fullName":"assertSeatAvailable throws SeatLimitError when used exceeds licenses (over-inviting)","status":"passed","title":"throws SeatLimitError when used exceeds licenses (over-inviting)","duration":0.1319589999998243,"failureMessages":[],"meta":{}},{"ancestorTitles":["isSeatLimitError"],"fullName":"isSeatLimitError returns true for SeatLimitError instances","status":"passed","title":"returns true for SeatLimitError instances","duration":0.06424999999990177,"failureMessages":[],"meta":{}},{"ancestorTitles":["isSeatLimitError"],"fullName":"isSeatLimitError returns false for plain errors","status":"passed","title":"returns false for plain errors","duration":0.0683750000002874,"failureMessages":[],"meta":{}}],"startTime":1781072010120,"endTime":1781072010129.2727,"status":"passed","message":"","name":"/Users/macanderson/oxagen-monorepo/packages/billing/src/seats.test.ts"},{"assertionResults":[{"ancestorTitles":["StripeProvider","findCustomerByOrgId"],"fullName":"StripeProvider findCustomerByOrgId returns customer id when found","status":"passed","title":"returns customer id when found","duration":0.7996250000001055,"failureMessages":[],"meta":{}},{"ancestorTitles":["StripeProvider","findCustomerByOrgId"],"fullName":"StripeProvider findCustomerByOrgId returns null when no customer found","status":"passed","title":"returns null when no customer found","duration":0.10629199999993943,"failureMessages":[],"meta":{}},{"ancestorTitles":["StripeProvider","createCustomer"],"fullName":"StripeProvider createCustomer returns the new customer id","status":"passed","title":"returns the new customer id","duration":0.544166000000132,"failureMessages":[],"meta":{}},{"ancestorTitles":["StripeProvider","getSubscription"],"fullName":"StripeProvider getSubscription translates a Stripe subscription to neutral shape","status":"passed","title":"translates a Stripe subscription to neutral shape","duration":0.24933399999963513,"failureMessages":[],"meta":{}},{"ancestorTitles":["StripeProvider","getSubscription"],"fullName":"StripeProvider getSubscription sets billingInterval to year when subscription is yearly","status":"passed","title":"sets billingInterval to year when subscription is yearly","duration":0.08575000000018917,"failureMessages":[],"meta":{}},{"ancestorTitles":["StripeProvider","getSubscription"],"fullName":"StripeProvider getSubscription falls back to status 'incomplete' for unknown status","status":"passed","title":"falls back to status 'incomplete' for unknown status","duration":0.07445899999993344,"failureMessages":[],"meta":{}},{"ancestorTitles":["StripeProvider","updateSubscription"],"fullName":"StripeProvider updateSubscription calls stripe subscriptions.update with cancelAtPeriodEnd","status":"passed","title":"calls stripe subscriptions.update with cancelAtPeriodEnd","duration":0.12629199999992125,"failureMessages":[],"meta":{}},{"ancestorTitles":["StripeProvider","updateSubscription"],"fullName":"StripeProvider updateSubscription sends empty params when no fields provided","status":"passed","title":"sends empty params when no fields provided","duration":0.10062499999958163,"failureMessages":[],"meta":{}},{"ancestorTitles":["StripeProvider","cancelSubscription"],"fullName":"StripeProvider cancelSubscription calls stripe subscriptions.cancel","status":"passed","title":"calls stripe subscriptions.cancel","duration":0.07716699999991761,"failureMessages":[],"meta":{}},{"ancestorTitles":["StripeProvider","upgradeSubscription"],"fullName":"StripeProvider upgradeSubscription swaps the price on the first line item","status":"passed","title":"swaps the price on the first line item","duration":0.6479999999996835,"failureMessages":[],"meta":{}},{"ancestorTitles":["StripeProvider","upgradeSubscription"],"fullName":"StripeProvider upgradeSubscription throws when subscription has no items","status":"passed","title":"throws when subscription has no items","duration":0.5528749999998581,"failureMessages":[],"meta":{}},{"ancestorTitles":["StripeProvider","setSubscriptionSeats"],"fullName":"StripeProvider setSubscriptionSeats updates the seat quantity on the first line item","status":"passed","title":"updates the seat quantity on the first line item","duration":0.15275000000019645,"failureMessages":[],"meta":{}},{"ancestorTitles":["StripeProvider","setSubscriptionSeats"],"fullName":"StripeProvider setSubscriptionSeats throws when subscription has no items","status":"passed","title":"throws when subscription has no items","duration":0.094333000000006,"failureMessages":[],"meta":{}},{"ancestorTitles":["StripeProvider","previewSeatChange"],"fullName":"StripeProvider previewSeatChange returns proration preview with amountCents","status":"passed","title":"returns proration preview with amountCents","duration":0.2727500000000873,"failureMessages":[],"meta":{}},{"ancestorTitles":["StripeProvider","previewSeatChange"],"fullName":"StripeProvider previewSeatChange throws when subscription has no items","status":"passed","title":"throws when subscription has no items","duration":0.09166600000025937,"failureMessages":[],"meta":{}},{"ancestorTitles":["StripeProvider","previewPlanChange"],"fullName":"StripeProvider previewPlanChange returns proration preview for plan change","status":"passed","title":"returns proration preview for plan change","duration":0.08449999999993452,"failureMessages":[],"meta":{}},{"ancestorTitles":["StripeProvider","previewPlanChange"],"fullName":"StripeProvider previewPlanChange returns negative amountCents for a downgrade","status":"passed","title":"returns negative amountCents for a downgrade","duration":0.06133300000010422,"failureMessages":[],"meta":{}},{"ancestorTitles":["StripeProvider","listPaymentMethods"],"fullName":"StripeProvider listPaymentMethods translates payment methods to neutral shape","status":"passed","title":"translates payment methods to neutral shape","duration":0.3344579999998132,"failureMessages":[],"meta":{}},{"ancestorTitles":["StripeProvider","listPaymentMethods"],"fullName":"StripeProvider listPaymentMethods returns empty array when no payment methods","status":"passed","title":"returns empty array when no payment methods","duration":0.08245799999986048,"failureMessages":[],"meta":{}},{"ancestorTitles":["StripeProvider","getDefaultPaymentMethodId"],"fullName":"StripeProvider getDefaultPaymentMethodId returns the default payment method id","status":"passed","title":"returns the default payment method id","duration":0.062167000000044936,"failureMessages":[],"meta":{}},{"ancestorTitles":["StripeProvider","getDefaultPaymentMethodId"],"fullName":"StripeProvider getDefaultPaymentMethodId returns null for deleted customer","status":"passed","title":"returns null for deleted customer","duration":0.04541700000027049,"failureMessages":[],"meta":{}},{"ancestorTitles":["StripeProvider","getDefaultPaymentMethodId"],"fullName":"StripeProvider getDefaultPaymentMethodId returns null when no default payment method set","status":"passed","title":"returns null when no default payment method set","duration":0.04333300000007512,"failureMessages":[],"meta":{}},{"ancestorTitles":["StripeProvider","setDefaultPaymentMethod"],"fullName":"StripeProvider setDefaultPaymentMethod calls customers.update with the payment method","status":"passed","title":"calls customers.update with the payment method","duration":0.1014999999997599,"failureMessages":[],"meta":{}},{"ancestorTitles":["StripeProvider","detachPaymentMethod"],"fullName":"StripeProvider detachPaymentMethod calls paymentMethods.detach","status":"passed","title":"calls paymentMethods.detach","duration":0.06666599999971368,"failureMessages":[],"meta":{}},{"ancestorTitles":["StripeProvider","createSetupIntent"],"fullName":"StripeProvider createSetupIntent returns client secret and setup intent id","status":"passed","title":"returns client secret and setup intent id","duration":0.07504199999993943,"failureMessages":[],"meta":{}},{"ancestorTitles":["StripeProvider","createSetupIntent"],"fullName":"StripeProvider createSetupIntent throws when Stripe does not return a client secret","status":"passed","title":"throws when Stripe does not return a client secret","duration":0.26745900000014444,"failureMessages":[],"meta":{}},{"ancestorTitles":["StripeProvider","chargeOffSession"],"fullName":"StripeProvider chargeOffSession creates a payment intent with explicit payment method","status":"passed","title":"creates a payment intent with explicit payment method","duration":0.11083299999972951,"failureMessages":[],"meta":{}},{"ancestorTitles":["StripeProvider","chargeOffSession"],"fullName":"StripeProvider chargeOffSession resolves default payment method when none provided","status":"passed","title":"resolves default payment method when none provided","duration":0.15195799999992232,"failureMessages":[],"meta":{}},{"ancestorTitles":["StripeProvider","chargeOffSession"],"fullName":"StripeProvider chargeOffSession throws when no payment method on file","status":"passed","title":"throws when no payment method on file","duration":0.08345799999960946,"failureMessages":[],"meta":{}},{"ancestorTitles":["StripeProvider","getInvoice"],"fullName":"StripeProvider getInvoice translates a Stripe invoice to neutral shape","status":"passed","title":"translates a Stripe invoice to neutral shape","duration":0.26850000000013097,"failureMessages":[],"meta":{}},{"ancestorTitles":["StripeProvider","getInvoice"],"fullName":"StripeProvider getInvoice maps unknown invoice status to 'draft'","status":"passed","title":"maps unknown invoice status to 'draft'","duration":0.05508400000007896,"failureMessages":[],"meta":{}},{"ancestorTitles":["StripeProvider","createSubscriptionCheckout"],"fullName":"StripeProvider createSubscriptionCheckout returns session id and url","status":"passed","title":"returns session id and url","duration":0.11050000000022919,"failureMessages":[],"meta":{}},{"ancestorTitles":["StripeProvider","createSubscriptionCheckout"],"fullName":"StripeProvider createSubscriptionCheckout throws when Stripe does not return a URL","status":"passed","title":"throws when Stripe does not return a URL","duration":0.08179199999995035,"failureMessages":[],"meta":{}},{"ancestorTitles":["StripeProvider","createPaymentCheckout"],"fullName":"StripeProvider createPaymentCheckout returns session id and url","status":"passed","title":"returns session id and url","duration":0.07145900000023175,"failureMessages":[],"meta":{}},{"ancestorTitles":["StripeProvider","createPaymentCheckout"],"fullName":"StripeProvider createPaymentCheckout throws when Stripe does not return a URL","status":"passed","title":"throws when Stripe does not return a URL","duration":0.07845799999995506,"failureMessages":[],"meta":{}},{"ancestorTitles":["StripeProvider","createDynamicCreditCheckout"],"fullName":"StripeProvider createDynamicCreditCheckout returns session id and url for dynamic credit purchase","status":"passed","title":"returns session id and url for dynamic credit purchase","duration":0.08816600000000108,"failureMessages":[],"meta":{}},{"ancestorTitles":["StripeProvider","getCheckoutSessionCreditPacks"],"fullName":"StripeProvider getCheckoutSessionCreditPacks extracts creditsPerUnit from price metadata","status":"passed","title":"extracts creditsPerUnit from price metadata","duration":0.13887500000009823,"failureMessages":[],"meta":{}},{"ancestorTitles":["StripeProvider","getCheckoutSessionCreditPacks"],"fullName":"StripeProvider getCheckoutSessionCreditPacks skips line items with no credits metadata","status":"passed","title":"skips line items with no credits metadata","duration":0.0644999999999527,"failureMessages":[],"meta":{}},{"ancestorTitles":["StripeProvider","parseWebhookEvent"],"fullName":"StripeProvider parseWebhookEvent parses a subscription.created event","status":"passed","title":"parses a subscription.created event","duration":0.11508299999968585,"failureMessages":[],"meta":{}},{"ancestorTitles":["StripeProvider","parseWebhookEvent"],"fullName":"StripeProvider parseWebhookEvent parses an invoice.paid event","status":"passed","title":"parses an invoice.paid event","duration":0.08379100000001927,"failureMessages":[],"meta":{}},{"ancestorTitles":["StripeProvider","parseWebhookEvent"],"fullName":"StripeProvider parseWebhookEvent parses a checkout.session.completed event","status":"passed","title":"parses a checkout.session.completed event","duration":0.08045799999990777,"failureMessages":[],"meta":{}},{"ancestorTitles":["StripeProvider","parseWebhookEvent"],"fullName":"StripeProvider parseWebhookEvent parses a payment_method.attached event","status":"passed","title":"parses a payment_method.attached event","duration":0.0593749999998181,"failureMessages":[],"meta":{}},{"ancestorTitles":["StripeProvider","parseWebhookEvent"],"fullName":"StripeProvider parseWebhookEvent parses a payment_method.detached event","status":"passed","title":"parses a payment_method.detached event","duration":0.04445800000030431,"failureMessages":[],"meta":{}},{"ancestorTitles":["StripeProvider","parseWebhookEvent"],"fullName":"StripeProvider parseWebhookEvent parses a charge.dispute.created event","status":"passed","title":"parses a charge.dispute.created event","duration":0.0785409999998592,"failureMessages":[],"meta":{}},{"ancestorTitles":["StripeProvider","parseWebhookEvent"],"fullName":"StripeProvider parseWebhookEvent parses a charge.refunded event","status":"passed","title":"parses a charge.refunded event","duration":0.06258299999990413,"failureMessages":[],"meta":{}},{"ancestorTitles":["StripeProvider","parseWebhookEvent"],"fullName":"StripeProvider parseWebhookEvent maps unknown event type to 'unknown'","status":"passed","title":"maps unknown event type to 'unknown'","duration":0.042542000000139524,"failureMessages":[],"meta":{}},{"ancestorTitles":["StripeProvider","parseWebhookEvent"],"fullName":"StripeProvider parseWebhookEvent parses payment_method.automatically_updated as payment_method.updated","status":"passed","title":"parses payment_method.automatically_updated as payment_method.updated","duration":0.04470899999978428,"failureMessages":[],"meta":{}},{"ancestorTitles":["StripeProvider","parseWebhookEvent"],"fullName":"StripeProvider parseWebhookEvent parses invoice.payment_action_required event","status":"passed","title":"parses invoice.payment_action_required event","duration":0.06812500000023647,"failureMessages":[],"meta":{}},{"ancestorTitles":["StripeProvider","parseWebhookEvent"],"fullName":"StripeProvider parseWebhookEvent parses invoice.voided event","status":"passed","title":"parses invoice.voided event","duration":0.056458999999904336,"failureMessages":[],"meta":{}},{"ancestorTitles":["StripeProvider","parseWebhookEvent"],"fullName":"StripeProvider parseWebhookEvent parses invoice.finalized event","status":"passed","title":"parses invoice.finalized event","duration":0.04929199999969569,"failureMessages":[],"meta":{}},{"ancestorTitles":["StripeProvider","parseWebhookEvent"],"fullName":"StripeProvider parseWebhookEvent parses invoice.marked_uncollectible event","status":"passed","title":"parses invoice.marked_uncollectible event","duration":0.04904099999976097,"failureMessages":[],"meta":{}},{"ancestorTitles":["StripeProvider","parseWebhookEvent"],"fullName":"StripeProvider parseWebhookEvent parses charge.dispute.closed event","status":"passed","title":"parses charge.dispute.closed event","duration":0.05625000000009095,"failureMessages":[],"meta":{}},{"ancestorTitles":["StripeProvider","parseWebhookEvent"],"fullName":"StripeProvider parseWebhookEvent parses subscription.updated event","status":"passed","title":"parses subscription.updated event","duration":0.045750000000225555,"failureMessages":[],"meta":{}},{"ancestorTitles":["StripeProvider","parseWebhookEvent"],"fullName":"StripeProvider parseWebhookEvent parses subscription.deleted event","status":"passed","title":"parses subscription.deleted event","duration":0.05141700000012861,"failureMessages":[],"meta":{}},{"ancestorTitles":["StripeProvider","parseWebhookEvent"],"fullName":"StripeProvider parseWebhookEvent parses subscription.trial_will_end event","status":"passed","title":"parses subscription.trial_will_end event","duration":0.041040999999950145,"failureMessages":[],"meta":{}},{"ancestorTitles":["StripeProvider","parseWebhookEvent"],"fullName":"StripeProvider parseWebhookEvent parses invoice.created event","status":"passed","title":"parses invoice.created event","duration":0.04899999999997817,"failureMessages":[],"meta":{}},{"ancestorTitles":["StripeProvider","parseWebhookEvent"],"fullName":"StripeProvider parseWebhookEvent parses invoice.payment_failed event","status":"passed","title":"parses invoice.payment_failed event","duration":0.05541700000003402,"failureMessages":[],"meta":{}},{"ancestorTitles":["StripeProvider","getCheckoutSessionCreditPacks — product metadata branch"],"fullName":"StripeProvider getCheckoutSessionCreditPacks — product metadata branch extracts creditsPerUnit from product.metadata when price.metadata has no credits","status":"passed","title":"extracts creditsPerUnit from product.metadata when price.metadata has no credits","duration":0.07825000000002547,"failureMessages":[],"meta":{}}],"startTime":1781072005868,"endTime":1781072005876.0784,"status":"passed","message":"","name":"/Users/macanderson/oxagen-monorepo/packages/billing/src/stripe-provider.test.ts"},{"assertionResults":[{"ancestorTitles":["syncSubscriptionFromStripe"],"fullName":"syncSubscriptionFromStripe unknown plan (no DB plan row) — returns without inserting a subscription row","status":"passed","title":"unknown plan (no DB plan row) — returns without inserting a subscription row","duration":1.712833000000046,"failureMessages":[],"meta":{}},{"ancestorTitles":["syncSubscriptionFromStripe"],"fullName":"syncSubscriptionFromStripe no org_id metadata — returns without touching DB at all","status":"passed","title":"no org_id metadata — returns without touching DB at all","duration":0.24758299999984956,"failureMessages":[],"meta":{}},{"ancestorTitles":["syncSubscriptionFromStripe"],"fullName":"syncSubscriptionFromStripe known plan + org_id → upserts subscription row","status":"passed","title":"known plan + org_id → upserts subscription row","duration":0.2385839999997188,"failureMessages":[],"meta":{}},{"ancestorTitles":["syncSubscriptionFromStripe"],"fullName":"syncSubscriptionFromStripe provider-initiated cancellation (active → canceled) → emits billing.subscription_canceled","status":"passed","title":"provider-initiated cancellation (active → canceled) → emits billing.subscription_canceled","duration":0.26520799999980227,"failureMessages":[],"meta":{}},{"ancestorTitles":["syncSubscriptionFromStripe"],"fullName":"syncSubscriptionFromStripe repeated sync of an already-canceled subscription → does NOT re-emit","status":"passed","title":"repeated sync of an already-canceled subscription → does NOT re-emit","duration":0.1455829999999878,"failureMessages":[],"meta":{}}],"startTime":1781072010979,"endTime":1781072010982.2651,"status":"passed","message":"","name":"/Users/macanderson/oxagen-monorepo/packages/billing/src/subscriptions.test.ts"},{"assertionResults":[{"ancestorTitles":["resolveOrgTier"],"fullName":"resolveOrgTier returns the subscription plan tier when active subscription exists","status":"passed","title":"returns the subscription plan tier when active subscription exists","duration":1.0655420000002778,"failureMessages":[],"meta":{}},{"ancestorTitles":["resolveOrgTier"],"fullName":"resolveOrgTier falls back to org.planType when no active subscription","status":"passed","title":"falls back to org.planType when no active subscription","duration":0.2017919999998412,"failureMessages":[],"meta":{}},{"ancestorTitles":["resolveOrgTier"],"fullName":"resolveOrgTier returns 'free' when no subscription and no recognised planType","status":"passed","title":"returns 'free' when no subscription and no recognised planType","duration":0.12449999999989814,"failureMessages":[],"meta":{}},{"ancestorTitles":["resolveOrgTier"],"fullName":"resolveOrgTier returns 'free' when subscription has unknown tier and org has no planType","status":"passed","title":"returns 'free' when subscription has unknown tier and org has no planType","duration":0.11666700000023411,"failureMessages":[],"meta":{}},{"ancestorTitles":["resolveOrgTier"],"fullName":"resolveOrgTier returns 'enterprise' for enterprise subscription tier","status":"passed","title":"returns 'enterprise' for enterprise subscription tier","duration":0.1198340000000826,"failureMessages":[],"meta":{}},{"ancestorTitles":["resolveOrgTier"],"fullName":"resolveOrgTier subscription wins over org planType when both are valid","status":"passed","title":"subscription wins over org planType when both are valid","duration":0.11412500000005821,"failureMessages":[],"meta":{}}],"startTime":1781072011691,"endTime":1781072011693.1245,"status":"passed","message":"","name":"/Users/macanderson/oxagen-monorepo/packages/billing/src/tier.test.ts"},{"assertionResults":[{"ancestorTitles":["getCurrentPeriodUsage"],"fullName":"getCurrentPeriodUsage returns empty array when no active subscription exists","status":"passed","title":"returns empty array when no active subscription exists","duration":3.829666999999972,"failureMessages":[],"meta":{}},{"ancestorTitles":["getCurrentPeriodUsage"],"fullName":"getCurrentPeriodUsage calls sumTokenUsage with period bounds from active subscription","status":"passed","title":"calls sumTokenUsage with period bounds from active subscription","duration":6.4483329999998205,"failureMessages":[],"meta":{}},{"ancestorTitles":["getCurrentPeriodUsage"],"fullName":"getCurrentPeriodUsage returns the rollup rows from sumTokenUsage","status":"passed","title":"returns the rollup rows from sumTokenUsage","duration":0.19612499999993815,"failureMessages":[],"meta":{}},{"ancestorTitles":["getCurrentPeriodUsage"],"fullName":"getCurrentPeriodUsage passes the correct orgId to sumTokenUsage","status":"passed","title":"passes the correct orgId to sumTokenUsage","duration":48.99904199999992,"failureMessages":[],"meta":{}}],"startTime":1781072012487,"endTime":1781072012546.999,"status":"passed","message":"","name":"/Users/macanderson/oxagen-monorepo/packages/billing/src/usage.test.ts"},{"assertionResults":[{"ancestorTitles":["processStripeEvent"],"fullName":"processStripeEvent first receipt — inserts event, dispatches, writes processing row, returns 'applied'","status":"passed","title":"first receipt — inserts event, dispatches, writes processing row, returns 'applied'","duration":3.001792000000023,"failureMessages":[],"meta":{}},{"ancestorTitles":["processStripeEvent"],"fullName":"processStripeEvent already-processed duplicate — conflict + processed row → 'duplicate', no dispatch","status":"passed","title":"already-processed duplicate — conflict + processed row → 'duplicate', no dispatch","duration":0.38083300000016607,"failureMessages":[],"meta":{}},{"ancestorTitles":["processStripeEvent"],"fullName":"processStripeEvent retry after a failed dispatch — conflict + no processed row → re-dispatches → 'applied'","status":"passed","title":"retry after a failed dispatch — conflict + no processed row → re-dispatches → 'applied'","duration":0.2736249999998108,"failureMessages":[],"meta":{}},{"ancestorTitles":["processStripeEvent"],"fullName":"processStripeEvent invoice.paid event dispatches syncInvoiceFromStripe + dunning recovery","status":"passed","title":"invoice.paid event dispatches syncInvoiceFromStripe + dunning recovery","duration":0.4339169999993828,"failureMessages":[],"meta":{}},{"ancestorTitles":["processStripeEvent"],"fullName":"processStripeEvent invoice.payment_failed dispatches syncInvoiceFromStripe + dunning entry","status":"passed","title":"invoice.payment_failed dispatches syncInvoiceFromStripe + dunning entry","duration":0.24033299999973678,"failureMessages":[],"meta":{}},{"ancestorTitles":["processStripeEvent"],"fullName":"processStripeEvent subscription.trial_will_end syncs subscription and returns 'applied'","status":"passed","title":"subscription.trial_will_end syncs subscription and returns 'applied'","duration":0.2680000000000291,"failureMessages":[],"meta":{}},{"ancestorTitles":["processStripeEvent"],"fullName":"processStripeEvent invoice.voided syncs invoice","status":"passed","title":"invoice.voided syncs invoice","duration":0.19558299999971496,"failureMessages":[],"meta":{}},{"ancestorTitles":["processStripeEvent"],"fullName":"processStripeEvent invoice.finalized syncs invoice","status":"passed","title":"invoice.finalized syncs invoice","duration":0.18845799999962765,"failureMessages":[],"meta":{}},{"ancestorTitles":["processStripeEvent"],"fullName":"processStripeEvent invoice.payment_action_required syncs invoice (SCA needed)","status":"passed","title":"invoice.payment_action_required syncs invoice (SCA needed)","duration":0.18687500000032742,"failureMessages":[],"meta":{}},{"ancestorTitles":["processStripeEvent"],"fullName":"processStripeEvent payment_method.updated upserts the payment method","status":"passed","title":"payment_method.updated upserts the payment method","duration":0.29275000000052387,"failureMessages":[],"meta":{}},{"ancestorTitles":["processStripeEvent"],"fullName":"processStripeEvent dispute.created dispatches onDisputeCreated","status":"passed","title":"dispute.created dispatches onDisputeCreated","duration":0.19000000000050932,"failureMessages":[],"meta":{}},{"ancestorTitles":["processStripeEvent"],"fullName":"processStripeEvent dispute.closed dispatches onDisputeClosed","status":"passed","title":"dispute.closed dispatches onDisputeClosed","duration":0.15595899999971152,"failureMessages":[],"meta":{}},{"ancestorTitles":["processStripeEvent"],"fullName":"processStripeEvent charge.refunded dispatches onChargeRefunded","status":"passed","title":"charge.refunded dispatches onChargeRefunded","duration":0.16045800000028976,"failureMessages":[],"meta":{}},{"ancestorTitles":["processStripeEvent"],"fullName":"processStripeEvent checkout.session.completed — dispatches grantCreditPackForCheckout","status":"passed","title":"checkout.session.completed — dispatches grantCreditPackForCheckout","duration":0.13320799999928568,"failureMessages":[],"meta":{}},{"ancestorTitles":["processStripeEvent"],"fullName":"processStripeEvent checkout.session.completed — no-ops when checkoutSession is missing","status":"passed","title":"checkout.session.completed — no-ops when checkoutSession is missing","duration":2.711250000000291,"failureMessages":[],"meta":{}},{"ancestorTitles":["processStripeEvent"],"fullName":"processStripeEvent payment_method.detached — updates the payment method with deletedAt","status":"passed","title":"payment_method.detached — updates the payment method with deletedAt","duration":0.24024999999983265,"failureMessages":[],"meta":{}},{"ancestorTitles":["processStripeEvent"],"fullName":"processStripeEvent payment_method.attached — upserts payment method when subscription exists","status":"passed","title":"payment_method.attached — upserts payment method when subscription exists","duration":0.16049999999995634,"failureMessages":[],"meta":{}},{"ancestorTitles":["processStripeEvent"],"fullName":"processStripeEvent unhandled event type — event is stored but no dispatcher is invoked, returns 'applied'","status":"passed","title":"unhandled event type — event is stored but no dispatcher is invoked, returns 'applied'","duration":0.6012080000000424,"failureMessages":[],"meta":{}}],"startTime":1781072008904,"endTime":1781072008914.6013,"status":"passed","message":"","name":"/Users/macanderson/oxagen-monorepo/packages/billing/src/webhooks.test.ts"}]}
@oxagen/handlers:test:unit: {"level":40,"time":1781072014432,"app":"handlers","err":{"type":"Error","message":"Model unavailable","stack":"Error: Model unavailable\n    at /Users/macanderson/oxagen-monorepo/packages/handlers/src/svg.generate.test.ts:85:51\n    at file:///Users/macanderson/oxagen-monorepo/node_modules/@vitest/runner/dist/index.js:146:14\n    at file:///Users/macanderson/oxagen-monorepo/node_modules/@vitest/runner/dist/index.js:533:11\n    at runWithTimeout (file:///Users/macanderson/oxagen-monorepo/node_modules/@vitest/runner/dist/index.js:39:7)\n    at runTest (file:///Users/macanderson/oxagen-monorepo/node_modules/@vitest/runner/dist/index.js:1056:17)\n    at processTicksAndRejections (node:internal/process/task_queues:104:5)\n    at runSuite (file:///Users/macanderson/oxagen-monorepo/node_modules/@vitest/runner/dist/index.js:1205:15)\n    at runSuite (file:///Users/macanderson/oxagen-monorepo/node_modules/@vitest/runner/dist/index.js:1205:15)\n    at runFiles (file:///Users/macanderson/oxagen-monorepo/node_modules/@vitest/runner/dist/index.js:1262:5)\n    at startTests (file:///Users/macanderson/oxagen-monorepo/node_modules/@vitest/runner/dist/index.js:1271:3)"},"orgId":"org_1","workspaceId":"ws_1","prompt":"A mountain","msg":"svg.generate: model error — returning placeholder SVG"}
@oxagen/agent:test:unit: {"level":40,"time":1781072015378,"app":"agent.mcp-client","endpointUrl":"https://example.test/mcp","err":{"type":"Error","message":"boom","stack":"Error: boom\n    at Object.<anonymous> (/Users/macanderson/oxagen-monorepo/packages/agent/src/dispatch/mcp-client.test.ts:103:13)\n    at Object.mockCall (file:///Users/macanderson/oxagen-monorepo/node_modules/@vitest/spy/dist/index.js:61:17)\n    at Object.spy [as connect] (file:///Users/macanderson/oxagen-monorepo/node_modules/tinyspy/dist/index.js:45:80)\n    at connectMcp (/Users/macanderson/oxagen-monorepo/packages/agent/src/dispatch/mcp-client.ts:38:16)\n    at Module.healthcheck (/Users/macanderson/oxagen-monorepo/packages/agent/src/dispatch/mcp-client.ts:75:26)\n    at /Users/macanderson/oxagen-monorepo/packages/agent/src/dispatch/mcp-client.test.ts:105:23\n    at file:///Users/macanderson/oxagen-monorepo/node_modules/@vitest/runner/dist/index.js:146:14\n    at file:///Users/macanderson/oxagen-monorepo/node_modules/@vitest/runner/dist/index.js:533:11\n    at runWithTimeout (file:///Users/macanderson/oxagen-monorepo/node_modules/@vitest/runner/dist/index.js:39:7)\n    at runTest (file:///Users/macanderson/oxagen-monorepo/node_modules/@vitest/runner/dist/index.js:1056:17)"},"msg":"MCP healthcheck failed; marking unreachable"}
@oxagen/handlers:test:unit: {"level":50,"time":1781072015628,"app":"handlers","err":{"type":"Error","message":"workspace insert returned no row","stack":"Error: workspace insert returned no row\n    at /Users/macanderson/oxagen-monorepo/packages/handlers/src/workspace.create.ts:71:22\n    at processTicksAndRejections (node:internal/process/task_queues:104:5)"},"orgId":"org_1","msg":"workspace.create: transaction failed"}
@oxagen/handlers:test:unit: {"level":40,"time":1781072015842,"app":"handlers","assetId":"gen_T1","surface":"api","err":{"type":"Error","message":"clickhouse down","stack":"Error: clickhouse down\n    at /Users/macanderson/oxagen-monorepo/packages/handlers/src/generated-asset.serve.test.ts:207:42\n    at file:///Users/macanderson/oxagen-monorepo/node_modules/@vitest/runner/dist/index.js:146:14\n    at file:///Users/macanderson/oxagen-monorepo/node_modules/@vitest/runner/dist/index.js:533:11\n    at runWithTimeout (file:///Users/macanderson/oxagen-monorepo/node_modules/@vitest/runner/dist/index.js:39:7)\n    at runTest (file:///Users/macanderson/oxagen-monorepo/node_modules/@vitest/runner/dist/index.js:1056:17)\n    at processTicksAndRejections (node:internal/process/task_queues:104:5)\n    at runSuite (file:///Users/macanderson/oxagen-monorepo/node_modules/@vitest/runner/dist/index.js:1205:15)\n    at runSuite (file:///Users/macanderson/oxagen-monorepo/node_modules/@vitest/runner/dist/index.js:1205:15)\n    at runFiles (file:///Users/macanderson/oxagen-monorepo/node_modules/@vitest/runner/dist/index.js:1262:5)\n    at startTests (file:///Users/macanderson/oxagen-monorepo/node_modules/@vitest/runner/dist/index.js:1271:3)"},"msg":"asset.serve: telemetry insert failed (non-fatal)"}
@oxagen/ingestion:test:unit: {"numTotalTestSuites":87,"numPassedTestSuites":87,"numFailedTestSuites":0,"numPendingTestSuites":0,"numTotalTests":206,"numPassedTests":206,"numFailedTests":0,"numPendingTests":0,"numTodoTests":0,"snapshot":{"added":0,"failure":false,"filesAdded":0,"filesRemoved":0,"filesRemovedList":[],"filesUnmatched":0,"filesUpdated":0,"matched":0,"total":0,"unchecked":0,"uncheckedKeysByFile":[],"unmatched":0,"updated":0,"didUpdate":false},"startTime":1781072008046,"success":true,"testResults":[{"assertionResults":[{"ancestorTitles":["runPipeline"],"fullName":"runPipeline returns null when no entity type mapping is configured","status":"passed","title":"returns null when no entity type mapping is configured","duration":1.2939160000000811,"failureMessages":[],"meta":{}},{"ancestorTitles":["runPipeline"],"fullName":"runPipeline runs all stages and returns a PipelineResult","status":"passed","title":"runs all stages and returns a PipelineResult","duration":0.269416000000092,"failureMessages":[],"meta":{}},{"ancestorTitles":["runPipeline"],"fullName":"runPipeline calls resolveEntity with the correct entityMutation","status":"passed","title":"calls resolveEntity with the correct entityMutation","duration":1.635082999999895,"failureMessages":[],"meta":{}},{"ancestorTitles":["runPipeline"],"fullName":"runPipeline calls embedEntity with the resolved principal node ID","status":"passed","title":"calls embedEntity with the resolved principal node ID","duration":0.21275000000014188,"failureMessages":[],"meta":{}},{"ancestorTitles":["runPipeline"],"fullName":"runPipeline calls scheduleInference with the principal node ID","status":"passed","title":"calls scheduleInference with the principal node ID","duration":0.20524999999997817,"failureMessages":[],"meta":{}},{"ancestorTitles":["runPipeline"],"fullName":"runPipeline applies propertyMappings to rename source fields","status":"passed","title":"applies propertyMappings to rename source fields","duration":0.12245899999993526,"failureMessages":[],"meta":{}},{"ancestorTitles":["runPipeline"],"fullName":"runPipeline preserves sourceRecordType on the mutation","status":"passed","title":"preserves sourceRecordType on the mutation","duration":0.08237499999995634,"failureMessages":[],"meta":{}},{"ancestorTitles":["runPipeline"],"fullName":"runPipeline throws when the connector is not registered","status":"passed","title":"throws when the connector is not registered","duration":0.5224580000001424,"failureMessages":[],"meta":{}}],"startTime":1781072010025,"endTime":1781072010029.5225,"status":"passed","message":"","name":"/Users/macanderson/oxagen-monorepo/packages/ingestion/src/pipeline.test.ts"},{"assertionResults":[{"ancestorTitles":["runPipeline — full 6-stage integration"],"fullName":"runPipeline — full 6-stage integration returns null when getMapping returns null (record type not configured)","status":"passed","title":"returns null when getMapping returns null (record type not configured)","duration":40.570666000000074,"failureMessages":[],"meta":{}},{"ancestorTitles":["runPipeline — full 6-stage integration"],"fullName":"runPipeline — full 6-stage integration all 6 stages run without throwing for a well-formed github event","status":"passed","title":"all 6 stages run without throwing for a well-formed github event","duration":0.8142499999999018,"failureMessages":[],"meta":{}},{"ancestorTitles":["runPipeline — full 6-stage integration"],"fullName":"runPipeline — full 6-stage integration returns a complete PipelineResult with all required fields","status":"passed","title":"returns a complete PipelineResult with all required fields","duration":0.31516599999986283,"failureMessages":[],"meta":{}},{"ancestorTitles":["runPipeline — full 6-stage integration"],"fullName":"runPipeline — full 6-stage integration upsertEntityNode is called with correct MERGE params","status":"passed","title":"upsertEntityNode is called with correct MERGE params","duration":0.31475000000000364,"failureMessages":[],"meta":{}},{"ancestorTitles":["runPipeline — full 6-stage integration"],"fullName":"runPipeline — full 6-stage integration embedText is called with the correct surface telemetry","status":"passed","title":"embedText is called with the correct surface telemetry","duration":0.25683299999991505,"failureMessages":[],"meta":{}},{"ancestorTitles":["runPipeline — full 6-stage integration"],"fullName":"runPipeline — full 6-stage integration scheduleInference is called with the principal node ID + entity type","status":"passed","title":"scheduleInference is called with the principal node ID + entity type","duration":0.21370900000010806,"failureMessages":[],"meta":{}},{"ancestorTitles":["runPipeline — full 6-stage integration"],"fullName":"runPipeline — full 6-stage integration applies property mappings — renames source field to canonical name","status":"passed","title":"applies property mappings — renames source field to canonical name","duration":0.1930409999999938,"failureMessages":[],"meta":{}},{"ancestorTitles":["runPipeline — full 6-stage integration"],"fullName":"runPipeline — full 6-stage integration dedup Pass A: when naturalKey already exists, skips Pass B and returns updated_principal","status":"passed","title":"dedup Pass A: when naturalKey already exists, skips Pass B and returns updated_principal","duration":0.20304200000009587,"failureMessages":[],"meta":{}},{"ancestorTitles":["runPipeline — full 6-stage integration"],"fullName":"runPipeline — full 6-stage integration throws when connector is not registered","status":"passed","title":"throws when connector is not registered","duration":21.328333999999813,"failureMessages":[],"meta":{}}],"startTime":1781072010211,"endTime":1781072010275.3284,"status":"passed","message":"","name":"/Users/macanderson/oxagen-monorepo/packages/ingestion/src/__tests__/pipeline-integration.test.ts"},{"assertionResults":[{"ancestorTitles":["fuzzyNameScore"],"fullName":"fuzzyNameScore returns 1.0 for identical names","status":"passed","title":"returns 1.0 for identical names","duration":0.7011249999995925,"failureMessages":[],"meta":{}},{"ancestorTitles":["fuzzyNameScore"],"fullName":"fuzzyNameScore returns 1.0 for case-insensitive matches","status":"passed","title":"returns 1.0 for case-insensitive matches","duration":0.07937499999934516,"failureMessages":[],"meta":{}},{"ancestorTitles":["fuzzyNameScore"],"fullName":"fuzzyNameScore returns 1.0 for identical after stripping punctuation","status":"passed","title":"returns 1.0 for identical after stripping punctuation","duration":0.06345800000053714,"failureMessages":[],"meta":{}},{"ancestorTitles":["fuzzyNameScore"],"fullName":"fuzzyNameScore returns < 0.3 for very different names","status":"passed","title":"returns < 0.3 for very different names","duration":0.17329199999949196,"failureMessages":[],"meta":{}},{"ancestorTitles":["fuzzyNameScore"],"fullName":"fuzzyNameScore returns between 0.5 and 0.9 for partial overlap","status":"passed","title":"returns between 0.5 and 0.9 for partial overlap","duration":0.12699999999858846,"failureMessages":[],"meta":{}},{"ancestorTitles":["fuzzyNameScore"],"fullName":"fuzzyNameScore returns 1.0 for empty strings","status":"passed","title":"returns 1.0 for empty strings","duration":0.0608749999992142,"failureMessages":[],"meta":{}},{"ancestorTitles":["fuzzyNameScore"],"fullName":"fuzzyNameScore returns 0 or low for completely different single chars","status":"passed","title":"returns 0 or low for completely different single chars","duration":0.06062500000007276,"failureMessages":[],"meta":{}},{"ancestorTitles":["scoreCandidate"],"fullName":"scoreCandidate scores embedding similarity at 0.4 weight when no property match","status":"passed","title":"scores embedding similarity at 0.4 weight when no property match","duration":0.22637499999837019,"failureMessages":[],"meta":{}},{"ancestorTitles":["scoreCandidate"],"fullName":"scoreCandidate adds 0.4 for exact email match","status":"passed","title":"adds 0.4 for exact email match","duration":0.12058400000023539,"failureMessages":[],"meta":{}},{"ancestorTitles":["scoreCandidate"],"fullName":"scoreCandidate email match is case-insensitive","status":"passed","title":"email match is case-insensitive","duration":0.1818330000005517,"failureMessages":[],"meta":{}},{"ancestorTitles":["scoreCandidate"],"fullName":"scoreCandidate adds 0.4 for exact URL match when no email matches","status":"passed","title":"adds 0.4 for exact URL match when no email matches","duration":0.10541600000033213,"failureMessages":[],"meta":{}},{"ancestorTitles":["scoreCandidate"],"fullName":"scoreCandidate does not double-count email + URL bonus","status":"passed","title":"does not double-count email + URL bonus","duration":0.059541999999055406,"failureMessages":[],"meta":{}},{"ancestorTitles":["scoreCandidate"],"fullName":"scoreCandidate adds fuzzy name similarity at 0.2 weight","status":"passed","title":"adds fuzzy name similarity at 0.2 weight","duration":0.053167000000030384,"failureMessages":[],"meta":{}},{"ancestorTitles":["scoreCandidate"],"fullName":"scoreCandidate combines all three signals","status":"passed","title":"combines all three signals","duration":0.061625000000276486,"failureMessages":[],"meta":{}},{"ancestorTitles":["scoreCandidate"],"fullName":"scoreCandidate caps at 1.0","status":"passed","title":"caps at 1.0","duration":0.05587500000001455,"failureMessages":[],"meta":{}}],"startTime":1781072016719,"endTime":1781072016721.1055,"status":"passed","message":"","name":"/Users/macanderson/oxagen-monorepo/packages/ingestion/src/dedup/scoring.test.ts"},{"assertionResults":[{"ancestorTitles":["renderEntityText"],"fullName":"renderEntityText produces entityType + displayName + key:value fields","status":"passed","title":"produces entityType + displayName + key:value fields","duration":1.5422910000006596,"failureMessages":[],"meta":{}},{"ancestorTitles":["renderEntityText"],"fullName":"renderEntityText includes boolean properties","status":"passed","title":"includes boolean properties","duration":0.10958399999981339,"failureMessages":[],"meta":{}},{"ancestorTitles":["renderEntityText"],"fullName":"renderEntityText omits null and undefined properties","status":"passed","title":"omits null and undefined properties","duration":0.2924159999993208,"failureMessages":[],"meta":{}},{"ancestorTitles":["renderEntityText"],"fullName":"renderEntityText omits array properties (non-primitive)","status":"passed","title":"omits array properties (non-primitive)","duration":0.10587500000019645,"failureMessages":[],"meta":{}},{"ancestorTitles":["renderEntityText"],"fullName":"renderEntityText omits nested object properties","status":"passed","title":"omits nested object properties","duration":0.08241699999962293,"failureMessages":[],"meta":{}},{"ancestorTitles":["renderEntityText"],"fullName":"renderEntityText works without a displayName","status":"passed","title":"works without a displayName","duration":0.08008400000016991,"failureMessages":[],"meta":{}},{"ancestorTitles":["renderEntityText"],"fullName":"renderEntityText works with empty properties","status":"passed","title":"works with empty properties","duration":0.05766700000003766,"failureMessages":[],"meta":{}},{"ancestorTitles":["renderEntityText"],"fullName":"renderEntityText produces a non-empty string for minimal input","status":"passed","title":"produces a non-empty string for minimal input","duration":0.07295799999974406,"failureMessages":[],"meta":{}}],"startTime":1781072016855,"endTime":1781072016858.0825,"status":"passed","message":"","name":"/Users/macanderson/oxagen-monorepo/packages/ingestion/src/embed/render.test.ts"},{"assertionResults":[{"ancestorTitles":["custom-sql connector – normalizeRecord"],"fullName":"custom-sql connector – normalizeRecord maps a row with id and name columns","status":"passed","title":"maps a row with id and name columns","duration":0.557207999999946,"failureMessages":[],"meta":{}},{"ancestorTitles":["custom-sql connector – normalizeRecord"],"fullName":"custom-sql connector – normalizeRecord uses title as displayName when name is absent","status":"passed","title":"uses title as displayName when name is absent","duration":0.06995800000004238,"failureMessages":[],"meta":{}},{"ancestorTitles":["custom-sql connector – normalizeRecord"],"fullName":"custom-sql connector – normalizeRecord uses display_name as displayName fallback","status":"passed","title":"uses display_name as displayName fallback","duration":0.05945799999994961,"failureMessages":[],"meta":{}},{"ancestorTitles":["custom-sql connector – normalizeRecord"],"fullName":"custom-sql connector – normalizeRecord uses subject as displayName fallback","status":"passed","title":"uses subject as displayName fallback","duration":0.04837500000007822,"failureMessages":[],"meta":{}},{"ancestorTitles":["custom-sql connector – normalizeRecord"],"fullName":"custom-sql connector – normalizeRecord uses _id as fallback externalId","status":"passed","title":"uses _id as fallback externalId","duration":0.04020800000012059,"failureMessages":[],"meta":{}},{"ancestorTitles":["custom-sql connector – normalizeRecord"],"fullName":"custom-sql connector – normalizeRecord uses pk as last fallback externalId","status":"passed","title":"uses pk as last fallback externalId","duration":0.052541999999903055,"failureMessages":[],"meta":{}},{"ancestorTitles":["custom-sql connector – normalizeRecord"],"fullName":"custom-sql connector – normalizeRecord returns empty externalId when no id column exists","status":"passed","title":"returns empty externalId when no id column exists","duration":0.046749999999974534,"failureMessages":[],"meta":{}},{"ancestorTitles":["custom-sql connector – normalizeRecord"],"fullName":"custom-sql connector – normalizeRecord passes through all row columns as properties","status":"passed","title":"passes through all row columns as properties","duration":0.06141600000000835,"failureMessages":[],"meta":{}},{"ancestorTitles":["custom-webhook connector – normalizeRecord"],"fullName":"custom-webhook connector – normalizeRecord maps an event with id and name","status":"passed","title":"maps an event with id and name","duration":0.09729200000015226,"failureMessages":[],"meta":{}},{"ancestorTitles":["custom-webhook connector – normalizeRecord"],"fullName":"custom-webhook connector – normalizeRecord uses title as displayName fallback","status":"passed","title":"uses title as displayName fallback","duration":0.0470420000001468,"failureMessages":[],"meta":{}},{"ancestorTitles":["custom-webhook connector – normalizeRecord"],"fullName":"custom-webhook connector – normalizeRecord falls back to sourceRecordType:unknown when no id","status":"passed","title":"falls back to sourceRecordType:unknown when no id","duration":0.03587500000003274,"failureMessages":[],"meta":{}},{"ancestorTitles":["custom-webhook connector – normalizeRecord"],"fullName":"custom-webhook connector – normalizeRecord uses _id as fallback externalId","status":"passed","title":"uses _id as fallback externalId","duration":0.035959000000048036,"failureMessages":[],"meta":{}},{"ancestorTitles":["custom-webhook connector – normalizeRecord"],"fullName":"custom-webhook connector – normalizeRecord uses externalId field as fallback","status":"passed","title":"uses externalId field as fallback","duration":0.06120899999996254,"failureMessages":[],"meta":{}},{"ancestorTitles":["custom-webhook connector – verifyWebhook"],"fullName":"custom-webhook connector – verifyWebhook allows all requests when no secret is configured (null)","status":"passed","title":"allows all requests when no secret is configured (null)","duration":0.048959000000195374,"failureMessages":[],"meta":{}},{"ancestorTitles":["custom-webhook connector – verifyWebhook"],"fullName":"custom-webhook connector – verifyWebhook accepts valid HMAC on x-signature header","status":"passed","title":"accepts valid HMAC on x-signature header","duration":0.24062499999990905,"failureMessages":[],"meta":{}},{"ancestorTitles":["custom-webhook connector – verifyWebhook"],"fullName":"custom-webhook connector – verifyWebhook accepts valid HMAC on x-webhook-signature header","status":"passed","title":"accepts valid HMAC on x-webhook-signature header","duration":0.060292000000117696,"failureMessages":[],"meta":{}},{"ancestorTitles":["custom-webhook connector – verifyWebhook"],"fullName":"custom-webhook connector – verifyWebhook accepts valid HMAC on x-hub-signature-256 header","status":"passed","title":"accepts valid HMAC on x-hub-signature-256 header","duration":0.046333000000004176,"failureMessages":[],"meta":{}},{"ancestorTitles":["custom-webhook connector – verifyWebhook"],"fullName":"custom-webhook connector – verifyWebhook rejects wrong HMAC","status":"passed","title":"rejects wrong HMAC","duration":0.043292000000064945,"failureMessages":[],"meta":{}},{"ancestorTitles":["custom-webhook connector – verifyWebhook"],"fullName":"custom-webhook connector – verifyWebhook rejects missing signature header when secret is set","status":"passed","title":"rejects missing signature header when secret is set","duration":0.035791999999901236,"failureMessages":[],"meta":{}}],"startTime":1781072010048,"endTime":1781072010050.2407,"status":"passed","message":"","name":"/Users/macanderson/oxagen-monorepo/packages/ingestion/src/connectors/__tests__/custom.test.ts"},{"assertionResults":[{"ancestorTitles":["github connector – previewRecordTypes"],"fullName":"github connector – previewRecordTypes returns an array of RecordTypeSample with the correct shape","status":"passed","title":"returns an array of RecordTypeSample with the correct shape","duration":1.1762080000000878,"failureMessages":[],"meta":{}},{"ancestorTitles":["github connector – previewRecordTypes"],"fullName":"github connector – previewRecordTypes includes pull_request, issue, commit, repository, release, source record types","status":"passed","title":"includes pull_request, issue, commit, repository, release, source record types","duration":0.4740830000000642,"failureMessages":[],"meta":{}},{"ancestorTitles":["github connector – previewRecordTypes"],"fullName":"github connector – previewRecordTypes pull_request has correct fieldSchema keys","status":"passed","title":"pull_request has correct fieldSchema keys","duration":0.1092909999999847,"failureMessages":[],"meta":{}},{"ancestorTitles":["github connector – normalizeRecord","pull_request"],"fullName":"github connector – normalizeRecord pull_request maps a realistic PR payload","status":"passed","title":"maps a realistic PR payload","duration":0.3988329999999678,"failureMessages":[],"meta":{}},{"ancestorTitles":["github connector – normalizeRecord","pull_request"],"fullName":"github connector – normalizeRecord pull_request handles empty object gracefully","status":"passed","title":"handles empty object gracefully","duration":0.06633299999998599,"failureMessages":[],"meta":{}},{"ancestorTitles":["github connector – normalizeRecord","issue"],"fullName":"github connector – normalizeRecord issue maps a realistic issue payload","status":"passed","title":"maps a realistic issue payload","duration":0.12941599999999198,"failureMessages":[],"meta":{}},{"ancestorTitles":["github connector – normalizeRecord","issue"],"fullName":"github connector – normalizeRecord issue handles empty object gracefully","status":"passed","title":"handles empty object gracefully","duration":0.054082999999991443,"failureMessages":[],"meta":{}},{"ancestorTitles":["github connector – normalizeRecord","commit"],"fullName":"github connector – normalizeRecord commit maps a commit payload","status":"passed","title":"maps a commit payload","duration":0.08825000000001637,"failureMessages":[],"meta":{}},{"ancestorTitles":["github connector – normalizeRecord","commit"],"fullName":"github connector – normalizeRecord commit handles empty object gracefully","status":"passed","title":"handles empty object gracefully","duration":0.048292000000174085,"failureMessages":[],"meta":{}},{"ancestorTitles":["github connector – normalizeRecord","repository"],"fullName":"github connector – normalizeRecord repository maps a repository payload","status":"passed","title":"maps a repository payload","duration":0.11349999999993088,"failureMessages":[],"meta":{}},{"ancestorTitles":["github connector – normalizeRecord","release"],"fullName":"github connector – normalizeRecord release maps a release payload","status":"passed","title":"maps a release payload","duration":0.08679200000005949,"failureMessages":[],"meta":{}},{"ancestorTitles":["github connector – normalizeRecord","comment"],"fullName":"github connector – normalizeRecord comment maps a comment payload","status":"passed","title":"maps a comment payload","duration":0.056916999999884865,"failureMessages":[],"meta":{}},{"ancestorTitles":["github connector – normalizeRecord"],"fullName":"github connector – normalizeRecord throws on unknown sourceRecordType","status":"passed","title":"throws on unknown sourceRecordType","duration":0.27854099999990467,"failureMessages":[],"meta":{}},{"ancestorTitles":["github connector – verifyWebhook"],"fullName":"github connector – verifyWebhook accepts a valid HMAC-SHA256 signature","status":"passed","title":"accepts a valid HMAC-SHA256 signature","duration":0.23762499999998,"failureMessages":[],"meta":{}},{"ancestorTitles":["github connector – verifyWebhook"],"fullName":"github connector – verifyWebhook rejects a wrong secret","status":"passed","title":"rejects a wrong secret","duration":0.06258299999990413,"failureMessages":[],"meta":{}},{"ancestorTitles":["github connector – verifyWebhook"],"fullName":"github connector – verifyWebhook rejects missing signature header","status":"passed","title":"rejects missing signature header","duration":0.039249999999810825,"failureMessages":[],"meta":{}},{"ancestorTitles":["github connector – verifyWebhook"],"fullName":"github connector – verifyWebhook rejects null secret","status":"passed","title":"rejects null secret","duration":0.044458000000076936,"failureMessages":[],"meta":{}}],"startTime":1781072009842,"endTime":1781072009846.2375,"status":"passed","message":"","name":"/Users/macanderson/oxagen-monorepo/packages/ingestion/src/connectors/__tests__/github.test.ts"},{"assertionResults":[{"ancestorTitles":["google-drive – normalizeRecord"],"fullName":"google-drive – normalizeRecord maps a file payload","status":"passed","title":"maps a file payload","duration":1.1995420000002923,"failureMessages":[],"meta":{}},{"ancestorTitles":["google-drive – normalizeRecord"],"fullName":"google-drive – normalizeRecord handles empty file gracefully","status":"passed","title":"handles empty file gracefully","duration":0.11416700000017954,"failureMessages":[],"meta":{}},{"ancestorTitles":["google-drive – normalizeRecord"],"fullName":"google-drive – normalizeRecord maps a folder payload","status":"passed","title":"maps a folder payload","duration":0.2992500000000291,"failureMessages":[],"meta":{}},{"ancestorTitles":["google-drive – normalizeRecord"],"fullName":"google-drive – normalizeRecord throws on unknown sourceRecordType","status":"passed","title":"throws on unknown sourceRecordType","duration":0.8143749999999272,"failureMessages":[],"meta":{}},{"ancestorTitles":["google-calendar – normalizeRecord"],"fullName":"google-calendar – normalizeRecord maps an event payload","status":"passed","title":"maps an event payload","duration":0.21649999999999636,"failureMessages":[],"meta":{}},{"ancestorTitles":["google-calendar – normalizeRecord"],"fullName":"google-calendar – normalizeRecord falls back to date when dateTime is absent","status":"passed","title":"falls back to date when dateTime is absent","duration":0.07733399999960966,"failureMessages":[],"meta":{}},{"ancestorTitles":["google-calendar – normalizeRecord"],"fullName":"google-calendar – normalizeRecord handles empty event gracefully","status":"passed","title":"handles empty event gracefully","duration":0.0652500000001055,"failureMessages":[],"meta":{}},{"ancestorTitles":["google-calendar – normalizeRecord"],"fullName":"google-calendar – normalizeRecord throws on unknown sourceRecordType","status":"passed","title":"throws on unknown sourceRecordType","duration":0.09287500000027649,"failureMessages":[],"meta":{}},{"ancestorTitles":["google-gmail – normalizeRecord"],"fullName":"google-gmail – normalizeRecord maps a message payload with headers","status":"passed","title":"maps a message payload with headers","duration":0.18904099999963364,"failureMessages":[],"meta":{}},{"ancestorTitles":["google-gmail – normalizeRecord"],"fullName":"google-gmail – normalizeRecord handles empty message gracefully","status":"passed","title":"handles empty message gracefully","duration":0.05558400000018082,"failureMessages":[],"meta":{}},{"ancestorTitles":["google-gmail – normalizeRecord"],"fullName":"google-gmail – normalizeRecord maps a thread payload","status":"passed","title":"maps a thread payload","duration":0.08229199999959746,"failureMessages":[],"meta":{}},{"ancestorTitles":["google-gmail – normalizeRecord"],"fullName":"google-gmail – normalizeRecord throws on unknown sourceRecordType","status":"passed","title":"throws on unknown sourceRecordType","duration":0.07608299999992596,"failureMessages":[],"meta":{}},{"ancestorTitles":["google-contacts – normalizeRecord"],"fullName":"google-contacts – normalizeRecord maps a person payload","status":"passed","title":"maps a person payload","duration":0.14249999999992724,"failureMessages":[],"meta":{}},{"ancestorTitles":["google-contacts – normalizeRecord"],"fullName":"google-contacts – normalizeRecord handles empty person gracefully (sparse arrays)","status":"passed","title":"handles empty person gracefully (sparse arrays)","duration":0.049624999999650754,"failureMessages":[],"meta":{}},{"ancestorTitles":["google-contacts – normalizeRecord"],"fullName":"google-contacts – normalizeRecord throws on unknown sourceRecordType","status":"passed","title":"throws on unknown sourceRecordType","duration":3.2619999999997162,"failureMessages":[],"meta":{}},{"ancestorTitles":["google-meet – normalizeRecord"],"fullName":"google-meet – normalizeRecord maps a conference_record payload","status":"passed","title":"maps a conference_record payload","duration":0.16412499999978536,"failureMessages":[],"meta":{}},{"ancestorTitles":["google-meet – normalizeRecord"],"fullName":"google-meet – normalizeRecord maps a participant payload","status":"passed","title":"maps a participant payload","duration":0.2114169999999831,"failureMessages":[],"meta":{}},{"ancestorTitles":["google-meet – normalizeRecord"],"fullName":"google-meet – normalizeRecord handles empty conference_record gracefully","status":"passed","title":"handles empty conference_record gracefully","duration":0.22916600000007747,"failureMessages":[],"meta":{}},{"ancestorTitles":["google-meet – normalizeRecord"],"fullName":"google-meet – normalizeRecord throws on unknown sourceRecordType","status":"passed","title":"throws on unknown sourceRecordType","duration":3.4163750000002437,"failureMessages":[],"meta":{}},{"ancestorTitles":["google-tasks – normalizeRecord"],"fullName":"google-tasks – normalizeRecord maps a task payload","status":"passed","title":"maps a task payload","duration":0.13854200000014316,"failureMessages":[],"meta":{}},{"ancestorTitles":["google-tasks – normalizeRecord"],"fullName":"google-tasks – normalizeRecord handles empty task gracefully","status":"passed","title":"handles empty task gracefully","duration":0.037207999999736785,"failureMessages":[],"meta":{}},{"ancestorTitles":["google-tasks – normalizeRecord"],"fullName":"google-tasks – normalizeRecord maps a task_list payload","status":"passed","title":"maps a task_list payload","duration":0.050499999999829015,"failureMessages":[],"meta":{}},{"ancestorTitles":["google-tasks – normalizeRecord"],"fullName":"google-tasks – normalizeRecord throws on unknown sourceRecordType","status":"passed","title":"throws on unknown sourceRecordType","duration":0.06716699999969933,"failureMessages":[],"meta":{}},{"ancestorTitles":["google-bigquery – normalizeRecord"],"fullName":"google-bigquery – normalizeRecord passes through all columns as properties","status":"passed","title":"passes through all columns as properties","duration":0.09675000000015643,"failureMessages":[],"meta":{}},{"ancestorTitles":["google-bigquery – normalizeRecord"],"fullName":"google-bigquery – normalizeRecord uses _id as fallback externalId","status":"passed","title":"uses _id as fallback externalId","duration":0.04091699999980847,"failureMessages":[],"meta":{}},{"ancestorTitles":["google-bigquery – normalizeRecord"],"fullName":"google-bigquery – normalizeRecord uses stringified JSON snippet when no id column exists","status":"passed","title":"uses stringified JSON snippet when no id column exists","duration":0.06654100000014296,"failureMessages":[],"meta":{}},{"ancestorTitles":["google-bigquery – normalizeRecord"],"fullName":"google-bigquery – normalizeRecord handles null values by excluding them from properties","status":"passed","title":"handles null values by excluding them from properties","duration":0.044499999999970896,"failureMessages":[],"meta":{}}],"startTime":1781072010784,"endTime":1781072010795.1384,"status":"passed","message":"","name":"/Users/macanderson/oxagen-monorepo/packages/ingestion/src/connectors/__tests__/google.test.ts"},{"assertionResults":[{"ancestorTitles":["linear connector – normalizeRecord","issue"],"fullName":"linear connector – normalizeRecord issue maps a realistic issue payload","status":"passed","title":"maps a realistic issue payload","duration":1.2801249999999982,"failureMessages":[],"meta":{}},{"ancestorTitles":["linear connector – normalizeRecord","issue"],"fullName":"linear connector – normalizeRecord issue handles empty issue gracefully","status":"passed","title":"handles empty issue gracefully","duration":0.3250829999999496,"failureMessages":[],"meta":{}},{"ancestorTitles":["linear connector – normalizeRecord","project"],"fullName":"linear connector – normalizeRecord project maps a project payload","status":"passed","title":"maps a project payload","duration":0.3139169999999467,"failureMessages":[],"meta":{}},{"ancestorTitles":["linear connector – normalizeRecord","project"],"fullName":"linear connector – normalizeRecord project handles empty project gracefully","status":"passed","title":"handles empty project gracefully","duration":0.12525000000005093,"failureMessages":[],"meta":{}},{"ancestorTitles":["linear connector – normalizeRecord","cycle"],"fullName":"linear connector – normalizeRecord cycle maps a cycle payload","status":"passed","title":"maps a cycle payload","duration":0.24725000000012187,"failureMessages":[],"meta":{}},{"ancestorTitles":["linear connector – normalizeRecord","cycle"],"fullName":"linear connector – normalizeRecord cycle falls back to Cycle {number} when no name","status":"passed","title":"falls back to Cycle {number} when no name","duration":0.15320800000017698,"failureMessages":[],"meta":{}},{"ancestorTitles":["linear connector – normalizeRecord"],"fullName":"linear connector – normalizeRecord throws on unknown sourceRecordType","status":"passed","title":"throws on unknown sourceRecordType","duration":0.7198750000000018,"failureMessages":[],"meta":{}},{"ancestorTitles":["linear connector – verifyWebhook"],"fullName":"linear connector – verifyWebhook accepts a valid linear-signature (raw hex, no sha256= prefix)","status":"passed","title":"accepts a valid linear-signature (raw hex, no sha256= prefix)","duration":0.4913329999999405,"failureMessages":[],"meta":{}},{"ancestorTitles":["linear connector – verifyWebhook"],"fullName":"linear connector – verifyWebhook rejects wrong secret","status":"passed","title":"rejects wrong secret","duration":0.18041599999992286,"failureMessages":[],"meta":{}},{"ancestorTitles":["linear connector – verifyWebhook"],"fullName":"linear connector – verifyWebhook rejects missing header","status":"passed","title":"rejects missing header","duration":0.13095900000007532,"failureMessages":[],"meta":{}},{"ancestorTitles":["linear connector – verifyWebhook"],"fullName":"linear connector – verifyWebhook rejects null secret","status":"passed","title":"rejects null secret","duration":0.14570800000001327,"failureMessages":[],"meta":{}}],"startTime":1781072009811,"endTime":1781072009815.1804,"status":"passed","message":"","name":"/Users/macanderson/oxagen-monorepo/packages/ingestion/src/connectors/__tests__/linear.test.ts"},{"assertionResults":[{"ancestorTitles":["microsoft connector – normalizeRecord","outlook_message"],"fullName":"microsoft connector – normalizeRecord outlook_message maps a realistic Outlook email payload","status":"passed","title":"maps a realistic Outlook email payload","duration":0.8542909999998756,"failureMessages":[],"meta":{}},{"ancestorTitles":["microsoft connector – normalizeRecord","outlook_message"],"fullName":"microsoft connector – normalizeRecord outlook_message handles empty email gracefully","status":"passed","title":"handles empty email gracefully","duration":0.08924999999999272,"failureMessages":[],"meta":{}},{"ancestorTitles":["microsoft connector – normalizeRecord","outlook_message"],"fullName":"microsoft connector – normalizeRecord outlook_message also handles sourceRecordType 'email'","status":"passed","title":"also handles sourceRecordType 'email'","duration":0.05666600000017752,"failureMessages":[],"meta":{}},{"ancestorTitles":["microsoft connector – normalizeRecord","teams_message"],"fullName":"microsoft connector – normalizeRecord teams_message maps a Teams message payload","status":"passed","title":"maps a Teams message payload","duration":0.09649999999987813,"failureMessages":[],"meta":{}},{"ancestorTitles":["microsoft connector – normalizeRecord","teams_message"],"fullName":"microsoft connector – normalizeRecord teams_message falls back to body content when no summary","status":"passed","title":"falls back to body content when no summary","duration":0.05404099999987011,"failureMessages":[],"meta":{}},{"ancestorTitles":["microsoft connector – normalizeRecord","sharepoint_file / onedrive_file"],"fullName":"microsoft connector – normalizeRecord sharepoint_file / onedrive_file maps a SharePoint file payload","status":"passed","title":"maps a SharePoint file payload","duration":0.10279100000002472,"failureMessages":[],"meta":{}},{"ancestorTitles":["microsoft connector – normalizeRecord","sharepoint_file / onedrive_file"],"fullName":"microsoft connector – normalizeRecord sharepoint_file / onedrive_file handles onedrive_file sourceRecordType","status":"passed","title":"handles onedrive_file sourceRecordType","duration":0.06591600000001563,"failureMessages":[],"meta":{}},{"ancestorTitles":["microsoft connector – normalizeRecord","calendar_event"],"fullName":"microsoft connector – normalizeRecord calendar_event maps a calendar event payload","status":"passed","title":"maps a calendar event payload","duration":0.11804200000005949,"failureMessages":[],"meta":{}},{"ancestorTitles":["microsoft connector – normalizeRecord","calendar_event"],"fullName":"microsoft connector – normalizeRecord calendar_event handles empty calendar event gracefully","status":"passed","title":"handles empty calendar event gracefully","duration":0.06762499999990723,"failureMessages":[],"meta":{}},{"ancestorTitles":["microsoft connector – normalizeRecord"],"fullName":"microsoft connector – normalizeRecord throws on unknown sourceRecordType","status":"passed","title":"throws on unknown sourceRecordType","duration":0.36170800000013514,"failureMessages":[],"meta":{}},{"ancestorTitles":["microsoft connector – verifyWebhook"],"fullName":"microsoft connector – verifyWebhook returns true when secret is provided (passthrough validation)","status":"passed","title":"returns true when secret is provided (passthrough validation)","duration":0.04475000000002183,"failureMessages":[],"meta":{}},{"ancestorTitles":["microsoft connector – verifyWebhook"],"fullName":"microsoft connector – verifyWebhook returns false when secret is null","status":"passed","title":"returns false when secret is null","duration":0.03633300000001327,"failureMessages":[],"meta":{}}],"startTime":1781072009812,"endTime":1781072009814.0447,"status":"passed","message":"","name":"/Users/macanderson/oxagen-monorepo/packages/ingestion/src/connectors/__tests__/microsoft.test.ts"},{"assertionResults":[{"ancestorTitles":["connector registry"],"fullName":"connector registry has all 15 built-in connectors registered","status":"passed","title":"has all 15 built-in connectors registered","duration":2.7736660000000484,"failureMessages":[],"meta":{}},{"ancestorTitles":["connector registry"],"fullName":"connector registry getConnector returns the correct connector by id","status":"passed","title":"getConnector returns the correct connector by id","duration":0.16287499999998545,"failureMessages":[],"meta":{}},{"ancestorTitles":["connector registry"],"fullName":"connector registry getConnector returns google-drive connector","status":"passed","title":"getConnector returns google-drive connector","duration":0.06683400000019901,"failureMessages":[],"meta":{}},{"ancestorTitles":["connector registry"],"fullName":"connector registry getConnector throws for unknown connector","status":"passed","title":"getConnector throws for unknown connector","duration":0.3276660000001357,"failureMessages":[],"meta":{}},{"ancestorTitles":["connector registry"],"fullName":"connector registry listConnectors returns ConnectorDefinition objects with required fields","status":"passed","title":"listConnectors returns ConnectorDefinition objects with required fields","duration":0.5359170000001541,"failureMessages":[],"meta":{}},{"ancestorTitles":["connector registry"],"fullName":"connector registry each connector has a connectionConfigSchema with parse method","status":"passed","title":"each connector has a connectionConfigSchema with parse method","duration":0.13633300000037707,"failureMessages":[],"meta":{}}],"startTime":1781072016739,"endTime":1781072016743.1362,"status":"passed","message":"","name":"/Users/macanderson/oxagen-monorepo/packages/ingestion/src/connectors/__tests__/registry.test.ts"},{"assertionResults":[{"ancestorTitles":["salesforce connector – normalizeRecord","opportunity"],"fullName":"salesforce connector – normalizeRecord opportunity maps a realistic opportunity payload","status":"passed","title":"maps a realistic opportunity payload","duration":0.6467079999999896,"failureMessages":[],"meta":{}},{"ancestorTitles":["salesforce connector – normalizeRecord","opportunity"],"fullName":"salesforce connector – normalizeRecord opportunity handles empty opportunity gracefully","status":"passed","title":"handles empty opportunity gracefully","duration":0.08512500000006185,"failureMessages":[],"meta":{}},{"ancestorTitles":["salesforce connector – normalizeRecord","contact"],"fullName":"salesforce connector – normalizeRecord contact maps a contact payload","status":"passed","title":"maps a contact payload","duration":0.10912500000017644,"failureMessages":[],"meta":{}},{"ancestorTitles":["salesforce connector – normalizeRecord","contact"],"fullName":"salesforce connector – normalizeRecord contact handles empty contact gracefully","status":"passed","title":"handles empty contact gracefully","duration":0.07454099999995378,"failureMessages":[],"meta":{}},{"ancestorTitles":["salesforce connector – normalizeRecord","account"],"fullName":"salesforce connector – normalizeRecord account maps an account payload","status":"passed","title":"maps an account payload","duration":0.0938340000000153,"failureMessages":[],"meta":{}},{"ancestorTitles":["salesforce connector – normalizeRecord","lead"],"fullName":"salesforce connector – normalizeRecord lead maps a lead payload","status":"passed","title":"maps a lead payload","duration":0.17612500000018372,"failureMessages":[],"meta":{}},{"ancestorTitles":["salesforce connector – normalizeRecord","sfType from attributes"],"fullName":"salesforce connector – normalizeRecord sfType from attributes uses attributes.type to dispatch even when sourceRecordType differs","status":"passed","title":"uses attributes.type to dispatch even when sourceRecordType differs","duration":0.112041999999974,"failureMessages":[],"meta":{}},{"ancestorTitles":["salesforce connector – normalizeRecord","unknown / generic passthrough"],"fullName":"salesforce connector – normalizeRecord unknown / generic passthrough passes through unknown SF object types","status":"passed","title":"passes through unknown SF object types","duration":0.4548330000000078,"failureMessages":[],"meta":{}}],"startTime":1781072009833,"endTime":1781072009834.4548,"status":"passed","message":"","name":"/Users/macanderson/oxagen-monorepo/packages/ingestion/src/connectors/__tests__/salesforce.test.ts"},{"assertionResults":[{"ancestorTitles":["slack connector – normalizeRecord","message"],"fullName":"slack connector – normalizeRecord message maps a realistic message payload","status":"passed","title":"maps a realistic message payload","duration":0.807207999999946,"failureMessages":[],"meta":{}},{"ancestorTitles":["slack connector – normalizeRecord","message"],"fullName":"slack connector – normalizeRecord message handles empty message gracefully","status":"passed","title":"handles empty message gracefully","duration":0.10366599999997561,"failureMessages":[],"meta":{}},{"ancestorTitles":["slack connector – normalizeRecord","channel"],"fullName":"slack connector – normalizeRecord channel maps a channel payload","status":"passed","title":"maps a channel payload","duration":0.10716600000000653,"failureMessages":[],"meta":{}},{"ancestorTitles":["slack connector – normalizeRecord","channel"],"fullName":"slack connector – normalizeRecord channel handles empty channel gracefully","status":"passed","title":"handles empty channel gracefully","duration":0.04716699999994489,"failureMessages":[],"meta":{}},{"ancestorTitles":["slack connector – normalizeRecord","user"],"fullName":"slack connector – normalizeRecord user maps a user payload","status":"passed","title":"maps a user payload","duration":0.08958400000005895,"failureMessages":[],"meta":{}},{"ancestorTitles":["slack connector – normalizeRecord","user"],"fullName":"slack connector – normalizeRecord user handles empty user gracefully","status":"passed","title":"handles empty user gracefully","duration":0.053875000000061846,"failureMessages":[],"meta":{}},{"ancestorTitles":["slack connector – normalizeRecord"],"fullName":"slack connector – normalizeRecord throws on unknown sourceRecordType","status":"passed","title":"throws on unknown sourceRecordType","duration":0.3167920000000777,"failureMessages":[],"meta":{}},{"ancestorTitles":["slack connector – verifyWebhook"],"fullName":"slack connector – verifyWebhook accepts a valid slack signature","status":"passed","title":"accepts a valid slack signature","duration":0.25250000000005457,"failureMessages":[],"meta":{}},{"ancestorTitles":["slack connector – verifyWebhook"],"fullName":"slack connector – verifyWebhook rejects wrong secret","status":"passed","title":"rejects wrong secret","duration":0.08962500000006912,"failureMessages":[],"meta":{}},{"ancestorTitles":["slack connector – verifyWebhook"],"fullName":"slack connector – verifyWebhook rejects replay attacks (timestamp older than 5 minutes)","status":"passed","title":"rejects replay attacks (timestamp older than 5 minutes)","duration":0.05929199999991397,"failureMessages":[],"meta":{}},{"ancestorTitles":["slack connector – verifyWebhook"],"fullName":"slack connector – verifyWebhook rejects missing headers","status":"passed","title":"rejects missing headers","duration":0.049332999999933236,"failureMessages":[],"meta":{}},{"ancestorTitles":["slack connector – verifyWebhook"],"fullName":"slack connector – verifyWebhook rejects null secret","status":"passed","title":"rejects null secret","duration":0.047834000000193555,"failureMessages":[],"meta":{}}],"startTime":1781072009811,"endTime":1781072009813.2524,"status":"passed","message":"","name":"/Users/macanderson/oxagen-monorepo/packages/ingestion/src/connectors/__tests__/slack.test.ts"},{"assertionResults":[{"ancestorTitles":["zoom connector – normalizeRecord","meeting"],"fullName":"zoom connector – normalizeRecord meeting maps a realistic meeting payload","status":"passed","title":"maps a realistic meeting payload","duration":0.7282089999998789,"failureMessages":[],"meta":{}},{"ancestorTitles":["zoom connector – normalizeRecord","meeting"],"fullName":"zoom connector – normalizeRecord meeting handles empty meeting gracefully","status":"passed","title":"handles empty meeting gracefully","duration":0.22245799999996052,"failureMessages":[],"meta":{}},{"ancestorTitles":["zoom connector – normalizeRecord","recording"],"fullName":"zoom connector – normalizeRecord recording maps a recording payload","status":"passed","title":"maps a recording payload","duration":0.2402910000000702,"failureMessages":[],"meta":{}},{"ancestorTitles":["zoom connector – normalizeRecord","recording"],"fullName":"zoom connector – normalizeRecord recording handles empty recording gracefully","status":"passed","title":"handles empty recording gracefully","duration":0.2907500000001164,"failureMessages":[],"meta":{}},{"ancestorTitles":["zoom connector – normalizeRecord","participant"],"fullName":"zoom connector – normalizeRecord participant maps a participant payload","status":"passed","title":"maps a participant payload","duration":0.09750000000008185,"failureMessages":[],"meta":{}},{"ancestorTitles":["zoom connector – normalizeRecord","participant"],"fullName":"zoom connector – normalizeRecord participant handles empty participant gracefully","status":"passed","title":"handles empty participant gracefully","duration":0.07283299999994597,"failureMessages":[],"meta":{}},{"ancestorTitles":["zoom connector – normalizeRecord"],"fullName":"zoom connector – normalizeRecord throws on unknown sourceRecordType","status":"passed","title":"throws on unknown sourceRecordType","duration":29.235916999999972,"failureMessages":[],"meta":{}},{"ancestorTitles":["zoom connector – verifyWebhook"],"fullName":"zoom connector – verifyWebhook accepts matching bearer token","status":"passed","title":"accepts matching bearer token","duration":0.18120900000008078,"failureMessages":[],"meta":{}},{"ancestorTitles":["zoom connector – verifyWebhook"],"fullName":"zoom connector – verifyWebhook rejects wrong token","status":"passed","title":"rejects wrong token","duration":0.11749999999983629,"failureMessages":[],"meta":{}},{"ancestorTitles":["zoom connector – verifyWebhook"],"fullName":"zoom connector – verifyWebhook rejects missing authorization header","status":"passed","title":"rejects missing authorization header","duration":0.1113749999999527,"failureMessages":[],"meta":{}},{"ancestorTitles":["zoom connector – verifyWebhook"],"fullName":"zoom connector – verifyWebhook rejects null secret","status":"passed","title":"rejects null secret","duration":0.11795799999981682,"failureMessages":[],"meta":{}}],"startTime":1781072009833,"endTime":1781072009865.2358,"status":"passed","message":"","name":"/Users/macanderson/oxagen-monorepo/packages/ingestion/src/connectors/__tests__/zoom.test.ts"},{"assertionResults":[{"ancestorTitles":["resolveEntity — Pass A: exact naturalKey hit"],"fullName":"resolveEntity — Pass A: exact naturalKey hit returns updated_principal when Pass A finds the node","status":"passed","title":"returns updated_principal when Pass A finds the node","duration":1.4946669999999358,"failureMessages":[],"meta":{}},{"ancestorTitles":["resolveEntity — Pass A: exact naturalKey hit"],"fullName":"resolveEntity — Pass A: exact naturalKey hit calls upsertEntityNode to update the existing node on Pass A hit","status":"passed","title":"calls upsertEntityNode to update the existing node on Pass A hit","duration":0.22870899999998073,"failureMessages":[],"meta":{}},{"ancestorTitles":["resolveEntity — Pass A: exact naturalKey hit"],"fullName":"resolveEntity — Pass A: exact naturalKey hit closes the session after Pass A","status":"passed","title":"closes the session after Pass A","duration":0.09237499999994725,"failureMessages":[],"meta":{}},{"ancestorTitles":["resolveEntity — Pass B: no natural key match → new principal"],"fullName":"resolveEntity — Pass B: no natural key match → new principal creates a new principal when no similar nodes found","status":"passed","title":"creates a new principal when no similar nodes found","duration":0.13912500000014916,"failureMessages":[],"meta":{}},{"ancestorTitles":["resolveEntity — Pass B: no natural key match → new principal"],"fullName":"resolveEntity — Pass B: no natural key match → new principal passes correct telemetry to embedText","status":"passed","title":"passes correct telemetry to embedText","duration":1.0232080000000678,"failureMessages":[],"meta":{}},{"ancestorTitles":["resolveEntity — Pass B: alias path"],"fullName":"resolveEntity — Pass B: alias path creates alias when a candidate is above ALIAS_THRESHOLD","status":"passed","title":"creates alias when a candidate is above ALIAS_THRESHOLD","duration":0.5437500000000455,"failureMessages":[],"meta":{}},{"ancestorTitles":["resolveEntity — Pass B: alias path"],"fullName":"resolveEntity — Pass B: alias path creates a new principal when combined score is below ALIAS_THRESHOLD","status":"passed","title":"creates a new principal when combined score is below ALIAS_THRESHOLD","duration":0.2582079999999678,"failureMessages":[],"meta":{}},{"ancestorTitles":["scoreCandidate"],"fullName":"scoreCandidate uses 0.4 weight for embedding similarity","status":"passed","title":"uses 0.4 weight for embedding similarity","duration":0.0705000000000382,"failureMessages":[],"meta":{}},{"ancestorTitles":["scoreCandidate"],"fullName":"scoreCandidate adds 0.4 for exact email match","status":"passed","title":"adds 0.4 for exact email match","duration":0.05662500000016735,"failureMessages":[],"meta":{}},{"ancestorTitles":["scoreCandidate"],"fullName":"scoreCandidate adds 0.4 for exact URL match","status":"passed","title":"adds 0.4 for exact URL match","duration":0.06141600000000835,"failureMessages":[],"meta":{}},{"ancestorTitles":["scoreCandidate"],"fullName":"scoreCandidate adds fuzzy name weight when displayNames are present","status":"passed","title":"adds fuzzy name weight when displayNames are present","duration":0.04216699999983575,"failureMessages":[],"meta":{}},{"ancestorTitles":["scoreCandidate"],"fullName":"scoreCandidate caps score at 1.0","status":"passed","title":"caps score at 1.0","duration":0.05833299999994779,"failureMessages":[],"meta":{}},{"ancestorTitles":["fuzzyNameScore"],"fullName":"fuzzyNameScore returns 1.0 for identical strings","status":"passed","title":"returns 1.0 for identical strings","duration":0.05245899999999892,"failureMessages":[],"meta":{}},{"ancestorTitles":["fuzzyNameScore"],"fullName":"fuzzyNameScore returns 0 or near-0 for completely different strings","status":"passed","title":"returns 0 or near-0 for completely different strings","duration":0.05720799999994597,"failureMessages":[],"meta":{}},{"ancestorTitles":["fuzzyNameScore"],"fullName":"fuzzyNameScore is case-insensitive","status":"passed","title":"is case-insensitive","duration":0.03208300000005693,"failureMessages":[],"meta":{}},{"ancestorTitles":["fuzzyNameScore"],"fullName":"fuzzyNameScore handles empty strings gracefully","status":"passed","title":"handles empty strings gracefully","duration":0.02758300000004965,"failureMessages":[],"meta":{}},{"ancestorTitles":["threshold constants"],"fullName":"threshold constants ALIAS_THRESHOLD is 0.70","status":"passed","title":"ALIAS_THRESHOLD is 0.70","duration":0.028207999999949607,"failureMessages":[],"meta":{}},{"ancestorTitles":["threshold constants"],"fullName":"threshold constants CONFIRM_THRESHOLD is 0.92","status":"passed","title":"CONFIRM_THRESHOLD is 0.92","duration":0.027041999999937616,"failureMessages":[],"meta":{}}],"startTime":1781072009812,"endTime":1781072009817.0571,"status":"passed","message":"","name":"/Users/macanderson/oxagen-monorepo/packages/ingestion/src/dedup/__tests__/resolve.test.ts"},{"assertionResults":[{"ancestorTitles":["inferSemanticEdges"],"fullName":"inferSemanticEdges returns empty output when node is not found in Neo4j","status":"passed","title":"returns empty output when node is not found in Neo4j","duration":1.6434999999999036,"failureMessages":[],"meta":{}},{"ancestorTitles":["inferSemanticEdges"],"fullName":"inferSemanticEdges calls generateObjectFor with correct schema and telemetry when node is found","status":"passed","title":"calls generateObjectFor with correct schema and telemetry when node is found","duration":0.6615830000000642,"failureMessages":[],"meta":{}},{"ancestorTitles":["inferSemanticEdges"],"fullName":"inferSemanticEdges writes edges for targets that exist in the graph","status":"passed","title":"writes edges for targets that exist in the graph","duration":0.3000000000001819,"failureMessages":[],"meta":{}},{"ancestorTitles":["inferSemanticEdges"],"fullName":"inferSemanticEdges returns empty edges when generateObjectFor returns no inferredEdges","status":"passed","title":"returns empty edges when generateObjectFor returns no inferredEdges","duration":0.14125000000012733,"failureMessages":[],"meta":{}},{"ancestorTitles":["inferSemanticEdges"],"fullName":"inferSemanticEdges closes all sessions (no session leak)","status":"passed","title":"closes all sessions (no session leak)","duration":0.0825839999999971,"failureMessages":[],"meta":{}}],"startTime":1781072009811,"endTime":1781072009814.3,"status":"passed","message":"","name":"/Users/macanderson/oxagen-monorepo/packages/ingestion/src/infer/__tests__/infer.test.ts"},{"assertionResults":[{"ancestorTitles":["upsertEntityNode"],"fullName":"upsertEntityNode runs a MERGE Cypher with naturalKey and orgId","status":"passed","title":"runs a MERGE Cypher with naturalKey and orgId","duration":1.2645830000001297,"failureMessages":[],"meta":{}},{"ancestorTitles":["upsertEntityNode"],"fullName":"upsertEntityNode closes session even on error","status":"passed","title":"closes session even on error","duration":0.590708000000177,"failureMessages":[],"meta":{}},{"ancestorTitles":["upsertEntityNode"],"fullName":"upsertEntityNode throws when no record is returned","status":"passed","title":"throws when no record is returned","duration":0.12695899999994253,"failureMessages":[],"meta":{}},{"ancestorTitles":["upsertEmbedding"],"fullName":"upsertEmbedding runs MATCH + SET Cypher on publicId","status":"passed","title":"runs MATCH + SET Cypher on publicId","duration":0.14525000000003274,"failureMessages":[],"meta":{}},{"ancestorTitles":["upsertEmbedding"],"fullName":"upsertEmbedding closes session on success","status":"passed","title":"closes session on success","duration":0.06579200000010132,"failureMessages":[],"meta":{}},{"ancestorTitles":["createAliasEdge"],"fullName":"createAliasEdge runs MERGE ALIAS_OF with correct params","status":"passed","title":"runs MERGE ALIAS_OF with correct params","duration":0.14899999999988722,"failureMessages":[],"meta":{}},{"ancestorTitles":["upsertInferredEdges"],"fullName":"upsertInferredEdges does nothing when edges array is empty","status":"passed","title":"does nothing when edges array is empty","duration":0.17724999999995816,"failureMessages":[],"meta":{}},{"ancestorTitles":["upsertInferredEdges"],"fullName":"upsertInferredEdges runs one MERGE per edge with correct params","status":"passed","title":"runs one MERGE per edge with correct params","duration":0.10991600000011204,"failureMessages":[],"meta":{}},{"ancestorTitles":["upsertInferredEdges"],"fullName":"upsertInferredEdges supports all 4 allowed edge types","status":"passed","title":"supports all 4 allowed edge types","duration":0.119499999999789,"failureMessages":[],"meta":{}},{"ancestorTitles":["upsertInferredEdges"],"fullName":"upsertInferredEdges throws for unsupported edge types","status":"passed","title":"throws for unsupported edge types","duration":0.11054200000012315,"failureMessages":[],"meta":{}},{"ancestorTitles":["upsertInferredEdges"],"fullName":"upsertInferredEdges closes session on success","status":"passed","title":"closes session on success","duration":0.05150000000003274,"failureMessages":[],"meta":{}}],"startTime":1781072009696,"endTime":1781072009700.0515,"status":"passed","message":"","name":"/Users/macanderson/oxagen-monorepo/packages/ingestion/src/mutations/__tests__/upsert-entity.test.ts"},{"assertionResults":[{"ancestorTitles":["parseSourceFile","TypeScript (.ts)"],"fullName":"parseSourceFile TypeScript (.ts) extracts 4 symbols: 1 class + 2 methods + 1 interface with correct kinds and line ranges","status":"passed","title":"extracts 4 symbols: 1 class + 2 methods + 1 interface with correct kinds and line ranges","duration":1.5544580000000678,"failureMessages":[],"meta":{}},{"ancestorTitles":["parseSourceFile","TypeScript (.ts)"],"fullName":"parseSourceFile TypeScript (.ts) also works for .tsx extension","status":"passed","title":"also works for .tsx extension","duration":0.3015829999999369,"failureMessages":[],"meta":{}},{"ancestorTitles":["parseSourceFile","TypeScript (.ts)"],"fullName":"parseSourceFile TypeScript (.ts) deduplicates symbols matched by multiple overlapping queries","status":"passed","title":"deduplicates symbols matched by multiple overlapping queries","duration":0.3078339999999571,"failureMessages":[],"meta":{}},{"ancestorTitles":["parseSourceFile","Python (.py)"],"fullName":"parseSourceFile Python (.py) extracts 3 symbols: 2 functions + 1 class with correct kinds and line ranges","status":"passed","title":"extracts 3 symbols: 2 functions + 1 class with correct kinds and line ranges","duration":0.46833300000002964,"failureMessages":[],"meta":{}},{"ancestorTitles":["parseSourceFile","Unknown extension"],"fullName":"parseSourceFile Unknown extension returns { language: 'unknown', symbols: [] } without calling Parser","status":"passed","title":"returns { language: 'unknown', symbols: [] } without calling Parser","duration":0.4366659999998319,"failureMessages":[],"meta":{}},{"ancestorTitles":["parseSourceFile","Unknown extension"],"fullName":"parseSourceFile Unknown extension returns { language: 'unknown', symbols: [] } for .json extension","status":"passed","title":"returns { language: 'unknown', symbols: [] } for .json extension","duration":0.07895899999994072,"failureMessages":[],"meta":{}},{"ancestorTitles":["parseSourceFile","Unknown extension"],"fullName":"parseSourceFile Unknown extension returns { language: 'unknown', symbols: [] } for .css extension","status":"passed","title":"returns { language: 'unknown', symbols: [] } for .css extension","duration":0.07366699999988668,"failureMessages":[],"meta":{}},{"ancestorTitles":["parseSourceFile","Error handling"],"fullName":"parseSourceFile Error handling returns error field when parser throws","status":"passed","title":"returns error field when parser throws","duration":0.16450000000008913,"failureMessages":[],"meta":{}},{"ancestorTitles":["parseSourceFile","Loader singleton"],"fullName":"parseSourceFile Loader singleton calls Parser.init() only once across multiple parseSourceFile calls","status":"passed","title":"calls Parser.init() only once across multiple parseSourceFile calls","duration":0.16458299999999326,"failureMessages":[],"meta":{}}],"startTime":1781072009684,"endTime":1781072009687.4368,"status":"passed","message":"","name":"/Users/macanderson/oxagen-monorepo/packages/ingestion/src/parsers/__tests__/parser.test.ts"}]}
@oxagen/handlers:test:unit: {"level":50,"time":1781072016943,"app":"handlers","err":{"type":"Error","message":"pdf encoding error","stack":"Error: pdf encoding error\n    at /Users/macanderson/oxagen-monorepo/packages/handlers/src/documents.pdf.create.test.ts:194:44\n    at file:///Users/macanderson/oxagen-monorepo/node_modules/@vitest/runner/dist/index.js:146:14\n    at file:///Users/macanderson/oxagen-monorepo/node_modules/@vitest/runner/dist/index.js:533:11\n    at runWithTimeout (file:///Users/macanderson/oxagen-monorepo/node_modules/@vitest/runner/dist/index.js:39:7)\n    at runTest (file:///Users/macanderson/oxagen-monorepo/node_modules/@vitest/runner/dist/index.js:1056:17)\n    at processTicksAndRejections (node:internal/process/task_queues:104:5)\n    at runSuite (file:///Users/macanderson/oxagen-monorepo/node_modules/@vitest/runner/dist/index.js:1205:15)\n    at runSuite (file:///Users/macanderson/oxagen-monorepo/node_modules/@vitest/runner/dist/index.js:1205:15)\n    at runFiles (file:///Users/macanderson/oxagen-monorepo/node_modules/@vitest/runner/dist/index.js:1262:5)\n    at startTests (file:///Users/macanderson/oxagen-monorepo/node_modules/@vitest/runner/dist/index.js:1271:3)"},"orgId":"org_1","workspaceId":"ws_1","title":"BadPdf","msg":"documents.pdf.create: pdf-lib encoding failed"}
@oxagen/handlers:test:unit: {"level":50,"time":1781072017629,"app":"handlers","err":{"type":"Error","message":"Plan upgrade required (usage-credit-purchase)","stack":"Error: Plan upgrade required (usage-credit-purchase)\n    at /Users/macanderson/oxagen-monorepo/packages/handlers/src/billing.credits.purchase.test.ts:164:7\n    at file:///Users/macanderson/oxagen-monorepo/node_modules/@vitest/runner/dist/index.js:146:14\n    at file:///Users/macanderson/oxagen-monorepo/node_modules/@vitest/runner/dist/index.js:533:11\n    at runWithTimeout (file:///Users/macanderson/oxagen-monorepo/node_modules/@vitest/runner/dist/index.js:39:7)\n    at runTest (file:///Users/macanderson/oxagen-monorepo/node_modules/@vitest/runner/dist/index.js:1056:17)\n    at processTicksAndRejections (node:internal/process/task_queues:104:5)\n    at runSuite (file:///Users/macanderson/oxagen-monorepo/node_modules/@vitest/runner/dist/index.js:1205:15)\n    at runSuite (file:///Users/macanderson/oxagen-monorepo/node_modules/@vitest/runner/dist/index.js:1205:15)\n    at runFiles (file:///Users/macanderson/oxagen-monorepo/node_modules/@vitest/runner/dist/index.js:1262:5)\n    at startTests (file:///Users/macanderson/oxagen-monorepo/node_modules/@vitest/runner/dist/index.js:1271:3)"},"orgId":"org-1","amountUsd":50,"msg":"billing.credits.purchase: createUsageCreditCheckout failed"}
@oxagen/handlers:test:unit: {"level":50,"time":1781072017692,"app":"handlers","err":{"type":"Error","message":"connection refused","stack":"Error: connection refused\n    at Object.<anonymous> (/Users/macanderson/oxagen-monorepo/packages/handlers/src/organization.create.test.ts:192:15)\n    at Object.mockCall (file:///Users/macanderson/oxagen-monorepo/node_modules/@vitest/spy/dist/index.js:61:17)\n    at Object.spy [as withSystemDbFn] (file:///Users/macanderson/oxagen-monorepo/node_modules/tinyspy/dist/index.js:45:80)\n    at Proxy.withSystemDb (/Users/macanderson/oxagen-monorepo/packages/handlers/src/organization.create.test.ts:22:39)\n    at Module.organizationCreateHandler (/Users/macanderson/oxagen-monorepo/packages/handlers/src/organization.create.ts:41:28)\n    at processTicksAndRejections (node:internal/process/task_queues:104:5)\n    at /Users/macanderson/oxagen-monorepo/packages/handlers/src/organization.create.test.ts:196:5\n    at file:///Users/macanderson/oxagen-monorepo/node_modules/@vitest/runner/dist/index.js:533:5\n    at runTest (file:///Users/macanderson/oxagen-monorepo/node_modules/@vitest/runner/dist/index.js:1056:11)\n    at runSuite (file:///Users/macanderson/oxagen-monorepo/node_modules/@vitest/runner/dist/index.js:1205:15)"},"orgId":"org_1","msg":"organization.create: transaction failed"}
@oxagen/handlers:test:unit: {"level":50,"time":1781072017804,"app":"handlers","err":{"type":"Error","message":"billing service unavailable","stack":"Error: billing service unavailable\n    at /Users/macanderson/oxagen-monorepo/packages/handlers/src/organization.create.test.ts:428:50\n    at file:///Users/macanderson/oxagen-monorepo/node_modules/@vitest/runner/dist/index.js:146:14\n    at file:///Users/macanderson/oxagen-monorepo/node_modules/@vitest/runner/dist/index.js:533:11\n    at runWithTimeout (file:///Users/macanderson/oxagen-monorepo/node_modules/@vitest/runner/dist/index.js:39:7)\n    at runTest (file:///Users/macanderson/oxagen-monorepo/node_modules/@vitest/runner/dist/index.js:1056:17)\n    at processTicksAndRejections (node:internal/process/task_queues:104:5)\n    at runSuite (file:///Users/macanderson/oxagen-monorepo/node_modules/@vitest/runner/dist/index.js:1205:15)\n    at runSuite (file:///Users/macanderson/oxagen-monorepo/node_modules/@vitest/runner/dist/index.js:1205:15)\n    at runFiles (file:///Users/macanderson/oxagen-monorepo/node_modules/@vitest/runner/dist/index.js:1262:5)\n    at startTests (file:///Users/macanderson/oxagen-monorepo/node_modules/@vitest/runner/dist/index.js:1271:3)"},"errMsg":"billing service unavailable\nError: billing service unavailable\n    at /Users/macanderson/oxagen-monorepo/packages/handlers/src/organization.create.test.ts:428:50\n    at file:///Users/macanderson/oxagen-monorepo/node_modules/@vitest/runner/dist/index.js:146:14\n    at file:///Users/macanderson/oxagen-monorepo/node_modules/@vitest/runner/dist/index.js:533:11\n    at runWithTimeout (file:///Users/macanderson/oxagen-monorepo/node_modules/@vitest/runner/dist/index.js:39:7)\n    at runTest (file:///Users/macanderson/oxagen-monorepo/node_modules/@vitest/runner/dist/index.js:1056:17)\n    at processTicksAndRejections (node:internal/process/task_queues:104:5)\n    at runSuite (file:///Users/macanderson/oxagen-monorepo/node_modules/@vitest/runner/dist/index.js:1205:15)\n    at runSuite (file:///Users/macanderson/oxagen-monorepo/node_modules/@vitest/runner/dist/index.js:1205:15)\n    at runFiles (file:///Users/macanderson/oxagen-monorepo/node_modules/@vitest/runner/dist/index.js:1262:5)\n    at startTests (file:///Users/macanderson/oxagen-monorepo/node_modules/@vitest/runner/dist/index.js:1271:3)","orgId":"internal_org_id","msg":"organization.create: grantFreeCredits failed — org created, credits not granted"}
@oxagen/inngest-functions:test:unit: {"numTotalTestSuites":53,"numPassedTestSuites":53,"numFailedTestSuites":0,"numPendingTestSuites":0,"numTotalTests":140,"numPassedTests":140,"numFailedTests":0,"numPendingTests":0,"numTodoTests":0,"snapshot":{"added":0,"failure":false,"filesAdded":0,"filesRemoved":0,"filesRemovedList":[],"filesUnmatched":0,"filesUpdated":0,"matched":0,"total":0,"unchecked":0,"uncheckedKeysByFile":[],"unmatched":0,"updated":0,"didUpdate":false},"startTime":1781072007757,"success":true,"testResults":[{"assertionResults":[{"ancestorTitles":["agentBackgroundTaskExecute Inngest handler"],"fullName":"agentBackgroundTaskExecute Inngest handler marks the task running, invokes the capability, then marks completed","status":"passed","title":"marks the task running, invokes the capability, then marks completed","duration":11.229999999999563,"failureMessages":[],"meta":{}},{"ancestorTitles":["agentBackgroundTaskExecute Inngest handler"],"fullName":"agentBackgroundTaskExecute Inngest handler marks the task failed and rethrows when the capability throws","status":"passed","title":"marks the task failed and rethrows when the capability throws","duration":12.559291999999914,"failureMessages":[],"meta":{}},{"ancestorTitles":["agentBackgroundTaskExecute Inngest handler"],"fullName":"agentBackgroundTaskExecute Inngest handler throws when the payload is missing the capability field","status":"passed","title":"throws when the payload is missing the capability field","duration":4.951958999999988,"failureMessages":[],"meta":{}},{"ancestorTitles":["agentBackgroundTaskExecute Inngest handler"],"fullName":"agentBackgroundTaskExecute Inngest handler uses taskId as requestId in the capability context","status":"passed","title":"uses taskId as requestId in the capability context","duration":2.026832999999897,"failureMessages":[],"meta":{}},{"ancestorTitles":["agentBackgroundTaskExecute Inngest handler"],"fullName":"agentBackgroundTaskExecute Inngest handler captures non-Error thrown values as string failureReason","status":"passed","title":"captures non-Error thrown values as string failureReason","duration":0.2862919999997757,"failureMessages":[],"meta":{}}],"startTime":1781072012676,"endTime":1781072012709.2864,"status":"passed","message":"","name":"/Users/macanderson/oxagen-monorepo/packages/inngest-functions/src/functions/agent.background-task.execute.test.ts"},{"assertionResults":[{"ancestorTitles":["deriveFanoutStatus"],"fullName":"deriveFanoutStatus returns 'completed' when all children succeed","status":"passed","title":"returns 'completed' when all children succeed","duration":5.961541999999099,"failureMessages":[],"meta":{}},{"ancestorTitles":["deriveFanoutStatus"],"fullName":"deriveFanoutStatus returns 'completed' for empty fanout (zero runs)","status":"passed","title":"returns 'completed' for empty fanout (zero runs)","duration":1.8625410000004194,"failureMessages":[],"meta":{}},{"ancestorTitles":["deriveFanoutStatus"],"fullName":"deriveFanoutStatus returns 'failed' when all children fail (regression: was 'completed' before fix)","status":"passed","title":"returns 'failed' when all children fail (regression: was 'completed' before fix)","duration":0.11095799999930023,"failureMessages":[],"meta":{}},{"ancestorTitles":["deriveFanoutStatus"],"fullName":"deriveFanoutStatus returns 'partial' when some children succeed and some fail","status":"passed","title":"returns 'partial' when some children succeed and some fail","duration":3.7544159999997646,"failureMessages":[],"meta":{}},{"ancestorTitles":["deriveFanoutStatus"],"fullName":"deriveFanoutStatus returns 'completed' for single successful child","status":"passed","title":"returns 'completed' for single successful child","duration":0.27229199999965203,"failureMessages":[],"meta":{}},{"ancestorTitles":["deriveFanoutStatus"],"fullName":"deriveFanoutStatus returns 'failed' for single failed child (regression case)","status":"passed","title":"returns 'failed' for single failed child (regression case)","duration":0.09379099999932805,"failureMessages":[],"meta":{}}],"startTime":1781072018275,"endTime":1781072018287.2722,"status":"passed","message":"","name":"/Users/macanderson/oxagen-monorepo/packages/inngest-functions/src/functions/agent.execute-subagent.test.ts"},{"assertionResults":[{"ancestorTitles":["agent.sync-execution-to-graph Inngest function","recordExecutionInGraph integration"],"fullName":"agent.sync-execution-to-graph Inngest function recordExecutionInGraph integration calls recordExecutionInGraph with full payload","status":"passed","title":"calls recordExecutionInGraph with full payload","duration":1.324083999999857,"failureMessages":[],"meta":{}},{"ancestorTitles":["agent.sync-execution-to-graph Inngest function","recordExecutionInGraph integration"],"fullName":"agent.sync-execution-to-graph Inngest function recordExecutionInGraph integration passes toolCalls array to recordExecutionInGraph","status":"passed","title":"passes toolCalls array to recordExecutionInGraph","duration":0.4491669999997612,"failureMessages":[],"meta":{}},{"ancestorTitles":["agent.sync-execution-to-graph Inngest function","recordExecutionInGraph integration"],"fullName":"agent.sync-execution-to-graph Inngest function recordExecutionInGraph integration works when optional fields are omitted","status":"passed","title":"works when optional fields are omitted","duration":0.18025000000034197,"failureMessages":[],"meta":{}},{"ancestorTitles":["agent.sync-execution-to-graph Inngest function","stamp-synced-at step"],"fullName":"agent.sync-execution-to-graph Inngest function stamp-synced-at step calls withTenantDb to update synced_to_graph_at via step.run","status":"passed","title":"calls withTenantDb to update synced_to_graph_at via step.run","duration":0.26333400000021356,"failureMessages":[],"meta":{}},{"ancestorTitles":["agent.sync-execution-to-graph Inngest function","tenant scope isolation"],"fullName":"agent.sync-execution-to-graph Inngest function tenant scope isolation runs Neo4j write inside runInTenantScope with correct orgId/workspaceId","status":"passed","title":"runs Neo4j write inside runInTenantScope with correct orgId/workspaceId","duration":0.670125000000553,"failureMessages":[],"meta":{}},{"ancestorTitles":["agent.sync-execution-to-graph Inngest function","tenant scope isolation"],"fullName":"agent.sync-execution-to-graph Inngest function tenant scope isolation isolates org_a from org_b","status":"passed","title":"isolates org_a from org_b","duration":0.2139999999999418,"failureMessages":[],"meta":{}},{"ancestorTitles":["agent.sync-execution-to-graph Inngest function","idempotency"],"fullName":"agent.sync-execution-to-graph Inngest function idempotency can be called multiple times with same executionId without error","status":"passed","title":"can be called multiple times with same executionId without error","duration":1.7823749999997744,"failureMessages":[],"meta":{}},{"ancestorTitles":["agent.sync-execution-to-graph Inngest function","error handling"],"fullName":"agent.sync-execution-to-graph Inngest function error handling propagates Neo4j errors so Inngest can retry","status":"passed","title":"propagates Neo4j errors so Inngest can retry","duration":11.281833000000006,"failureMessages":[],"meta":{}},{"ancestorTitles":["agent.sync-execution-to-graph Inngest function","error handling"],"fullName":"agent.sync-execution-to-graph Inngest function error handling propagates DB errors on stamp step so Inngest can retry","status":"passed","title":"propagates DB errors on stamp step so Inngest can retry","duration":0.23979200000030687,"failureMessages":[],"meta":{}}],"startTime":1781072011903,"endTime":1781072011920.2397,"status":"passed","message":"","name":"/Users/macanderson/oxagen-monorepo/packages/inngest-functions/src/functions/agent.sync-execution-to-graph.test.ts"},{"assertionResults":[{"ancestorTitles":["agentVideoRender Inngest handler"],"fullName":"agentVideoRender Inngest handler calls selectVideoModel with the model from the event","status":"passed","title":"calls selectVideoModel with the model from the event","duration":2.683915999999954,"failureMessages":[],"meta":{}},{"ancestorTitles":["agentVideoRender Inngest handler"],"fullName":"agentVideoRender Inngest handler calls generateVideoFor with the correct prompt and telemetry","status":"passed","title":"calls generateVideoFor with the correct prompt and telemetry","duration":0.24054100000012113,"failureMessages":[],"meta":{}},{"ancestorTitles":["agentVideoRender Inngest handler"],"fullName":"agentVideoRender Inngest handler uploads bytes to storage with the correct key and content type","status":"passed","title":"uploads bytes to storage with the correct key and content type","duration":1.8809580000006463,"failureMessages":[],"meta":{}},{"ancestorTitles":["agentVideoRender Inngest handler"],"fullName":"agentVideoRender Inngest handler updates the generated_assets row to ready with storage refs","status":"passed","title":"updates the generated_assets row to ready with storage refs","duration":0.16654100000050676,"failureMessages":[],"meta":{}},{"ancestorTitles":["agentVideoRender Inngest handler"],"fullName":"agentVideoRender Inngest handler returns the asset id, status, and storage refs on success","status":"passed","title":"returns the asset id, status, and storage refs on success","duration":0.10024999999950523,"failureMessages":[],"meta":{}},{"ancestorTitles":["agentVideoRender Inngest handler"],"fullName":"agentVideoRender Inngest handler rethrows when generateVideoFor fails (Inngest records failure)","status":"passed","title":"rethrows when generateVideoFor fails (Inngest records failure)","duration":6.974250000000211,"failureMessages":[],"meta":{}},{"ancestorTitles":["agentVideoRender Inngest handler"],"fullName":"agentVideoRender Inngest handler rethrows when storage put fails","status":"passed","title":"rethrows when storage put fails","duration":0.17416700000012497,"failureMessages":[],"meta":{}},{"ancestorTitles":["agentVideoRenderOnFailure handler"],"fullName":"agentVideoRenderOnFailure handler marks the asset failed with the error message in metadata","status":"passed","title":"marks the asset failed with the error message in metadata","duration":0.19916699999976117,"failureMessages":[],"meta":{}},{"ancestorTitles":["agentVideoRenderOnFailure handler"],"fullName":"agentVideoRenderOnFailure handler is a no-op when assetId is missing from the original event","status":"passed","title":"is a no-op when assetId is missing from the original event","duration":0.05616600000030303,"failureMessages":[],"meta":{}}],"startTime":1781072011901,"endTime":1781072011914.1992,"status":"passed","message":"","name":"/Users/macanderson/oxagen-monorepo/packages/inngest-functions/src/functions/agent.video-render.test.ts"},{"assertionResults":[{"ancestorTitles":["agentWorkflowSupervisor Inngest handler"],"fullName":"agentWorkflowSupervisor Inngest handler returns failed when the workflow run is not found","status":"passed","title":"returns failed when the workflow run is not found","duration":16.49474999999984,"failureMessages":[],"meta":{}},{"ancestorTitles":["agentWorkflowSupervisor Inngest handler"],"fullName":"agentWorkflowSupervisor Inngest handler calls generateObjectFor with the run goal","status":"passed","title":"calls generateObjectFor with the run goal","duration":0.7510409999995318,"failureMessages":[],"meta":{}},{"ancestorTitles":["agentWorkflowSupervisor Inngest handler"],"fullName":"agentWorkflowSupervisor Inngest handler inserts workflow_run_tasks rows for each planned task","status":"passed","title":"inserts workflow_run_tasks rows for each planned task","duration":7.996208999999908,"failureMessages":[],"meta":{}},{"ancestorTitles":["agentWorkflowSupervisor Inngest handler"],"fullName":"agentWorkflowSupervisor Inngest handler dispatches inngest events for each task","status":"passed","title":"dispatches inngest events for each task","duration":0.3928329999998823,"failureMessages":[],"meta":{}},{"ancestorTitles":["agentWorkflowSupervisor Inngest handler"],"fullName":"agentWorkflowSupervisor Inngest handler respects MAX_TASKS_PER_WORKFLOW guard (capped at 500)","status":"passed","title":"respects MAX_TASKS_PER_WORKFLOW guard (capped at 500)","duration":3.1144589999994423,"failureMessages":[],"meta":{}},{"ancestorTitles":["agentWorkflowSupervisor Inngest handler"],"fullName":"agentWorkflowSupervisor Inngest handler returns tasksDispatched count","status":"passed","title":"returns tasksDispatched count","duration":0.16479200000048877,"failureMessages":[],"meta":{}},{"ancestorTitles":["agentWorkflowSupervisor Inngest handler"],"fullName":"agentWorkflowSupervisor Inngest handler updates workflow status to running after planning","status":"passed","title":"updates workflow status to running after planning","duration":0.12033299999984592,"failureMessages":[],"meta":{}}],"startTime":1781072011891,"endTime":1781072011920.1648,"status":"passed","message":"","name":"/Users/macanderson/oxagen-monorepo/packages/inngest-functions/src/functions/agent.workflow.supervisor.test.ts"},{"assertionResults":[{"ancestorTitles":["agentWorkflowTaskExecute Inngest handler"],"fullName":"agentWorkflowTaskExecute Inngest handler marks task running, calls generateObjectFor, marks task completed","status":"passed","title":"marks task running, calls generateObjectFor, marks task completed","duration":1.6990000000005239,"failureMessages":[],"meta":{}},{"ancestorTitles":["agentWorkflowTaskExecute Inngest handler"],"fullName":"agentWorkflowTaskExecute Inngest handler passes goal to generateObjectFor prompt","status":"passed","title":"passes goal to generateObjectFor prompt","duration":0.22616699999980483,"failureMessages":[],"meta":{}},{"ancestorTitles":["agentWorkflowTaskExecute Inngest handler"],"fullName":"agentWorkflowTaskExecute Inngest handler saves output_json on the task row when completed","status":"passed","title":"saves output_json on the task row when completed","duration":0.32600000000002183,"failureMessages":[],"meta":{}},{"ancestorTitles":["agentWorkflowTaskExecute Inngest handler"],"fullName":"agentWorkflowTaskExecute Inngest handler marks task failed and increments failed_tasks when generateObjectFor throws","status":"passed","title":"marks task failed and increments failed_tasks when generateObjectFor throws","duration":2.86462500000016,"failureMessages":[],"meta":{}},{"ancestorTitles":["agentWorkflowTaskExecute Inngest handler"],"fullName":"agentWorkflowTaskExecute Inngest handler writes a completed tool invocation row to telemetry","status":"passed","title":"writes a completed tool invocation row to telemetry","duration":0.23191700000006676,"failureMessages":[],"meta":{}},{"ancestorTitles":["agentWorkflowTaskExecute Inngest handler"],"fullName":"agentWorkflowTaskExecute Inngest handler writes a failed tool invocation row when the task fails","status":"passed","title":"writes a failed tool invocation row when the task fails","duration":0.1913750000003347,"failureMessages":[],"meta":{}},{"ancestorTitles":["agentWorkflowTaskExecute Inngest handler"],"fullName":"agentWorkflowTaskExecute Inngest handler marks workflow completed when all tasks are done","status":"passed","title":"marks workflow completed when all tasks are done","duration":0.18483300000025338,"failureMessages":[],"meta":{}}],"startTime":1781072012556,"endTime":1781072012562.1848,"status":"passed","message":"","name":"/Users/macanderson/oxagen-monorepo/packages/inngest-functions/src/functions/agent.workflow.task.execute.test.ts"},{"assertionResults":[{"ancestorTitles":["billingDunningSweep Inngest handler"],"fullName":"billingDunningSweep Inngest handler calls sweepDunning once per invocation","status":"passed","title":"calls sweepDunning once per invocation","duration":8.82941700000083,"failureMessages":[],"meta":{}},{"ancestorTitles":["billingDunningSweep Inngest handler"],"fullName":"billingDunningSweep Inngest handler returns the result produced by sweepDunning","status":"passed","title":"returns the result produced by sweepDunning","duration":0.5853329999999914,"failureMessages":[],"meta":{}},{"ancestorTitles":["billingDunningSweep Inngest handler"],"fullName":"billingDunningSweep Inngest handler logs completion with the suspended count","status":"passed","title":"logs completion with the suspended count","duration":1.4569999999994252,"failureMessages":[],"meta":{}},{"ancestorTitles":["billingDunningSweep Inngest handler"],"fullName":"billingDunningSweep Inngest handler logs zero when no orgs are suspended","status":"passed","title":"logs zero when no orgs are suspended","duration":1.3111659999995027,"failureMessages":[],"meta":{}},{"ancestorTitles":["billingDunningSweep Inngest handler"],"fullName":"billingDunningSweep Inngest handler propagates errors thrown by sweepDunning","status":"passed","title":"propagates errors thrown by sweepDunning","duration":1.0001670000001468,"failureMessages":[],"meta":{}}],"startTime":1781072014865,"endTime":1781072014879.0002,"status":"passed","message":"","name":"/Users/macanderson/oxagen-monorepo/packages/inngest-functions/src/functions/billing.dunning-sweep.test.ts"},{"assertionResults":[{"ancestorTitles":["billingRollupUsage Inngest handler"],"fullName":"billingRollupUsage Inngest handler exits cleanly and logs 0 processed when no active subscriptions exist","status":"passed","title":"exits cleanly and logs 0 processed when no active subscriptions exist","duration":3.123916000000463,"failureMessages":[],"meta":{}},{"ancestorTitles":["billingRollupUsage Inngest handler"],"fullName":"billingRollupUsage Inngest handler advances cursor and processes a single page of subscriptions","status":"passed","title":"advances cursor and processes a single page of subscriptions","duration":2.2048750000003565,"failureMessages":[],"meta":{}},{"ancestorTitles":["billingRollupUsage Inngest handler"],"fullName":"billingRollupUsage Inngest handler calls idempotent upsert (onConflictDoUpdate) for each usage row","status":"passed","title":"calls idempotent upsert (onConflictDoUpdate) for each usage row","duration":0.1444579999997586,"failureMessages":[],"meta":{}},{"ancestorTitles":["billingRollupUsage Inngest handler"],"fullName":"billingRollupUsage Inngest handler skips the upsert when sumTokenUsage returns an empty array","status":"passed","title":"skips the upsert when sumTokenUsage returns an empty array","duration":0.09399999999914144,"failureMessages":[],"meta":{}}],"startTime":1781072012558,"endTime":1781072012563.2048,"status":"passed","message":"","name":"/Users/macanderson/oxagen-monorepo/packages/inngest-functions/src/functions/billing.rollup-usage.test.ts"},{"assertionResults":[{"ancestorTitles":["chatPersistStream Inngest handler"],"fullName":"chatPersistStream Inngest handler updates the message in Postgres and returns the persisted id","status":"passed","title":"updates the message in Postgres and returns the persisted id","duration":5.232665999999881,"failureMessages":[],"meta":{}},{"ancestorTitles":["chatPersistStream Inngest handler"],"fullName":"chatPersistStream Inngest handler skips insertTokenUsage when tokenUsage is null","status":"passed","title":"skips insertTokenUsage when tokenUsage is null","duration":0.20900000000074215,"failureMessages":[],"meta":{}},{"ancestorTitles":["chatPersistStream Inngest handler"],"fullName":"chatPersistStream Inngest handler calls insertTokenUsage with all required fields when tokenUsage is present","status":"passed","title":"calls insertTokenUsage with all required fields when tokenUsage is present","duration":2.019583000000239,"failureMessages":[],"meta":{}},{"ancestorTitles":["chatPersistStream Inngest handler"],"fullName":"chatPersistStream Inngest handler logs completion after persisting","status":"passed","title":"logs completion after persisting","duration":6.596625000000131,"failureMessages":[],"meta":{}}],"startTime":1781072012550,"endTime":1781072012564.5967,"status":"passed","message":"","name":"/Users/macanderson/oxagen-monorepo/packages/inngest-functions/src/functions/chat.persist-stream.test.ts"},{"assertionResults":[{"ancestorTitles":["ingestionOauthRefresh — no-op cases"],"fullName":"ingestionOauthRefresh — no-op cases returns checked=0 when no expiring tokens","status":"passed","title":"returns checked=0 when no expiring tokens","duration":1.0388750000001892,"failureMessages":[],"meta":{}},{"ancestorTitles":["ingestionOauthRefresh — no-op cases"],"fullName":"ingestionOauthRefresh — no-op cases skips a non-GitHub provider without throwing","status":"passed","title":"skips a non-GitHub provider without throwing","duration":0.9869580000001861,"failureMessages":[],"meta":{}},{"ancestorTitles":["ingestionOauthRefresh — GitHub happy path"],"fullName":"ingestionOauthRefresh — GitHub happy path calls GitHub token endpoint with correct params","status":"passed","title":"calls GitHub token endpoint with correct params","duration":0.7003339999998843,"failureMessages":[],"meta":{}},{"ancestorTitles":["ingestionOauthRefresh — GitHub happy path"],"fullName":"ingestionOauthRefresh — GitHub happy path re-encrypts the new access token","status":"passed","title":"re-encrypts the new access token","duration":0.24387500000011642,"failureMessages":[],"meta":{}},{"ancestorTitles":["ingestionOauthRefresh — GitHub happy path"],"fullName":"ingestionOauthRefresh — GitHub happy path re-encrypts the new refresh token when provided","status":"passed","title":"re-encrypts the new refresh token when provided","duration":0.14699999999993452,"failureMessages":[],"meta":{}},{"ancestorTitles":["ingestionOauthRefresh — GitHub happy path"],"fullName":"ingestionOauthRefresh — GitHub happy path returns checked=1","status":"passed","title":"returns checked=1","duration":0.11850000000004002,"failureMessages":[],"meta":{}},{"ancestorTitles":["ingestionOauthRefresh — GitHub happy path"],"fullName":"ingestionOauthRefresh — GitHub happy path logs success","status":"passed","title":"logs success","duration":0.1774159999999938,"failureMessages":[],"meta":{}},{"ancestorTitles":["ingestionOauthRefresh — GitHub error handling"],"fullName":"ingestionOauthRefresh — GitHub error handling increments failure count on fetch network error and does NOT throw","status":"passed","title":"increments failure count on fetch network error and does NOT throw","duration":0.2547500000000582,"failureMessages":[],"meta":{}},{"ancestorTitles":["ingestionOauthRefresh — GitHub error handling"],"fullName":"ingestionOauthRefresh — GitHub error handling increments failure count when GitHub returns an error object","status":"passed","title":"increments failure count when GitHub returns an error object","duration":0.24937500000010004,"failureMessages":[],"meta":{}},{"ancestorTitles":["ingestionOauthRefresh — GitHub error handling"],"fullName":"ingestionOauthRefresh — GitHub error handling increments failure count when decrypt fails and does NOT throw","status":"passed","title":"increments failure count when decrypt fails and does NOT throw","duration":0.19945800000004965,"failureMessages":[],"meta":{}},{"ancestorTitles":["ingestionOauthRefresh — GitHub error handling"],"fullName":"ingestionOauthRefresh — GitHub error handling skips when GitHub App env vars are not configured","status":"passed","title":"skips when GitHub App env vars are not configured","duration":0.15420799999992596,"failureMessages":[],"meta":{}}],"startTime":1781072009460,"endTime":1781072009465.1995,"status":"passed","message":"","name":"/Users/macanderson/oxagen-monorepo/packages/inngest-functions/src/functions/ingestion.oauth-refresh.test.ts"},{"assertionResults":[{"ancestorTitles":["securityAuditPartitionRollover"],"fullName":"securityAuditPartitionRollover registers as a concurrency-1, retrying cron function","status":"passed","title":"registers as a concurrency-1, retrying cron function","duration":3.2353329999996276,"failureMessages":[],"meta":{}},{"ancestorTitles":["securityAuditPartitionRollover"],"fullName":"securityAuditPartitionRollover creates missing upcoming partitions, skips existing, and drops expired ones","status":"passed","title":"creates missing upcoming partitions, skips existing, and drops expired ones","duration":6.687958000000435,"failureMessages":[],"meta":{}},{"ancestorTitles":["securityAuditPartitionRollover"],"fullName":"securityAuditPartitionRollover creates both look-ahead partitions when neither exists yet","status":"passed","title":"creates both look-ahead partitions when neither exists yet","duration":0.8150420000001759,"failureMessages":[],"meta":{}},{"ancestorTitles":["securityAuditPartitionRollover"],"fullName":"securityAuditPartitionRollover skips both partitions and drops nothing when everything is current","status":"passed","title":"skips both partitions and drops nothing when everything is current","duration":0.23429099999975733,"failureMessages":[],"meta":{}}],"startTime":1781072012031,"endTime":1781072012042.2344,"status":"passed","message":"","name":"/Users/macanderson/oxagen-monorepo/packages/inngest-functions/src/functions/security.audit-partition-rollover.test.ts"},{"assertionResults":[{"ancestorTitles":["stripeSyncInvoice Inngest handler"],"fullName":"stripeSyncInvoice Inngest handler calls syncInvoiceFromStripe with the correct Stripe invoice id","status":"passed","title":"calls syncInvoiceFromStripe with the correct Stripe invoice id","duration":5.384750000000167,"failureMessages":[],"meta":{}},{"ancestorTitles":["stripeSyncInvoice Inngest handler"],"fullName":"stripeSyncInvoice Inngest handler returns the synced invoice id","status":"passed","title":"returns the synced invoice id","duration":0.16033299999980954,"failureMessages":[],"meta":{}},{"ancestorTitles":["stripeSyncInvoice Inngest handler"],"fullName":"stripeSyncInvoice Inngest handler logs completion with the invoice id","status":"passed","title":"logs completion with the invoice id","duration":0.24250000000029104,"failureMessages":[],"meta":{}},{"ancestorTitles":["stripeSyncInvoice Inngest handler"],"fullName":"stripeSyncInvoice Inngest handler propagates errors thrown by syncInvoiceFromStripe","status":"passed","title":"propagates errors thrown by syncInvoiceFromStripe","duration":0.6645419999995283,"failureMessages":[],"meta":{}}],"startTime":1781072014866,"endTime":1781072014871.6646,"status":"passed","message":"","name":"/Users/macanderson/oxagen-monorepo/packages/inngest-functions/src/functions/stripe.sync-invoice.test.ts"},{"assertionResults":[{"ancestorTitles":["stripeSyncSubscription Inngest handler"],"fullName":"stripeSyncSubscription Inngest handler calls syncSubscriptionFromStripe with the correct Stripe subscription id","status":"passed","title":"calls syncSubscriptionFromStripe with the correct Stripe subscription id","duration":4.786624999999731,"failureMessages":[],"meta":{}},{"ancestorTitles":["stripeSyncSubscription Inngest handler"],"fullName":"stripeSyncSubscription Inngest handler returns the synced subscription id","status":"passed","title":"returns the synced subscription id","duration":1.459458999999697,"failureMessages":[],"meta":{}},{"ancestorTitles":["stripeSyncSubscription Inngest handler"],"fullName":"stripeSyncSubscription Inngest handler logs completion with the subscription id","status":"passed","title":"logs completion with the subscription id","duration":2.979374999999891,"failureMessages":[],"meta":{}},{"ancestorTitles":["stripeSyncSubscription Inngest handler"],"fullName":"stripeSyncSubscription Inngest handler propagates errors thrown by syncSubscriptionFromStripe","status":"passed","title":"propagates errors thrown by syncSubscriptionFromStripe","duration":0.8022919999993974,"failureMessages":[],"meta":{}}],"startTime":1781072014865,"endTime":1781072014874.8022,"status":"passed","message":"","name":"/Users/macanderson/oxagen-monorepo/packages/inngest-functions/src/functions/stripe.sync-subscription.test.ts"},{"assertionResults":[{"ancestorTitles":["ingestion.delete-connection Inngest function","mode: connection_only"],"fullName":"ingestion.delete-connection Inngest function mode: connection_only runs mark-deleting and delete-postgres-records but NOT delete-neo4j-data","status":"passed","title":"runs mark-deleting and delete-postgres-records but NOT delete-neo4j-data","duration":1.5384579999999914,"failureMessages":[],"meta":{}},{"ancestorTitles":["ingestion.delete-connection Inngest function","mode: connection_only"],"fullName":"ingestion.delete-connection Inngest function mode: connection_only returns connectionId, mode, and deletedAt","status":"passed","title":"returns connectionId, mode, and deletedAt","duration":0.5360419999997248,"failureMessages":[],"meta":{}},{"ancestorTitles":["ingestion.delete-connection Inngest function","mode: data_only"],"fullName":"ingestion.delete-connection Inngest function mode: data_only runs mark-deleting and delete-neo4j-data but NOT delete-postgres-records","status":"passed","title":"runs mark-deleting and delete-neo4j-data but NOT delete-postgres-records","duration":0.25658300000031886,"failureMessages":[],"meta":{}},{"ancestorTitles":["ingestion.delete-connection Inngest function","mode: data_only"],"fullName":"ingestion.delete-connection Inngest function mode: data_only calls scopedSession to delete Neo4j entity nodes","status":"passed","title":"calls scopedSession to delete Neo4j entity nodes","duration":0.17287500000020373,"failureMessages":[],"meta":{}},{"ancestorTitles":["ingestion.delete-connection Inngest function","mode: full"],"fullName":"ingestion.delete-connection Inngest function mode: full runs mark-deleting, delete-neo4j-data, AND delete-postgres-records","status":"passed","title":"runs mark-deleting, delete-neo4j-data, AND delete-postgres-records","duration":0.21312500000021828,"failureMessages":[],"meta":{}},{"ancestorTitles":["ingestion.delete-connection Inngest function","mode: full"],"fullName":"ingestion.delete-connection Inngest function mode: full returns connectionId, mode, and deletedAt","status":"passed","title":"returns connectionId, mode, and deletedAt","duration":0.1540420000001177,"failureMessages":[],"meta":{}},{"ancestorTitles":["ingestion.delete-connection Inngest function","postgres deletion steps"],"fullName":"ingestion.delete-connection Inngest function postgres deletion steps executes DELETE queries for mappings, suggestions, webhooks, creds, and soft-deletes connection","status":"passed","title":"executes DELETE queries for mappings, suggestions, webhooks, creds, and soft-deletes connection","duration":0.12670900000011898,"failureMessages":[],"meta":{}},{"ancestorTitles":["ingestion.delete-connection Inngest function","mark-deleting step"],"fullName":"ingestion.delete-connection Inngest function mark-deleting step always runs regardless of mode","status":"passed","title":"always runs regardless of mode","duration":0.26854199999979755,"failureMessages":[],"meta":{}}],"startTime":1781072013047,"endTime":1781072013050.2686,"status":"passed","message":"","name":"/Users/macanderson/oxagen-monorepo/packages/inngest-functions/src/functions/__tests__/ingestion.delete.test.ts"},{"assertionResults":[{"ancestorTitles":["ingestion.github-infer-features Inngest function"],"fullName":"ingestion.github-infer-features Inngest function registers with correct id, retries, and concurrency","status":"passed","title":"registers with correct id, retries, and concurrency","duration":0.9927920000000086,"failureMessages":[],"meta":{}},{"ancestorTitles":["ingestion.github-infer-features Inngest function"],"fullName":"ingestion.github-infer-features Inngest function calls generateObjectFor with ingestion surface telemetry","status":"passed","title":"calls generateObjectFor with ingestion surface telemetry","duration":1.0222919999998794,"failureMessages":[],"meta":{}},{"ancestorTitles":["ingestion.github-infer-features Inngest function"],"fullName":"ingestion.github-infer-features Inngest function passes file natural key, language, and symbols in the prompt","status":"passed","title":"passes file natural key, language, and symbols in the prompt","duration":0.1803749999999127,"failureMessages":[],"meta":{}},{"ancestorTitles":["ingestion.github-infer-features Inngest function"],"fullName":"ingestion.github-infer-features Inngest function MERGEs Feature nodes for features with confidence >= 0.6","status":"passed","title":"MERGEs Feature nodes for features with confidence >= 0.6","duration":0.12362499999994725,"failureMessages":[],"meta":{}},{"ancestorTitles":["ingestion.github-infer-features Inngest function"],"fullName":"ingestion.github-infer-features Inngest function uses correct natural key format for Feature nodes","status":"passed","title":"uses correct natural key format for Feature nodes","duration":0.12766599999986283,"failureMessages":[],"meta":{}},{"ancestorTitles":["ingestion.github-infer-features Inngest function"],"fullName":"ingestion.github-infer-features Inngest function filters out features below the 0.6 confidence threshold","status":"passed","title":"filters out features below the 0.6 confidence threshold","duration":0.12716599999998834,"failureMessages":[],"meta":{}},{"ancestorTitles":["ingestion.github-infer-features Inngest function"],"fullName":"ingestion.github-infer-features Inngest function MERGEs :IMPLEMENTS edges from Feature to SourceFile","status":"passed","title":"MERGEs :IMPLEMENTS edges from Feature to SourceFile","duration":0.0808750000001055,"failureMessages":[],"meta":{}},{"ancestorTitles":["ingestion.github-infer-features Inngest function"],"fullName":"ingestion.github-infer-features Inngest function MERGEs :IMPLEMENTS edges to related SourceSymbol nodes","status":"passed","title":"MERGEs :IMPLEMENTS edges to related SourceSymbol nodes","duration":0.07720900000003894,"failureMessages":[],"meta":{}},{"ancestorTitles":["ingestion.github-infer-features Inngest function"],"fullName":"ingestion.github-infer-features Inngest function returns { featuresCreated: 0 } when all features are below threshold","status":"passed","title":"returns { featuresCreated: 0 } when all features are below threshold","duration":0.11345800000003692,"failureMessages":[],"meta":{}},{"ancestorTitles":["ingestion.github-infer-features Inngest function"],"fullName":"ingestion.github-infer-features Inngest function returns { featuresCreated: 0 } when features array is empty","status":"passed","title":"returns { featuresCreated: 0 } when features array is empty","duration":0.09075000000007094,"failureMessages":[],"meta":{}},{"ancestorTitles":["ingestion.github-infer-features Inngest function"],"fullName":"ingestion.github-infer-features Inngest function returns fileNaturalKey and featuresCreated","status":"passed","title":"returns fileNaturalKey and featuresCreated","duration":0.08533299999999144,"failureMessages":[],"meta":{}},{"ancestorTitles":["ingestion.github-infer-features Inngest function"],"fullName":"ingestion.github-infer-features Inngest function wraps all Neo4j calls inside runInTenantScope with orgId and workspaceId","status":"passed","title":"wraps all Neo4j calls inside runInTenantScope with orgId and workspaceId","duration":0.19908299999997325,"failureMessages":[],"meta":{}},{"ancestorTitles":["ingestion.github-infer-features Inngest function"],"fullName":"ingestion.github-infer-features Inngest function slugifies feature names using lowercase and hyphens","status":"passed","title":"slugifies feature names using lowercase and hyphens","duration":0.09600000000000364,"failureMessages":[],"meta":{}}],"startTime":1781072009549,"endTime":1781072009552.199,"status":"passed","message":"","name":"/Users/macanderson/oxagen-monorepo/packages/inngest-functions/src/functions/__tests__/ingestion.github-infer-features.test.ts"},{"assertionResults":[{"ancestorTitles":["ingestion.github-initial-sync Inngest function"],"fullName":"ingestion.github-initial-sync Inngest function registers a createFunction with correct id and event trigger","status":"passed","title":"registers a createFunction with correct id and event trigger","duration":0.9982499999996435,"failureMessages":[],"meta":{}},{"ancestorTitles":["ingestion.github-initial-sync Inngest function"],"fullName":"ingestion.github-initial-sync Inngest function decrypts the access token from oauth_accounts","status":"passed","title":"decrypts the access token from oauth_accounts","duration":0.7838329999999587,"failureMessages":[],"meta":{}},{"ancestorTitles":["ingestion.github-initial-sync Inngest function"],"fullName":"ingestion.github-initial-sync Inngest function fetches the repo file tree from GitHub with Bearer auth","status":"passed","title":"fetches the repo file tree from GitHub with Bearer auth","duration":0.8394170000001395,"failureMessages":[],"meta":{}},{"ancestorTitles":["ingestion.github-initial-sync Inngest function"],"fullName":"ingestion.github-initial-sync Inngest function filters tree to only .ts/.tsx/.py blobs with size > 0, excluding banned prefixes","status":"passed","title":"filters tree to only .ts/.tsx/.py blobs with size > 0, excluding banned prefixes","duration":0.20812500000010914,"failureMessages":[],"meta":{}},{"ancestorTitles":["ingestion.github-initial-sync Inngest function"],"fullName":"ingestion.github-initial-sync Inngest function dispatches ingestion/github.parse-file events for each accepted file","status":"passed","title":"dispatches ingestion/github.parse-file events for each accepted file","duration":0.1427920000000995,"failureMessages":[],"meta":{}},{"ancestorTitles":["ingestion.github-initial-sync Inngest function"],"fullName":"ingestion.github-initial-sync Inngest function dispatched events include owner, repo, sha, path, and connectionId","status":"passed","title":"dispatched events include owner, repo, sha, path, and connectionId","duration":0.26470800000015515,"failureMessages":[],"meta":{}},{"ancestorTitles":["ingestion.github-initial-sync Inngest function"],"fullName":"ingestion.github-initial-sync Inngest function calls upsertSourceConnectionMeta inside runInTenantScope","status":"passed","title":"calls upsertSourceConnectionMeta inside runInTenantScope","duration":0.2338329999997768,"failureMessages":[],"meta":{}},{"ancestorTitles":["ingestion.github-initial-sync Inngest function"],"fullName":"ingestion.github-initial-sync Inngest function calls withSystemDb to update source_connections status to active","status":"passed","title":"calls withSystemDb to update source_connections status to active","duration":0.11304199999995035,"failureMessages":[],"meta":{}},{"ancestorTitles":["ingestion.github-initial-sync Inngest function"],"fullName":"ingestion.github-initial-sync Inngest function returns connectionId, owner, repo, and fileCount","status":"passed","title":"returns connectionId, owner, repo, and fileCount","duration":0.12375000000020009,"failureMessages":[],"meta":{}},{"ancestorTitles":["ingestion.github-initial-sync Inngest function"],"fullName":"ingestion.github-initial-sync Inngest function throws when GitHub tree API returns non-OK status","status":"passed","title":"throws when GitHub tree API returns non-OK status","duration":0.6121669999997721,"failureMessages":[],"meta":{}},{"ancestorTitles":["ingestion.github-initial-sync Inngest function"],"fullName":"ingestion.github-initial-sync Inngest function throws when no oauth token is found","status":"passed","title":"throws when no oauth token is found","duration":0.15591700000004494,"failureMessages":[],"meta":{}},{"ancestorTitles":["ingestion.github-initial-sync Inngest function"],"fullName":"ingestion.github-initial-sync Inngest function dispatches files in batches when tree has > 50 files","status":"passed","title":"dispatches files in batches when tree has > 50 files","duration":0.17133400000011534,"failureMessages":[],"meta":{}}],"startTime":1781072010078,"endTime":1781072010083.1714,"status":"passed","message":"","name":"/Users/macanderson/oxagen-monorepo/packages/inngest-functions/src/functions/__tests__/ingestion.github-initial-sync.test.ts"},{"assertionResults":[{"ancestorTitles":["ingestion.github-parse-file Inngest function"],"fullName":"ingestion.github-parse-file Inngest function registers with correct id, retries, and concurrency","status":"passed","title":"registers with correct id, retries, and concurrency","duration":5.754124999999931,"failureMessages":[],"meta":{}},{"ancestorTitles":["ingestion.github-parse-file Inngest function"],"fullName":"ingestion.github-parse-file Inngest function fetches access token from oauth_accounts via withSystemDb","status":"passed","title":"fetches access token from oauth_accounts via withSystemDb","duration":7.0871250000000146,"failureMessages":[],"meta":{}},{"ancestorTitles":["ingestion.github-parse-file Inngest function"],"fullName":"ingestion.github-parse-file Inngest function fetches raw blob content with Accept: application/vnd.github.v3.raw","status":"passed","title":"fetches raw blob content with Accept: application/vnd.github.v3.raw","duration":0.842542000000094,"failureMessages":[],"meta":{}},{"ancestorTitles":["ingestion.github-parse-file Inngest function"],"fullName":"ingestion.github-parse-file Inngest function calls parseSourceFile with the file path and content","status":"passed","title":"calls parseSourceFile with the file path and content","duration":0.2605829999999969,"failureMessages":[],"meta":{}},{"ancestorTitles":["ingestion.github-parse-file Inngest function"],"fullName":"ingestion.github-parse-file Inngest function calls scopedSession to MERGE SourceFile node in Neo4j","status":"passed","title":"calls scopedSession to MERGE SourceFile node in Neo4j","duration":0.22145900000009533,"failureMessages":[],"meta":{}},{"ancestorTitles":["ingestion.github-parse-file Inngest function"],"fullName":"ingestion.github-parse-file Inngest function calls scopedSession to MERGE SourceSymbol nodes when symbols exist","status":"passed","title":"calls scopedSession to MERGE SourceSymbol nodes when symbols exist","duration":0.15095799999994597,"failureMessages":[],"meta":{}},{"ancestorTitles":["ingestion.github-parse-file Inngest function"],"fullName":"ingestion.github-parse-file Inngest function uses correct symbol natural key format","status":"passed","title":"uses correct symbol natural key format","duration":0.1485419999999067,"failureMessages":[],"meta":{}},{"ancestorTitles":["ingestion.github-parse-file Inngest function"],"fullName":"ingestion.github-parse-file Inngest function calls embedText with path + language + symbol names","status":"passed","title":"calls embedText with path + language + symbol names","duration":0.27279199999998127,"failureMessages":[],"meta":{}},{"ancestorTitles":["ingestion.github-parse-file Inngest function"],"fullName":"ingestion.github-parse-file Inngest function fires ingestion/github.infer-features event when language is known and symbols exist","status":"passed","title":"fires ingestion/github.infer-features event when language is known and symbols exist","duration":0.27224999999998545,"failureMessages":[],"meta":{}},{"ancestorTitles":["ingestion.github-parse-file Inngest function"],"fullName":"ingestion.github-parse-file Inngest function does NOT fire infer-features when language is unknown","status":"passed","title":"does NOT fire infer-features when language is unknown","duration":0.1829579999998714,"failureMessages":[],"meta":{}},{"ancestorTitles":["ingestion.github-parse-file Inngest function"],"fullName":"ingestion.github-parse-file Inngest function does NOT fire infer-features when symbols array is empty","status":"passed","title":"does NOT fire infer-features when symbols array is empty","duration":0.11616699999990487,"failureMessages":[],"meta":{}},{"ancestorTitles":["ingestion.github-parse-file Inngest function"],"fullName":"ingestion.github-parse-file Inngest function returns { skipped: true } when file content exceeds 500KB","status":"passed","title":"returns { skipped: true } when file content exceeds 500KB","duration":0.1242499999998472,"failureMessages":[],"meta":{}},{"ancestorTitles":["ingestion.github-parse-file Inngest function"],"fullName":"ingestion.github-parse-file Inngest function returns path, fileId, language, and symbolCount on success","status":"passed","title":"returns path, fileId, language, and symbolCount on success","duration":0.094333000000006,"failureMessages":[],"meta":{}},{"ancestorTitles":["ingestion.github-parse-file Inngest function"],"fullName":"ingestion.github-parse-file Inngest function does NOT upsert symbols when parse returns no symbols","status":"passed","title":"does NOT upsert symbols when parse returns no symbols","duration":0.11254200000007586,"failureMessages":[],"meta":{}},{"ancestorTitles":["ingestion.github-parse-file Inngest function"],"fullName":"ingestion.github-parse-file Inngest function throws when no oauth token is found","status":"passed","title":"throws when no oauth token is found","duration":0.5437090000000353,"failureMessages":[],"meta":{}},{"ancestorTitles":["ingestion.github-parse-file Inngest function"],"fullName":"ingestion.github-parse-file Inngest function throws when GitHub blob API returns non-OK status","status":"passed","title":"throws when GitHub blob API returns non-OK status","duration":0.137958000000026,"failureMessages":[],"meta":{}}],"startTime":1781072009316,"endTime":1781072009332.138,"status":"passed","message":"","name":"/Users/macanderson/oxagen-monorepo/packages/inngest-functions/src/functions/__tests__/ingestion.github-parse-file.test.ts"},{"assertionResults":[{"ancestorTitles":["ingestion.pipeline Inngest function","no entity type mapping configured"],"fullName":"ingestion.pipeline Inngest function no entity type mapping configured returns { skipped: true } when no mapping row exists","status":"passed","title":"returns { skipped: true } when no mapping row exists","duration":6.871874999999818,"failureMessages":[],"meta":{}},{"ancestorTitles":["ingestion.pipeline Inngest function","no entity type mapping configured"],"fullName":"ingestion.pipeline Inngest function no entity type mapping configured does not call embedEntity or upsertEntityNode when skipped","status":"passed","title":"does not call embedEntity or upsertEntityNode when skipped","duration":0.7306659999994736,"failureMessages":[],"meta":{}},{"ancestorTitles":["ingestion.pipeline Inngest function","mapping exists — happy path"],"fullName":"ingestion.pipeline Inngest function mapping exists — happy path returns naturalKey and action on success","status":"passed","title":"returns naturalKey and action on success","duration":0.6632500000005166,"failureMessages":[],"meta":{}},{"ancestorTitles":["ingestion.pipeline Inngest function","mapping exists — happy path"],"fullName":"ingestion.pipeline Inngest function mapping exists — happy path runs 5 step.run calls and 1 step.sendEvent","status":"passed","title":"runs 5 step.run calls and 1 step.sendEvent","duration":1.442124999999578,"failureMessages":[],"meta":{}},{"ancestorTitles":["ingestion.pipeline Inngest function","mapping exists — happy path"],"fullName":"ingestion.pipeline Inngest function mapping exists — happy path calls getConnector with the connectorType","status":"passed","title":"calls getConnector with the connectorType","duration":0.21641700000054698,"failureMessages":[],"meta":{}},{"ancestorTitles":["ingestion.pipeline Inngest function","mapping exists — happy path"],"fullName":"ingestion.pipeline Inngest function mapping exists — happy path applies property mappings from the entity_type_mappings row","status":"passed","title":"applies property mappings from the entity_type_mappings row","duration":2.894959000000199,"failureMessages":[],"meta":{}},{"ancestorTitles":["ingestion.pipeline Inngest function","mapping exists — happy path"],"fullName":"ingestion.pipeline Inngest function mapping exists — happy path fires ingestion/entity.infer event as the 6th step action","status":"passed","title":"fires ingestion/entity.infer event as the 6th step action","duration":2.2144170000001395,"failureMessages":[],"meta":{}},{"ancestorTitles":["ingestion.pipeline Inngest function","mapping exists — happy path"],"fullName":"ingestion.pipeline Inngest function mapping exists — happy path calls embedEntity with correct EmbedRequest","status":"passed","title":"calls embedEntity with correct EmbedRequest","duration":0.24383300000044983,"failureMessages":[],"meta":{}},{"ancestorTitles":["ingestion.pipeline Inngest function","mapping exists — happy path"],"fullName":"ingestion.pipeline Inngest function mapping exists — happy path calls upsertEntityNode with the assembled mutation","status":"passed","title":"calls upsertEntityNode with the assembled mutation","duration":0.1969169999993028,"failureMessages":[],"meta":{}},{"ancestorTitles":["ingestion.pipeline Inngest function","error propagation (step retry)"],"fullName":"ingestion.pipeline Inngest function error propagation (step retry) propagates upsertEntityNode error so Inngest retries the step","status":"passed","title":"propagates upsertEntityNode error so Inngest retries the step","duration":0.7390420000001541,"failureMessages":[],"meta":{}},{"ancestorTitles":["ingestion.pipeline Inngest function","error propagation (step retry)"],"fullName":"ingestion.pipeline Inngest function error propagation (step retry) propagates embedEntity error for retry","status":"passed","title":"propagates embedEntity error for retry","duration":0.21241600000030303,"failureMessages":[],"meta":{}},{"ancestorTitles":["ingestion.pipeline Inngest function","dedup pass A (naturalKey found)"],"fullName":"ingestion.pipeline Inngest function dedup pass A (naturalKey found) returns updated_principal action when pass A finds an existing node","status":"passed","title":"returns updated_principal action when pass A finds an existing node","duration":0.1352919999999358,"failureMessages":[],"meta":{}}],"startTime":1781072011933,"endTime":1781072011950.2124,"status":"passed","message":"","name":"/Users/macanderson/oxagen-monorepo/packages/inngest-functions/src/functions/__tests__/ingestion.pipeline.test.ts"}]}
@oxagen/agent:test:unit: {"numTotalTestSuites":61,"numPassedTestSuites":61,"numFailedTestSuites":0,"numPendingTestSuites":0,"numTotalTests":150,"numPassedTests":150,"numFailedTests":0,"numPendingTests":0,"numTodoTests":0,"snapshot":{"added":0,"failure":false,"filesAdded":0,"filesRemoved":0,"filesRemovedList":[],"filesUnmatched":0,"filesUpdated":0,"matched":0,"total":0,"unchecked":0,"uncheckedKeysByFile":[],"unmatched":0,"updated":0,"didUpdate":false},"startTime":1781072008070,"success":true,"testResults":[{"assertionResults":[{"ancestorTitles":["buildChatSystemPrompt"],"fullName":"buildChatSystemPrompt returns a non-empty string","status":"passed","title":"returns a non-empty string","duration":8.67554199999995,"failureMessages":[],"meta":{}},{"ancestorTitles":["buildChatSystemPrompt","identity + context section"],"fullName":"buildChatSystemPrompt identity + context section interpolates orgName into the identity line","status":"passed","title":"interpolates orgName into the identity line","duration":0.24254199999995762,"failureMessages":[],"meta":{}},{"ancestorTitles":["buildChatSystemPrompt","identity + context section"],"fullName":"buildChatSystemPrompt identity + context section interpolates workspaceName into the identity line","status":"passed","title":"interpolates workspaceName into the identity line","duration":0.1297919999997248,"failureMessages":[],"meta":{}},{"ancestorTitles":["buildChatSystemPrompt","identity + context section"],"fullName":"buildChatSystemPrompt identity + context section includes orgSlug in the identity line","status":"passed","title":"includes orgSlug in the identity line","duration":0.12370800000007875,"failureMessages":[],"meta":{}},{"ancestorTitles":["buildChatSystemPrompt","identity + context section"],"fullName":"buildChatSystemPrompt identity + context section includes workspaceSlug in the identity line","status":"passed","title":"includes workspaceSlug in the identity line","duration":0.11099999999987631,"failureMessages":[],"meta":{}},{"ancestorTitles":["buildChatSystemPrompt","identity + context section"],"fullName":"buildChatSystemPrompt identity + context section repeats org and workspace context in the footer","status":"passed","title":"repeats org and workspace context in the footer","duration":0.15391700000054698,"failureMessages":[],"meta":{}},{"ancestorTitles":["buildChatSystemPrompt","UI rendering guidance section"],"fullName":"buildChatSystemPrompt UI rendering guidance section mentions create-workspace-inline component","status":"passed","title":"mentions create-workspace-inline component","duration":0.11391699999967386,"failureMessages":[],"meta":{}},{"ancestorTitles":["buildChatSystemPrompt","UI rendering guidance section"],"fullName":"buildChatSystemPrompt UI rendering guidance section mentions create-org-inline component","status":"passed","title":"mentions create-org-inline component","duration":0.08541700000023411,"failureMessages":[],"meta":{}},{"ancestorTitles":["buildChatSystemPrompt","UI rendering guidance section"],"fullName":"buildChatSystemPrompt UI rendering guidance section mentions invite-member-inline component","status":"passed","title":"mentions invite-member-inline component","duration":0.07412500000009459,"failureMessages":[],"meta":{}},{"ancestorTitles":["buildChatSystemPrompt","UI rendering guidance section"],"fullName":"buildChatSystemPrompt UI rendering guidance section mentions model-settings-inline component","status":"passed","title":"mentions model-settings-inline component","duration":0.060084000000642845,"failureMessages":[],"meta":{}},{"ancestorTitles":["buildChatSystemPrompt","UI rendering guidance section"],"fullName":"buildChatSystemPrompt UI rendering guidance section mentions billing-upgrade-inline component","status":"passed","title":"mentions billing-upgrade-inline component","duration":0.04658300000028248,"failureMessages":[],"meta":{}},{"ancestorTitles":["buildChatSystemPrompt","UI rendering guidance section"],"fullName":"buildChatSystemPrompt UI rendering guidance section mentions credits-purchase-inline component","status":"passed","title":"mentions credits-purchase-inline component","duration":0.06412499999987631,"failureMessages":[],"meta":{}},{"ancestorTitles":["buildChatSystemPrompt","UI rendering guidance section"],"fullName":"buildChatSystemPrompt UI rendering guidance section mentions confirm-destructive-inline for destructive actions","status":"passed","title":"mentions confirm-destructive-inline for destructive actions","duration":0.0422919999991791,"failureMessages":[],"meta":{}},{"ancestorTitles":["buildChatSystemPrompt","UI rendering guidance section"],"fullName":"buildChatSystemPrompt UI rendering guidance section references agent.ui.render as the tool to call","status":"passed","title":"references agent.ui.render as the tool to call","duration":0.03920800000014424,"failureMessages":[],"meta":{}},{"ancestorTitles":["buildChatSystemPrompt","UI rendering guidance section"],"fullName":"buildChatSystemPrompt UI rendering guidance section explains that api.key.create handles its own render directive","status":"passed","title":"explains that api.key.create handles its own render directive","duration":0.04737500000010186,"failureMessages":[],"meta":{}},{"ancestorTitles":["buildChatSystemPrompt","direct-action guidance section"],"fullName":"buildChatSystemPrompt direct-action guidance section mentions workspace.create as a direct-call capability","status":"passed","title":"mentions workspace.create as a direct-call capability","duration":0.04224999999951251,"failureMessages":[],"meta":{}},{"ancestorTitles":["buildChatSystemPrompt","direct-action guidance section"],"fullName":"buildChatSystemPrompt direct-action guidance section mentions api.key.create as a direct-call capability","status":"passed","title":"mentions api.key.create as a direct-call capability","duration":0.037542000000030384,"failureMessages":[],"meta":{}},{"ancestorTitles":["buildChatSystemPrompt","direct-action guidance section"],"fullName":"buildChatSystemPrompt direct-action guidance section instructs to invoke directly when all params are known","status":"passed","title":"instructs to invoke directly when all params are known","duration":0.052958000000217,"failureMessages":[],"meta":{}},{"ancestorTitles":["buildChatSystemPrompt","workflow guidance section"],"fullName":"buildChatSystemPrompt workflow guidance section references workflow.run for large parallel tasks","status":"passed","title":"references workflow.run for large parallel tasks","duration":0.05529099999967002,"failureMessages":[],"meta":{}},{"ancestorTitles":["buildChatSystemPrompt","workflow guidance section"],"fullName":"buildChatSystemPrompt workflow guidance section specifies threshold of 10+ tasks for workflow.run","status":"passed","title":"specifies threshold of 10+ tasks for workflow.run","duration":0.038166999999702966,"failureMessages":[],"meta":{}},{"ancestorTitles":["buildChatSystemPrompt","workflow guidance section"],"fullName":"buildChatSystemPrompt workflow guidance section instructs agent.plan.create for N > 20 tasks before dispatching","status":"passed","title":"instructs agent.plan.create for N > 20 tasks before dispatching","duration":0.07604100000025937,"failureMessages":[],"meta":{}},{"ancestorTitles":["buildChatSystemPrompt","workflow guidance section"],"fullName":"buildChatSystemPrompt workflow guidance section allows skipping approval for N <= 20 tasks","status":"passed","title":"allows skipping approval for N <= 20 tasks","duration":0.05041700000037963,"failureMessages":[],"meta":{}},{"ancestorTitles":["buildChatSystemPrompt","workflow guidance section"],"fullName":"buildChatSystemPrompt workflow guidance section includes recognizable large-task examples","status":"passed","title":"includes recognizable large-task examples","duration":0.03612500000053842,"failureMessages":[],"meta":{}},{"ancestorTitles":["buildChatSystemPrompt","subagent guidance section"],"fullName":"buildChatSystemPrompt subagent guidance section references agent.subagent.dispatch for 2-9 parallel tasks","status":"passed","title":"references agent.subagent.dispatch for 2-9 parallel tasks","duration":0.042083000000275206,"failureMessages":[],"meta":{}},{"ancestorTitles":["buildChatSystemPrompt","subagent guidance section"],"fullName":"buildChatSystemPrompt subagent guidance section specifies the 2-9 task range for subagent dispatch","status":"passed","title":"specifies the 2-9 task range for subagent dispatch","duration":0.03650000000016007,"failureMessages":[],"meta":{}},{"ancestorTitles":["buildChatSystemPrompt","subagent guidance section"],"fullName":"buildChatSystemPrompt subagent guidance section explains subagent dispatch is faster than workflow.run","status":"passed","title":"explains subagent dispatch is faster than workflow.run","duration":0.0382499999996071,"failureMessages":[],"meta":{}},{"ancestorTitles":["buildChatSystemPrompt","interpolation correctness"],"fullName":"buildChatSystemPrompt interpolation correctness uses different values for a different context","status":"passed","title":"uses different values for a different context","duration":0.11516699999992852,"failureMessages":[],"meta":{}},{"ancestorTitles":["buildChatSystemPrompt","interpolation correctness"],"fullName":"buildChatSystemPrompt interpolation correctness slugs appear in both the header and footer","status":"passed","title":"slugs appear in both the header and footer","duration":0.09816700000010314,"failureMessages":[],"meta":{}},{"ancestorTitles":["buildChatSystemPrompt","interpolation correctness"],"fullName":"buildChatSystemPrompt interpolation correctness handles special characters in org/workspace names without breaking the prompt","status":"passed","title":"handles special characters in org/workspace names without breaking the prompt","duration":0.04716699999971752,"failureMessages":[],"meta":{}}],"startTime":1781072015325,"endTime":1781072015336.1152,"status":"passed","message":"","name":"/Users/macanderson/oxagen-monorepo/packages/agent/src/system-prompt.test.ts"},{"assertionResults":[{"ancestorTitles":["mcp-client"],"fullName":"mcp-client connectMcp builds transport with URL + bearer auth and calls client.connect","status":"passed","title":"connectMcp builds transport with URL + bearer auth and calls client.connect","duration":8.980207999999948,"failureMessages":[],"meta":{}},{"ancestorTitles":["mcp-client"],"fullName":"mcp-client listMcpTools returns the discovered tool names","status":"passed","title":"listMcpTools returns the discovered tool names","duration":0.9453330000005735,"failureMessages":[],"meta":{}},{"ancestorTitles":["mcp-client"],"fullName":"mcp-client materializeMcpTools wraps each remote tool as an AI SDK tool","status":"passed","title":"materializeMcpTools wraps each remote tool as an AI SDK tool","duration":41.408292000000074,"failureMessages":[],"meta":{}},{"ancestorTitles":["mcp-client"],"fullName":"mcp-client healthcheck returns healthy when the client responds","status":"passed","title":"healthcheck returns healthy when the client responds","duration":0.24129199999970297,"failureMessages":[],"meta":{}},{"ancestorTitles":["mcp-client"],"fullName":"mcp-client healthcheck returns unreachable on connect error","status":"passed","title":"healthcheck returns unreachable on connect error","duration":86.54449999999997,"failureMessages":[],"meta":{}}],"startTime":1781072015325,"endTime":1781072015463.5444,"status":"passed","message":"","name":"/Users/macanderson/oxagen-monorepo/packages/agent/src/dispatch/mcp-client.test.ts"},{"assertionResults":[{"ancestorTitles":["subagent dispatch"],"fullName":"subagent dispatch dispatchFanout inserts fanout + child rows in one batch and sends Inngest event","status":"passed","title":"dispatchFanout inserts fanout + child rows in one batch and sends Inngest event","duration":1.5668750000004366,"failureMessages":[],"meta":{}},{"ancestorTitles":["subagent dispatch"],"fullName":"subagent dispatch readFanout returns current state when fanout exists","status":"passed","title":"readFanout returns current state when fanout exists","duration":0.43099999999958527,"failureMessages":[],"meta":{}},{"ancestorTitles":["subagent dispatch"],"fullName":"subagent dispatch readFanout returns null when fanout row is absent","status":"passed","title":"readFanout returns null when fanout row is absent","duration":0.09054100000048493,"failureMessages":[],"meta":{}}],"startTime":1781072013198,"endTime":1781072013200.431,"status":"passed","message":"","name":"/Users/macanderson/oxagen-monorepo/packages/agent/src/dispatch/subagent.test.ts"},{"assertionResults":[{"ancestorTitles":["hooks runtime"],"fullName":"hooks runtime beforeTool writes one execution_logs row with info level","status":"passed","title":"beforeTool writes one execution_logs row with info level","duration":4.972750000000133,"failureMessages":[],"meta":{}},{"ancestorTitles":["hooks runtime"],"fullName":"hooks runtime afterTool writes execution_logs","status":"passed","title":"afterTool writes execution_logs","duration":0.15254099999992832,"failureMessages":[],"meta":{}},{"ancestorTitles":["hooks runtime"],"fullName":"hooks runtime omits step_id as null (not empty string) when no stepId is provided","status":"passed","title":"omits step_id as null (not empty string) when no stepId is provided","duration":12.141959000000043,"failureMessages":[],"meta":{}},{"ancestorTitles":["hooks runtime"],"fullName":"hooks runtime passes a provided stepId through to step_id","status":"passed","title":"passes a provided stepId through to step_id","duration":0.15487500000017462,"failureMessages":[],"meta":{}},{"ancestorTitles":["hooks runtime"],"fullName":"hooks runtime onError writes execution_logs with error level","status":"passed","title":"onError writes execution_logs with error level","duration":0.796500000000151,"failureMessages":[],"meta":{}},{"ancestorTitles":["hooks runtime"],"fullName":"hooks runtime hook still resolves when telemetry client throws (failure-isolated)","status":"passed","title":"hook still resolves when telemetry client throws (failure-isolated)","duration":5.342333000000053,"failureMessages":[],"meta":{}}],"startTime":1781072012897,"endTime":1781072012920.3423,"status":"passed","message":"","name":"/Users/macanderson/oxagen-monorepo/packages/agent/src/hooks/runtime.test.ts"},{"assertionResults":[{"ancestorTitles":["agent.approval.resolve handler"],"fullName":"agent.approval.resolve handler approves when a row is updated and emits NOTIFY","status":"passed","title":"approves when a row is updated and emits NOTIFY","duration":6.007625000000189,"failureMessages":[],"meta":{}},{"ancestorTitles":["agent.approval.resolve handler"],"fullName":"agent.approval.resolve handler returns expired when no rows are updated","status":"passed","title":"returns expired when no rows are updated","duration":0.6404590000001917,"failureMessages":[],"meta":{}}],"startTime":1781072013569,"endTime":1781072013575.6404,"status":"passed","message":"","name":"/Users/macanderson/oxagen-monorepo/packages/agent/src/handlers/agent.approval.resolve.test.ts"},{"assertionResults":[{"ancestorTitles":["agent.code.execute handler"],"fullName":"agent.code.execute handler returns sandbox result mapped to contract output","status":"passed","title":"returns sandbox result mapped to contract output","duration":1.6043339999998807,"failureMessages":[],"meta":{}},{"ancestorTitles":["agent.code.execute handler"],"fullName":"agent.code.execute handler throws when sandbox is unavailable","status":"passed","title":"throws when sandbox is unavailable","duration":0.7237499999998818,"failureMessages":[],"meta":{}},{"ancestorTitles":["agent.code.execute handler"],"fullName":"agent.code.execute handler passes env vars and stdin to sandbox","status":"passed","title":"passes env vars and stdin to sandbox","duration":0.30533300000001873,"failureMessages":[],"meta":{}},{"ancestorTitles":["agent.code.execute handler"],"fullName":"agent.code.execute handler surfaces timed-out and oom-killed flags from sandbox result","status":"passed","title":"surfaces timed-out and oom-killed flags from sandbox result","duration":0.20058399999993526,"failureMessages":[],"meta":{}}],"startTime":1781072010045,"endTime":1781072010048.3054,"status":"passed","message":"","name":"/Users/macanderson/oxagen-monorepo/packages/agent/src/handlers/agent.code.execute.test.ts"},{"assertionResults":[{"ancestorTitles":["agent.mcp.list handler"],"fullName":"agent.mcp.list handler returns an empty server list when no rows exist","status":"passed","title":"returns an empty server list when no rows exist","duration":2.5245420000001104,"failureMessages":[],"meta":{}},{"ancestorTitles":["agent.mcp.list handler"],"fullName":"agent.mcp.list handler maps rows to the expected output shape","status":"passed","title":"maps rows to the expected output shape","duration":2.1304999999997563,"failureMessages":[],"meta":{}},{"ancestorTitles":["agent.mcp.list handler"],"fullName":"agent.mcp.list handler sets toolCount to 0 when discoveredTools is not an array","status":"passed","title":"sets toolCount to 0 when discoveredTools is not an array","duration":0.32404100000030667,"failureMessages":[],"meta":{}},{"ancestorTitles":["agent.mcp.list handler"],"fullName":"agent.mcp.list handler scopes query to orgId and workspaceId from context (tenant isolation)","status":"passed","title":"scopes query to orgId and workspaceId from context (tenant isolation)","duration":0.17412500000000364,"failureMessages":[],"meta":{}}],"startTime":1781072016134,"endTime":1781072016139.324,"status":"passed","message":"","name":"/Users/macanderson/oxagen-monorepo/packages/agent/src/handlers/agent.mcp.list.test.ts"},{"assertionResults":[{"ancestorTitles":["agent.mcp.register handler"],"fullName":"agent.mcp.register handler runs healthcheck for streamable-http transport and inserts the row","status":"passed","title":"runs healthcheck for streamable-http transport and inserts the row","duration":1.8513750000001892,"failureMessages":[],"meta":{}},{"ancestorTitles":["agent.mcp.register handler"],"fullName":"agent.mcp.register handler skips healthcheck for non-http transport and inserts with degraded status","status":"passed","title":"skips healthcheck for non-http transport and inserts with degraded status","duration":0.2009170000001177,"failureMessages":[],"meta":{}},{"ancestorTitles":["agent.mcp.register handler"],"fullName":"agent.mcp.register handler throws when the insert returns no row","status":"passed","title":"throws when the insert returns no row","duration":0.5753750000003492,"failureMessages":[],"meta":{}},{"ancestorTitles":["agent.mcp.register handler"],"fullName":"agent.mcp.register handler inserts row with orgId and workspaceId scoped from context (tenant isolation)","status":"passed","title":"inserts row with orgId and workspaceId scoped from context (tenant isolation)","duration":0.09304200000042329,"failureMessages":[],"meta":{}}],"startTime":1781072012985,"endTime":1781072012988.093,"status":"passed","message":"","name":"/Users/macanderson/oxagen-monorepo/packages/agent/src/handlers/agent.mcp.register.test.ts"},{"assertionResults":[{"ancestorTitles":["agent.memory.recall handler"],"fullName":"agent.memory.recall handler embeds the query and forwards filters to recallMemories","status":"passed","title":"embeds the query and forwards filters to recallMemories","duration":1.6272500000000036,"failureMessages":[],"meta":{}},{"ancestorTitles":["agent.memory.recall handler"],"fullName":"agent.memory.recall handler returns { memories: [] } immediately when knowledge graph is disabled","status":"passed","title":"returns { memories: [] } immediately when knowledge graph is disabled","duration":0.187041000000022,"failureMessages":[],"meta":{}}],"startTime":1781072014009,"endTime":1781072014011.187,"status":"passed","message":"","name":"/Users/macanderson/oxagen-monorepo/packages/agent/src/handlers/agent.memory.recall.test.ts"},{"assertionResults":[{"ancestorTitles":["agent.memory.write handler"],"fullName":"agent.memory.write handler forwards inputs to writeMemory and returns memoryId + nodeRef","status":"passed","title":"forwards inputs to writeMemory and returns memoryId + nodeRef","duration":3.334333000000015,"failureMessages":[],"meta":{}},{"ancestorTitles":["agent.memory.write handler"],"fullName":"agent.memory.write handler no-ops when knowledge graph is disabled — returns valid output without touching Neo4j or embeddings","status":"passed","title":"no-ops when knowledge graph is disabled — returns valid output without touching Neo4j or embeddings","duration":0.19500000000005002,"failureMessages":[],"meta":{}}],"startTime":1781072014013,"endTime":1781072014016.3342,"status":"passed","message":"","name":"/Users/macanderson/oxagen-monorepo/packages/agent/src/handlers/agent.memory.write.test.ts"},{"assertionResults":[{"ancestorTitles":["agent.plan.approve handler"],"fullName":"agent.plan.approve handler issues pg_notify with planId and status as bound parameters","status":"passed","title":"issues pg_notify with planId and status as bound parameters","duration":5.296250000000327,"failureMessages":[],"meta":{}},{"ancestorTitles":["agent.plan.approve handler"],"fullName":"agent.plan.approve handler hostile planId with SQL metacharacters does not corrupt query or payload","status":"passed","title":"hostile planId with SQL metacharacters does not corrupt query or payload","duration":0.233791999999994,"failureMessages":[],"meta":{}}],"startTime":1781072012956,"endTime":1781072012961.2961,"status":"passed","message":"","name":"/Users/macanderson/oxagen-monorepo/packages/agent/src/handlers/agent.plan.approve.test.ts"},{"assertionResults":[{"ancestorTitles":["agent.plan.create handler"],"fullName":"agent.plan.create handler inserts a plan and returns planId + status","status":"passed","title":"inserts a plan and returns planId + status","duration":1.4853339999999662,"failureMessages":[],"meta":{}},{"ancestorTitles":["agent.plan.create handler"],"fullName":"agent.plan.create handler sets status to draft when approvalRequired is false","status":"passed","title":"sets status to draft when approvalRequired is false","duration":0.10674999999991996,"failureMessages":[],"meta":{}},{"ancestorTitles":["agent.plan.create handler"],"fullName":"agent.plan.create handler rejects tasks with unknown dependsOn references","status":"passed","title":"rejects tasks with unknown dependsOn references","duration":0.48683300000084273,"failureMessages":[],"meta":{}},{"ancestorTitles":["agent.plan.create handler"],"fullName":"agent.plan.create handler rejects tasks with unknown parentTaskId","status":"passed","title":"rejects tasks with unknown parentTaskId","duration":0.10879099999965547,"failureMessages":[],"meta":{}},{"ancestorTitles":["agent.plan.create handler"],"fullName":"agent.plan.create handler rejects plans with more than 100 tasks","status":"passed","title":"rejects plans with more than 100 tasks","duration":0.12641699999949196,"failureMessages":[],"meta":{}},{"ancestorTitles":["agent.plan.create handler"],"fullName":"agent.plan.create handler throws when db insert returns no rows","status":"passed","title":"throws when db insert returns no rows","duration":0.12987499999962893,"failureMessages":[],"meta":{}},{"ancestorTitles":["agent.plan.create handler"],"fullName":"agent.plan.create handler passes messageId to the insert when provided","status":"passed","title":"passes messageId to the insert when provided","duration":0.0945000000001528,"failureMessages":[],"meta":{}}],"startTime":1781072013038,"endTime":1781072013041.0945,"status":"passed","message":"","name":"/Users/macanderson/oxagen-monorepo/packages/agent/src/handlers/agent.plan.create.test.ts"},{"assertionResults":[{"ancestorTitles":["agent.skill.list handler"],"fullName":"agent.skill.list handler returns an empty skill list when no rows exist","status":"passed","title":"returns an empty skill list when no rows exist","duration":8.216208000000279,"failureMessages":[],"meta":{}},{"ancestorTitles":["agent.skill.list handler"],"fullName":"agent.skill.list handler maps rows to the expected output shape","status":"passed","title":"maps rows to the expected output shape","duration":6.09841600000027,"failureMessages":[],"meta":{}},{"ancestorTitles":["agent.skill.list handler"],"fullName":"agent.skill.list handler applies ilike filter when input.filter is provided","status":"passed","title":"applies ilike filter when input.filter is provided","duration":0.16424999999981083,"failureMessages":[],"meta":{}},{"ancestorTitles":["agent.skill.list handler"],"fullName":"agent.skill.list handler scopes query to orgId and workspaceId from context (tenant isolation)","status":"passed","title":"scopes query to orgId and workspaceId from context (tenant isolation)","duration":0.07837500000005093,"failureMessages":[],"meta":{}}],"startTime":1781072016447,"endTime":1781072016462.0784,"status":"passed","message":"","name":"/Users/macanderson/oxagen-monorepo/packages/agent/src/handlers/agent.skill.list.test.ts"},{"assertionResults":[{"ancestorTitles":["agent.skill.load handler"],"fullName":"agent.skill.load handler returns loaded=false when skill not found","status":"passed","title":"returns loaded=false when skill not found","duration":8.630833999999595,"failureMessages":[],"meta":{}},{"ancestorTitles":["agent.skill.load handler"],"fullName":"agent.skill.load handler returns loaded=false when no version matches constraint","status":"passed","title":"returns loaded=false when no version matches constraint","duration":0.2703330000003916,"failureMessages":[],"meta":{}},{"ancestorTitles":["agent.skill.load handler"],"fullName":"agent.skill.load handler loads latest version when no constraint given","status":"passed","title":"loads latest version when no constraint given","duration":0.2776659999999538,"failureMessages":[],"meta":{}},{"ancestorTitles":["agent.skill.load handler"],"fullName":"agent.skill.load handler matches caret constraint (>=N)","status":"passed","title":"matches caret constraint (>=N)","duration":0.14870799999971496,"failureMessages":[],"meta":{}},{"ancestorTitles":["agent.skill.load handler"],"fullName":"agent.skill.load handler matches tilde constraint (exact major)","status":"passed","title":"matches tilde constraint (exact major)","duration":0.09174999999959255,"failureMessages":[],"meta":{}},{"ancestorTitles":["agent.skill.load handler"],"fullName":"agent.skill.load handler collects dependency errors without failing primary load","status":"passed","title":"collects dependency errors without failing primary load","duration":0.17237500000010186,"failureMessages":[],"meta":{}},{"ancestorTitles":["agent.skill.load handler"],"fullName":"agent.skill.load handler returns empty capabilities when body has no capability markers","status":"passed","title":"returns empty capabilities when body has no capability markers","duration":0.2733330000000933,"failureMessages":[],"meta":{}}],"startTime":1781072012957,"endTime":1781072012967.2734,"status":"passed","message":"","name":"/Users/macanderson/oxagen-monorepo/packages/agent/src/handlers/agent.skill.load.test.ts"},{"assertionResults":[{"ancestorTitles":["agent.subagent.aggregate handler"],"fullName":"agent.subagent.aggregate handler merges non-conflicting outputs from all completed children","status":"passed","title":"merges non-conflicting outputs from all completed children","duration":2.1502089999994496,"failureMessages":[],"meta":{}},{"ancestorTitles":["agent.subagent.aggregate handler"],"fullName":"agent.subagent.aggregate handler detects conflicts when two runs produce different values for the same key","status":"passed","title":"detects conflicts when two runs produce different values for the same key","duration":0.6073749999995925,"failureMessages":[],"meta":{}},{"ancestorTitles":["agent.subagent.aggregate handler"],"fullName":"agent.subagent.aggregate handler no conflict when two runs produce the same value for the same key","status":"passed","title":"no conflict when two runs produce the same value for the same key","duration":0.18229100000007747,"failureMessages":[],"meta":{}},{"ancestorTitles":["agent.subagent.aggregate handler"],"fullName":"agent.subagent.aggregate handler returns failed status and firstError when any child run failed","status":"passed","title":"returns failed status and firstError when any child run failed","duration":0.14291700000012497,"failureMessages":[],"meta":{}},{"ancestorTitles":["agent.subagent.aggregate handler"],"fullName":"agent.subagent.aggregate handler throws when fanout is not found","status":"passed","title":"throws when fanout is not found","duration":0.5006659999999101,"failureMessages":[],"meta":{}}],"startTime":1781072013153,"endTime":1781072013156.5007,"status":"passed","message":"","name":"/Users/macanderson/oxagen-monorepo/packages/agent/src/handlers/agent.subagent.aggregate.test.ts"},{"assertionResults":[{"ancestorTitles":["agent.subagent.dispatch handler"],"fullName":"agent.subagent.dispatch handler creates a fanout record and queues an Inngest event","status":"passed","title":"creates a fanout record and queues an Inngest event","duration":1.5969169999998485,"failureMessages":[],"meta":{}},{"ancestorTitles":["agent.subagent.dispatch handler"],"fullName":"agent.subagent.dispatch handler throws when DB insert returns no row","status":"passed","title":"throws when DB insert returns no row","duration":7.29674999999952,"failureMessages":[],"meta":{}},{"ancestorTitles":["agent.subagent.dispatch handler"],"fullName":"agent.subagent.dispatch handler propagates maxParallel to the Inngest event","status":"passed","title":"propagates maxParallel to the Inngest event","duration":0.1459999999997308,"failureMessages":[],"meta":{}}],"startTime":1781072013010,"endTime":1781072013019.2966,"status":"passed","message":"","name":"/Users/macanderson/oxagen-monorepo/packages/agent/src/handlers/agent.subagent.dispatch.test.ts"},{"assertionResults":[{"ancestorTitles":["agentTaskBackgroundStartHandler"],"fullName":"agentTaskBackgroundStartHandler inserts a backgroundTask row and fires an Inngest event","status":"passed","title":"inserts a backgroundTask row and fires an Inngest event","duration":1.0717500000000655,"failureMessages":[],"meta":{}},{"ancestorTitles":["agentTaskBackgroundStartHandler"],"fullName":"agentTaskBackgroundStartHandler throws when the insert returns no row","status":"passed","title":"throws when the insert returns no row","duration":0.6235829999995985,"failureMessages":[],"meta":{}},{"ancestorTitles":["agentTaskBackgroundStartHandler"],"fullName":"agentTaskBackgroundStartHandler inserts with orgId and workspaceId scoped from context","status":"passed","title":"inserts with orgId and workspaceId scoped from context","duration":0.1906250000001819,"failureMessages":[],"meta":{}},{"ancestorTitles":["agentTaskBackgroundReadHandler"],"fullName":"agentTaskBackgroundReadHandler returns the task row mapped to the expected output shape","status":"passed","title":"returns the task row mapped to the expected output shape","duration":0.8601670000007289,"failureMessages":[],"meta":{}},{"ancestorTitles":["agentTaskBackgroundReadHandler"],"fullName":"agentTaskBackgroundReadHandler throws when the task is not found (tenant guard)","status":"passed","title":"throws when the task is not found (tenant guard)","duration":0.48420900000019174,"failureMessages":[],"meta":{}},{"ancestorTitles":["agentTaskBackgroundReadHandler"],"fullName":"agentTaskBackgroundReadHandler queries with orgId and workspaceId from context (tenant isolation)","status":"passed","title":"queries with orgId and workspaceId from context (tenant isolation)","duration":0.13383299999986775,"failureMessages":[],"meta":{}},{"ancestorTitles":["agentTaskBackgroundCancelHandler"],"fullName":"agentTaskBackgroundCancelHandler cancels a pending task and fires Inngest cancel event","status":"passed","title":"cancels a pending task and fires Inngest cancel event","duration":0.23149999999986903,"failureMessages":[],"meta":{}},{"ancestorTitles":["agentTaskBackgroundCancelHandler"],"fullName":"agentTaskBackgroundCancelHandler returns already_completed without DB update when task is completed","status":"passed","title":"returns already_completed without DB update when task is completed","duration":0.16208300000016607,"failureMessages":[],"meta":{}},{"ancestorTitles":["agentTaskBackgroundCancelHandler"],"fullName":"agentTaskBackgroundCancelHandler returns already_cancelled without DB update when task is already cancelled","status":"passed","title":"returns already_cancelled without DB update when task is already cancelled","duration":0.08337500000016007,"failureMessages":[],"meta":{}},{"ancestorTitles":["agentTaskBackgroundCancelHandler"],"fullName":"agentTaskBackgroundCancelHandler throws when the task is not found (tenant guard)","status":"passed","title":"throws when the task is not found (tenant guard)","duration":0.12658300000020972,"failureMessages":[],"meta":{}},{"ancestorTitles":["agentTaskBackgroundCancelHandler"],"fullName":"agentTaskBackgroundCancelHandler queries with orgId from context (tenant isolation)","status":"passed","title":"queries with orgId from context (tenant isolation)","duration":0.14395799999965675,"failureMessages":[],"meta":{}}],"startTime":1781072013293,"endTime":1781072013297.2314,"status":"passed","message":"","name":"/Users/macanderson/oxagen-monorepo/packages/agent/src/handlers/agent.task.background.test.ts"},{"assertionResults":[{"ancestorTitles":["agent.tool.list handler"],"fullName":"agent.tool.list handler returns only builtin agent-surface tools when includeExternal is false","status":"passed","title":"returns only builtin agent-surface tools when includeExternal is false","duration":1.1608750000004875,"failureMessages":[],"meta":{}},{"ancestorTitles":["agent.tool.list handler"],"fullName":"agent.tool.list handler filters out capabilities not on the agent surface","status":"passed","title":"filters out capabilities not on the agent surface","duration":0.14558300000044255,"failureMessages":[],"meta":{}},{"ancestorTitles":["agent.tool.list handler"],"fullName":"agent.tool.list handler appends external tools from mcp_servers when includeExternal is true","status":"passed","title":"appends external tools from mcp_servers when includeExternal is true","duration":0.3227500000002692,"failureMessages":[],"meta":{}},{"ancestorTitles":["agent.tool.list handler"],"fullName":"agent.tool.list handler handles mcp_servers rows where discoveredTools is not an array","status":"passed","title":"handles mcp_servers rows where discoveredTools is not an array","duration":0.1075410000003103,"failureMessages":[],"meta":{}},{"ancestorTitles":["agent.tool.list handler"],"fullName":"agent.tool.list handler returns empty list when no builtin or external tools match","status":"passed","title":"returns empty list when no builtin or external tools match","duration":0.2677080000003116,"failureMessages":[],"meta":{}}],"startTime":1781072013150,"endTime":1781072013152.2678,"status":"passed","message":"","name":"/Users/macanderson/oxagen-monorepo/packages/agent/src/handlers/agent.tool.list.test.ts"},{"assertionResults":[{"ancestorTitles":["handler registry"],"fullName":"handler registry resolveHandler returns a function for a registered capability","status":"passed","title":"resolveHandler returns a function for a registered capability","duration":2.436666999999943,"failureMessages":[],"meta":{}},{"ancestorTitles":["handler registry"],"fullName":"handler registry resolveHandler throws for an unknown capability","status":"passed","title":"resolveHandler throws for an unknown capability","duration":1.201334000000088,"failureMessages":[],"meta":{}},{"ancestorTitles":["handler registry"],"fullName":"handler registry invokeCapability dispatches through the resolved handler","status":"passed","title":"invokeCapability dispatches through the resolved handler","duration":0.5102920000000495,"failureMessages":[],"meta":{}}],"startTime":1781072014011,"endTime":1781072014015.5103,"status":"passed","message":"","name":"/Users/macanderson/oxagen-monorepo/packages/agent/src/handlers/index.test.ts"},{"assertionResults":[{"ancestorTitles":["approval runtime"],"fullName":"approval runtime createApprovalRequest inserts row with computed expiresAt","status":"passed","title":"createApprovalRequest inserts row with computed expiresAt","duration":1.0340409999998883,"failureMessages":[],"meta":{}},{"ancestorTitles":["approval runtime"],"fullName":"approval runtime notifyResolution issues pg_notify on the approval channel","status":"passed","title":"notifyResolution issues pg_notify on the approval channel","duration":0.5408330000000205,"failureMessages":[],"meta":{}},{"ancestorTitles":["approval runtime"],"fullName":"approval runtime notifyResolution: hostile note with SQL metacharacters does not corrupt query or payload","status":"passed","title":"notifyResolution: hostile note with SQL metacharacters does not corrupt query or payload","duration":0.2310829999996713,"failureMessages":[],"meta":{}},{"ancestorTitles":["approval runtime"],"fullName":"approval runtime waitForApproval resolves on NOTIFY for the matching id","status":"passed","title":"waitForApproval resolves on NOTIFY for the matching id","duration":9.403542000000016,"failureMessages":[],"meta":{}},{"ancestorTitles":["approval runtime"],"fullName":"approval runtime waitForApproval times out as expired after the TTL","status":"passed","title":"waitForApproval times out as expired after the TTL","duration":3.648917000000438,"failureMessages":[],"meta":{}},{"ancestorTitles":["approval runtime"],"fullName":"approval runtime readApproval shapes select with id + orgId filters","status":"passed","title":"readApproval shapes select with id + orgId filters","duration":0.33012500000040745,"failureMessages":[],"meta":{}}],"startTime":1781072013010,"endTime":1781072013025.33,"status":"passed","message":"","name":"/Users/macanderson/oxagen-monorepo/packages/agent/src/runtime/approval.test.ts"},{"assertionResults":[{"ancestorTitles":["isKnowledgeGraphEnabled"],"fullName":"isKnowledgeGraphEnabled returns false when NEO4J_URI is absent","status":"passed","title":"returns false when NEO4J_URI is absent","duration":0.51825000000008,"failureMessages":[],"meta":{}},{"ancestorTitles":["isKnowledgeGraphEnabled"],"fullName":"isKnowledgeGraphEnabled returns false when NEO4J_URI is an empty string","status":"passed","title":"returns false when NEO4J_URI is an empty string","duration":0.08208399999989524,"failureMessages":[],"meta":{}},{"ancestorTitles":["isKnowledgeGraphEnabled"],"fullName":"isKnowledgeGraphEnabled returns false when KNOWLEDGE_GRAPH_ENABLED is 'false' even if NEO4J_URI is set","status":"passed","title":"returns false when KNOWLEDGE_GRAPH_ENABLED is 'false' even if NEO4J_URI is set","duration":0.06179199999996854,"failureMessages":[],"meta":{}},{"ancestorTitles":["isKnowledgeGraphEnabled"],"fullName":"isKnowledgeGraphEnabled returns true when NEO4J_URI is set and the flag is not explicitly false","status":"passed","title":"returns true when NEO4J_URI is set and the flag is not explicitly false","duration":0.055749999999989086,"failureMessages":[],"meta":{}},{"ancestorTitles":["isKnowledgeGraphEnabled"],"fullName":"isKnowledgeGraphEnabled returns true when NEO4J_URI is set and KNOWLEDGE_GRAPH_ENABLED is 'true'","status":"passed","title":"returns true when NEO4J_URI is set and KNOWLEDGE_GRAPH_ENABLED is 'true'","duration":0.05095900000014808,"failureMessages":[],"meta":{}},{"ancestorTitles":["readWorkspaceContext"],"fullName":"readWorkspaceContext returns [] when knowledge graph is disabled (no NEO4J_URI)","status":"passed","title":"returns [] when knowledge graph is disabled (no NEO4J_URI)","duration":0.2629589999999098,"failureMessages":[],"meta":{}},{"ancestorTitles":["readWorkspaceContext"],"fullName":"readWorkspaceContext returns [] when KNOWLEDGE_GRAPH_ENABLED is 'false'","status":"passed","title":"returns [] when KNOWLEDGE_GRAPH_ENABLED is 'false'","duration":0.05912499999999454,"failureMessages":[],"meta":{}},{"ancestorTitles":["readWorkspaceContext"],"fullName":"readWorkspaceContext returns [] when enabled but workspace-context query is not yet wired (OXA-1508)","status":"passed","title":"returns [] when enabled but workspace-context query is not yet wired (OXA-1508)","duration":0.6045409999999265,"failureMessages":[],"meta":{}},{"ancestorTitles":["readWorkspaceContext"],"fullName":"readWorkspaceContext accepts null userId without throwing","status":"passed","title":"accepts null userId without throwing","duration":0.3144170000000486,"failureMessages":[],"meta":{}},{"ancestorTitles":["injectContext"],"fullName":"injectContext returns messages unchanged when blocks is empty","status":"passed","title":"returns messages unchanged when blocks is empty","duration":1.0415419999999358,"failureMessages":[],"meta":{}},{"ancestorTitles":["injectContext"],"fullName":"injectContext prepends a system message when blocks is non-empty","status":"passed","title":"prepends a system message when blocks is non-empty","duration":0.45325000000002547,"failureMessages":[],"meta":{}},{"ancestorTitles":["injectContext"],"fullName":"injectContext leaves the original messages array unmodified","status":"passed","title":"leaves the original messages array unmodified","duration":0.38479099999995015,"failureMessages":[],"meta":{}}],"startTime":1781072010080,"endTime":1781072010083.4534,"status":"passed","message":"","name":"/Users/macanderson/oxagen-monorepo/packages/agent/src/runtime/knowledge-graph.test.ts"},{"assertionResults":[{"ancestorTitles":["materializeTools"],"fullName":"materializeTools returns only agent-surfaced capabilities, keyed by model-safe names","status":"passed","title":"returns only agent-surfaced capabilities, keyed by model-safe names","duration":46.051792000000205,"failureMessages":[],"meta":{}},{"ancestorTitles":["materializeTools"],"fullName":"materializeTools maps every model-safe tool name back to its real capability name","status":"passed","title":"maps every model-safe tool name back to its real capability name","duration":0.38470800000141026,"failureMessages":[],"meta":{}},{"ancestorTitles":["materializeTools"],"fullName":"materializeTools filters by allowlist","status":"passed","title":"filters by allowlist","duration":0.13762499999938882,"failureMessages":[],"meta":{}},{"ancestorTitles":["materializeTools"],"fullName":"materializeTools excludes capabilities above the risk ceiling","status":"passed","title":"excludes capabilities above the risk ceiling","duration":0.13454099999944447,"failureMessages":[],"meta":{}},{"ancestorTitles":["materializeTools"],"fullName":"materializeTools includes high risk when ceiling is high","status":"passed","title":"includes high risk when ceiling is high","duration":0.10145899999952235,"failureMessages":[],"meta":{}},{"ancestorTitles":["materializeTools"],"fullName":"materializeTools produces AI SDK tools with description, inputSchema, and execute","status":"passed","title":"produces AI SDK tools with description, inputSchema, and execute","duration":17.555958000000828,"failureMessages":[],"meta":{}},{"ancestorTitles":["materializeTools"],"fullName":"materializeTools fires before/after hooks around a successful invocation","status":"passed","title":"fires before/after hooks around a successful invocation","duration":0.38008300000001327,"failureMessages":[],"meta":{}},{"ancestorTitles":["materializeTools"],"fullName":"materializeTools fires onError when the handler throws","status":"passed","title":"fires onError when the handler throws","duration":20.747417000000496,"failureMessages":[],"meta":{}},{"ancestorTitles":["materializeTools"],"fullName":"materializeTools requests approval when requiresApproval+messageId, blocks until approved","status":"passed","title":"requests approval when requiresApproval+messageId, blocks until approved","duration":421.0373749999999,"failureMessages":[],"meta":{}},{"ancestorTitles":["materializeTools"],"fullName":"materializeTools denied approval throws and the handler never runs","status":"passed","title":"denied approval throws and the handler never runs","duration":525.4122079999997,"failureMessages":[],"meta":{}},{"ancestorTitles":["materializeTools"],"fullName":"materializeTools form.fill (non-agent.* name) dispatches through kernel invoke without 'No handler registered'","status":"passed","title":"form.fill (non-agent.* name) dispatches through kernel invoke without 'No handler registered'","duration":0.2994170000001759,"failureMessages":[],"meta":{}},{"ancestorTitles":["materializeTools"],"fullName":"materializeTools svg.generate (non-agent.* name) dispatches through kernel invoke without 'No handler registered'","status":"passed","title":"svg.generate (non-agent.* name) dispatches through kernel invoke without 'No handler registered'","duration":1055.1419580000002,"failureMessages":[],"meta":{}},{"ancestorTitles":["materializeTools"],"fullName":"materializeTools no messageId → no approval request (direct MCP/API path)","status":"passed","title":"no messageId → no approval request (direct MCP/API path)","duration":347.1917919999996,"failureMessages":[],"meta":{}},{"ancestorTitles":["materializeTools — external MCP IAM enforcement (GAP-4)"],"fullName":"materializeTools — external MCP IAM enforcement (GAP-4) calls authorizeExternalCapability with the per-tool synthetic id before the transport (GAP-4)","status":"passed","title":"calls authorizeExternalCapability with the per-tool synthetic id before the transport (GAP-4)","duration":1.0647090000002208,"failureMessages":[],"meta":{}},{"ancestorTitles":["materializeTools — external MCP IAM enforcement (GAP-4)"],"fullName":"materializeTools — external MCP IAM enforcement (GAP-4) blocks transport and returns tool-error string when IAM denies (GAP-4)","status":"passed","title":"blocks transport and returns tool-error string when IAM denies (GAP-4)","duration":0.6457920000011654,"failureMessages":[],"meta":{}},{"ancestorTitles":["materializeTools — external MCP IAM enforcement (GAP-4)"],"fullName":"materializeTools — external MCP IAM enforcement (GAP-4) meters a denied invocation as status=denied in insertToolInvocation (GAP-4 + instrument-everything)","status":"passed","title":"meters a denied invocation as status=denied in insertToolInvocation (GAP-4 + instrument-everything)","duration":0.41600000000107684,"failureMessages":[],"meta":{}},{"ancestorTitles":["materializeTools — external MCP IAM enforcement (GAP-4)"],"fullName":"materializeTools — external MCP IAM enforcement (GAP-4) meters a successful invocation as status=completed (allowed path unchanged)","status":"passed","title":"meters a successful invocation as status=completed (allowed path unchanged)","duration":0.17891600000075414,"failureMessages":[],"meta":{}},{"ancestorTitles":["materializeTools — external MCP IAM enforcement (GAP-4)"],"fullName":"materializeTools — external MCP IAM enforcement (GAP-4) uses defaultEffect=allow for MCP tools (user intentionally registered the server)","status":"passed","title":"uses defaultEffect=allow for MCP tools (user intentionally registered the server)","duration":0.11945899999955145,"failureMessages":[],"meta":{}}],"startTime":1781072016377,"endTime":1781072018815.179,"status":"passed","message":"","name":"/Users/macanderson/oxagen-monorepo/packages/agent/src/runtime/materialize-tools.test.ts"},{"assertionResults":[{"ancestorTitles":["AgentStreamEvent variants"],"fullName":"AgentStreamEvent variants narrows every variant through the discriminated union","status":"passed","title":"narrows every variant through the discriminated union","duration":0.847417000000064,"failureMessages":[],"meta":{}},{"ancestorTitles":["AgentStreamEvent variants"],"fullName":"AgentStreamEvent variants isAgentStreamEvent accepts well-formed objects","status":"passed","title":"isAgentStreamEvent accepts well-formed objects","duration":0.11333300000001145,"failureMessages":[],"meta":{}}],"startTime":1781072013895,"endTime":1781072013896.1133,"status":"passed","message":"","name":"/Users/macanderson/oxagen-monorepo/packages/agent/src/runtime/stream-events.test.ts"},{"assertionResults":[{"ancestorTitles":["embedText (agent/memory wrapper)"],"fullName":"embedText (agent/memory wrapper) delegates text + telemetry opts to @oxagen/ai embedText and returns its vector","status":"passed","title":"delegates text + telemetry opts to @oxagen/ai embedText and returns its vector","duration":1.2146249999999554,"failureMessages":[],"meta":{}},{"ancestorTitles":["embedText (agent/memory wrapper)"],"fullName":"embedText (agent/memory wrapper) forwards telemetry opts to @oxagen/ai embedText","status":"passed","title":"forwards telemetry opts to @oxagen/ai embedText","duration":0.12270799999998871,"failureMessages":[],"meta":{}}],"startTime":1781072014002,"endTime":1781072014003.2146,"status":"passed","message":"","name":"/Users/macanderson/oxagen-monorepo/packages/agent/src/memory/embed.test.ts"},{"assertionResults":[{"ancestorTitles":["memory neo4j"],"fullName":"memory neo4j recallMemories queries the vector index with tenant + weight filters","status":"passed","title":"recallMemories queries the vector index with tenant + weight filters","duration":1.302208999999948,"failureMessages":[],"meta":{}},{"ancestorTitles":["memory neo4j"],"fullName":"memory neo4j writeMemory MERGE on AgentMemory and returns memory id","status":"passed","title":"writeMemory MERGE on AgentMemory and returns memory id","duration":0.19062499999995453,"failureMessages":[],"meta":{}}],"startTime":1781072011451,"endTime":1781072011452.3022,"status":"passed","message":"","name":"/Users/macanderson/oxagen-monorepo/packages/agent/src/memory/neo4j.test.ts"}]}
@oxagen/app:test:unit: {"level":50,"time":1781072019733,"app":"handlers","err":{"type":"Error","message":"billing service down","stack":"Error: billing service down\n    at /Users/macanderson/oxagen-monorepo/apps/app/src/app/(onboarding)/new-organization/actions.test.ts:288:44\n    at file:///Users/macanderson/oxagen-monorepo/node_modules/@vitest/runner/dist/index.js:146:14\n    at file:///Users/macanderson/oxagen-monorepo/node_modules/@vitest/runner/dist/index.js:533:11\n    at runWithTimeout (file:///Users/macanderson/oxagen-monorepo/node_modules/@vitest/runner/dist/index.js:39:7)\n    at runTest (file:///Users/macanderson/oxagen-monorepo/node_modules/@vitest/runner/dist/index.js:1056:17)\n    at processTicksAndRejections (node:internal/process/task_queues:104:5)\n    at runSuite (file:///Users/macanderson/oxagen-monorepo/node_modules/@vitest/runner/dist/index.js:1205:15)\n    at runSuite (file:///Users/macanderson/oxagen-monorepo/node_modules/@vitest/runner/dist/index.js:1205:15)\n    at runFiles (file:///Users/macanderson/oxagen-monorepo/node_modules/@vitest/runner/dist/index.js:1262:5)\n    at startTests (file:///Users/macanderson/oxagen-monorepo/node_modules/@vitest/runner/dist/index.js:1271:3)"},"orgId":"org-123","msg":"[onboarding] grantFreeCredits failed"}
@oxagen/mcp:test:unit: {"numTotalTestSuites":102,"numPassedTestSuites":102,"numFailedTestSuites":0,"numPendingTestSuites":0,"numTotalTests":346,"numPassedTests":346,"numFailedTests":0,"numPendingTests":0,"numTodoTests":0,"snapshot":{"added":0,"failure":false,"filesAdded":0,"filesRemoved":0,"filesRemovedList":[],"filesUnmatched":0,"filesUpdated":0,"matched":0,"total":0,"unchecked":0,"uncheckedKeysByFile":[],"unmatched":0,"updated":0,"didUpdate":false},"startTime":1781072011963,"success":true,"testResults":[{"assertionResults":[{"ancestorTitles":["McpUnauthorizedError"],"fullName":"McpUnauthorizedError sets name to McpUnauthorizedError","status":"passed","title":"sets name to McpUnauthorizedError","duration":0.5090410000000247,"failureMessages":[],"meta":{}},{"ancestorTitles":["McpUnauthorizedError"],"fullName":"McpUnauthorizedError exposes the reason on the instance","status":"passed","title":"exposes the reason on the instance","duration":0.07354099999997743,"failureMessages":[],"meta":{}},{"ancestorTitles":["McpUnauthorizedError"],"fullName":"McpUnauthorizedError sets a descriptive message containing the reason","status":"passed","title":"sets a descriptive message containing the reason","duration":0.09404200000017227,"failureMessages":[],"meta":{}},{"ancestorTitles":["McpUnauthorizedError"],"fullName":"McpUnauthorizedError is an instance of Error","status":"passed","title":"is an instance of Error","duration":0.08962500000006912,"failureMessages":[],"meta":{}},{"ancestorTitles":["extractBearerToken"],"fullName":"extractBearerToken returns the token from a well-formed Bearer header","status":"passed","title":"returns the token from a well-formed Bearer header","duration":0.06695800000011332,"failureMessages":[],"meta":{}},{"ancestorTitles":["extractBearerToken"],"fullName":"extractBearerToken is case-insensitive for the 'bearer' prefix","status":"passed","title":"is case-insensitive for the 'bearer' prefix","duration":0.07558300000005147,"failureMessages":[],"meta":{}},{"ancestorTitles":["extractBearerToken"],"fullName":"extractBearerToken handles leading/trailing whitespace around the full header value","status":"passed","title":"handles leading/trailing whitespace around the full header value","duration":0.04804199999989578,"failureMessages":[],"meta":{}},{"ancestorTitles":["extractBearerToken"],"fullName":"extractBearerToken returns null when the header is undefined","status":"passed","title":"returns null when the header is undefined","duration":0.051750000000083674,"failureMessages":[],"meta":{}},{"ancestorTitles":["extractBearerToken"],"fullName":"extractBearerToken returns null when the header is an empty string","status":"passed","title":"returns null when the header is an empty string","duration":0.047000000000025466,"failureMessages":[],"meta":{}},{"ancestorTitles":["extractBearerToken"],"fullName":"extractBearerToken returns null when the prefix is not 'bearer'","status":"passed","title":"returns null when the prefix is not 'bearer'","duration":0.057958000000098764,"failureMessages":[],"meta":{}},{"ancestorTitles":["extractBearerToken"],"fullName":"extractBearerToken returns null when the token after 'Bearer ' is empty","status":"passed","title":"returns null when the token after 'Bearer ' is empty","duration":0.048833999999942534,"failureMessages":[],"meta":{}},{"ancestorTitles":["extractBearerToken"],"fullName":"extractBearerToken returns a token that contains underscores (API key format)","status":"passed","title":"returns a token that contains underscores (API key format)","duration":0.03949999999986176,"failureMessages":[],"meta":{}},{"ancestorTitles":["resolveMcpContext"],"fullName":"resolveMcpContext returns unauthenticated when no Authorization header is provided","status":"passed","title":"returns unauthenticated when no Authorization header is provided","duration":0.2824169999998958,"failureMessages":[],"meta":{}},{"ancestorTitles":["resolveMcpContext"],"fullName":"resolveMcpContext returns unauthenticated when Authorization header has no Bearer token","status":"passed","title":"returns unauthenticated when Authorization header has no Bearer token","duration":0.0655420000000504,"failureMessages":[],"meta":{}},{"ancestorTitles":["resolveMcpContext"],"fullName":"resolveMcpContext resolves an API key token (contains underscore) via resolveApiKey","status":"passed","title":"resolves an API key token (contains underscore) via resolveApiKey","duration":0.44795799999997143,"failureMessages":[],"meta":{}},{"ancestorTitles":["resolveMcpContext"],"fullName":"resolveMcpContext returns invalid_token when resolveApiKey reports a non-expired failure","status":"passed","title":"returns invalid_token when resolveApiKey reports a non-expired failure","duration":0.07145800000012059,"failureMessages":[],"meta":{}},{"ancestorTitles":["resolveMcpContext"],"fullName":"resolveMcpContext returns expired_token when resolveApiKey reports kind=expired","status":"passed","title":"returns expired_token when resolveApiKey reports kind=expired","duration":0.06358300000010786,"failureMessages":[],"meta":{}},{"ancestorTitles":["resolveMcpContext"],"fullName":"resolveMcpContext rejects a session token (no underscore) with invalid_token — MCP requires API keys","status":"passed","title":"rejects a session token (no underscore) with invalid_token — MCP requires API keys","duration":0.11183300000016061,"failureMessages":[],"meta":{}},{"ancestorTitles":["resolveMcpContext"],"fullName":"resolveMcpContext rejects any token without an underscore as invalid_token regardless of content","status":"passed","title":"rejects any token without an underscore as invalid_token regardless of content","duration":0.05533300000001873,"failureMessages":[],"meta":{}},{"ancestorTitles":["firstHeader (via buildContext header extraction)"],"fullName":"firstHeader (via buildContext header extraction) uses a plain-string authorization header correctly","status":"passed","title":"uses a plain-string authorization header correctly","duration":0.15441600000008293,"failureMessages":[],"meta":{}},{"ancestorTitles":["firstHeader (via buildContext header extraction)"],"fullName":"firstHeader (via buildContext header extraction) uses the first element when authorization is delivered as an array","status":"passed","title":"uses the first element when authorization is delivered as an array","duration":0.08941600000002836,"failureMessages":[],"meta":{}},{"ancestorTitles":["firstHeader (via buildContext header extraction)"],"fullName":"firstHeader (via buildContext header extraction) uses the first element when x-request-id is an array","status":"passed","title":"uses the first element when x-request-id is an array","duration":0.0572909999998501,"failureMessages":[],"meta":{}},{"ancestorTitles":["firstHeader (via buildContext header extraction)"],"fullName":"firstHeader (via buildContext header extraction) firstHeader(undefined) → undefined: missing x-request-id falls back to UUID","status":"passed","title":"firstHeader(undefined) → undefined: missing x-request-id falls back to UUID","duration":0.23537499999997635,"failureMessages":[],"meta":{}},{"ancestorTitles":["extractClientIp (via buildContext clientIp extraction)"],"fullName":"extractClientIp (via buildContext clientIp extraction) extracts the first IP from a comma-separated x-forwarded-for","status":"passed","title":"extracts the first IP from a comma-separated x-forwarded-for","duration":0.06954099999984464,"failureMessages":[],"meta":{}},{"ancestorTitles":["extractClientIp (via buildContext clientIp extraction)"],"fullName":"extractClientIp (via buildContext clientIp extraction) trims whitespace from the extracted x-forwarded-for IP","status":"passed","title":"trims whitespace from the extracted x-forwarded-for IP","duration":0.060292000000117696,"failureMessages":[],"meta":{}},{"ancestorTitles":["extractClientIp (via buildContext clientIp extraction)"],"fullName":"extractClientIp (via buildContext clientIp extraction) falls back to x-real-ip when x-forwarded-for is absent","status":"passed","title":"falls back to x-real-ip when x-forwarded-for is absent","duration":0.06129200000009405,"failureMessages":[],"meta":{}},{"ancestorTitles":["extractClientIp (via buildContext clientIp extraction)"],"fullName":"extractClientIp (via buildContext clientIp extraction) returns null when neither x-forwarded-for nor x-real-ip is present","status":"passed","title":"returns null when neither x-forwarded-for nor x-real-ip is present","duration":0.0496250000001055,"failureMessages":[],"meta":{}},{"ancestorTitles":["extractClientIp (via buildContext clientIp extraction)"],"fullName":"extractClientIp (via buildContext clientIp extraction) handles x-forwarded-for as an array — uses first element","status":"passed","title":"handles x-forwarded-for as an array — uses first element","duration":0.05066599999986465,"failureMessages":[],"meta":{}},{"ancestorTitles":["buildContext"],"fullName":"buildContext returns a context with surface 'mcp'","status":"passed","title":"returns a context with surface 'mcp'","duration":0.07220800000004601,"failureMessages":[],"meta":{}},{"ancestorTitles":["buildContext"],"fullName":"buildContext stamps the x-request-id header onto ctx.requestId","status":"passed","title":"stamps the x-request-id header onto ctx.requestId","duration":0.0519170000000031,"failureMessages":[],"meta":{}},{"ancestorTitles":["buildContext"],"fullName":"buildContext generates a fresh UUID for requestId when x-request-id is absent","status":"passed","title":"generates a fresh UUID for requestId when x-request-id is absent","duration":0.0915420000001177,"failureMessages":[],"meta":{}},{"ancestorTitles":["buildContext"],"fullName":"buildContext stamps clientIp from x-forwarded-for onto the context","status":"passed","title":"stamps clientIp from x-forwarded-for onto the context","duration":0.053666000000021086,"failureMessages":[],"meta":{}},{"ancestorTitles":["buildContext"],"fullName":"buildContext throws McpUnauthorizedError with reason 'unauthenticated' when no auth header","status":"passed","title":"throws McpUnauthorizedError with reason 'unauthenticated' when no auth header","duration":19.874708000000055,"failureMessages":[],"meta":{}},{"ancestorTitles":["buildContext"],"fullName":"buildContext throws McpUnauthorizedError with reason 'invalid_token' for a session token (no underscore)","status":"passed","title":"throws McpUnauthorizedError with reason 'invalid_token' for a session token (no underscore)","duration":14.792167000000063,"failureMessages":[],"meta":{}},{"ancestorTitles":["buildContext"],"fullName":"buildContext throws McpUnauthorizedError with reason 'expired_token' when resolveApiKey returns expired","status":"passed","title":"throws McpUnauthorizedError with reason 'expired_token' when resolveApiKey returns expired","duration":0.23570799999993142,"failureMessages":[],"meta":{}},{"ancestorTitles":["buildContext"],"fullName":"buildContext throws McpUnauthorizedError with reason 'invalid_token' when resolveApiKey returns invalid","status":"passed","title":"throws McpUnauthorizedError with reason 'invalid_token' when resolveApiKey returns invalid","duration":0.109375,"failureMessages":[],"meta":{}},{"ancestorTitles":["buildContext"],"fullName":"buildContext sets userId to null (MCP only uses API keys, not session users)","status":"passed","title":"sets userId to null (MCP only uses API keys, not session users)","duration":0.04899999999997817,"failureMessages":[],"meta":{}},{"ancestorTitles":["buildContext"],"fullName":"buildContext sets messageId to null (not applicable at auth time)","status":"passed","title":"sets messageId to null (not applicable at auth time)","duration":0.04958299999998417,"failureMessages":[],"meta":{}}],"startTime":1781072013359,"endTime":1781072013398.2356,"status":"passed","message":"","name":"/Users/macanderson/oxagen-monorepo/apps/mcp/src/context.test.ts"},{"assertionResults":[{"ancestorTitles":["agent.approval.resolve handler"],"fullName":"agent.approval.resolve handler exports schema and metadata","status":"passed","title":"exports schema and metadata","duration":2.2774169999997866,"failureMessages":[],"meta":{}},{"ancestorTitles":["agent.approval.resolve handler"],"fullName":"agent.approval.resolve handler calls buildContext then invoke with correct contract name and args","status":"passed","title":"calls buildContext then invoke with correct contract name and args","duration":9.63570800000025,"failureMessages":[],"meta":{}},{"ancestorTitles":["agent.approval.resolve handler"],"fullName":"agent.approval.resolve handler propagates invoke errors","status":"passed","title":"propagates invoke errors","duration":3.170958000000155,"failureMessages":[],"meta":{}},{"ancestorTitles":["agent.mcp.list handler"],"fullName":"agent.mcp.list handler exports schema and metadata","status":"passed","title":"exports schema and metadata","duration":0.10354199999983393,"failureMessages":[],"meta":{}},{"ancestorTitles":["agent.mcp.list handler"],"fullName":"agent.mcp.list handler calls invoke with 'agent.mcp.list' and empty args","status":"passed","title":"calls invoke with 'agent.mcp.list' and empty args","duration":0.36420799999996234,"failureMessages":[],"meta":{}},{"ancestorTitles":["agent.mcp.register handler"],"fullName":"agent.mcp.register handler exports schema and metadata","status":"passed","title":"exports schema and metadata","duration":0.07916599999998652,"failureMessages":[],"meta":{}},{"ancestorTitles":["agent.mcp.register handler"],"fullName":"agent.mcp.register handler calls invoke with correct args and forwards result","status":"passed","title":"calls invoke with correct args and forwards result","duration":0.22712499999988722,"failureMessages":[],"meta":{}},{"ancestorTitles":["agent.memory.recall handler"],"fullName":"agent.memory.recall handler exports schema and metadata","status":"passed","title":"exports schema and metadata","duration":0.07587499999999636,"failureMessages":[],"meta":{}},{"ancestorTitles":["agent.memory.recall handler"],"fullName":"agent.memory.recall handler calls invoke with recall args","status":"passed","title":"calls invoke with recall args","duration":0.15791699999999764,"failureMessages":[],"meta":{}},{"ancestorTitles":["agent.memory.write handler"],"fullName":"agent.memory.write handler exports schema and metadata","status":"passed","title":"exports schema and metadata","duration":0.08104199999979755,"failureMessages":[],"meta":{}},{"ancestorTitles":["agent.memory.write handler"],"fullName":"agent.memory.write handler calls invoke with write args","status":"passed","title":"calls invoke with write args","duration":0.15737499999977445,"failureMessages":[],"meta":{}},{"ancestorTitles":["agent.plan.approve handler"],"fullName":"agent.plan.approve handler exports schema and metadata","status":"passed","title":"exports schema and metadata","duration":0.061124999999719876,"failureMessages":[],"meta":{}},{"ancestorTitles":["agent.plan.approve handler"],"fullName":"agent.plan.approve handler calls invoke with plan approval args","status":"passed","title":"calls invoke with plan approval args","duration":0.11324999999987995,"failureMessages":[],"meta":{}},{"ancestorTitles":["agent.skill.list handler"],"fullName":"agent.skill.list handler exports schema and metadata","status":"passed","title":"exports schema and metadata","duration":0.06850000000031287,"failureMessages":[],"meta":{}},{"ancestorTitles":["agent.skill.list handler"],"fullName":"agent.skill.list handler calls invoke with skill list args","status":"passed","title":"calls invoke with skill list args","duration":0.10670799999979863,"failureMessages":[],"meta":{}},{"ancestorTitles":["agent.skill.list handler"],"fullName":"agent.skill.list handler works with empty args","status":"passed","title":"works with empty args","duration":0.06424999999990177,"failureMessages":[],"meta":{}},{"ancestorTitles":["agent.task.background.cancel handler"],"fullName":"agent.task.background.cancel handler exports schema and metadata","status":"passed","title":"exports schema and metadata","duration":0.28533299999980954,"failureMessages":[],"meta":{}},{"ancestorTitles":["agent.task.background.cancel handler"],"fullName":"agent.task.background.cancel handler calls invoke with cancel args","status":"passed","title":"calls invoke with cancel args","duration":0.16741599999977552,"failureMessages":[],"meta":{}},{"ancestorTitles":["agent.task.background.read handler"],"fullName":"agent.task.background.read handler exports schema and metadata","status":"passed","title":"exports schema and metadata","duration":0.06550000000015643,"failureMessages":[],"meta":{}},{"ancestorTitles":["agent.task.background.read handler"],"fullName":"agent.task.background.read handler calls invoke with read args","status":"passed","title":"calls invoke with read args","duration":0.18299999999999272,"failureMessages":[],"meta":{}},{"ancestorTitles":["agent.task.background.start handler"],"fullName":"agent.task.background.start handler exports schema and metadata","status":"passed","title":"exports schema and metadata","duration":0.055416000000150234,"failureMessages":[],"meta":{}},{"ancestorTitles":["agent.task.background.start handler"],"fullName":"agent.task.background.start handler calls invoke with start args","status":"passed","title":"calls invoke with start args","duration":0.1420419999999467,"failureMessages":[],"meta":{}},{"ancestorTitles":["agent.tool.list handler"],"fullName":"agent.tool.list handler exports schema and metadata","status":"passed","title":"exports schema and metadata","duration":0.04337500000019645,"failureMessages":[],"meta":{}},{"ancestorTitles":["agent.tool.list handler"],"fullName":"agent.tool.list handler calls invoke with tool list args","status":"passed","title":"calls invoke with tool list args","duration":0.0867910000001757,"failureMessages":[],"meta":{}}],"startTime":1781072015415,"endTime":1781072015433.142,"status":"passed","message":"","name":"/Users/macanderson/oxagen-monorepo/apps/mcp/src/tools/agent.handlers.test.ts"},{"assertionResults":[{"ancestorTitles":["agent.memory.write schema"],"fullName":"agent.memory.write schema accepts a fully-specified valid payload","status":"passed","title":"accepts a fully-specified valid payload","duration":0.8474580000001879,"failureMessages":[],"meta":{}},{"ancestorTitles":["agent.memory.write schema"],"fullName":"agent.memory.write schema accepts all valid weight values","status":"passed","title":"accepts all valid weight values","duration":0.18450000000029831,"failureMessages":[],"meta":{}},{"ancestorTitles":["agent.memory.write schema"],"fullName":"agent.memory.write schema rejects an invalid weight enum","status":"passed","title":"rejects an invalid weight enum","duration":0.30070900000009715,"failureMessages":[],"meta":{}},{"ancestorTitles":["agent.memory.write schema"],"fullName":"agent.memory.write schema rejects weight 'urgent' (not in enum)","status":"passed","title":"rejects weight 'urgent' (not in enum)","duration":0.09249999999974534,"failureMessages":[],"meta":{}},{"ancestorTitles":["agent.memory.write schema"],"fullName":"agent.memory.write schema accepts all valid kind values","status":"passed","title":"accepts all valid kind values","duration":0.22416699999939738,"failureMessages":[],"meta":{}},{"ancestorTitles":["agent.memory.write schema"],"fullName":"agent.memory.write schema rejects an invalid kind enum","status":"passed","title":"rejects an invalid kind enum","duration":0.10099999999965803,"failureMessages":[],"meta":{}},{"ancestorTitles":["agent.memory.write schema"],"fullName":"agent.memory.write schema rejects kind 'tip' (not in enum)","status":"passed","title":"rejects kind 'tip' (not in enum)","duration":0.07395799999994779,"failureMessages":[],"meta":{}},{"ancestorTitles":["agent.memory.write schema"],"fullName":"agent.memory.write schema accepts all valid source values","status":"passed","title":"accepts all valid source values","duration":0.12375000000065484,"failureMessages":[],"meta":{}},{"ancestorTitles":["agent.memory.write schema"],"fullName":"agent.memory.write schema rejects an invalid source enum","status":"passed","title":"rejects an invalid source enum","duration":0.077541999999994,"failureMessages":[],"meta":{}},{"ancestorTitles":["agent.memory.write schema"],"fullName":"agent.memory.write schema rejects source 'user' (not in enum)","status":"passed","title":"rejects source 'user' (not in enum)","duration":0.07450000000062573,"failureMessages":[],"meta":{}},{"ancestorTitles":["agent.memory.write schema"],"fullName":"agent.memory.write schema rejects an empty lesson (min 1)","status":"passed","title":"rejects an empty lesson (min 1)","duration":0.08466700000008132,"failureMessages":[],"meta":{}},{"ancestorTitles":["agent.memory.write schema"],"fullName":"agent.memory.write schema accepts a lesson of exactly 2000 characters (upper boundary)","status":"passed","title":"accepts a lesson of exactly 2000 characters (upper boundary)","duration":0.04820800000015879,"failureMessages":[],"meta":{}},{"ancestorTitles":["agent.memory.write schema"],"fullName":"agent.memory.write schema rejects a lesson of 2001 characters (one over max)","status":"passed","title":"rejects a lesson of 2001 characters (one over max)","duration":0.06320799999957671,"failureMessages":[],"meta":{}},{"ancestorTitles":["agent.memory.write schema"],"fullName":"agent.memory.write schema accepts an empty nodeRef (schema uses z.string() with no min)","status":"passed","title":"accepts an empty nodeRef (schema uses z.string() with no min)","duration":0.04379200000039418,"failureMessages":[],"meta":{}},{"ancestorTitles":["agent.plan.approve schema"],"fullName":"agent.plan.approve schema accepts a minimal approve decision (no amendedSteps, no note)","status":"passed","title":"accepts a minimal approve decision (no amendedSteps, no note)","duration":0.05258400000002439,"failureMessages":[],"meta":{}},{"ancestorTitles":["agent.plan.approve schema"],"fullName":"agent.plan.approve schema accepts a deny decision","status":"passed","title":"accepts a deny decision","duration":0.08054199999969569,"failureMessages":[],"meta":{}},{"ancestorTitles":["agent.plan.approve schema"],"fullName":"agent.plan.approve schema accepts an amend decision with amendedSteps","status":"passed","title":"accepts an amend decision with amendedSteps","duration":0.16299999999955617,"failureMessages":[],"meta":{}},{"ancestorTitles":["agent.plan.approve schema"],"fullName":"agent.plan.approve schema rejects an invalid decision enum","status":"passed","title":"rejects an invalid decision enum","duration":0.06404199999997218,"failureMessages":[],"meta":{}},{"ancestorTitles":["agent.plan.approve schema"],"fullName":"agent.plan.approve schema rejects decision 'skip' (not in enum)","status":"passed","title":"rejects decision 'skip' (not in enum)","duration":0.06083400000079564,"failureMessages":[],"meta":{}},{"ancestorTitles":["agent.plan.approve schema"],"fullName":"agent.plan.approve schema rejects decision 'accept' (not in enum)","status":"passed","title":"rejects decision 'accept' (not in enum)","duration":0.05162500000005821,"failureMessages":[],"meta":{}},{"ancestorTitles":["agent.plan.approve schema"],"fullName":"agent.plan.approve schema accepts all valid decision values","status":"passed","title":"accepts all valid decision values","duration":0.08770800000002055,"failureMessages":[],"meta":{}},{"ancestorTitles":["agent.plan.approve schema"],"fullName":"agent.plan.approve schema amendedSteps is optional — omitting it is valid","status":"passed","title":"amendedSteps is optional — omitting it is valid","duration":0.043333000000529864,"failureMessages":[],"meta":{}},{"ancestorTitles":["agent.plan.approve schema"],"fullName":"agent.plan.approve schema note is optional — omitting it is valid","status":"passed","title":"note is optional — omitting it is valid","duration":0.029666000000361237,"failureMessages":[],"meta":{}},{"ancestorTitles":["agent.plan.approve schema"],"fullName":"agent.plan.approve schema accepts a note string alongside a decision","status":"passed","title":"accepts a note string alongside a decision","duration":0.03533400000014808,"failureMessages":[],"meta":{}},{"ancestorTitles":["agent.plan.approve schema"],"fullName":"agent.plan.approve schema dependsOn in an amended step defaults to []","status":"passed","title":"dependsOn in an amended step defaults to []","duration":0.2455420000005688,"failureMessages":[],"meta":{}},{"ancestorTitles":["agent.plan.approve schema"],"fullName":"agent.plan.approve schema nested amendedStep accepts null capability and null inputPreview","status":"passed","title":"nested amendedStep accepts null capability and null inputPreview","duration":0.057291999999506515,"failureMessages":[],"meta":{}},{"ancestorTitles":["agent.plan.approve schema"],"fullName":"agent.plan.approve schema rejects missing planId","status":"passed","title":"rejects missing planId","duration":0.06166699999994307,"failureMessages":[],"meta":{}},{"ancestorTitles":["agent.mcp.register schema"],"fullName":"agent.mcp.register schema accepts a fully-specified valid payload","status":"passed","title":"accepts a fully-specified valid payload","duration":0.05820800000037707,"failureMessages":[],"meta":{}},{"ancestorTitles":["agent.mcp.register schema"],"fullName":"agent.mcp.register schema defaults authStrategy to 'none' when omitted","status":"passed","title":"defaults authStrategy to 'none' when omitted","duration":0.041625000000749424,"failureMessages":[],"meta":{}},{"ancestorTitles":["agent.mcp.register schema"],"fullName":"agent.mcp.register schema rejects an endpointUrl that is not a valid URL","status":"passed","title":"rejects an endpointUrl that is not a valid URL","duration":0.09866700000020501,"failureMessages":[],"meta":{}},{"ancestorTitles":["agent.mcp.register schema"],"fullName":"agent.mcp.register schema rejects an endpointUrl that is a relative path","status":"passed","title":"rejects an endpointUrl that is a relative path","duration":0.06054200000016863,"failureMessages":[],"meta":{}},{"ancestorTitles":["agent.mcp.register schema"],"fullName":"agent.mcp.register schema rejects an endpointUrl that is an empty string","status":"passed","title":"rejects an endpointUrl that is an empty string","duration":0.05670800000007148,"failureMessages":[],"meta":{}},{"ancestorTitles":["agent.mcp.register schema"],"fullName":"agent.mcp.register schema accepts all valid transportType values","status":"passed","title":"accepts all valid transportType values","duration":0.06541699999979755,"failureMessages":[],"meta":{}},{"ancestorTitles":["agent.mcp.register schema"],"fullName":"agent.mcp.register schema rejects an invalid transportType enum","status":"passed","title":"rejects an invalid transportType enum","duration":0.0507499999994252,"failureMessages":[],"meta":{}},{"ancestorTitles":["agent.mcp.register schema"],"fullName":"agent.mcp.register schema rejects transportType 'websocket' (not in enum)","status":"passed","title":"rejects transportType 'websocket' (not in enum)","duration":0.04516700000021956,"failureMessages":[],"meta":{}},{"ancestorTitles":["agent.mcp.register schema"],"fullName":"agent.mcp.register schema accepts all valid authStrategy values","status":"passed","title":"accepts all valid authStrategy values","duration":0.08195799999975861,"failureMessages":[],"meta":{}},{"ancestorTitles":["agent.mcp.register schema"],"fullName":"agent.mcp.register schema rejects an invalid authStrategy enum","status":"passed","title":"rejects an invalid authStrategy enum","duration":0.06666700000005221,"failureMessages":[],"meta":{}},{"ancestorTitles":["agent.mcp.register schema"],"fullName":"agent.mcp.register schema rejects authStrategy 'api-key' (not in enum)","status":"passed","title":"rejects authStrategy 'api-key' (not in enum)","duration":0.04679099999975733,"failureMessages":[],"meta":{}},{"ancestorTitles":["agent.mcp.register schema"],"fullName":"agent.mcp.register schema rejects an empty name (min 1)","status":"passed","title":"rejects an empty name (min 1)","duration":0.061749999999847205,"failureMessages":[],"meta":{}},{"ancestorTitles":["agent.mcp.register schema"],"fullName":"agent.mcp.register schema accepts a name of exactly 120 characters (upper boundary)","status":"passed","title":"accepts a name of exactly 120 characters (upper boundary)","duration":0.04929100000026665,"failureMessages":[],"meta":{}},{"ancestorTitles":["agent.mcp.register schema"],"fullName":"agent.mcp.register schema rejects a name of 121 characters (one over max)","status":"passed","title":"rejects a name of 121 characters (one over max)","duration":0.06629200000043056,"failureMessages":[],"meta":{}},{"ancestorTitles":["agent.mcp.register schema"],"fullName":"agent.mcp.register schema accepts optional authConfig as a string record","status":"passed","title":"accepts optional authConfig as a string record","duration":0.09387500000048021,"failureMessages":[],"meta":{}},{"ancestorTitles":["agent.mcp.register schema"],"fullName":"agent.mcp.register schema authConfig is optional — omitting it is valid","status":"passed","title":"authConfig is optional — omitting it is valid","duration":0.039374999999381544,"failureMessages":[],"meta":{}},{"ancestorTitles":["agent.mcp.register schema"],"fullName":"agent.mcp.register schema accepts a stdio transport with a file path as endpointUrl","status":"passed","title":"accepts a stdio transport with a file path as endpointUrl","duration":0.04316599999947357,"failureMessages":[],"meta":{}}],"startTime":1781072019169,"endTime":1781072019174.094,"status":"passed","message":"","name":"/Users/macanderson/oxagen-monorepo/apps/mcp/src/tools/agent.schema.test.ts"},{"assertionResults":[{"ancestorTitles":["billing.credits.purchase handler"],"fullName":"billing.credits.purchase handler exports schema and metadata","status":"passed","title":"exports schema and metadata","duration":66.7413749999996,"failureMessages":[],"meta":{}},{"ancestorTitles":["billing.credits.purchase handler"],"fullName":"billing.credits.purchase handler calls buildContext then invoke with correct args","status":"passed","title":"calls buildContext then invoke with correct args","duration":30.923249999999825,"failureMessages":[],"meta":{}},{"ancestorTitles":["billing.credits.purchase handler"],"fullName":"billing.credits.purchase handler propagates invoke errors","status":"passed","title":"propagates invoke errors","duration":3.5390830000001188,"failureMessages":[],"meta":{}},{"ancestorTitles":["billing.subscription.read handler"],"fullName":"billing.subscription.read handler exports schema and metadata","status":"passed","title":"exports schema and metadata","duration":0.24683299999969677,"failureMessages":[],"meta":{}},{"ancestorTitles":["billing.subscription.read handler"],"fullName":"billing.subscription.read handler calls invoke with empty args for read","status":"passed","title":"calls invoke with empty args for read","duration":0.6252500000000509,"failureMessages":[],"meta":{}},{"ancestorTitles":["billing.subscription.upgrade.start handler"],"fullName":"billing.subscription.upgrade.start handler exports schema and metadata","status":"passed","title":"exports schema and metadata","duration":1.0855000000001382,"failureMessages":[],"meta":{}},{"ancestorTitles":["billing.subscription.upgrade.start handler"],"fullName":"billing.subscription.upgrade.start handler calls invoke with upgrade args","status":"passed","title":"calls invoke with upgrade args","duration":2.6202079999998205,"failureMessages":[],"meta":{}},{"ancestorTitles":["api.key.create handler"],"fullName":"api.key.create handler exports schema and metadata","status":"passed","title":"exports schema and metadata","duration":0.10416600000007747,"failureMessages":[],"meta":{}},{"ancestorTitles":["api.key.create handler"],"fullName":"api.key.create handler calls invoke with key creation args","status":"passed","title":"calls invoke with key creation args","duration":0.2023749999998472,"failureMessages":[],"meta":{}},{"ancestorTitles":["api.key.revoke handler"],"fullName":"api.key.revoke handler exports schema and metadata","status":"passed","title":"exports schema and metadata","duration":0.06758300000001327,"failureMessages":[],"meta":{}},{"ancestorTitles":["api.key.revoke handler"],"fullName":"api.key.revoke handler calls invoke with revoke args","status":"passed","title":"calls invoke with revoke args","duration":0.16033299999980954,"failureMessages":[],"meta":{}}],"startTime":1781072014556,"endTime":1781072014663.1604,"status":"passed","message":"","name":"/Users/macanderson/oxagen-monorepo/apps/mcp/src/tools/billing.handlers.test.ts"},{"assertionResults":[{"ancestorTitles":["billing.credits.purchase schema"],"fullName":"billing.credits.purchase schema accepts the minimum valid purchase amount ($5 exactly)","status":"passed","title":"accepts the minimum valid purchase amount ($5 exactly)","duration":0.8118750000003274,"failureMessages":[],"meta":{}},{"ancestorTitles":["billing.credits.purchase schema"],"fullName":"billing.credits.purchase schema accepts a typical purchase amount ($50)","status":"passed","title":"accepts a typical purchase amount ($50)","duration":0.10850000000027649,"failureMessages":[],"meta":{}},{"ancestorTitles":["billing.credits.purchase schema"],"fullName":"billing.credits.purchase schema accepts a large purchase amount ($500)","status":"passed","title":"accepts a large purchase amount ($500)","duration":0.09041700000034325,"failureMessages":[],"meta":{}},{"ancestorTitles":["billing.credits.purchase schema"],"fullName":"billing.credits.purchase schema rejects $4.99 (below $5 minimum)","status":"passed","title":"rejects $4.99 (below $5 minimum)","duration":0.22545900000022812,"failureMessages":[],"meta":{}},{"ancestorTitles":["billing.credits.purchase schema"],"fullName":"billing.credits.purchase schema rejects $0 (zero is below minimum)","status":"passed","title":"rejects $0 (zero is below minimum)","duration":0.1790000000000873,"failureMessages":[],"meta":{}},{"ancestorTitles":["billing.credits.purchase schema"],"fullName":"billing.credits.purchase schema rejects a negative amount","status":"passed","title":"rejects a negative amount","duration":0.08508299999994051,"failureMessages":[],"meta":{}},{"ancestorTitles":["billing.credits.purchase schema"],"fullName":"billing.credits.purchase schema rejects -5 (negative, despite matching the $5 boundary)","status":"passed","title":"rejects -5 (negative, despite matching the $5 boundary)","duration":0.08458300000074814,"failureMessages":[],"meta":{}},{"ancestorTitles":["billing.credits.purchase schema"],"fullName":"billing.credits.purchase schema rejects missing amountUsd","status":"passed","title":"rejects missing amountUsd","duration":0.09754200000043056,"failureMessages":[],"meta":{}},{"ancestorTitles":["billing.credits.purchase schema"],"fullName":"billing.credits.purchase schema rejects a string amount (wrong type)","status":"passed","title":"rejects a string amount (wrong type)","duration":0.07795900000019174,"failureMessages":[],"meta":{}},{"ancestorTitles":["billing.credits.purchase schema"],"fullName":"billing.credits.purchase schema includes 'Minimum purchase is $5' in the error message for $4.99","status":"passed","title":"includes 'Minimum purchase is $5' in the error message for $4.99","duration":0.12995799999953306,"failureMessages":[],"meta":{}},{"ancestorTitles":["billing.credits.purchase schema"],"fullName":"billing.credits.purchase schema includes 'Minimum purchase is $5' in the error message for $1","status":"passed","title":"includes 'Minimum purchase is $5' in the error message for $1","duration":0.06612500000028376,"failureMessages":[],"meta":{}},{"ancestorTitles":["billing.credits.purchase schema"],"fullName":"billing.credits.purchase schema rejects NaN","status":"passed","title":"rejects NaN","duration":0.08774999999968713,"failureMessages":[],"meta":{}},{"ancestorTitles":["billing.credits.purchase schema"],"fullName":"billing.credits.purchase schema accepts Infinity (Zod z.number() does not reject Infinity; the handler enforces a practical cap)","status":"passed","title":"accepts Infinity (Zod z.number() does not reject Infinity; the handler enforces a practical cap)","duration":0.058167000000139524,"failureMessages":[],"meta":{}}],"startTime":1781072019161,"endTime":1781072019163.13,"status":"passed","message":"","name":"/Users/macanderson/oxagen-monorepo/apps/mcp/src/tools/billing.schema.test.ts"},{"assertionResults":[{"ancestorTitles":["conversation.archive handler"],"fullName":"conversation.archive handler exports schema and metadata","status":"passed","title":"exports schema and metadata","duration":0.6102909999999611,"failureMessages":[],"meta":{}},{"ancestorTitles":["conversation.archive handler"],"fullName":"conversation.archive handler calls buildContext then invoke with correct args","status":"passed","title":"calls buildContext then invoke with correct args","duration":5.011332999999922,"failureMessages":[],"meta":{}},{"ancestorTitles":["conversation.archive handler"],"fullName":"conversation.archive handler propagates invoke errors","status":"passed","title":"propagates invoke errors","duration":4.219916000000012,"failureMessages":[],"meta":{}},{"ancestorTitles":["conversation.delete handler"],"fullName":"conversation.delete handler exports schema and metadata","status":"passed","title":"exports schema and metadata","duration":0.09991600000012113,"failureMessages":[],"meta":{}},{"ancestorTitles":["conversation.delete handler"],"fullName":"conversation.delete handler calls invoke with delete args","status":"passed","title":"calls invoke with delete args","duration":0.2064170000003287,"failureMessages":[],"meta":{}},{"ancestorTitles":["conversation.list handler"],"fullName":"conversation.list handler exports schema and metadata","status":"passed","title":"exports schema and metadata","duration":0.08154199999989942,"failureMessages":[],"meta":{}},{"ancestorTitles":["conversation.list handler"],"fullName":"conversation.list handler calls invoke with list args","status":"passed","title":"calls invoke with list args","duration":0.2804590000000644,"failureMessages":[],"meta":{}},{"ancestorTitles":["conversation.purge handler"],"fullName":"conversation.purge handler exports schema and metadata","status":"passed","title":"exports schema and metadata","duration":0.0641659999996591,"failureMessages":[],"meta":{}},{"ancestorTitles":["conversation.purge handler"],"fullName":"conversation.purge handler calls invoke with empty args for purge","status":"passed","title":"calls invoke with empty args for purge","duration":0.152042000000165,"failureMessages":[],"meta":{}},{"ancestorTitles":["conversation.rename handler"],"fullName":"conversation.rename handler exports schema and metadata","status":"passed","title":"exports schema and metadata","duration":0.06883299999981318,"failureMessages":[],"meta":{}},{"ancestorTitles":["conversation.rename handler"],"fullName":"conversation.rename handler calls invoke with rename args","status":"passed","title":"calls invoke with rename args","duration":2.6800419999999576,"failureMessages":[],"meta":{}},{"ancestorTitles":["chat.message.send handler"],"fullName":"chat.message.send handler exports schema and metadata","status":"passed","title":"exports schema and metadata","duration":0.094333000000006,"failureMessages":[],"meta":{}},{"ancestorTitles":["chat.message.send handler"],"fullName":"chat.message.send handler calls invoke with send args","status":"passed","title":"calls invoke with send args","duration":0.14454200000000128,"failureMessages":[],"meta":{}}],"startTime":1781072014925,"endTime":1781072014939.1445,"status":"passed","message":"","name":"/Users/macanderson/oxagen-monorepo/apps/mcp/src/tools/conversation.handlers.test.ts"},{"assertionResults":[{"ancestorTitles":["conversation.archive schema"],"fullName":"conversation.archive schema accepts a valid archive request with one conversation id","status":"passed","title":"accepts a valid archive request with one conversation id","duration":0.9193749999994907,"failureMessages":[],"meta":{}},{"ancestorTitles":["conversation.archive schema"],"fullName":"conversation.archive schema accepts a restore request (archived: false)","status":"passed","title":"accepts a restore request (archived: false)","duration":0.12733399999979156,"failureMessages":[],"meta":{}},{"ancestorTitles":["conversation.archive schema"],"fullName":"conversation.archive schema accepts exactly 100 conversation ids (upper boundary)","status":"passed","title":"accepts exactly 100 conversation ids (upper boundary)","duration":0.14037499999994907,"failureMessages":[],"meta":{}},{"ancestorTitles":["conversation.archive schema"],"fullName":"conversation.archive schema rejects an empty conversationIds array (min 1)","status":"passed","title":"rejects an empty conversationIds array (min 1)","duration":0.27237500000046566,"failureMessages":[],"meta":{}},{"ancestorTitles":["conversation.archive schema"],"fullName":"conversation.archive schema rejects 101 conversation ids (max 100)","status":"passed","title":"rejects 101 conversation ids (max 100)","duration":0.1392919999998412,"failureMessages":[],"meta":{}},{"ancestorTitles":["conversation.archive schema"],"fullName":"conversation.archive schema rejects an inner id that is an empty string (inner min 1)","status":"passed","title":"rejects an inner id that is an empty string (inner min 1)","duration":0.10183299999971496,"failureMessages":[],"meta":{}},{"ancestorTitles":["conversation.archive schema"],"fullName":"conversation.archive schema rejects missing archived field","status":"passed","title":"rejects missing archived field","duration":0.09329200000047422,"failureMessages":[],"meta":{}},{"ancestorTitles":["conversation.archive schema"],"fullName":"conversation.archive schema rejects non-boolean archived (e.g. string 'true')","status":"passed","title":"rejects non-boolean archived (e.g. string 'true')","duration":0.07608299999992596,"failureMessages":[],"meta":{}},{"ancestorTitles":["conversation.archive schema"],"fullName":"conversation.archive schema rejects non-boolean archived (e.g. number 1)","status":"passed","title":"rejects non-boolean archived (e.g. number 1)","duration":0.10466699999960838,"failureMessages":[],"meta":{}},{"ancestorTitles":["conversation.archive schema"],"fullName":"conversation.archive schema accepts 2 valid conversation ids","status":"passed","title":"accepts 2 valid conversation ids","duration":0.3217079999994894,"failureMessages":[],"meta":{}},{"ancestorTitles":["conversation.rename schema"],"fullName":"conversation.rename schema accepts a valid rename request","status":"passed","title":"accepts a valid rename request","duration":0.05470800000057352,"failureMessages":[],"meta":{}},{"ancestorTitles":["conversation.rename schema"],"fullName":"conversation.rename schema accepts a title of exactly 200 characters (upper boundary)","status":"passed","title":"accepts a title of exactly 200 characters (upper boundary)","duration":0.06862499999988358,"failureMessages":[],"meta":{}},{"ancestorTitles":["conversation.rename schema"],"fullName":"conversation.rename schema rejects a title of 201 characters (one over max)","status":"passed","title":"rejects a title of 201 characters (one over max)","duration":0.1634169999997539,"failureMessages":[],"meta":{}},{"ancestorTitles":["conversation.rename schema"],"fullName":"conversation.rename schema rejects a whitespace-only title after trim (min 1)","status":"passed","title":"rejects a whitespace-only title after trim (min 1)","duration":0.06733299999996234,"failureMessages":[],"meta":{}},{"ancestorTitles":["conversation.rename schema"],"fullName":"conversation.rename schema rejects an empty title","status":"passed","title":"rejects an empty title","duration":0.05670800000007148,"failureMessages":[],"meta":{}},{"ancestorTitles":["conversation.rename schema"],"fullName":"conversation.rename schema rejects an empty conversationId (min 1)","status":"passed","title":"rejects an empty conversationId (min 1)","duration":0.06720899999982066,"failureMessages":[],"meta":{}},{"ancestorTitles":["conversation.rename schema"],"fullName":"conversation.rename schema rejects missing conversationId","status":"passed","title":"rejects missing conversationId","duration":0.05891700000029232,"failureMessages":[],"meta":{}},{"ancestorTitles":["conversation.rename schema"],"fullName":"conversation.rename schema rejects missing title","status":"passed","title":"rejects missing title","duration":0.05308400000012625,"failureMessages":[],"meta":{}},{"ancestorTitles":["conversation.rename schema"],"fullName":"conversation.rename schema trims leading/trailing whitespace from title (contract uses .trim())","status":"passed","title":"trims leading/trailing whitespace from title (contract uses .trim())","duration":0.03520799999932933,"failureMessages":[],"meta":{}},{"ancestorTitles":["conversation.list schema"],"fullName":"conversation.list schema uses defaults when no fields are provided","status":"passed","title":"uses defaults when no fields are provided","duration":0.08145799999965675,"failureMessages":[],"meta":{}},{"ancestorTitles":["conversation.list schema"],"fullName":"conversation.list schema accepts filter 'active'","status":"passed","title":"accepts filter 'active'","duration":0.035582999999860476,"failureMessages":[],"meta":{}},{"ancestorTitles":["conversation.list schema"],"fullName":"conversation.list schema accepts filter 'archived'","status":"passed","title":"accepts filter 'archived'","duration":0.03316700000050332,"failureMessages":[],"meta":{}},{"ancestorTitles":["conversation.list schema"],"fullName":"conversation.list schema rejects an invalid filter enum value","status":"passed","title":"rejects an invalid filter enum value","duration":0.08341699999982666,"failureMessages":[],"meta":{}},{"ancestorTitles":["conversation.list schema"],"fullName":"conversation.list schema rejects filter 'all' (not in enum)","status":"passed","title":"rejects filter 'all' (not in enum)","duration":0.05525000000034197,"failureMessages":[],"meta":{}},{"ancestorTitles":["conversation.list schema"],"fullName":"conversation.list schema accepts limit 1 (lower boundary)","status":"passed","title":"accepts limit 1 (lower boundary)","duration":0.061582999999700405,"failureMessages":[],"meta":{}},{"ancestorTitles":["conversation.list schema"],"fullName":"conversation.list schema accepts limit 100 (upper boundary)","status":"passed","title":"accepts limit 100 (upper boundary)","duration":0.04537499999969441,"failureMessages":[],"meta":{}},{"ancestorTitles":["conversation.list schema"],"fullName":"conversation.list schema rejects limit 0 (below min 1)","status":"passed","title":"rejects limit 0 (below min 1)","duration":0.05587500000001455,"failureMessages":[],"meta":{}},{"ancestorTitles":["conversation.list schema"],"fullName":"conversation.list schema rejects limit 101 (above max 100)","status":"passed","title":"rejects limit 101 (above max 100)","duration":0.053042000000459666,"failureMessages":[],"meta":{}},{"ancestorTitles":["conversation.list schema"],"fullName":"conversation.list schema rejects a fractional limit (must be int)","status":"passed","title":"rejects a fractional limit (must be int)","duration":0.05858299999999872,"failureMessages":[],"meta":{}},{"ancestorTitles":["conversation.list schema"],"fullName":"conversation.list schema rejects a negative limit","status":"passed","title":"rejects a negative limit","duration":0.06070799999997689,"failureMessages":[],"meta":{}},{"ancestorTitles":["conversation.list schema"],"fullName":"conversation.list schema accepts cursor as null (start of list)","status":"passed","title":"accepts cursor as null (start of list)","duration":0.03474999999980355,"failureMessages":[],"meta":{}},{"ancestorTitles":["conversation.list schema"],"fullName":"conversation.list schema accepts a non-null cursor string","status":"passed","title":"accepts a non-null cursor string","duration":0.034416000000419444,"failureMessages":[],"meta":{}},{"ancestorTitles":["conversation.list schema"],"fullName":"conversation.list schema accepts a fully-specified valid payload","status":"passed","title":"accepts a fully-specified valid payload","duration":0.05183299999953306,"failureMessages":[],"meta":{}}],"startTime":1781072019167,"endTime":1781072019171.0835,"status":"passed","message":"","name":"/Users/macanderson/oxagen-monorepo/apps/mcp/src/tools/conversations.schema.test.ts"},{"assertionResults":[{"ancestorTitles":["archive.create handler"],"fullName":"archive.create handler exports schema and metadata","status":"passed","title":"exports schema and metadata","duration":4.833499999999731,"failureMessages":[],"meta":{}},{"ancestorTitles":["archive.create handler"],"fullName":"archive.create handler calls buildContext then invoke with correct args","status":"passed","title":"calls buildContext then invoke with correct args","duration":23.1440419999999,"failureMessages":[],"meta":{}},{"ancestorTitles":["archive.create handler"],"fullName":"archive.create handler propagates invoke errors","status":"passed","title":"propagates invoke errors","duration":5.732875000000149,"failureMessages":[],"meta":{}},{"ancestorTitles":["asset.upload handler"],"fullName":"asset.upload handler exports schema and metadata","status":"passed","title":"exports schema and metadata","duration":2.3877910000001066,"failureMessages":[],"meta":{}},{"ancestorTitles":["asset.upload handler"],"fullName":"asset.upload handler calls invoke with upload args","status":"passed","title":"calls invoke with upload args","duration":11.032416999999896,"failureMessages":[],"meta":{}},{"ancestorTitles":["brandkit.apply handler"],"fullName":"brandkit.apply handler exports schema and metadata","status":"passed","title":"exports schema and metadata","duration":1.7312080000001515,"failureMessages":[],"meta":{}},{"ancestorTitles":["brandkit.apply handler"],"fullName":"brandkit.apply handler calls invoke with brandkit args","status":"passed","title":"calls invoke with brandkit args","duration":1.60483400000021,"failureMessages":[],"meta":{}},{"ancestorTitles":["documents.generate handler"],"fullName":"documents.generate handler exports schema and metadata","status":"passed","title":"exports schema and metadata","duration":1.10149999999976,"failureMessages":[],"meta":{}},{"ancestorTitles":["documents.generate handler"],"fullName":"documents.generate handler calls invoke with document generation args","status":"passed","title":"calls invoke with document generation args","duration":0.3383330000001479,"failureMessages":[],"meta":{}},{"ancestorTitles":["documents.pdf.create handler"],"fullName":"documents.pdf.create handler exports schema and metadata","status":"passed","title":"exports schema and metadata","duration":6.6729999999997744,"failureMessages":[],"meta":{}},{"ancestorTitles":["documents.pdf.create handler"],"fullName":"documents.pdf.create handler calls invoke with PDF creation args","status":"passed","title":"calls invoke with PDF creation args","duration":3.4829169999998157,"failureMessages":[],"meta":{}},{"ancestorTitles":["image.generate handler"],"fullName":"image.generate handler exports schema and metadata","status":"passed","title":"exports schema and metadata","duration":0.10929200000009587,"failureMessages":[],"meta":{}},{"ancestorTitles":["image.generate handler"],"fullName":"image.generate handler calls invoke with image generation args","status":"passed","title":"calls invoke with image generation args","duration":1.4747500000003129,"failureMessages":[],"meta":{}},{"ancestorTitles":["svg.generate handler"],"fullName":"svg.generate handler exports schema and metadata","status":"passed","title":"exports schema and metadata","duration":2.6530840000000353,"failureMessages":[],"meta":{}},{"ancestorTitles":["svg.generate handler"],"fullName":"svg.generate handler calls invoke with svg generation args","status":"passed","title":"calls invoke with svg generation args","duration":5.265250000000378,"failureMessages":[],"meta":{}},{"ancestorTitles":["video.generate handler"],"fullName":"video.generate handler exports schema and metadata","status":"passed","title":"exports schema and metadata","duration":1.8665829999999914,"failureMessages":[],"meta":{}},{"ancestorTitles":["video.generate handler"],"fullName":"video.generate handler calls invoke with video generation args","status":"passed","title":"calls invoke with video generation args","duration":0.43812500000012733,"failureMessages":[],"meta":{}},{"ancestorTitles":["form.fill handler"],"fullName":"form.fill handler exports schema and metadata","status":"passed","title":"exports schema and metadata","duration":0.9570420000000013,"failureMessages":[],"meta":{}},{"ancestorTitles":["form.fill handler"],"fullName":"form.fill handler calls invoke with form fill args","status":"passed","title":"calls invoke with form fill args","duration":0.6267080000002352,"failureMessages":[],"meta":{}}],"startTime":1781072015207,"endTime":1781072015290.6267,"status":"passed","message":"","name":"/Users/macanderson/oxagen-monorepo/apps/mcp/src/tools/documents.handlers.test.ts"},{"assertionResults":[{"ancestorTitles":["notifications.list handler"],"fullName":"notifications.list handler exports schema and metadata","status":"passed","title":"exports schema and metadata","duration":0.7247090000000753,"failureMessages":[],"meta":{}},{"ancestorTitles":["notifications.list handler"],"fullName":"notifications.list handler calls buildContext then invoke with correct args","status":"passed","title":"calls buildContext then invoke with correct args","duration":1.4185830000005808,"failureMessages":[],"meta":{}},{"ancestorTitles":["notifications.list handler"],"fullName":"notifications.list handler propagates invoke errors","status":"passed","title":"propagates invoke errors","duration":0.6497920000001614,"failureMessages":[],"meta":{}},{"ancestorTitles":["notifications.mark handler"],"fullName":"notifications.mark handler exports schema and metadata","status":"passed","title":"exports schema and metadata","duration":0.08937499999956344,"failureMessages":[],"meta":{}},{"ancestorTitles":["notifications.mark handler"],"fullName":"notifications.mark handler calls invoke with mark args","status":"passed","title":"calls invoke with mark args","duration":0.24974999999994907,"failureMessages":[],"meta":{}},{"ancestorTitles":["org.member.add handler"],"fullName":"org.member.add handler exports schema and metadata","status":"passed","title":"exports schema and metadata","duration":0.1016250000002401,"failureMessages":[],"meta":{}},{"ancestorTitles":["org.member.add handler"],"fullName":"org.member.add handler calls invoke with add member args","status":"passed","title":"calls invoke with add member args","duration":0.4531669999996666,"failureMessages":[],"meta":{}},{"ancestorTitles":["org.member.invite.accept handler"],"fullName":"org.member.invite.accept handler exports schema and metadata","status":"passed","title":"exports schema and metadata","duration":0.0733330000002752,"failureMessages":[],"meta":{}},{"ancestorTitles":["org.member.invite.accept handler"],"fullName":"org.member.invite.accept handler calls invoke with invite accept args","status":"passed","title":"calls invoke with invite accept args","duration":0.1492499999994834,"failureMessages":[],"meta":{}},{"ancestorTitles":["org.member.invite.decline handler"],"fullName":"org.member.invite.decline handler exports schema and metadata","status":"passed","title":"exports schema and metadata","duration":0.08399999999983265,"failureMessages":[],"meta":{}},{"ancestorTitles":["org.member.invite.decline handler"],"fullName":"org.member.invite.decline handler calls invoke with invite decline args","status":"passed","title":"calls invoke with invite decline args","duration":0.15637499999957072,"failureMessages":[],"meta":{}},{"ancestorTitles":["org.member.remove handler"],"fullName":"org.member.remove handler exports schema and metadata","status":"passed","title":"exports schema and metadata","duration":0.07087500000034197,"failureMessages":[],"meta":{}},{"ancestorTitles":["org.member.remove handler"],"fullName":"org.member.remove handler calls invoke with remove member args","status":"passed","title":"calls invoke with remove member args","duration":0.1461669999998776,"failureMessages":[],"meta":{}},{"ancestorTitles":["org.member.role.change handler"],"fullName":"org.member.role.change handler exports schema and metadata","status":"passed","title":"exports schema and metadata","duration":0.06812500000069122,"failureMessages":[],"meta":{}},{"ancestorTitles":["org.member.role.change handler"],"fullName":"org.member.role.change handler calls invoke with role change args","status":"passed","title":"calls invoke with role change args","duration":0.13937499999974534,"failureMessages":[],"meta":{}},{"ancestorTitles":["organization.create handler"],"fullName":"organization.create handler exports schema and metadata","status":"passed","title":"exports schema and metadata","duration":0.05441599999994651,"failureMessages":[],"meta":{}},{"ancestorTitles":["organization.create handler"],"fullName":"organization.create handler calls invoke with create args","status":"passed","title":"calls invoke with create args","duration":0.13154200000008132,"failureMessages":[],"meta":{}},{"ancestorTitles":["workspace.create handler"],"fullName":"workspace.create handler exports schema and metadata","status":"passed","title":"exports schema and metadata","duration":0.05366700000013225,"failureMessages":[],"meta":{}},{"ancestorTitles":["workspace.create handler"],"fullName":"workspace.create handler calls invoke with workspace create args","status":"passed","title":"calls invoke with workspace create args","duration":0.10554200000024139,"failureMessages":[],"meta":{}},{"ancestorTitles":["user.preferences.read handler"],"fullName":"user.preferences.read handler exports schema and metadata","status":"passed","title":"exports schema and metadata","duration":0.0571669999999358,"failureMessages":[],"meta":{}},{"ancestorTitles":["user.preferences.read handler"],"fullName":"user.preferences.read handler calls invoke with empty args for read","status":"passed","title":"calls invoke with empty args for read","duration":0.154208999999355,"failureMessages":[],"meta":{}},{"ancestorTitles":["user.preferences.write handler"],"fullName":"user.preferences.write handler exports schema and metadata","status":"passed","title":"exports schema and metadata","duration":0.06062500000007276,"failureMessages":[],"meta":{}},{"ancestorTitles":["user.preferences.write handler"],"fullName":"user.preferences.write handler calls invoke with preference write args","status":"passed","title":"calls invoke with preference write args","duration":0.10416600000007747,"failureMessages":[],"meta":{}},{"ancestorTitles":["workspace.model.settings.read handler"],"fullName":"workspace.model.settings.read handler exports schema and metadata","status":"passed","title":"exports schema and metadata","duration":0.04754200000024866,"failureMessages":[],"meta":{}},{"ancestorTitles":["workspace.model.settings.read handler"],"fullName":"workspace.model.settings.read handler calls invoke with empty args for read","status":"passed","title":"calls invoke with empty args for read","duration":0.07966699999997218,"failureMessages":[],"meta":{}},{"ancestorTitles":["workspace.model.settings.write handler"],"fullName":"workspace.model.settings.write handler exports schema and metadata","status":"passed","title":"exports schema and metadata","duration":0.04641600000013568,"failureMessages":[],"meta":{}},{"ancestorTitles":["workspace.model.settings.write handler"],"fullName":"workspace.model.settings.write handler calls invoke with settings write args","status":"passed","title":"calls invoke with settings write args","duration":0.06566599999950995,"failureMessages":[],"meta":{}},{"ancestorTitles":["system.install.instructions handler"],"fullName":"system.install.instructions handler exports schema and metadata","status":"passed","title":"exports schema and metadata","duration":0.05191700000068522,"failureMessages":[],"meta":{}},{"ancestorTitles":["system.install.instructions handler"],"fullName":"system.install.instructions handler calls invoke with install instructions args","status":"passed","title":"calls invoke with install instructions args","duration":0.1647499999999127,"failureMessages":[],"meta":{}},{"ancestorTitles":["workflow.run handler"],"fullName":"workflow.run handler exports schema and metadata","status":"passed","title":"exports schema and metadata","duration":0.05758299999979499,"failureMessages":[],"meta":{}},{"ancestorTitles":["workflow.run handler"],"fullName":"workflow.run handler calls invoke with workflow run args","status":"passed","title":"calls invoke with workflow run args","duration":0.10041700000056153,"failureMessages":[],"meta":{}},{"ancestorTitles":["workflow.status handler"],"fullName":"workflow.status handler exports schema and metadata","status":"passed","title":"exports schema and metadata","duration":0.08187499999985448,"failureMessages":[],"meta":{}},{"ancestorTitles":["workflow.status handler"],"fullName":"workflow.status handler calls invoke with workflow status args","status":"passed","title":"calls invoke with workflow status args","duration":0.13058299999920564,"failureMessages":[],"meta":{}},{"ancestorTitles":["workflow.cancel handler"],"fullName":"workflow.cancel handler exports schema and metadata","status":"passed","title":"exports schema and metadata","duration":0.05133300000034069,"failureMessages":[],"meta":{}},{"ancestorTitles":["workflow.cancel handler"],"fullName":"workflow.cancel handler calls invoke with workflow cancel args","status":"passed","title":"calls invoke with workflow cancel args","duration":0.06758300000001327,"failureMessages":[],"meta":{}}],"startTime":1781072016691,"endTime":1781072016698.1306,"status":"passed","message":"","name":"/Users/macanderson/oxagen-monorepo/apps/mcp/src/tools/misc.handlers.test.ts"},{"assertionResults":[{"ancestorTitles":["system.install.instructions schema"],"fullName":"system.install.instructions schema accepts all valid client values","status":"passed","title":"accepts all valid client values","duration":1.1437079999996058,"failureMessages":[],"meta":{}},{"ancestorTitles":["system.install.instructions schema"],"fullName":"system.install.instructions schema rejects 'windsurf' (not in enum)","status":"passed","title":"rejects 'windsurf' (not in enum)","duration":0.3239579999999478,"failureMessages":[],"meta":{}},{"ancestorTitles":["system.install.instructions schema"],"fullName":"system.install.instructions schema rejects 'copilot' (not in enum)","status":"passed","title":"rejects 'copilot' (not in enum)","duration":0.11258300000008603,"failureMessages":[],"meta":{}},{"ancestorTitles":["system.install.instructions schema"],"fullName":"system.install.instructions schema rejects an empty string client","status":"passed","title":"rejects an empty string client","duration":0.0979590000006283,"failureMessages":[],"meta":{}},{"ancestorTitles":["system.install.instructions schema"],"fullName":"system.install.instructions schema rejects missing client field","status":"passed","title":"rejects missing client field","duration":0.09554200000002311,"failureMessages":[],"meta":{}},{"ancestorTitles":["system.install.instructions schema"],"fullName":"system.install.instructions schema workspaceSlug is optional — omitting it is valid","status":"passed","title":"workspaceSlug is optional — omitting it is valid","duration":0.0687500000003638,"failureMessages":[],"meta":{}},{"ancestorTitles":["system.install.instructions schema"],"fullName":"system.install.instructions schema accepts an optional workspaceSlug string","status":"passed","title":"accepts an optional workspaceSlug string","duration":0.09916700000030687,"failureMessages":[],"meta":{}},{"ancestorTitles":["system.install.instructions schema"],"fullName":"system.install.instructions schema rejects an invalid client alongside a valid workspaceSlug","status":"passed","title":"rejects an invalid client alongside a valid workspaceSlug","duration":0.2257499999996071,"failureMessages":[],"meta":{}},{"ancestorTitles":["user.preferences.write schema"],"fullName":"user.preferences.write schema accepts an empty payload (all fields optional)","status":"passed","title":"accepts an empty payload (all fields optional)","duration":0.09683299999960582,"failureMessages":[],"meta":{}},{"ancestorTitles":["user.preferences.write schema"],"fullName":"user.preferences.write schema accepts all valid fontSize values","status":"passed","title":"accepts all valid fontSize values","duration":0.1479170000002341,"failureMessages":[],"meta":{}},{"ancestorTitles":["user.preferences.write schema"],"fullName":"user.preferences.write schema rejects an invalid fontSize enum","status":"passed","title":"rejects an invalid fontSize enum","duration":0.0749999999998181,"failureMessages":[],"meta":{}},{"ancestorTitles":["user.preferences.write schema"],"fullName":"user.preferences.write schema accepts all valid density values","status":"passed","title":"accepts all valid density values","duration":0.10679199999958655,"failureMessages":[],"meta":{}},{"ancestorTitles":["user.preferences.write schema"],"fullName":"user.preferences.write schema rejects an invalid density enum","status":"passed","title":"rejects an invalid density enum","duration":0.07162499999958527,"failureMessages":[],"meta":{}},{"ancestorTitles":["user.preferences.write schema"],"fullName":"user.preferences.write schema accepts all valid pendingPromptBehavior values","status":"passed","title":"accepts all valid pendingPromptBehavior values","duration":0.08612499999981083,"failureMessages":[],"meta":{}},{"ancestorTitles":["user.preferences.write schema"],"fullName":"user.preferences.write schema rejects an invalid pendingPromptBehavior enum","status":"passed","title":"rejects an invalid pendingPromptBehavior enum","duration":0.06512500000008004,"failureMessages":[],"meta":{}},{"ancestorTitles":["user.preferences.write schema"],"fullName":"user.preferences.write schema accepts all valid defaultTextTier values","status":"passed","title":"accepts all valid defaultTextTier values","duration":0.20249999999941792,"failureMessages":[],"meta":{}},{"ancestorTitles":["user.preferences.write schema"],"fullName":"user.preferences.write schema rejects an invalid defaultTextTier enum","status":"passed","title":"rejects an invalid defaultTextTier enum","duration":0.1447920000000522,"failureMessages":[],"meta":{}},{"ancestorTitles":["user.preferences.write schema"],"fullName":"user.preferences.write schema accepts null for defaultTextTier (nullable — clears the pref)","status":"passed","title":"accepts null for defaultTextTier (nullable — clears the pref)","duration":0.07099999999991269,"failureMessages":[],"meta":{}},{"ancestorTitles":["user.preferences.write schema"],"fullName":"user.preferences.write schema accepts null for defaultTextModel (nullable — clears)","status":"passed","title":"accepts null for defaultTextModel (nullable — clears)","duration":0.04820899999958783,"failureMessages":[],"meta":{}},{"ancestorTitles":["user.preferences.write schema"],"fullName":"user.preferences.write schema accepts null for defaultImageModel (nullable — clears)","status":"passed","title":"accepts null for defaultImageModel (nullable — clears)","duration":0.042999999999665306,"failureMessages":[],"meta":{}},{"ancestorTitles":["user.preferences.write schema"],"fullName":"user.preferences.write schema accepts null for defaultVideoModel (nullable — clears)","status":"passed","title":"accepts null for defaultVideoModel (nullable — clears)","duration":0.04779099999996106,"failureMessages":[],"meta":{}},{"ancestorTitles":["user.preferences.write schema"],"fullName":"user.preferences.write schema rejects an empty string for defaultTextModel (min 1)","status":"passed","title":"rejects an empty string for defaultTextModel (min 1)","duration":0.113999999999578,"failureMessages":[],"meta":{}},{"ancestorTitles":["user.preferences.write schema"],"fullName":"user.preferences.write schema rejects an empty string for defaultImageModel (min 1)","status":"passed","title":"rejects an empty string for defaultImageModel (min 1)","duration":0.07866700000067794,"failureMessages":[],"meta":{}},{"ancestorTitles":["user.preferences.write schema"],"fullName":"user.preferences.write schema rejects an empty string for defaultVideoModel (min 1)","status":"passed","title":"rejects an empty string for defaultVideoModel (min 1)","duration":0.055292000000008557,"failureMessages":[],"meta":{}},{"ancestorTitles":["user.preferences.write schema"],"fullName":"user.preferences.write schema accepts a valid model id string for defaultTextModel","status":"passed","title":"accepts a valid model id string for defaultTextModel","duration":0.043124999999236024,"failureMessages":[],"meta":{}},{"ancestorTitles":["user.preferences.write schema"],"fullName":"user.preferences.write schema accepts a boolean for enterToSubmit","status":"passed","title":"accepts a boolean for enterToSubmit","duration":0.09424999999919237,"failureMessages":[],"meta":{}},{"ancestorTitles":["user.preferences.write schema"],"fullName":"user.preferences.write schema accepts a fully-specified valid payload","status":"passed","title":"accepts a fully-specified valid payload","duration":0.05991600000015751,"failureMessages":[],"meta":{}},{"ancestorTitles":["workspace.model.settings.write schema"],"fullName":"workspace.model.settings.write schema accepts an empty payload (all fields optional)","status":"passed","title":"accepts an empty payload (all fields optional)","duration":0.050750000000334694,"failureMessages":[],"meta":{}},{"ancestorTitles":["workspace.model.settings.write schema"],"fullName":"workspace.model.settings.write schema accepts all valid defaultTextTier values","status":"passed","title":"accepts all valid defaultTextTier values","duration":0.09116699999958655,"failureMessages":[],"meta":{}},{"ancestorTitles":["workspace.model.settings.write schema"],"fullName":"workspace.model.settings.write schema rejects an invalid defaultTextTier enum","status":"passed","title":"rejects an invalid defaultTextTier enum","duration":0.07208300000002055,"failureMessages":[],"meta":{}},{"ancestorTitles":["workspace.model.settings.write schema"],"fullName":"workspace.model.settings.write schema accepts null for defaultTextTier (nullable — clears the setting)","status":"passed","title":"accepts null for defaultTextTier (nullable — clears the setting)","duration":0.03562500000043656,"failureMessages":[],"meta":{}},{"ancestorTitles":["workspace.model.settings.write schema"],"fullName":"workspace.model.settings.write schema accepts null for defaultTextModel (nullable — clears)","status":"passed","title":"accepts null for defaultTextModel (nullable — clears)","duration":0.042290999999750056,"failureMessages":[],"meta":{}},{"ancestorTitles":["workspace.model.settings.write schema"],"fullName":"workspace.model.settings.write schema accepts null for defaultImageModel (nullable — clears)","status":"passed","title":"accepts null for defaultImageModel (nullable — clears)","duration":0.028917000000546977,"failureMessages":[],"meta":{}},{"ancestorTitles":["workspace.model.settings.write schema"],"fullName":"workspace.model.settings.write schema accepts null for defaultVideoModel (nullable — clears)","status":"passed","title":"accepts null for defaultVideoModel (nullable — clears)","duration":0.027916000000004715,"failureMessages":[],"meta":{}},{"ancestorTitles":["workspace.model.settings.write schema"],"fullName":"workspace.model.settings.write schema rejects an empty string for defaultTextModel (min 1)","status":"passed","title":"rejects an empty string for defaultTextModel (min 1)","duration":2.342957999999271,"failureMessages":[],"meta":{}},{"ancestorTitles":["workspace.model.settings.write schema"],"fullName":"workspace.model.settings.write schema rejects an empty string for defaultImageModel (min 1)","status":"passed","title":"rejects an empty string for defaultImageModel (min 1)","duration":0.09812499999952706,"failureMessages":[],"meta":{}},{"ancestorTitles":["workspace.model.settings.write schema"],"fullName":"workspace.model.settings.write schema rejects an empty string for defaultVideoModel (min 1)","status":"passed","title":"rejects an empty string for defaultVideoModel (min 1)","duration":0.06383400000049733,"failureMessages":[],"meta":{}},{"ancestorTitles":["workspace.model.settings.write schema"],"fullName":"workspace.model.settings.write schema accepts a valid model id string for defaultImageModel","status":"passed","title":"accepts a valid model id string for defaultImageModel","duration":0.05666600000040489,"failureMessages":[],"meta":{}},{"ancestorTitles":["workspace.model.settings.write schema"],"fullName":"workspace.model.settings.write schema accepts a fully-specified valid payload","status":"passed","title":"accepts a fully-specified valid payload","duration":0.04429100000015751,"failureMessages":[],"meta":{}}],"startTime":1781072019168,"endTime":1781072019175.343,"status":"passed","message":"","name":"/Users/macanderson/oxagen-monorepo/apps/mcp/src/tools/misc.schema.test.ts"},{"assertionResults":[{"ancestorTitles":["plugin.catalog.browse handler"],"fullName":"plugin.catalog.browse handler exports schema and metadata","status":"passed","title":"exports schema and metadata","duration":0.6327500000006694,"failureMessages":[],"meta":{}},{"ancestorTitles":["plugin.catalog.browse handler"],"fullName":"plugin.catalog.browse handler calls buildContext then invoke with correct args","status":"passed","title":"calls buildContext then invoke with correct args","duration":2.46191699999963,"failureMessages":[],"meta":{}},{"ancestorTitles":["plugin.catalog.browse handler"],"fullName":"plugin.catalog.browse handler propagates invoke errors","status":"passed","title":"propagates invoke errors","duration":1.1412920000002487,"failureMessages":[],"meta":{}},{"ancestorTitles":["plugin.catalog.get handler"],"fullName":"plugin.catalog.get handler exports schema and metadata","status":"passed","title":"exports schema and metadata","duration":0.08933400000023539,"failureMessages":[],"meta":{}},{"ancestorTitles":["plugin.catalog.get handler"],"fullName":"plugin.catalog.get handler calls invoke with catalog get args","status":"passed","title":"calls invoke with catalog get args","duration":0.48679099999935715,"failureMessages":[],"meta":{}},{"ancestorTitles":["plugin.credential.reauth handler"],"fullName":"plugin.credential.reauth handler exports schema and metadata","status":"passed","title":"exports schema and metadata","duration":0.08395800000016607,"failureMessages":[],"meta":{}},{"ancestorTitles":["plugin.credential.reauth handler"],"fullName":"plugin.credential.reauth handler calls invoke with reauth args","status":"passed","title":"calls invoke with reauth args","duration":0.20733300000028976,"failureMessages":[],"meta":{}},{"ancestorTitles":["plugin.credential.set_secret handler"],"fullName":"plugin.credential.set_secret handler exports schema and metadata","status":"passed","title":"exports schema and metadata","duration":0.09112499999991996,"failureMessages":[],"meta":{}},{"ancestorTitles":["plugin.credential.set_secret handler"],"fullName":"plugin.credential.set_secret handler calls invoke with set_secret args","status":"passed","title":"calls invoke with set_secret args","duration":0.1635420000002341,"failureMessages":[],"meta":{}},{"ancestorTitles":["plugin.denylist.add handler"],"fullName":"plugin.denylist.add handler exports schema and metadata","status":"passed","title":"exports schema and metadata","duration":0.07545800000025338,"failureMessages":[],"meta":{}},{"ancestorTitles":["plugin.denylist.add handler"],"fullName":"plugin.denylist.add handler calls invoke with denylist add args","status":"passed","title":"calls invoke with denylist add args","duration":0.11837500000001455,"failureMessages":[],"meta":{}},{"ancestorTitles":["plugin.denylist.remove handler"],"fullName":"plugin.denylist.remove handler exports schema and metadata","status":"passed","title":"exports schema and metadata","duration":0.06087500000012369,"failureMessages":[],"meta":{}},{"ancestorTitles":["plugin.denylist.remove handler"],"fullName":"plugin.denylist.remove handler calls invoke with denylist remove args","status":"passed","title":"calls invoke with denylist remove args","duration":0.10870799999975134,"failureMessages":[],"meta":{}},{"ancestorTitles":["plugin.org.install handler"],"fullName":"plugin.org.install handler exports schema and metadata","status":"passed","title":"exports schema and metadata","duration":0.06441699999959383,"failureMessages":[],"meta":{}},{"ancestorTitles":["plugin.org.install handler"],"fullName":"plugin.org.install handler calls invoke with install args","status":"passed","title":"calls invoke with install args","duration":0.30645800000002055,"failureMessages":[],"meta":{}},{"ancestorTitles":["plugin.org.install_bulk handler"],"fullName":"plugin.org.install_bulk handler exports schema and metadata","status":"passed","title":"exports schema and metadata","duration":0.06549999999970169,"failureMessages":[],"meta":{}},{"ancestorTitles":["plugin.org.install_bulk handler"],"fullName":"plugin.org.install_bulk handler calls invoke with bulk install args","status":"passed","title":"calls invoke with bulk install args","duration":0.11200000000008004,"failureMessages":[],"meta":{}},{"ancestorTitles":["plugin.org.list handler"],"fullName":"plugin.org.list handler exports schema and metadata","status":"passed","title":"exports schema and metadata","duration":0.067124999999578,"failureMessages":[],"meta":{}},{"ancestorTitles":["plugin.org.list handler"],"fullName":"plugin.org.list handler calls invoke with org list args","status":"passed","title":"calls invoke with org list args","duration":0.1291670000000522,"failureMessages":[],"meta":{}},{"ancestorTitles":["plugin.org.list handler"],"fullName":"plugin.org.list handler works with empty args","status":"passed","title":"works with empty args","duration":0.07474999999976717,"failureMessages":[],"meta":{}},{"ancestorTitles":["plugin.org.set_enabled handler"],"fullName":"plugin.org.set_enabled handler exports schema and metadata","status":"passed","title":"exports schema and metadata","duration":0.056332999999540334,"failureMessages":[],"meta":{}},{"ancestorTitles":["plugin.org.set_enabled handler"],"fullName":"plugin.org.set_enabled handler calls invoke with set_enabled args","status":"passed","title":"calls invoke with set_enabled args","duration":0.109375,"failureMessages":[],"meta":{}},{"ancestorTitles":["plugin.org.uninstall handler"],"fullName":"plugin.org.uninstall handler exports schema and metadata","status":"passed","title":"exports schema and metadata","duration":0.05029099999956088,"failureMessages":[],"meta":{}},{"ancestorTitles":["plugin.org.uninstall handler"],"fullName":"plugin.org.uninstall handler calls invoke with uninstall args","status":"passed","title":"calls invoke with uninstall args","duration":0.08091699999931734,"failureMessages":[],"meta":{}},{"ancestorTitles":["plugin.registry.add handler"],"fullName":"plugin.registry.add handler exports schema and metadata","status":"passed","title":"exports schema and metadata","duration":0.052250000000640284,"failureMessages":[],"meta":{}},{"ancestorTitles":["plugin.registry.add handler"],"fullName":"plugin.registry.add handler calls invoke with registry add args","status":"passed","title":"calls invoke with registry add args","duration":0.08983400000033726,"failureMessages":[],"meta":{}},{"ancestorTitles":["plugin.registry.list handler"],"fullName":"plugin.registry.list handler exports schema and metadata","status":"passed","title":"exports schema and metadata","duration":0.04800000000068394,"failureMessages":[],"meta":{}},{"ancestorTitles":["plugin.registry.list handler"],"fullName":"plugin.registry.list handler calls invoke with empty args for list","status":"passed","title":"calls invoke with empty args for list","duration":0.08349999999973079,"failureMessages":[],"meta":{}},{"ancestorTitles":["plugin.registry.remove handler"],"fullName":"plugin.registry.remove handler exports schema and metadata","status":"passed","title":"exports schema and metadata","duration":0.043958000000202446,"failureMessages":[],"meta":{}},{"ancestorTitles":["plugin.registry.remove handler"],"fullName":"plugin.registry.remove handler calls invoke with registry remove args","status":"passed","title":"calls invoke with registry remove args","duration":0.07370799999989686,"failureMessages":[],"meta":{}},{"ancestorTitles":["plugin.registry.sync handler"],"fullName":"plugin.registry.sync handler exports schema and metadata","status":"passed","title":"exports schema and metadata","duration":0.060209000000213564,"failureMessages":[],"meta":{}},{"ancestorTitles":["plugin.registry.sync handler"],"fullName":"plugin.registry.sync handler calls invoke with sync args","status":"passed","title":"calls invoke with sync args","duration":0.08520899999984977,"failureMessages":[],"meta":{}},{"ancestorTitles":["plugin.settings.set_auth_alerts handler"],"fullName":"plugin.settings.set_auth_alerts handler exports schema and metadata","status":"passed","title":"exports schema and metadata","duration":0.04199999999946158,"failureMessages":[],"meta":{}},{"ancestorTitles":["plugin.settings.set_auth_alerts handler"],"fullName":"plugin.settings.set_auth_alerts handler calls invoke with auth alert settings args","status":"passed","title":"calls invoke with auth alert settings args","duration":0.10333300000002055,"failureMessages":[],"meta":{}},{"ancestorTitles":["plugin.workspace.set_enabled handler"],"fullName":"plugin.workspace.set_enabled handler exports schema and metadata","status":"passed","title":"exports schema and metadata","duration":0.0520409999999174,"failureMessages":[],"meta":{}},{"ancestorTitles":["plugin.workspace.set_enabled handler"],"fullName":"plugin.workspace.set_enabled handler calls invoke with workspace set_enabled args","status":"passed","title":"calls invoke with workspace set_enabled args","duration":0.06383300000015879,"failureMessages":[],"meta":{}}],"startTime":1781072016643,"endTime":1781072016652.0637,"status":"passed","message":"","name":"/Users/macanderson/oxagen-monorepo/apps/mcp/src/tools/plugin.handlers.test.ts"},{"assertionResults":[{"ancestorTitles":["organization.create schema"],"fullName":"organization.create schema accepts a valid organization payload","status":"passed","title":"accepts a valid organization payload","duration":0.8850000000002183,"failureMessages":[],"meta":{}},{"ancestorTitles":["organization.create schema"],"fullName":"organization.create schema defaults planSlug to 'free' when omitted","status":"passed","title":"defaults planSlug to 'free' when omitted","duration":0.151625000000422,"failureMessages":[],"meta":{}},{"ancestorTitles":["organization.create schema"],"fullName":"organization.create schema rejects an empty name","status":"passed","title":"rejects an empty name","duration":0.29662499999994907,"failureMessages":[],"meta":{}},{"ancestorTitles":["organization.create schema"],"fullName":"organization.create schema rejects a slug with uppercase letters","status":"passed","title":"rejects a slug with uppercase letters","duration":0.09791700000005221,"failureMessages":[],"meta":{}},{"ancestorTitles":["organization.create schema"],"fullName":"organization.create schema rejects a slug with spaces","status":"passed","title":"rejects a slug with spaces","duration":0.08433300000069721,"failureMessages":[],"meta":{}},{"ancestorTitles":["organization.create schema"],"fullName":"organization.create schema rejects a slug shorter than 2 characters","status":"passed","title":"rejects a slug shorter than 2 characters","duration":0.09008400000038819,"failureMessages":[],"meta":{}},{"ancestorTitles":["organization.create schema"],"fullName":"organization.create schema rejects a slug longer than 40 characters","status":"passed","title":"rejects a slug longer than 40 characters","duration":0.09795800000028976,"failureMessages":[],"meta":{}},{"ancestorTitles":["workspace.create schema"],"fullName":"workspace.create schema accepts a valid workspace payload","status":"passed","title":"accepts a valid workspace payload","duration":0.07029200000033597,"failureMessages":[],"meta":{}},{"ancestorTitles":["workspace.create schema"],"fullName":"workspace.create schema rejects an empty name","status":"passed","title":"rejects an empty name","duration":0.09774999999990541,"failureMessages":[],"meta":{}},{"ancestorTitles":["workspace.create schema"],"fullName":"workspace.create schema rejects a slug with special characters","status":"passed","title":"rejects a slug with special characters","duration":0.08370800000011513,"failureMessages":[],"meta":{}},{"ancestorTitles":["workspace.create schema"],"fullName":"workspace.create schema rejects a slug longer than 40 characters","status":"passed","title":"rejects a slug longer than 40 characters","duration":0.08054099999935715,"failureMessages":[],"meta":{}},{"ancestorTitles":["image.generate schema"],"fullName":"image.generate schema accepts a minimal valid payload (prompt only)","status":"passed","title":"accepts a minimal valid payload (prompt only)","duration":0.06845799999973678,"failureMessages":[],"meta":{}},{"ancestorTitles":["image.generate schema"],"fullName":"image.generate schema accepts all optional fields","status":"passed","title":"accepts all optional fields","duration":0.04216600000017934,"failureMessages":[],"meta":{}},{"ancestorTitles":["image.generate schema"],"fullName":"image.generate schema rejects an empty prompt","status":"passed","title":"rejects an empty prompt","duration":0.06920899999931862,"failureMessages":[],"meta":{}},{"ancestorTitles":["image.generate schema"],"fullName":"image.generate schema rejects an invalid size enum value","status":"passed","title":"rejects an invalid size enum value","duration":0.09804200000053243,"failureMessages":[],"meta":{}},{"ancestorTitles":["image.generate schema"],"fullName":"image.generate schema accepts all valid size values","status":"passed","title":"accepts all valid size values","duration":0.10108300000047166,"failureMessages":[],"meta":{}},{"ancestorTitles":["agent.memory.recall schema"],"fullName":"agent.memory.recall schema accepts a minimal valid payload","status":"passed","title":"accepts a minimal valid payload","duration":0.05329100000017206,"failureMessages":[],"meta":{}},{"ancestorTitles":["agent.memory.recall schema"],"fullName":"agent.memory.recall schema accepts a fully-specified payload","status":"passed","title":"accepts a fully-specified payload","duration":0.04791699999987031,"failureMessages":[],"meta":{}},{"ancestorTitles":["agent.memory.recall schema"],"fullName":"agent.memory.recall schema rejects an empty query","status":"passed","title":"rejects an empty query","duration":0.05991699999958655,"failureMessages":[],"meta":{}},{"ancestorTitles":["agent.memory.recall schema"],"fullName":"agent.memory.recall schema rejects a limit above 50","status":"passed","title":"rejects a limit above 50","duration":0.0739160000002812,"failureMessages":[],"meta":{}},{"ancestorTitles":["agent.memory.recall schema"],"fullName":"agent.memory.recall schema rejects a limit of 0 (must be positive)","status":"passed","title":"rejects a limit of 0 (must be positive)","duration":0.055209000000104425,"failureMessages":[],"meta":{}},{"ancestorTitles":["agent.memory.recall schema"],"fullName":"agent.memory.recall schema rejects an invalid minWeight value","status":"passed","title":"rejects an invalid minWeight value","duration":1.876792000000023,"failureMessages":[],"meta":{}},{"ancestorTitles":["chat.message.send schema"],"fullName":"chat.message.send schema accepts a minimal valid new-conversation message","status":"passed","title":"accepts a minimal valid new-conversation message","duration":0.35354199999983393,"failureMessages":[],"meta":{}},{"ancestorTitles":["chat.message.send schema"],"fullName":"chat.message.send schema accepts a branching message with all fields","status":"passed","title":"accepts a branching message with all fields","duration":0.09637500000008004,"failureMessages":[],"meta":{}},{"ancestorTitles":["chat.message.send schema"],"fullName":"chat.message.send schema rejects an empty content string","status":"passed","title":"rejects an empty content string","duration":0.06833299999925657,"failureMessages":[],"meta":{}},{"ancestorTitles":["chat.message.send schema"],"fullName":"chat.message.send schema rejects an invalid branchReason enum value","status":"passed","title":"rejects an invalid branchReason enum value","duration":0.06166699999994307,"failureMessages":[],"meta":{}},{"ancestorTitles":["chat.message.send schema"],"fullName":"chat.message.send schema accepts all valid branchReason values","status":"passed","title":"accepts all valid branchReason values","duration":0.14020799999980227,"failureMessages":[],"meta":{}},{"ancestorTitles":["agent.task.background.start schema"],"fullName":"agent.task.background.start schema accepts a minimal valid task payload","status":"passed","title":"accepts a minimal valid task payload","duration":0.050957999999809545,"failureMessages":[],"meta":{}},{"ancestorTitles":["agent.task.background.start schema"],"fullName":"agent.task.background.start schema accepts a labeled task","status":"passed","title":"accepts a labeled task","duration":0.04770800000005693,"failureMessages":[],"meta":{}},{"ancestorTitles":["agent.task.background.start schema"],"fullName":"agent.task.background.start schema accepts an empty kind string (schema uses z.string() with no min)","status":"passed","title":"accepts an empty kind string (schema uses z.string() with no min)","duration":0.047458999999435036,"failureMessages":[],"meta":{}},{"ancestorTitles":["form.fill schema"],"fullName":"form.fill schema accepts a valid form fill request","status":"passed","title":"accepts a valid form fill request","duration":0.10712500000045111,"failureMessages":[],"meta":{}},{"ancestorTitles":["form.fill schema"],"fullName":"form.fill schema accepts an optional entitySummary","status":"passed","title":"accepts an optional entitySummary","duration":0.063083000000006,"failureMessages":[],"meta":{}},{"ancestorTitles":["form.fill schema"],"fullName":"form.fill schema rejects an empty route","status":"passed","title":"rejects an empty route","duration":0.05766700000003766,"failureMessages":[],"meta":{}},{"ancestorTitles":["form.fill schema"],"fullName":"form.fill schema rejects an empty instruction","status":"passed","title":"rejects an empty instruction","duration":0.06775000000016007,"failureMessages":[],"meta":{}},{"ancestorTitles":["form.fill schema"],"fullName":"form.fill schema rejects an empty fields array","status":"passed","title":"rejects an empty fields array","duration":0.05537499999991269,"failureMessages":[],"meta":{}},{"ancestorTitles":["form.fill schema"],"fullName":"form.fill schema rejects a field with an invalid type","status":"passed","title":"rejects a field with an invalid type","duration":0.06704100000024482,"failureMessages":[],"meta":{}},{"ancestorTitles":["form.fill schema"],"fullName":"form.fill schema accepts all valid field types","status":"passed","title":"accepts all valid field types","duration":0.17087500000070577,"failureMessages":[],"meta":{}}],"startTime":1781072019220,"endTime":1781072019226.171,"status":"passed","message":"","name":"/Users/macanderson/oxagen-monorepo/apps/mcp/src/tools/schemas.test.ts"},{"assertionResults":[{"ancestorTitles":["tool-registry parity"],"fullName":"tool-registry parity registered tool names match the mcp-surfaced contracts exactly","status":"passed","title":"registered tool names match the mcp-surfaced contracts exactly","duration":0.7317080000011629,"failureMessages":[],"meta":{}},{"ancestorTitles":["tool-registry parity"],"fullName":"tool-registry parity each tool metadata.name matches the corresponding contract name (no copy-paste drift)","status":"passed","title":"each tool metadata.name matches the corresponding contract name (no copy-paste drift)","duration":1.3380419999994047,"failureMessages":[],"meta":{}},{"ancestorTitles":["tool-registry parity"],"fullName":"tool-registry parity no two tool files declare the same metadata.name","status":"passed","title":"no two tool files declare the same metadata.name","duration":0.6576250000016444,"failureMessages":[],"meta":{}},{"ancestorTitles":["tool-registry parity"],"fullName":"tool-registry parity has at least one registered tool (sanity: registry is non-empty)","status":"passed","title":"has at least one registered tool (sanity: registry is non-empty)","duration":0.11625000000094587,"failureMessages":[],"meta":{}}],"startTime":1781072020551,"endTime":1781072020554.1162,"status":"passed","message":"","name":"/Users/macanderson/oxagen-monorepo/apps/mcp/src/tools/tool-registry.test.ts"}]}
@oxagen/app:test:unit: {"level":50,"time":1781072020685,"app":"handlers","sessionId":"session-other-456","err":"connection timeout","msg":"revokeOwnSessionAction: db error"}
@oxagen/handlers:test:unit: {"level":50,"time":1781072021151,"app":"handlers","err":{"type":"Error","message":"DB connection failed","stack":"Error: DB connection failed\n    at /Users/macanderson/oxagen-monorepo/packages/handlers/src/plugin.settings.set_auth_alerts.test.ts:42:46\n    at file:///Users/macanderson/oxagen-monorepo/node_modules/@vitest/runner/dist/index.js:146:14\n    at file:///Users/macanderson/oxagen-monorepo/node_modules/@vitest/runner/dist/index.js:533:11\n    at runWithTimeout (file:///Users/macanderson/oxagen-monorepo/node_modules/@vitest/runner/dist/index.js:39:7)\n    at runTest (file:///Users/macanderson/oxagen-monorepo/node_modules/@vitest/runner/dist/index.js:1056:17)\n    at processTicksAndRejections (node:internal/process/task_queues:104:5)\n    at runSuite (file:///Users/macanderson/oxagen-monorepo/node_modules/@vitest/runner/dist/index.js:1205:15)\n    at runSuite (file:///Users/macanderson/oxagen-monorepo/node_modules/@vitest/runner/dist/index.js:1205:15)\n    at runFiles (file:///Users/macanderson/oxagen-monorepo/node_modules/@vitest/runner/dist/index.js:1262:5)\n    at startTests (file:///Users/macanderson/oxagen-monorepo/node_modules/@vitest/runner/dist/index.js:1271:3)"},"orgId":"org-1","sendEmail":true,"msg":"plugin.settings.set_auth_alerts: failed"}
@oxagen/handlers:test:unit: {"level":50,"time":1781072021153,"app":"handlers","err":{"type":"Error","message":"constraint violation","stack":"Error: constraint violation\n    at Object.where (/Users/macanderson/oxagen-monorepo/packages/handlers/src/plugin.settings.set_auth_alerts.test.ts:54:41)\n    at /Users/macanderson/oxagen-monorepo/packages/handlers/src/plugin.settings.set_auth_alerts.ts:20:10\n    at Proxy.<anonymous> (/Users/macanderson/oxagen-monorepo/packages/handlers/src/plugin.settings.set_auth_alerts.test.ts:51:14)\n    at Proxy.mockCall (file:///Users/macanderson/oxagen-monorepo/node_modules/@vitest/spy/dist/index.js:61:17)\n    at Proxy.spy (file:///Users/macanderson/oxagen-monorepo/node_modules/tinyspy/dist/index.js:45:80)\n    at Module.handler (/Users/macanderson/oxagen-monorepo/packages/handlers/src/plugin.settings.set_auth_alerts.ts:13:11)\n    at /Users/macanderson/oxagen-monorepo/packages/handlers/src/plugin.settings.set_auth_alerts.test.ts:61:7\n    at file:///Users/macanderson/oxagen-monorepo/node_modules/@vitest/runner/dist/index.js:146:14\n    at file:///Users/macanderson/oxagen-monorepo/node_modules/@vitest/runner/dist/index.js:533:11\n    at runWithTimeout (file:///Users/macanderson/oxagen-monorepo/node_modules/@vitest/runner/dist/index.js:39:7)"},"orgId":"org-1","sendEmail":false,"msg":"plugin.settings.set_auth_alerts: failed"}
@oxagen/handlers:test:unit: {"numTotalTestSuites":157,"numPassedTestSuites":157,"numFailedTestSuites":0,"numPendingTestSuites":0,"numTotalTests":418,"numPassedTests":418,"numFailedTests":0,"numPendingTests":0,"numTodoTests":0,"snapshot":{"added":0,"failure":false,"filesAdded":0,"filesRemoved":0,"filesRemovedList":[],"filesUnmatched":0,"filesUpdated":0,"matched":0,"total":0,"unchecked":0,"uncheckedKeysByFile":[],"unmatched":0,"updated":0,"didUpdate":false},"startTime":1781072010207,"success":true,"testResults":[{"assertionResults":[{"ancestorTitles":["archiveCreateHandler — text entries"],"fullName":"archiveCreateHandler — text entries encodes a text entry to UTF-8 bytes and passes it to zipSync","status":"passed","title":"encodes a text entry to UTF-8 bytes and passes it to zipSync","duration":4.1982090000001335,"failureMessages":[],"meta":{}},{"ancestorTitles":["archiveCreateHandler — text entries"],"fullName":"archiveCreateHandler — text entries multiple text entries all appear in the zip input","status":"passed","title":"multiple text entries all appear in the zip input","duration":2.123458999999457,"failureMessages":[],"meta":{}},{"ancestorTitles":["archiveCreateHandler — base64 entries"],"fullName":"archiveCreateHandler — base64 entries decodes base64 bytes and passes them to zipSync","status":"passed","title":"decodes base64 bytes and passes them to zipSync","duration":3.9793339999996533,"failureMessages":[],"meta":{}},{"ancestorTitles":["archiveCreateHandler — assetId entries"],"fullName":"archiveCreateHandler — assetId entries fetches asset from DB + storage and includes bytes in ZIP","status":"passed","title":"fetches asset from DB + storage and includes bytes in ZIP","duration":4.048999999999978,"failureMessages":[],"meta":{}},{"ancestorTitles":["archiveCreateHandler — assetId entries"],"fullName":"archiveCreateHandler — assetId entries throws when assetId not found in DB","status":"passed","title":"throws when assetId not found in DB","duration":2.26733300000069,"failureMessages":[],"meta":{}},{"ancestorTitles":["archiveCreateHandler — assetId entries"],"fullName":"archiveCreateHandler — assetId entries throws when assetId belongs to a different org (IDOR guard)","status":"passed","title":"throws when assetId belongs to a different org (IDOR guard)","duration":0.5446250000004511,"failureMessages":[],"meta":{}},{"ancestorTitles":["archiveCreateHandler — output"],"fullName":"archiveCreateHandler — output persists with kind=archive and mimeType=application/zip","status":"passed","title":"persists with kind=archive and mimeType=application/zip","duration":1.1462090000004537,"failureMessages":[],"meta":{}},{"ancestorTitles":["archiveCreateHandler — output"],"fullName":"archiveCreateHandler — output passes ZIP magic bytes to persistGeneratedAsset","status":"passed","title":"passes ZIP magic bytes to persistGeneratedAsset","duration":1.1602499999999054,"failureMessages":[],"meta":{}},{"ancestorTitles":["archiveCreateHandler — output"],"fullName":"archiveCreateHandler — output output shape matches contract","status":"passed","title":"output shape matches contract","duration":1.5145839999995587,"failureMessages":[],"meta":{}},{"ancestorTitles":["archiveCreateHandler — output"],"fullName":"archiveCreateHandler — output render directive is file-attachment with .zip filename","status":"passed","title":"render directive is file-attachment with .zip filename","duration":1.9047080000000278,"failureMessages":[],"meta":{}},{"ancestorTitles":["archiveCreateHandler — output"],"fullName":"archiveCreateHandler — output throws when persistGeneratedAsset rejects","status":"passed","title":"throws when persistGeneratedAsset rejects","duration":44.4105840000002,"failureMessages":[],"meta":{}},{"ancestorTitles":["archiveCreateHandler — validation"],"fullName":"archiveCreateHandler — validation an entry with no source throws a clear error","status":"passed","title":"an entry with no source throws a clear error","duration":0.38329200000043784,"failureMessages":[],"meta":{}}],"startTime":1781072016582,"endTime":1781072016650.4106,"status":"passed","message":"","name":"/Users/macanderson/oxagen-monorepo/packages/handlers/src/archive.create.test.ts"},{"assertionResults":[{"ancestorTitles":["assertPublicHttpUrl — SSRF protection"],"fullName":"assertPublicHttpUrl — SSRF protection accepts a public https URL","status":"passed","title":"accepts a public https URL","duration":0.8807499999998072,"failureMessages":[],"meta":{}},{"ancestorTitles":["assertPublicHttpUrl — SSRF protection"],"fullName":"assertPublicHttpUrl — SSRF protection accepts a public http URL","status":"passed","title":"accepts a public http URL","duration":0.14645800000016607,"failureMessages":[],"meta":{}},{"ancestorTitles":["assertPublicHttpUrl — SSRF protection"],"fullName":"assertPublicHttpUrl — SSRF protection rejects non-http scheme (ftp)","status":"passed","title":"rejects non-http scheme (ftp)","duration":0.13170900000022812,"failureMessages":[],"meta":{}},{"ancestorTitles":["assertPublicHttpUrl — SSRF protection"],"fullName":"assertPublicHttpUrl — SSRF protection rejects 'file://' scheme","status":"passed","title":"rejects 'file://' scheme","duration":0.10579100000040853,"failureMessages":[],"meta":{}},{"ancestorTitles":["assertPublicHttpUrl — SSRF protection"],"fullName":"assertPublicHttpUrl — SSRF protection rejects bare hostname 'localhost'","status":"passed","title":"rejects bare hostname 'localhost'","duration":0.08754200000021228,"failureMessages":[],"meta":{}},{"ancestorTitles":["assertPublicHttpUrl — SSRF protection"],"fullName":"assertPublicHttpUrl — SSRF protection rejects 'metadata.google.internal'","status":"passed","title":"rejects 'metadata.google.internal'","duration":0.09733400000004622,"failureMessages":[],"meta":{}},{"ancestorTitles":["assertPublicHttpUrl — SSRF protection"],"fullName":"assertPublicHttpUrl — SSRF protection rejects 127.0.0.1 (loopback)","status":"passed","title":"rejects 127.0.0.1 (loopback)","duration":0.12245899999970788,"failureMessages":[],"meta":{}},{"ancestorTitles":["assertPublicHttpUrl — SSRF protection"],"fullName":"assertPublicHttpUrl — SSRF protection rejects 10.0.0.1 (private class A)","status":"passed","title":"rejects 10.0.0.1 (private class A)","duration":0.09641700000020137,"failureMessages":[],"meta":{}},{"ancestorTitles":["assertPublicHttpUrl — SSRF protection"],"fullName":"assertPublicHttpUrl — SSRF protection rejects 172.16.0.1 (private class B)","status":"passed","title":"rejects 172.16.0.1 (private class B)","duration":3.9476669999999103,"failureMessages":[],"meta":{}},{"ancestorTitles":["assertPublicHttpUrl — SSRF protection"],"fullName":"assertPublicHttpUrl — SSRF protection rejects 192.168.1.1 (private class C)","status":"passed","title":"rejects 192.168.1.1 (private class C)","duration":0.29383400000006077,"failureMessages":[],"meta":{}},{"ancestorTitles":["assertPublicHttpUrl — SSRF protection"],"fullName":"assertPublicHttpUrl — SSRF protection rejects 169.254.169.254 (AWS/GCP IMDS)","status":"passed","title":"rejects 169.254.169.254 (AWS/GCP IMDS)","duration":0.24337500000001455,"failureMessages":[],"meta":{}},{"ancestorTitles":["assertPublicHttpUrl — SSRF protection"],"fullName":"assertPublicHttpUrl — SSRF protection rejects 0.0.0.0","status":"passed","title":"rejects 0.0.0.0","duration":0.2060830000000351,"failureMessages":[],"meta":{}},{"ancestorTitles":["assertPublicHttpUrl — SSRF protection"],"fullName":"assertPublicHttpUrl — SSRF protection rejects ::1 (IPv6 loopback)","status":"passed","title":"rejects ::1 (IPv6 loopback)","duration":0.21566600000005565,"failureMessages":[],"meta":{}},{"ancestorTitles":["assertPublicHttpUrl — SSRF protection"],"fullName":"assertPublicHttpUrl — SSRF protection rejects fe80:: (IPv6 link-local)","status":"passed","title":"rejects fe80:: (IPv6 link-local)","duration":0.17891699999972843,"failureMessages":[],"meta":{}},{"ancestorTitles":["assertPublicHttpUrl — SSRF protection"],"fullName":"assertPublicHttpUrl — SSRF protection rejects fd00:: (IPv6 unique-local)","status":"passed","title":"rejects fd00:: (IPv6 unique-local)","duration":0.20666699999992488,"failureMessages":[],"meta":{}},{"ancestorTitles":["assetUploadHandler — authorization guards"],"fullName":"assetUploadHandler — authorization guards throws Unauthorized when no principal is present","status":"passed","title":"throws Unauthorized when no principal is present","duration":1.906916999999794,"failureMessages":[],"meta":{}},{"ancestorTitles":["assetUploadHandler — authorization guards"],"fullName":"assetUploadHandler — authorization guards throws Forbidden when orgId is empty","status":"passed","title":"throws Forbidden when orgId is empty","duration":0.14600000000018554,"failureMessages":[],"meta":{}},{"ancestorTitles":["assetUploadHandler — SSRF rejection"],"fullName":"assetUploadHandler — SSRF rejection rejects a private IPv4 URL without fetching","status":"passed","title":"rejects a private IPv4 URL without fetching","duration":0.1056669999998121,"failureMessages":[],"meta":{}},{"ancestorTitles":["assetUploadHandler — oversize rejection"],"fullName":"assetUploadHandler — oversize rejection rejects an asset that exceeds the kind limit","status":"passed","title":"rejects an asset that exceeds the kind limit","duration":5.181040999999823,"failureMessages":[],"meta":{}},{"ancestorTitles":["assetUploadHandler — disallowed content-type rejection"],"fullName":"assetUploadHandler — disallowed content-type rejection rejects when the server returns an unsupported content type","status":"passed","title":"rejects when the server returns an unsupported content type","duration":0.3632500000003347,"failureMessages":[],"meta":{}},{"ancestorTitles":["assetUploadHandler — happy path"],"fullName":"assetUploadHandler — happy path stores the asset and returns url/key/contentType/bytes","status":"passed","title":"stores the asset and returns url/key/contentType/bytes","duration":0.5470409999998083,"failureMessages":[],"meta":{}},{"ancestorTitles":["assetUploadHandler — happy path"],"fullName":"assetUploadHandler — happy path works for a document kind with PDF content type","status":"passed","title":"works for a document kind with PDF content type","duration":0.2215000000001055,"failureMessages":[],"meta":{}},{"ancestorTitles":["assetUploadHandler — happy path"],"fullName":"assetUploadHandler — happy path works for an API-key context (no userId)","status":"passed","title":"works for an API-key context (no userId)","duration":0.19162499999993088,"failureMessages":[],"meta":{}}],"startTime":1781072013180,"endTime":1781072013196.2214,"status":"passed","message":"","name":"/Users/macanderson/oxagen-monorepo/packages/handlers/src/asset.upload.test.ts"},{"assertionResults":[{"ancestorTitles":["automationCreateHandler (@oxagen/handlers)"],"fullName":"automationCreateHandler (@oxagen/handlers) throws when userId is null","status":"passed","title":"throws when userId is null","duration":1.3400420000000395,"failureMessages":[],"meta":{}},{"ancestorTitles":["automationCreateHandler (@oxagen/handlers)"],"fullName":"automationCreateHandler (@oxagen/handlers) returns automation_id, name, status on successful insert","status":"passed","title":"returns automation_id, name, status on successful insert","duration":0.28958299999999326,"failureMessages":[],"meta":{}},{"ancestorTitles":["automationCreateHandler (@oxagen/handlers)"],"fullName":"automationCreateHandler (@oxagen/handlers) calls the db insert exactly once","status":"passed","title":"calls the db insert exactly once","duration":0.12612500000000182,"failureMessages":[],"meta":{}},{"ancestorTitles":["automationCreateHandler (@oxagen/handlers)"],"fullName":"automationCreateHandler (@oxagen/handlers) throws when insert returns no row","status":"passed","title":"throws when insert returns no row","duration":0.12129200000003948,"failureMessages":[],"meta":{}},{"ancestorTitles":["automationCreateHandler (@oxagen/handlers)"],"fullName":"automationCreateHandler (@oxagen/handlers) passes the automation name through from input","status":"passed","title":"passes the automation name through from input","duration":0.07500000000004547,"failureMessages":[],"meta":{}},{"ancestorTitles":["automationCreateHandler (@oxagen/handlers)"],"fullName":"automationCreateHandler (@oxagen/handlers) passes trigger and action when provided","status":"passed","title":"passes trigger and action when provided","duration":0.08916700000008859,"failureMessages":[],"meta":{}}],"startTime":1781072020560,"endTime":1781072020562.2896,"status":"passed","message":"","name":"/Users/macanderson/oxagen-monorepo/packages/handlers/src/automation.create.test.ts"},{"assertionResults":[{"ancestorTitles":["automationListHandler (@oxagen/handlers)"],"fullName":"automationListHandler (@oxagen/handlers) throws when userId is null","status":"passed","title":"throws when userId is null","duration":5.101083999999901,"failureMessages":[],"meta":{}},{"ancestorTitles":["automationListHandler (@oxagen/handlers)"],"fullName":"automationListHandler (@oxagen/handlers) returns empty array when no automations exist","status":"passed","title":"returns empty array when no automations exist","duration":0.9209580000001552,"failureMessages":[],"meta":{}},{"ancestorTitles":["automationListHandler (@oxagen/handlers)"],"fullName":"automationListHandler (@oxagen/handlers) maps rows to contract output shape (id, name, status, triggers)","status":"passed","title":"maps rows to contract output shape (id, name, status, triggers)","duration":0.49404199999980847,"failureMessages":[],"meta":{}},{"ancestorTitles":["automationListHandler (@oxagen/handlers)"],"fullName":"automationListHandler (@oxagen/handlers) maps multiple rows correctly","status":"passed","title":"maps multiple rows correctly","duration":0.1916670000000522,"failureMessages":[],"meta":{}},{"ancestorTitles":["automationListHandler (@oxagen/handlers)"],"fullName":"automationListHandler (@oxagen/handlers) coerces non-array triggerConfig to empty array","status":"passed","title":"coerces non-array triggerConfig to empty array","duration":0.11141700000007404,"failureMessages":[],"meta":{}},{"ancestorTitles":["automationListHandler (@oxagen/handlers)"],"fullName":"automationListHandler (@oxagen/handlers) invokes the query builder exactly once","status":"passed","title":"invokes the query builder exactly once","duration":0.14279099999998834,"failureMessages":[],"meta":{}}],"startTime":1781072019853,"endTime":1781072019860.1917,"status":"passed","message":"","name":"/Users/macanderson/oxagen-monorepo/packages/handlers/src/automation.list.test.ts"},{"assertionResults":[{"ancestorTitles":["automationTriggerHandler (@oxagen/handlers)"],"fullName":"automationTriggerHandler (@oxagen/handlers) throws when userId is null","status":"passed","title":"throws when userId is null","duration":1.6465829999999642,"failureMessages":[],"meta":{}},{"ancestorTitles":["automationTriggerHandler (@oxagen/handlers)"],"fullName":"automationTriggerHandler (@oxagen/handlers) throws when the automation is not found in this tenant","status":"passed","title":"throws when the automation is not found in this tenant","duration":0.37279100000000653,"failureMessages":[],"meta":{}},{"ancestorTitles":["automationTriggerHandler (@oxagen/handlers)"],"fullName":"automationTriggerHandler (@oxagen/handlers) returns execution_id and status on successful trigger","status":"passed","title":"returns execution_id and status on successful trigger","duration":0.21470899999985704,"failureMessages":[],"meta":{}},{"ancestorTitles":["automationTriggerHandler (@oxagen/handlers)"],"fullName":"automationTriggerHandler (@oxagen/handlers) calls findFirst to resolve the automation before inserting the run","status":"passed","title":"calls findFirst to resolve the automation before inserting the run","duration":0.1526249999999436,"failureMessages":[],"meta":{}},{"ancestorTitles":["automationTriggerHandler (@oxagen/handlers)"],"fullName":"automationTriggerHandler (@oxagen/handlers) throws when the run insert returns no row","status":"passed","title":"throws when the run insert returns no row","duration":0.12783300000000963,"failureMessages":[],"meta":{}},{"ancestorTitles":["automationTriggerHandler (@oxagen/handlers)"],"fullName":"automationTriggerHandler (@oxagen/handlers) accepts an optional payload","status":"passed","title":"accepts an optional payload","duration":0.10433400000010806,"failureMessages":[],"meta":{}}],"startTime":1781072019877,"endTime":1781072019879.2146,"status":"passed","message":"","name":"/Users/macanderson/oxagen-monorepo/packages/handlers/src/automation.trigger.test.ts"},{"assertionResults":[{"ancestorTitles":["billingCreditsPurchaseHandler — authorization guards"],"fullName":"billingCreditsPurchaseHandler — authorization guards throws Unauthorized when no principal is present","status":"passed","title":"throws Unauthorized when no principal is present","duration":7.697624999999789,"failureMessages":[],"meta":{}},{"ancestorTitles":["billingCreditsPurchaseHandler — authorization guards"],"fullName":"billingCreditsPurchaseHandler — authorization guards throws Forbidden when orgId is empty","status":"passed","title":"throws Forbidden when orgId is empty","duration":0.20291700000052515,"failureMessages":[],"meta":{}},{"ancestorTitles":["billingCreditsPurchaseHandler — authorization guards"],"fullName":"billingCreditsPurchaseHandler — authorization guards throws Forbidden when orgId is empty even with apiKeyId set","status":"passed","title":"throws Forbidden when orgId is empty even with apiKeyId set","duration":0.13700000000062573,"failureMessages":[],"meta":{}},{"ancestorTitles":["billingCreditsPurchaseHandler — amountUsd to grantCents conversion"],"fullName":"billingCreditsPurchaseHandler — amountUsd to grantCents conversion converts amountUsd to grantCents via × 100 (integer)","status":"passed","title":"converts amountUsd to grantCents via × 100 (integer)","duration":11.422333999999864,"failureMessages":[],"meta":{}},{"ancestorTitles":["billingCreditsPurchaseHandler — amountUsd to grantCents conversion"],"fullName":"billingCreditsPurchaseHandler — amountUsd to grantCents conversion rounds decimal amountUsd to the nearest cent","status":"passed","title":"rounds decimal amountUsd to the nearest cent","duration":0.17304200000035053,"failureMessages":[],"meta":{}},{"ancestorTitles":["billingCreditsPurchaseHandler — happy path"],"fullName":"billingCreditsPurchaseHandler — happy path returns url, grantCents, priceCents, percent for a valid user context","status":"passed","title":"returns url, grantCents, priceCents, percent for a valid user context","duration":0.23991700000078708,"failureMessages":[],"meta":{}},{"ancestorTitles":["billingCreditsPurchaseHandler — happy path"],"fullName":"billingCreditsPurchaseHandler — happy path works for a valid API-key context (no userId)","status":"passed","title":"works for a valid API-key context (no userId)","duration":0.11645799999951123,"failureMessages":[],"meta":{}},{"ancestorTitles":["billingCreditsPurchaseHandler — billing errors propagate"],"fullName":"billingCreditsPurchaseHandler — billing errors propagate rethrows errors from createUsageCreditCheckout","status":"passed","title":"rethrows errors from createUsageCreditCheckout","duration":4.8477920000004815,"failureMessages":[],"meta":{}}],"startTime":1781072017608,"endTime":1781072017633.848,"status":"passed","message":"","name":"/Users/macanderson/oxagen-monorepo/packages/handlers/src/billing.credits.purchase.test.ts"},{"assertionResults":[{"ancestorTitles":["billingSubscriptionReadHandler — authorization guards"],"fullName":"billingSubscriptionReadHandler — authorization guards throws when no principal is present (no userId and no apiKeyId)","status":"passed","title":"throws when no principal is present (no userId and no apiKeyId)","duration":1.074624999999287,"failureMessages":[],"meta":{}},{"ancestorTitles":["billingSubscriptionReadHandler — authorization guards"],"fullName":"billingSubscriptionReadHandler — authorization guards throws when orgId is empty (session-authenticated, unscoped)","status":"passed","title":"throws when orgId is empty (session-authenticated, unscoped)","duration":0.13654199999928096,"failureMessages":[],"meta":{}},{"ancestorTitles":["billingSubscriptionReadHandler — authorization guards"],"fullName":"billingSubscriptionReadHandler — authorization guards does not throw when authenticated via userId with a valid orgId","status":"passed","title":"does not throw when authenticated via userId with a valid orgId","duration":0.28370900000027177,"failureMessages":[],"meta":{}},{"ancestorTitles":["billingSubscriptionReadHandler — authorization guards"],"fullName":"billingSubscriptionReadHandler — authorization guards does not throw when authenticated via apiKeyId with a valid orgId","status":"passed","title":"does not throw when authenticated via apiKeyId with a valid orgId","duration":0.08804099999997561,"failureMessages":[],"meta":{}},{"ancestorTitles":["billingSubscriptionReadHandler — ClickHouse failure path"],"fullName":"billingSubscriptionReadHandler — ClickHouse failure path returns periodUsage=null and logs at warn when sumTokenUsage throws","status":"passed","title":"returns periodUsage=null and logs at warn when sumTokenUsage throws","duration":0.6177920000000086,"failureMessages":[],"meta":{}},{"ancestorTitles":["billingSubscriptionReadHandler — ClickHouse failure path"],"fullName":"billingSubscriptionReadHandler — ClickHouse failure path still returns subscription and balance when CH is down","status":"passed","title":"still returns subscription and balance when CH is down","duration":0.14737499999955617,"failureMessages":[],"meta":{}},{"ancestorTitles":["billingSubscriptionReadHandler — ClickHouse failure path"],"fullName":"billingSubscriptionReadHandler — ClickHouse failure path returns periodUsage when CH succeeds","status":"passed","title":"returns periodUsage when CH succeeds","duration":0.37541700000019773,"failureMessages":[],"meta":{}}],"startTime":1781072016869,"endTime":1781072016871.3755,"status":"passed","message":"","name":"/Users/macanderson/oxagen-monorepo/packages/handlers/src/billing.subscription.read.test.ts"},{"assertionResults":[{"ancestorTitles":["billingSubscriptionUpgradeStartHandler — authorization guards"],"fullName":"billingSubscriptionUpgradeStartHandler — authorization guards throws when no principal is present (no userId and no apiKeyId)","status":"passed","title":"throws when no principal is present (no userId and no apiKeyId)","duration":1.6451250000000073,"failureMessages":[],"meta":{}},{"ancestorTitles":["billingSubscriptionUpgradeStartHandler — authorization guards"],"fullName":"billingSubscriptionUpgradeStartHandler — authorization guards throws when orgId is empty (session-authenticated, unscoped)","status":"passed","title":"throws when orgId is empty (session-authenticated, unscoped)","duration":0.38162499999998545,"failureMessages":[],"meta":{}},{"ancestorTitles":["billingSubscriptionUpgradeStartHandler — authorization guards"],"fullName":"billingSubscriptionUpgradeStartHandler — authorization guards rejects before calling createCheckoutSession when unauthenticated","status":"passed","title":"rejects before calling createCheckoutSession when unauthenticated","duration":0.4397089999997661,"failureMessages":[],"meta":{}},{"ancestorTitles":["billingSubscriptionUpgradeStartHandler — happy path"],"fullName":"billingSubscriptionUpgradeStartHandler — happy path calls createCheckoutSession and returns checkoutUrl for a valid user context","status":"passed","title":"calls createCheckoutSession and returns checkoutUrl for a valid user context","duration":5.226666999999907,"failureMessages":[],"meta":{}},{"ancestorTitles":["billingSubscriptionUpgradeStartHandler — happy path"],"fullName":"billingSubscriptionUpgradeStartHandler — happy path calls createCheckoutSession for a valid API-key context (no userId)","status":"passed","title":"calls createCheckoutSession for a valid API-key context (no userId)","duration":0.165958000000046,"failureMessages":[],"meta":{}}],"startTime":1781072019369,"endTime":1781072019377.166,"status":"passed","message":"","name":"/Users/macanderson/oxagen-monorepo/packages/handlers/src/billing.subscription.upgrade.start.test.ts"},{"assertionResults":[{"ancestorTitles":["brandkitApplyHandler"],"fullName":"brandkitApplyHandler returns a typed stub without throwing","status":"passed","title":"returns a typed stub without throwing","duration":0.6149580000000014,"failureMessages":[],"meta":{}},{"ancestorTitles":["brandkitApplyHandler"],"fullName":"brandkitApplyHandler logs the stub invocation via the structured logger with PII-free identifiers","status":"passed","title":"logs the stub invocation via the structured logger with PII-free identifiers","duration":1.032542000000035,"failureMessages":[],"meta":{}},{"ancestorTitles":["brandkitApplyHandler"],"fullName":"brandkitApplyHandler echoes brandKitId and targetFileId from input","status":"passed","title":"echoes brandKitId and targetFileId from input","duration":0.08841699999999264,"failureMessages":[],"meta":{}},{"ancestorTitles":["brandkitApplyHandler"],"fullName":"brandkitApplyHandler never throws","status":"passed","title":"never throws","duration":0.3235410000000343,"failureMessages":[],"meta":{}}],"startTime":1781072020835,"endTime":1781072020837.3235,"status":"passed","message":"","name":"/Users/macanderson/oxagen-monorepo/packages/handlers/src/brandkit.apply.test.ts"},{"assertionResults":[{"ancestorTitles":["chatMessageSendHandler (@oxagen/handlers)"],"fullName":"chatMessageSendHandler (@oxagen/handlers) throws when userId is null (unauthenticated request)","status":"passed","title":"throws when userId is null (unauthenticated request)","duration":30.238750000000437,"failureMessages":[],"meta":{}},{"ancestorTitles":["chatMessageSendHandler (@oxagen/handlers)"],"fullName":"chatMessageSendHandler (@oxagen/handlers) throws 'conversation not found in this tenant' when conversationId does not match orgId","status":"passed","title":"throws 'conversation not found in this tenant' when conversationId does not match orgId","duration":8.915917000000263,"failureMessages":[],"meta":{}},{"ancestorTitles":["chatMessageSendHandler (@oxagen/handlers)"],"fullName":"chatMessageSendHandler (@oxagen/handlers) creates a new conversation when conversationId is null","status":"passed","title":"creates a new conversation when conversationId is null","duration":68.54962500000056,"failureMessages":[],"meta":{}},{"ancestorTitles":["chatMessageSendHandler (@oxagen/handlers)"],"fullName":"chatMessageSendHandler (@oxagen/handlers) returns all four ids on the new-conversation happy path","status":"passed","title":"returns all four ids on the new-conversation happy path","duration":11.444792000000234,"failureMessages":[],"meta":{}},{"ancestorTitles":["chatMessageSendHandler (@oxagen/handlers)"],"fullName":"chatMessageSendHandler (@oxagen/handlers) skips the conversation insert when an existing conversationId is provided","status":"passed","title":"skips the conversation insert when an existing conversationId is provided","duration":0.9697500000002037,"failureMessages":[],"meta":{}},{"ancestorTitles":["chatMessageSendHandler (@oxagen/handlers)"],"fullName":"chatMessageSendHandler (@oxagen/handlers) throws when the user message insert returns no row","status":"passed","title":"throws when the user message insert returns no row","duration":0.18008300000019517,"failureMessages":[],"meta":{}},{"ancestorTitles":["chatMessageSendHandler (@oxagen/handlers)"],"fullName":"chatMessageSendHandler (@oxagen/handlers) runs the full multi-step sequence inside a single transaction","status":"passed","title":"runs the full multi-step sequence inside a single transaction","duration":11.681707999999162,"failureMessages":[],"meta":{}}],"startTime":1781072017826,"endTime":1781072017990.6816,"status":"passed","message":"","name":"/Users/macanderson/oxagen-monorepo/packages/handlers/src/chat.message.send.test.ts"},{"assertionResults":[{"ancestorTitles":["connectionListHandler"],"fullName":"connectionListHandler returns empty connections when none exist","status":"passed","title":"returns empty connections when none exist","duration":5.672207999999955,"failureMessages":[],"meta":{}},{"ancestorTitles":["connectionListHandler"],"fullName":"connectionListHandler returns mapped connections with ISO date strings","status":"passed","title":"returns mapped connections with ISO date strings","duration":2.047958000000108,"failureMessages":[],"meta":{}},{"ancestorTitles":["connectionListHandler"],"fullName":"connectionListHandler returns null lastSyncAt when not set","status":"passed","title":"returns null lastSyncAt when not set","duration":0.2756250000002183,"failureMessages":[],"meta":{}},{"ancestorTitles":["connectionListHandler"],"fullName":"connectionListHandler passes status filter to query builder","status":"passed","title":"passes status filter to query builder","duration":0.24499999999989086,"failureMessages":[],"meta":{}},{"ancestorTitles":["connectionListHandler"],"fullName":"connectionListHandler passes connectorId filter to query builder","status":"passed","title":"passes connectorId filter to query builder","duration":0.17820799999935844,"failureMessages":[],"meta":{}},{"ancestorTitles":["connectionGetHandler"],"fullName":"connectionGetHandler throws 404 when connection not found","status":"passed","title":"throws 404 when connection not found","duration":1.259791999999834,"failureMessages":[],"meta":{}},{"ancestorTitles":["connectionGetHandler"],"fullName":"connectionGetHandler returns connection with ISO date strings on happy path","status":"passed","title":"returns connection with ISO date strings on happy path","duration":0.20983299999988958,"failureMessages":[],"meta":{}},{"ancestorTitles":["connectionGetHandler"],"fullName":"connectionGetHandler returns null lastSyncAt when not set","status":"passed","title":"returns null lastSyncAt when not set","duration":0.14570800000001327,"failureMessages":[],"meta":{}},{"ancestorTitles":["connectionGetHandler"],"fullName":"connectionGetHandler wraps deliveryConfig in null when absent","status":"passed","title":"wraps deliveryConfig in null when absent","duration":0.16883400000006077,"failureMessages":[],"meta":{}},{"ancestorTitles":["connectionCreateHandler"],"fullName":"connectionCreateHandler throws when userId is not set (unauthenticated)","status":"passed","title":"throws when userId is not set (unauthenticated)","duration":0.4332079999994676,"failureMessages":[],"meta":{}},{"ancestorTitles":["connectionCreateHandler"],"fullName":"connectionCreateHandler creates connection and returns publicId and status","status":"passed","title":"creates connection and returns publicId and status","duration":0.29116700000031415,"failureMessages":[],"meta":{}},{"ancestorTitles":["connectionCreateHandler"],"fullName":"connectionCreateHandler encrypts the auth credential before storage","status":"passed","title":"encrypts the auth credential before storage","duration":0.1873329999998532,"failureMessages":[],"meta":{}},{"ancestorTitles":["connectionCreateHandler"],"fullName":"connectionCreateHandler passes connectionConfig to deliveryConfig when provided","status":"passed","title":"passes connectionConfig to deliveryConfig when provided","duration":0.17683299999953306,"failureMessages":[],"meta":{}},{"ancestorTitles":["connectionMappingsGetHandler"],"fullName":"connectionMappingsGetHandler returns empty mappings when none exist","status":"passed","title":"returns empty mappings when none exist","duration":0.238416999999572,"failureMessages":[],"meta":{}},{"ancestorTitles":["connectionMappingsGetHandler"],"fullName":"connectionMappingsGetHandler returns mappings with ISO date strings","status":"passed","title":"returns mappings with ISO date strings","duration":0.19808300000022427,"failureMessages":[],"meta":{}},{"ancestorTitles":["connectionMappingsGetHandler"],"fullName":"connectionMappingsGetHandler wraps null propertyMappings with empty object","status":"passed","title":"wraps null propertyMappings with empty object","duration":0.17404199999964476,"failureMessages":[],"meta":{}}],"startTime":1781072016717,"endTime":1781072016729.198,"status":"passed","message":"","name":"/Users/macanderson/oxagen-monorepo/packages/handlers/src/connection.handlers.test.ts"},{"assertionResults":[{"ancestorTitles":["connectionMappingsSetHandler — not found"],"fullName":"connectionMappingsSetHandler — not found throws 404 HTTPException when connection is not found","status":"passed","title":"throws 404 HTTPException when connection is not found","duration":2.794958000000406,"failureMessages":[],"meta":{}},{"ancestorTitles":["connectionMappingsSetHandler — new mapping (insert)"],"fullName":"connectionMappingsSetHandler — new mapping (insert) inserts a new mapping when none exists and returns mappingsCreated=1","status":"passed","title":"inserts a new mapping when none exists and returns mappingsCreated=1","duration":2.2837079999999332,"failureMessages":[],"meta":{}},{"ancestorTitles":["connectionMappingsSetHandler — new mapping (insert)"],"fullName":"connectionMappingsSetHandler — new mapping (insert) does not fire inngest when already active connector","status":"passed","title":"does not fire inngest when already active connector","duration":1.0692920000001322,"failureMessages":[],"meta":{}},{"ancestorTitles":["connectionMappingsSetHandler — update existing mapping"],"fullName":"connectionMappingsSetHandler — update existing mapping updates an existing mapping and returns mappingsUpdated=1","status":"passed","title":"updates an existing mapping and returns mappingsUpdated=1","duration":1.0723330000000715,"failureMessages":[],"meta":{}},{"ancestorTitles":["connectionMappingsSetHandler — connection activation"],"fullName":"connectionMappingsSetHandler — connection activation activates connection when status=pending_setup and activateConnection=true","status":"passed","title":"activates connection when status=pending_setup and activateConnection=true","duration":0.45662499999980355,"failureMessages":[],"meta":{}},{"ancestorTitles":["connectionMappingsSetHandler — connection activation"],"fullName":"connectionMappingsSetHandler — connection activation leaves status unchanged when activateConnection=false","status":"passed","title":"leaves status unchanged when activateConnection=false","duration":0.26416599999993196,"failureMessages":[],"meta":{}},{"ancestorTitles":["connectionMappingsSetHandler — connection activation"],"fullName":"connectionMappingsSetHandler — connection activation leaves status unchanged when already active","status":"passed","title":"leaves status unchanged when already active","duration":0.2546670000001541,"failureMessages":[],"meta":{}},{"ancestorTitles":["connectionMappingsSetHandler — GitHub initial-sync event"],"fullName":"connectionMappingsSetHandler — GitHub initial-sync event fires ingestion/github.initial-sync when github connector is activated from pending_setup","status":"passed","title":"fires ingestion/github.initial-sync when github connector is activated from pending_setup","duration":0.39112500000010186,"failureMessages":[],"meta":{}},{"ancestorTitles":["connectionMappingsSetHandler — GitHub initial-sync event"],"fullName":"connectionMappingsSetHandler — GitHub initial-sync event defaults to 'main' branch when deliveryConfig has no defaultBranch","status":"passed","title":"defaults to 'main' branch when deliveryConfig has no defaultBranch","duration":0.3184590000000753,"failureMessages":[],"meta":{}},{"ancestorTitles":["connectionMappingsSetHandler — GitHub initial-sync event"],"fullName":"connectionMappingsSetHandler — GitHub initial-sync event sends empty owner/repo when deliveryConfig is null","status":"passed","title":"sends empty owner/repo when deliveryConfig is null","duration":56.58258299999943,"failureMessages":[],"meta":{}},{"ancestorTitles":["connectionMappingsSetHandler — GitHub initial-sync event"],"fullName":"connectionMappingsSetHandler — GitHub initial-sync event does NOT fire event for non-GitHub connectors","status":"passed","title":"does NOT fire event for non-GitHub connectors","duration":1.5460000000002765,"failureMessages":[],"meta":{}}],"startTime":1781072015634,"endTime":1781072015705.546,"status":"passed","message":"","name":"/Users/macanderson/oxagen-monorepo/packages/handlers/src/connection.mappings.set.test.ts"},{"assertionResults":[{"ancestorTitles":["connectionPreviewHandler — not found"],"fullName":"connectionPreviewHandler — not found throws 404 when connection is not found","status":"passed","title":"throws 404 when connection is not found","duration":4.638582999999926,"failureMessages":[],"meta":{}},{"ancestorTitles":["connectionPreviewHandler — happy path"],"fullName":"connectionPreviewHandler — happy path calls previewRecordTypes with decrypted credentials","status":"passed","title":"calls previewRecordTypes with decrypted credentials","duration":0.7610420000000886,"failureMessages":[],"meta":{}},{"ancestorTitles":["connectionPreviewHandler — happy path"],"fullName":"connectionPreviewHandler — happy path maps samples to contract output shape","status":"passed","title":"maps samples to contract output shape","duration":0.75649999999996,"failureMessages":[],"meta":{}},{"ancestorTitles":["connectionPreviewHandler — happy path"],"fullName":"connectionPreviewHandler — happy path caps sampleRecords at 3","status":"passed","title":"caps sampleRecords at 3","duration":0.15745799999967858,"failureMessages":[],"meta":{}},{"ancestorTitles":["connectionPreviewHandler — happy path"],"fullName":"connectionPreviewHandler — happy path handles empty deliveryConfig gracefully","status":"passed","title":"handles empty deliveryConfig gracefully","duration":0.5848750000000109,"failureMessages":[],"meta":{}},{"ancestorTitles":["connectionPreviewHandler — multiple record types"],"fullName":"connectionPreviewHandler — multiple record types returns all record types from connector","status":"passed","title":"returns all record types from connector","duration":0.18808399999988978,"failureMessages":[],"meta":{}}],"startTime":1781072019001,"endTime":1781072019008.585,"status":"passed","message":"","name":"/Users/macanderson/oxagen-monorepo/packages/handlers/src/connection.preview.test.ts"},{"assertionResults":[{"ancestorTitles":["conversationArchiveHandler (@oxagen/handlers)"],"fullName":"conversationArchiveHandler (@oxagen/handlers) throws when userId is null","status":"passed","title":"throws when userId is null","duration":46.07462499999997,"failureMessages":[],"meta":{}},{"ancestorTitles":["conversationArchiveHandler (@oxagen/handlers)"],"fullName":"conversationArchiveHandler (@oxagen/handlers) returns updated count matching the number of rows affected","status":"passed","title":"returns updated count matching the number of rows affected","duration":8.35808400000019,"failureMessages":[],"meta":{}},{"ancestorTitles":["conversationArchiveHandler (@oxagen/handlers)"],"fullName":"conversationArchiveHandler (@oxagen/handlers) returns 0 when no rows match (already deleted / wrong tenant)","status":"passed","title":"returns 0 when no rows match (already deleted / wrong tenant)","duration":0.17158400000016627,"failureMessages":[],"meta":{}},{"ancestorTitles":["conversationArchiveHandler (@oxagen/handlers)"],"fullName":"conversationArchiveHandler (@oxagen/handlers) returns updated count when unarchiving","status":"passed","title":"returns updated count when unarchiving","duration":0.10933300000010604,"failureMessages":[],"meta":{}},{"ancestorTitles":["conversationArchiveHandler (@oxagen/handlers)"],"fullName":"conversationArchiveHandler (@oxagen/handlers) invokes the update returning exactly once per call","status":"passed","title":"invokes the update returning exactly once per call","duration":0.13304200000015953,"failureMessages":[],"meta":{}}],"startTime":1781072020551,"endTime":1781072020606.1716,"status":"passed","message":"","name":"/Users/macanderson/oxagen-monorepo/packages/handlers/src/conversation.archive.test.ts"},{"assertionResults":[{"ancestorTitles":["conversationChatHandler (@oxagen/handlers)"],"fullName":"conversationChatHandler (@oxagen/handlers) throws when userId is null","status":"passed","title":"throws when userId is null","duration":5.198999999999955,"failureMessages":[],"meta":{}},{"ancestorTitles":["conversationChatHandler (@oxagen/handlers)"],"fullName":"conversationChatHandler (@oxagen/handlers) returns message_id from chatMessageSendHandler.userMessageId","status":"passed","title":"returns message_id from chatMessageSendHandler.userMessageId","duration":0.5732920000000377,"failureMessages":[],"meta":{}},{"ancestorTitles":["conversationChatHandler (@oxagen/handlers)"],"fullName":"conversationChatHandler (@oxagen/handlers) delegates to chatMessageSendHandler with mapped input","status":"passed","title":"delegates to chatMessageSendHandler with mapped input","duration":0.7332920000000058,"failureMessages":[],"meta":{}},{"ancestorTitles":["conversationChatHandler (@oxagen/handlers)"],"fullName":"conversationChatHandler (@oxagen/handlers) maps undefined message to empty string in content","status":"passed","title":"maps undefined message to empty string in content","duration":0.5654160000000275,"failureMessages":[],"meta":{}},{"ancestorTitles":["conversationChatHandler (@oxagen/handlers)"],"fullName":"conversationChatHandler (@oxagen/handlers) author is always ctx.userId","status":"passed","title":"author is always ctx.userId","duration":0.08699999999998909,"failureMessages":[],"meta":{}},{"ancestorTitles":["conversationChatHandler (@oxagen/handlers)"],"fullName":"conversationChatHandler (@oxagen/handlers) propagates errors from chatMessageSendHandler","status":"passed","title":"propagates errors from chatMessageSendHandler","duration":0.15120899999999438,"failureMessages":[],"meta":{}}],"startTime":1781072019138,"endTime":1781072019146.1511,"status":"passed","message":"","name":"/Users/macanderson/oxagen-monorepo/packages/handlers/src/conversation.chat.test.ts"},{"assertionResults":[{"ancestorTitles":["conversationDeleteHandler (@oxagen/handlers)"],"fullName":"conversationDeleteHandler (@oxagen/handlers) throws when userId is null","status":"passed","title":"throws when userId is null","duration":2.5815000000000055,"failureMessages":[],"meta":{}},{"ancestorTitles":["conversationDeleteHandler (@oxagen/handlers)"],"fullName":"conversationDeleteHandler (@oxagen/handlers) returns deleted count matching rows affected","status":"passed","title":"returns deleted count matching rows affected","duration":0.399167000000034,"failureMessages":[],"meta":{}},{"ancestorTitles":["conversationDeleteHandler (@oxagen/handlers)"],"fullName":"conversationDeleteHandler (@oxagen/handlers) returns 0 when no rows match (already deleted or wrong tenant)","status":"passed","title":"returns 0 when no rows match (already deleted or wrong tenant)","duration":0.1369169999998121,"failureMessages":[],"meta":{}},{"ancestorTitles":["conversationDeleteHandler (@oxagen/handlers)"],"fullName":"conversationDeleteHandler (@oxagen/handlers) returns deleted=1 for a single matching conversation","status":"passed","title":"returns deleted=1 for a single matching conversation","duration":0.11308399999984431,"failureMessages":[],"meta":{}},{"ancestorTitles":["conversationDeleteHandler (@oxagen/handlers)"],"fullName":"conversationDeleteHandler (@oxagen/handlers) returns 0 when the conversation belongs to a different tenant (update hits 0 rows)","status":"passed","title":"returns 0 when the conversation belongs to a different tenant (update hits 0 rows)","duration":0.10108400000012807,"failureMessages":[],"meta":{}},{"ancestorTitles":["conversationDeleteHandler (@oxagen/handlers)"],"fullName":"conversationDeleteHandler (@oxagen/handlers) invokes the update returning exactly once","status":"passed","title":"invokes the update returning exactly once","duration":0.13212499999985994,"failureMessages":[],"meta":{}}],"startTime":1781072019932,"endTime":1781072019935.137,"status":"passed","message":"","name":"/Users/macanderson/oxagen-monorepo/packages/handlers/src/conversation.delete.test.ts"},{"assertionResults":[{"ancestorTitles":["conversationListHandler (@oxagen/handlers)"],"fullName":"conversationListHandler (@oxagen/handlers) throws when userId is null","status":"passed","title":"throws when userId is null","duration":3.6111249999999018,"failureMessages":[],"meta":{}},{"ancestorTitles":["conversationListHandler (@oxagen/handlers)"],"fullName":"conversationListHandler (@oxagen/handlers) returns empty conversations array and null nextCursor when no rows","status":"passed","title":"returns empty conversations array and null nextCursor when no rows","duration":0.5798749999999018,"failureMessages":[],"meta":{}},{"ancestorTitles":["conversationListHandler (@oxagen/handlers)"],"fullName":"conversationListHandler (@oxagen/handlers) maps rows to ConversationSummary shape","status":"passed","title":"maps rows to ConversationSummary shape","duration":0.7527500000001055,"failureMessages":[],"meta":{}},{"ancestorTitles":["conversationListHandler (@oxagen/handlers)"],"fullName":"conversationListHandler (@oxagen/handlers) maps archivedAt to ISO string when set","status":"passed","title":"maps archivedAt to ISO string when set","duration":0.1325000000001637,"failureMessages":[],"meta":{}},{"ancestorTitles":["conversationListHandler (@oxagen/handlers)"],"fullName":"conversationListHandler (@oxagen/handlers) coerces null title to null","status":"passed","title":"coerces null title to null","duration":0.09437500000012733,"failureMessages":[],"meta":{}},{"ancestorTitles":["conversationListHandler (@oxagen/handlers)"],"fullName":"conversationListHandler (@oxagen/handlers) returns nextCursor when rows.length > limit","status":"passed","title":"returns nextCursor when rows.length > limit","duration":0.31341699999984485,"failureMessages":[],"meta":{}},{"ancestorTitles":["conversationListHandler (@oxagen/handlers)"],"fullName":"conversationListHandler (@oxagen/handlers) returns null nextCursor when rows.length <= limit (last page)","status":"passed","title":"returns null nextCursor when rows.length <= limit (last page)","duration":0.8998750000000655,"failureMessages":[],"meta":{}},{"ancestorTitles":["conversationListHandler (@oxagen/handlers)"],"fullName":"conversationListHandler (@oxagen/handlers) invokes the query builder (tenant-scope filters applied by the chain)","status":"passed","title":"invokes the query builder (tenant-scope filters applied by the chain)","duration":0.23816699999997581,"failureMessages":[],"meta":{}}],"startTime":1781072016063,"endTime":1781072016070.2383,"status":"passed","message":"","name":"/Users/macanderson/oxagen-monorepo/packages/handlers/src/conversation.list.test.ts"},{"assertionResults":[{"ancestorTitles":["conversationPurgeHandler (@oxagen/handlers)"],"fullName":"conversationPurgeHandler (@oxagen/handlers) throws when userId is null","status":"passed","title":"throws when userId is null","duration":1.5811670000000504,"failureMessages":[],"meta":{}},{"ancestorTitles":["conversationPurgeHandler (@oxagen/handlers)"],"fullName":"conversationPurgeHandler (@oxagen/handlers) returns deleted count equal to number of archived rows purged","status":"passed","title":"returns deleted count equal to number of archived rows purged","duration":0.3919579999999314,"failureMessages":[],"meta":{}},{"ancestorTitles":["conversationPurgeHandler (@oxagen/handlers)"],"fullName":"conversationPurgeHandler (@oxagen/handlers) returns deleted=0 when there are no archived conversations to purge","status":"passed","title":"returns deleted=0 when there are no archived conversations to purge","duration":0.12187500000004547,"failureMessages":[],"meta":{}},{"ancestorTitles":["conversationPurgeHandler (@oxagen/handlers)"],"fullName":"conversationPurgeHandler (@oxagen/handlers) accepts an empty input object (no conversationIds needed)","status":"passed","title":"accepts an empty input object (no conversationIds needed)","duration":0.13745899999980793,"failureMessages":[],"meta":{}},{"ancestorTitles":["conversationPurgeHandler (@oxagen/handlers)"],"fullName":"conversationPurgeHandler (@oxagen/handlers) invokes the update returning exactly once","status":"passed","title":"invokes the update returning exactly once","duration":0.13616700000011406,"failureMessages":[],"meta":{}}],"startTime":1781072021018,"endTime":1781072021020.3918,"status":"passed","message":"","name":"/Users/macanderson/oxagen-monorepo/packages/handlers/src/conversation.purge.test.ts"},{"assertionResults":[{"ancestorTitles":["conversationRenameHandler (@oxagen/handlers)"],"fullName":"conversationRenameHandler (@oxagen/handlers) throws when userId is null","status":"passed","title":"throws when userId is null","duration":1.7260000000001128,"failureMessages":[],"meta":{}},{"ancestorTitles":["conversationRenameHandler (@oxagen/handlers)"],"fullName":"conversationRenameHandler (@oxagen/handlers) returns publicId and title on success","status":"passed","title":"returns publicId and title on success","duration":0.7857500000000073,"failureMessages":[],"meta":{}},{"ancestorTitles":["conversationRenameHandler (@oxagen/handlers)"],"fullName":"conversationRenameHandler (@oxagen/handlers) calls the update returning exactly once","status":"passed","title":"calls the update returning exactly once","duration":0.36716599999999744,"failureMessages":[],"meta":{}},{"ancestorTitles":["conversationRenameHandler (@oxagen/handlers)"],"fullName":"conversationRenameHandler (@oxagen/handlers) throws 'conversation not found' when update returns no rows","status":"passed","title":"throws 'conversation not found' when update returns no rows","duration":0.4069999999999254,"failureMessages":[],"meta":{}},{"ancestorTitles":["conversationRenameHandler (@oxagen/handlers)"],"fullName":"conversationRenameHandler (@oxagen/handlers) throws when update returns empty rows (cross-tenant scenario returns no match)","status":"passed","title":"throws when update returns empty rows (cross-tenant scenario returns no match)","duration":0.3665410000000975,"failureMessages":[],"meta":{}}],"startTime":1781072020636,"endTime":1781072020640.3665,"status":"passed","message":"","name":"/Users/macanderson/oxagen-monorepo/packages/handlers/src/conversation.rename.test.ts"},{"assertionResults":[{"ancestorTitles":["documentCreateHandler — auth guards"],"fullName":"documentCreateHandler — auth guards throws when workspaceId is null","status":"passed","title":"throws when workspaceId is null","duration":2.065917000000127,"failureMessages":[],"meta":{}},{"ancestorTitles":["documentCreateHandler — auth guards"],"fullName":"documentCreateHandler — auth guards throws when userId is null","status":"passed","title":"throws when userId is null","duration":0.15758299999993142,"failureMessages":[],"meta":{}},{"ancestorTitles":["documentCreateHandler — happy path"],"fullName":"documentCreateHandler — happy path calls insert and returns contract-shaped output","status":"passed","title":"calls insert and returns contract-shaped output","duration":0.5391250000000127,"failureMessages":[],"meta":{}},{"ancestorTitles":["documentCreateHandler — happy path"],"fullName":"documentCreateHandler — happy path defaults content to empty string when not provided","status":"passed","title":"defaults content to empty string when not provided","duration":0.0807079999999587,"failureMessages":[],"meta":{}},{"ancestorTitles":["documentCreateHandler — happy path"],"fullName":"documentCreateHandler — happy path returns workspace_id from ctx, not a stub","status":"passed","title":"returns workspace_id from ctx, not a stub","duration":0.08058300000016061,"failureMessages":[],"meta":{}},{"ancestorTitles":["documentCreateHandler — insert failure"],"fullName":"documentCreateHandler — insert failure throws when insert returns no row","status":"passed","title":"throws when insert returns no row","duration":0.12199999999984357,"failureMessages":[],"meta":{}},{"ancestorTitles":["documentCreateHandler — insert failure"],"fullName":"documentCreateHandler — insert failure propagates DB errors","status":"passed","title":"propagates DB errors","duration":0.13075000000003456,"failureMessages":[],"meta":{}}],"startTime":1781072021250,"endTime":1781072021253.1309,"status":"passed","message":"","name":"/Users/macanderson/oxagen-monorepo/packages/handlers/src/document.create.test.ts"},{"assertionResults":[{"ancestorTitles":["documentListHandler — auth guards"],"fullName":"documentListHandler — auth guards throws when workspaceId is null","status":"passed","title":"throws when workspaceId is null","duration":5.168165999999928,"failureMessages":[],"meta":{}},{"ancestorTitles":["documentListHandler — empty result"],"fullName":"documentListHandler — empty result returns empty documents array when no rows","status":"passed","title":"returns empty documents array when no rows","duration":0.512958000000026,"failureMessages":[],"meta":{}},{"ancestorTitles":["documentListHandler — happy path"],"fullName":"documentListHandler — happy path maps rows to contract shape","status":"passed","title":"maps rows to contract shape","duration":2.28066600000011,"failureMessages":[],"meta":{}},{"ancestorTitles":["documentListHandler — happy path"],"fullName":"documentListHandler — happy path maps author to 'unknown' when createdByUserId is null","status":"passed","title":"maps author to 'unknown' when createdByUserId is null","duration":0.13641699999993762,"failureMessages":[],"meta":{}},{"ancestorTitles":["documentListHandler — happy path"],"fullName":"documentListHandler — happy path maps multiple rows in order returned by DB","status":"passed","title":"maps multiple rows in order returned by DB","duration":0.1583330000000842,"failureMessages":[],"meta":{}},{"ancestorTitles":["documentListHandler — happy path"],"fullName":"documentListHandler — happy path invokes the query builder exactly once","status":"passed","title":"invokes the query builder exactly once","duration":0.13962500000002365,"failureMessages":[],"meta":{}}],"startTime":1781072021125,"endTime":1781072021133.2808,"status":"passed","message":"","name":"/Users/macanderson/oxagen-monorepo/packages/handlers/src/document.list.test.ts"},{"assertionResults":[{"ancestorTitles":["documentReadHandler — auth guards"],"fullName":"documentReadHandler — auth guards throws when workspaceId is null","status":"passed","title":"throws when workspaceId is null","duration":1.6020840000001044,"failureMessages":[],"meta":{}},{"ancestorTitles":["documentReadHandler — not found"],"fullName":"documentReadHandler — not found throws when document is not found","status":"passed","title":"throws when document is not found","duration":0.366959000000179,"failureMessages":[],"meta":{}},{"ancestorTitles":["documentReadHandler — happy path"],"fullName":"documentReadHandler — happy path returns contract-shaped output for a found document","status":"passed","title":"returns contract-shaped output for a found document","duration":0.5987500000001091,"failureMessages":[],"meta":{}},{"ancestorTitles":["documentReadHandler — happy path"],"fullName":"documentReadHandler — happy path returns empty object when metadata is null","status":"passed","title":"returns empty object when metadata is null","duration":0.1039170000001377,"failureMessages":[],"meta":{}},{"ancestorTitles":["documentReadHandler — happy path"],"fullName":"documentReadHandler — happy path returns content as an empty string when it is empty","status":"passed","title":"returns content as an empty string when it is empty","duration":0.09533400000009351,"failureMessages":[],"meta":{}},{"ancestorTitles":["documentReadHandler — happy path"],"fullName":"documentReadHandler — happy path invokes the query builder exactly once","status":"passed","title":"invokes the query builder exactly once","duration":0.1325419999998303,"failureMessages":[],"meta":{}}],"startTime":1781072021235,"endTime":1781072021237.5986,"status":"passed","message":"","name":"/Users/macanderson/oxagen-monorepo/packages/handlers/src/document.read.test.ts"},{"assertionResults":[{"ancestorTitles":["documentsGenerateHandler — document (DOCX)"],"fullName":"documentsGenerateHandler — document (DOCX) calls docx Packer.toBlob and persists with kind=document","status":"passed","title":"calls docx Packer.toBlob and persists with kind=document","duration":42.71758399999999,"failureMessages":[],"meta":{}},{"ancestorTitles":["documentsGenerateHandler — document (DOCX)"],"fullName":"documentsGenerateHandler — document (DOCX) output shape matches contract","status":"passed","title":"output shape matches contract","duration":3.954458000000159,"failureMessages":[],"meta":{}},{"ancestorTitles":["documentsGenerateHandler — document (DOCX)"],"fullName":"documentsGenerateHandler — document (DOCX) emits a file-attachment render directive with correct props","status":"passed","title":"emits a file-attachment render directive with correct props","duration":2.698957999999948,"failureMessages":[],"meta":{}},{"ancestorTitles":["documentsGenerateHandler — document (DOCX)"],"fullName":"documentsGenerateHandler — document (DOCX) works with no content (fallback to title-only)","status":"passed","title":"works with no content (fallback to title-only)","duration":24.577999999999975,"failureMessages":[],"meta":{}},{"ancestorTitles":["documentsGenerateHandler — document (DOCX)"],"fullName":"documentsGenerateHandler — document (DOCX) throws when persistGeneratedAsset rejects","status":"passed","title":"throws when persistGeneratedAsset rejects","duration":6.599708999999848,"failureMessages":[],"meta":{}},{"ancestorTitles":["documentsGenerateHandler — spreadsheet (XLSX)"],"fullName":"documentsGenerateHandler — spreadsheet (XLSX) calls exceljs writeBuffer and persists with kind=spreadsheet","status":"passed","title":"calls exceljs writeBuffer and persists with kind=spreadsheet","duration":0.6936670000000049,"failureMessages":[],"meta":{}},{"ancestorTitles":["documentsGenerateHandler — spreadsheet (XLSX)"],"fullName":"documentsGenerateHandler — spreadsheet (XLSX) emits render directive with .xlsx extension","status":"passed","title":"emits render directive with .xlsx extension","duration":0.4156669999999849,"failureMessages":[],"meta":{}},{"ancestorTitles":["documentsGenerateHandler — presentation (PPTX)"],"fullName":"documentsGenerateHandler — presentation (PPTX) calls pptxgenjs write and persists with kind=presentation","status":"passed","title":"calls pptxgenjs write and persists with kind=presentation","duration":3.328375000000051,"failureMessages":[],"meta":{}},{"ancestorTitles":["documentsGenerateHandler — presentation (PPTX)"],"fullName":"documentsGenerateHandler — presentation (PPTX) emits render directive with .pptx extension","status":"passed","title":"emits render directive with .pptx extension","duration":21.29166699999996,"failureMessages":[],"meta":{}},{"ancestorTitles":["documentsGenerateHandler — org access policy"],"fullName":"documentsGenerateHandler — org access policy persists with accessPolicy=org so teammates can view the file","status":"passed","title":"persists with accessPolicy=org so teammates can view the file","duration":0.9370420000000195,"failureMessages":[],"meta":{}}],"startTime":1781072012395,"endTime":1781072012502.937,"status":"passed","message":"","name":"/Users/macanderson/oxagen-monorepo/packages/handlers/src/documents.generate.test.ts"},{"assertionResults":[{"ancestorTitles":["documentsPdfCreateHandler"],"fullName":"documentsPdfCreateHandler calls pdf-lib and persists with kind=pdf and correct mimeType","status":"passed","title":"calls pdf-lib and persists with kind=pdf and correct mimeType","duration":14.490166999999929,"failureMessages":[],"meta":{}},{"ancestorTitles":["documentsPdfCreateHandler"],"fullName":"documentsPdfCreateHandler output shape matches contract","status":"passed","title":"output shape matches contract","duration":25.527000000000044,"failureMessages":[],"meta":{}},{"ancestorTitles":["documentsPdfCreateHandler"],"fullName":"documentsPdfCreateHandler emits a file-attachment render directive with .pdf filename","status":"passed","title":"emits a file-attachment render directive with .pdf filename","duration":18.754042000000027,"failureMessages":[],"meta":{}},{"ancestorTitles":["documentsPdfCreateHandler"],"fullName":"documentsPdfCreateHandler works with minimal input (title only, no content)","status":"passed","title":"works with minimal input (title only, no content)","duration":10.648042000000032,"failureMessages":[],"meta":{}},{"ancestorTitles":["documentsPdfCreateHandler"],"fullName":"documentsPdfCreateHandler works with multi-section content","status":"passed","title":"works with multi-section content","duration":17.46208300000012,"failureMessages":[],"meta":{}},{"ancestorTitles":["documentsPdfCreateHandler"],"fullName":"documentsPdfCreateHandler persists with accessPolicy=org","status":"passed","title":"persists with accessPolicy=org","duration":19.367416999999932,"failureMessages":[],"meta":{}},{"ancestorTitles":["documentsPdfCreateHandler"],"fullName":"documentsPdfCreateHandler throws when persistGeneratedAsset rejects","status":"passed","title":"throws when persistGeneratedAsset rejects","duration":14.136124999999993,"failureMessages":[],"meta":{}},{"ancestorTitles":["documentsPdfCreateHandler"],"fullName":"documentsPdfCreateHandler throws when pdf-lib save rejects","status":"passed","title":"throws when pdf-lib save rejects","duration":15.280083999999988,"failureMessages":[],"meta":{}}],"startTime":1781072016806,"endTime":1781072016952.28,"status":"passed","message":"","name":"/Users/macanderson/oxagen-monorepo/packages/handlers/src/documents.pdf.create.test.ts"},{"assertionResults":[{"ancestorTitles":["formCreateHandler — auth guards"],"fullName":"formCreateHandler — auth guards throws when workspaceId is null","status":"passed","title":"throws when workspaceId is null","duration":1.2748750000000655,"failureMessages":[],"meta":{}},{"ancestorTitles":["formCreateHandler — auth guards"],"fullName":"formCreateHandler — auth guards throws when userId is null","status":"passed","title":"throws when userId is null","duration":0.14104199999997036,"failureMessages":[],"meta":{}},{"ancestorTitles":["formCreateHandler — happy path"],"fullName":"formCreateHandler — happy path inserts and returns contract-shaped output","status":"passed","title":"inserts and returns contract-shaped output","duration":0.5053749999999582,"failureMessages":[],"meta":{}},{"ancestorTitles":["formCreateHandler — happy path"],"fullName":"formCreateHandler — happy path succeeds without optional fields parameter","status":"passed","title":"succeeds without optional fields parameter","duration":0.07829100000003564,"failureMessages":[],"meta":{}},{"ancestorTitles":["formCreateHandler — insert failure"],"fullName":"formCreateHandler — insert failure throws when insert returns no row","status":"passed","title":"throws when insert returns no row","duration":0.12124999999991815,"failureMessages":[],"meta":{}},{"ancestorTitles":["formCreateHandler — insert failure"],"fullName":"formCreateHandler — insert failure propagates DB errors","status":"passed","title":"propagates DB errors","duration":0.12374999999997272,"failureMessages":[],"meta":{}}],"startTime":1781072021163,"endTime":1781072021166.1238,"status":"passed","message":"","name":"/Users/macanderson/oxagen-monorepo/packages/handlers/src/form.create.test.ts"},{"assertionResults":[{"ancestorTitles":["formFillHandler"],"fullName":"formFillHandler only changes fields the instruction implies, echoes the rest","status":"passed","title":"only changes fields the instruction implies, echoes the rest","duration":18.310541000000057,"failureMessages":[],"meta":{}},{"ancestorTitles":["formFillHandler"],"fullName":"formFillHandler sets changed=true only when proposed !== current (strict equality)","status":"passed","title":"sets changed=true only when proposed !== current (strict equality)","duration":0.2933339999999589,"failureMessages":[],"meta":{}},{"ancestorTitles":["formFillHandler"],"fullName":"formFillHandler sets changed=false when string field proposed equals current exactly","status":"passed","title":"sets changed=false when string field proposed equals current exactly","duration":0.11570800000004056,"failureMessages":[],"meta":{}},{"ancestorTitles":["formFillHandler"],"fullName":"formFillHandler returns all fields unchanged and does not throw when the model errors","status":"passed","title":"returns all fields unchanged and does not throw when the model errors","duration":88.99824999999987,"failureMessages":[],"meta":{}},{"ancestorTitles":["formFillHandler"],"fullName":"formFillHandler forwards telemetry context to generateObjectFor","status":"passed","title":"forwards telemetry context to generateObjectFor","duration":8.203083000000106,"failureMessages":[],"meta":{}},{"ancestorTitles":["formFillHandler"],"fullName":"formFillHandler falls back to requestId when messageId is null","status":"passed","title":"falls back to requestId when messageId is null","duration":0.1928330000000642,"failureMessages":[],"meta":{}},{"ancestorTitles":["formFillHandler"],"fullName":"formFillHandler returns a diff entry for every input field, in order","status":"passed","title":"returns a diff entry for every input field, in order","duration":0.1691249999998945,"failureMessages":[],"meta":{}}],"startTime":1781072012321,"endTime":1781072012438.1929,"status":"passed","message":"","name":"/Users/macanderson/oxagen-monorepo/packages/handlers/src/form.fill.test.ts"},{"assertionResults":[{"ancestorTitles":["formSubmitHandler — auth guards"],"fullName":"formSubmitHandler — auth guards throws when workspaceId is null","status":"passed","title":"throws when workspaceId is null","duration":4.400916000000052,"failureMessages":[],"meta":{}},{"ancestorTitles":["formSubmitHandler — auth guards"],"fullName":"formSubmitHandler — auth guards throws when userId is null","status":"passed","title":"throws when userId is null","duration":0.26970799999980954,"failureMessages":[],"meta":{}},{"ancestorTitles":["formSubmitHandler — form not found"],"fullName":"formSubmitHandler — form not found throws when form lookup returns no row","status":"passed","title":"throws when form lookup returns no row","duration":0.7234169999996993,"failureMessages":[],"meta":{}},{"ancestorTitles":["formSubmitHandler — happy path"],"fullName":"formSubmitHandler — happy path performs two DB calls and returns contract-shaped output","status":"passed","title":"performs two DB calls and returns contract-shaped output","duration":0.5213750000002619,"failureMessages":[],"meta":{}},{"ancestorTitles":["formSubmitHandler — happy path"],"fullName":"formSubmitHandler — happy path succeeds when responses is not provided (defaults to {})","status":"passed","title":"succeeds when responses is not provided (defaults to {})","duration":0.124416999999994,"failureMessages":[],"meta":{}},{"ancestorTitles":["formSubmitHandler — insert failure"],"fullName":"formSubmitHandler — insert failure throws when submission insert returns no row","status":"passed","title":"throws when submission insert returns no row","duration":0.14687499999990905,"failureMessages":[],"meta":{}},{"ancestorTitles":["formSubmitHandler — insert failure"],"fullName":"formSubmitHandler — insert failure propagates DB errors from the submission insert","status":"passed","title":"propagates DB errors from the submission insert","duration":0.1542500000000473,"failureMessages":[],"meta":{}}],"startTime":1781072019309,"endTime":1781072019316.1543,"status":"passed","message":"","name":"/Users/macanderson/oxagen-monorepo/packages/handlers/src/form.submit.test.ts"},{"assertionResults":[{"ancestorTitles":["persistGeneratedAsset"],"fullName":"persistGeneratedAsset uploads bytes to a kind/org-scoped key as a PRIVATE object (SOC2 blob privacy)","status":"passed","title":"uploads bytes to a kind/org-scoped key as a PRIVATE object (SOC2 blob privacy)","duration":7.398083000000042,"failureMessages":[],"meta":{}},{"ancestorTitles":["persistGeneratedAsset"],"fullName":"persistGeneratedAsset defaults accessPolicy to `user` (private) and status to `ready`","status":"passed","title":"defaults accessPolicy to `user` (private) and status to `ready`","duration":0.20750000000043656,"failureMessages":[],"meta":{}},{"ancestorTitles":["persistGeneratedAsset"],"fullName":"persistGeneratedAsset opts an asset up to the `org` policy when requested (the chat path)","status":"passed","title":"opts an asset up to the `org` policy when requested (the chat path)","duration":0.11420799999996234,"failureMessages":[],"meta":{}},{"ancestorTitles":["persistGeneratedAsset"],"fullName":"persistGeneratedAsset maps the video MIME type to an .mp4 key extension","status":"passed","title":"maps the video MIME type to an .mp4 key extension","duration":0.0753749999998945,"failureMessages":[],"meta":{}},{"ancestorTitles":["persistGeneratedAsset"],"fullName":"persistGeneratedAsset returns the public id and the access-controlled serving URL","status":"passed","title":"returns the public id and the access-controlled serving URL","duration":0.08508299999994051,"failureMessages":[],"meta":{}},{"ancestorTitles":["persistGeneratedAsset"],"fullName":"persistGeneratedAsset throws when the insert returns no row","status":"passed","title":"throws when the insert returns no row","duration":3.438542000000325,"failureMessages":[],"meta":{}},{"ancestorTitles":["createPendingGeneratedAsset"],"fullName":"createPendingGeneratedAsset inserts a pending row with no blob yet and returns the serving URL","status":"passed","title":"inserts a pending row with no blob yet and returns the serving URL","duration":0.3983339999999771,"failureMessages":[],"meta":{}}],"startTime":1781072017900,"endTime":1781072017912.3984,"status":"passed","message":"","name":"/Users/macanderson/oxagen-monorepo/packages/handlers/src/generated-asset.persist.test.ts"},{"assertionResults":[{"ancestorTitles":["serveGeneratedAsset"],"fullName":"serveGeneratedAsset 404s when the asset row is absent","status":"passed","title":"404s when the asset row is absent","duration":1.5941660000007687,"failureMessages":[],"meta":{}},{"ancestorTitles":["serveGeneratedAsset"],"fullName":"serveGeneratedAsset 404s when the asset is not ready (pending render)","status":"passed","title":"404s when the asset is not ready (pending render)","duration":0.22299999999995634,"failureMessages":[],"meta":{}},{"ancestorTitles":["serveGeneratedAsset"],"fullName":"serveGeneratedAsset 404s when the asset is soft-deleted","status":"passed","title":"404s when the asset is soft-deleted","duration":0.40495800000007875,"failureMessages":[],"meta":{}},{"ancestorTitles":["serveGeneratedAsset"],"fullName":"serveGeneratedAsset public — serves to a request with no identity","status":"passed","title":"public — serves to a request with no identity","duration":0.6199999999998909,"failureMessages":[],"meta":{}},{"ancestorTitles":["serveGeneratedAsset"],"fullName":"serveGeneratedAsset org — app member serves; non-member 404s","status":"passed","title":"org — app member serves; non-member 404s","duration":0.3769169999995938,"failureMessages":[],"meta":{}},{"ancestorTitles":["serveGeneratedAsset"],"fullName":"serveGeneratedAsset org — api org match serves; org mismatch 404s","status":"passed","title":"org — api org match serves; org mismatch 404s","duration":0.20729199999914272,"failureMessages":[],"meta":{}},{"ancestorTitles":["serveGeneratedAsset"],"fullName":"serveGeneratedAsset user — only the creator may read (app)","status":"passed","title":"user — only the creator may read (app)","duration":0.19608400000015536,"failureMessages":[],"meta":{}},{"ancestorTitles":["serveGeneratedAsset"],"fullName":"serveGeneratedAsset user — an api key (no user identity) cannot read a user-private asset","status":"passed","title":"user — an api key (no user identity) cannot read a user-private asset","duration":0.12083299999994779,"failureMessages":[],"meta":{}},{"ancestorTitles":["serveGeneratedAsset"],"fullName":"serveGeneratedAsset forbidden when no identity is present for a non-public asset","status":"passed","title":"forbidden when no identity is present for a non-public asset","duration":0.11974999999983993,"failureMessages":[],"meta":{}},{"ancestorTitles":["serveGeneratedAsset"],"fullName":"serveGeneratedAsset maps a missing storage object to 404","status":"passed","title":"maps a missing storage object to 404","duration":0.19437500000003638,"failureMessages":[],"meta":{}},{"ancestorTitles":["serveGeneratedAsset"],"fullName":"serveGeneratedAsset video assets serve inline","status":"passed","title":"video assets serve inline","duration":0.6314999999995052,"failureMessages":[],"meta":{}},{"ancestorTitles":["serveGeneratedAsset"],"fullName":"serveGeneratedAsset telemetry failure does not break the response","status":"passed","title":"telemetry failure does not break the response","duration":2.3229169999995065,"failureMessages":[],"meta":{}}],"startTime":1781072015837,"endTime":1781072015844.323,"status":"passed","message":"","name":"/Users/macanderson/oxagen-monorepo/packages/handlers/src/generated-asset.serve.test.ts"},{"assertionResults":[{"ancestorTitles":["bootstrapOrgIAM()"],"fullName":"bootstrapOrgIAM() inserts exactly 7 system roles (4 org + 3 workspace) for a fresh org","status":"passed","title":"inserts exactly 7 system roles (4 org + 3 workspace) for a fresh org","duration":3.081999999999425,"failureMessages":[],"meta":{}},{"ancestorTitles":["bootstrapOrgIAM()"],"fullName":"bootstrapOrgIAM() role public_ids are deterministic (same input → same output)","status":"passed","title":"role public_ids are deterministic (same input → same output)","duration":0.7237500000001091,"failureMessages":[],"meta":{}},{"ancestorTitles":["bootstrapOrgIAM()"],"fullName":"bootstrapOrgIAM() inserts the owner principal with kind 'human' and parentUserId = ownerUserId","status":"passed","title":"inserts the owner principal with kind 'human' and parentUserId = ownerUserId","duration":0.25900000000001455,"failureMessages":[],"meta":{}},{"ancestorTitles":["bootstrapOrgIAM()"],"fullName":"bootstrapOrgIAM() inserts a principalRoleAssignment linking owner to org:Owner role","status":"passed","title":"inserts a principalRoleAssignment linking owner to org:Owner role","duration":0.19379099999969185,"failureMessages":[],"meta":{}},{"ancestorTitles":["bootstrapOrgIAM()"],"fullName":"bootstrapOrgIAM() seeds role_grants from FAKE_CAPABILITIES defaultRoles","status":"passed","title":"seeds role_grants from FAKE_CAPABILITIES defaultRoles","duration":0.3422080000000278,"failureMessages":[],"meta":{}},{"ancestorTitles":["bootstrapOrgIAM()"],"fullName":"bootstrapOrgIAM() skips inserting an existing principal (idempotent — no duplicate insert)","status":"passed","title":"skips inserting an existing principal (idempotent — no duplicate insert)","duration":0.18470799999977316,"failureMessages":[],"meta":{}},{"ancestorTitles":["provisionMemberPrincipal()"],"fullName":"provisionMemberPrincipal() inserts a human principal with NO role assignment (least-privilege)","status":"passed","title":"inserts a human principal with NO role assignment (least-privilege)","duration":0.254917000000205,"failureMessages":[],"meta":{}},{"ancestorTitles":["provisionMemberPrincipal()"],"fullName":"provisionMemberPrincipal() returns existing principalId without inserting when principal already exists","status":"passed","title":"returns existing principalId without inserting when principal already exists","duration":0.11345900000014808,"failureMessages":[],"meta":{}},{"ancestorTitles":["provisionMemberPrincipal()"],"fullName":"provisionMemberPrincipal() uses withSystemDb fallback when no tx is provided (lines 365–366)","status":"passed","title":"uses withSystemDb fallback when no tx is provided (lines 365–366)","duration":0.19799999999941065,"failureMessages":[],"meta":{}},{"ancestorTitles":["provisionMemberPrincipal()"],"fullName":"provisionMemberPrincipal() re-selects principal on lost insert race and returns its id (lines 420–436)","status":"passed","title":"re-selects principal on lost insert race and returns its id (lines 420–436)","duration":0.14504200000010314,"failureMessages":[],"meta":{}},{"ancestorTitles":["provisionMemberPrincipal()"],"fullName":"provisionMemberPrincipal() throws when re-select after lost insert race returns no row (lines 431–433)","status":"passed","title":"throws when re-select after lost insert race returns no row (lines 431–433)","duration":0.5803339999993113,"failureMessages":[],"meta":{}}],"startTime":1781072015589,"endTime":1781072015595.5803,"status":"passed","message":"","name":"/Users/macanderson/oxagen-monorepo/packages/handlers/src/iam-provision.test.ts"},{"assertionResults":[{"ancestorTitles":["imageAnalyzeHandler"],"fullName":"imageAnalyzeHandler returns analysis, tags, and description on success","status":"passed","title":"returns analysis, tags, and description on success","duration":9.836041999999907,"failureMessages":[],"meta":{}},{"ancestorTitles":["imageAnalyzeHandler"],"fullName":"imageAnalyzeHandler passes the image URL as a multimodal message to generateObjectFor","status":"passed","title":"passes the image URL as a multimodal message to generateObjectFor","duration":0.3409160000001066,"failureMessages":[],"meta":{}},{"ancestorTitles":["imageAnalyzeHandler"],"fullName":"imageAnalyzeHandler forwards telemetry context to generateObjectFor","status":"passed","title":"forwards telemetry context to generateObjectFor","duration":0.19470899999987523,"failureMessages":[],"meta":{}},{"ancestorTitles":["imageAnalyzeHandler"],"fullName":"imageAnalyzeHandler falls back to requestId for telemetry when messageId is null","status":"passed","title":"falls back to requestId for telemetry when messageId is null","duration":0.533958999999868,"failureMessages":[],"meta":{}},{"ancestorTitles":["imageAnalyzeHandler"],"fullName":"imageAnalyzeHandler throws when asset is not found","status":"passed","title":"throws when asset is not found","duration":5.490875000000415,"failureMessages":[],"meta":{}},{"ancestorTitles":["imageAnalyzeHandler"],"fullName":"imageAnalyzeHandler throws when asset has no storageUrl (pending/failed)","status":"passed","title":"throws when asset has no storageUrl (pending/failed)","duration":5.901249999999891,"failureMessages":[],"meta":{}}],"startTime":1781072017881,"endTime":1781072017903.9014,"status":"passed","message":"","name":"/Users/macanderson/oxagen-monorepo/packages/handlers/src/image.analyze.test.ts"},{"assertionResults":[{"ancestorTitles":["imageCreateHandler"],"fullName":"imageCreateHandler returns image_id, url, and created_at on success","status":"passed","title":"returns image_id, url, and created_at on success","duration":5.231540999999993,"failureMessages":[],"meta":{}},{"ancestorTitles":["imageCreateHandler"],"fullName":"imageCreateHandler calls generateImageFor with the correct prompt and model","status":"passed","title":"calls generateImageFor with the correct prompt and model","duration":1.177000000000021,"failureMessages":[],"meta":{}},{"ancestorTitles":["imageCreateHandler"],"fullName":"imageCreateHandler resolves flux-2-max to the correct gateway id","status":"passed","title":"resolves flux-2-max to the correct gateway id","duration":0.17600000000004457,"failureMessages":[],"meta":{}},{"ancestorTitles":["imageCreateHandler"],"fullName":"imageCreateHandler persists the asset with org access policy and correct fields","status":"passed","title":"persists the asset with org access policy and correct fields","duration":0.16937499999994543,"failureMessages":[],"meta":{}},{"ancestorTitles":["imageCreateHandler"],"fullName":"imageCreateHandler passes telemetry context to generateImageFor","status":"passed","title":"passes telemetry context to generateImageFor","duration":0.17070799999999053,"failureMessages":[],"meta":{}},{"ancestorTitles":["imageCreateHandler"],"fullName":"imageCreateHandler returns a placeholder when AI_GATEWAY_API_KEY is missing","status":"passed","title":"returns a placeholder when AI_GATEWAY_API_KEY is missing","duration":0.17558299999996052,"failureMessages":[],"meta":{}},{"ancestorTitles":["imageCreateHandler"],"fullName":"imageCreateHandler returns a placeholder when generateImageFor returns no images","status":"passed","title":"returns a placeholder when generateImageFor returns no images","duration":0.11250000000006821,"failureMessages":[],"meta":{}},{"ancestorTitles":["imageCreateHandler"],"fullName":"imageCreateHandler forwards the custom size to generateImageFor","status":"passed","title":"forwards the custom size to generateImageFor","duration":0.1193749999999909,"failureMessages":[],"meta":{}}],"startTime":1781072016737,"endTime":1781072016744.176,"status":"passed","message":"","name":"/Users/macanderson/oxagen-monorepo/packages/handlers/src/image.create.test.ts"},{"assertionResults":[{"ancestorTitles":["imageGenerateHandler"],"fullName":"imageGenerateHandler returns a placeholder when AI_GATEWAY_API_KEY is absent","status":"passed","title":"returns a placeholder when AI_GATEWAY_API_KEY is absent","duration":2.8707919999999376,"failureMessages":[],"meta":{}},{"ancestorTitles":["imageGenerateHandler"],"fullName":"imageGenerateHandler returns a placeholder and does not throw when requireEnv throws","status":"passed","title":"returns a placeholder and does not throw when requireEnv throws","duration":0.15266699999983757,"failureMessages":[],"meta":{}},{"ancestorTitles":["imageGenerateHandler"],"fullName":"imageGenerateHandler returns a data URI on successful generation","status":"passed","title":"returns a data URI on successful generation","duration":0.1920829999999114,"failureMessages":[],"meta":{}},{"ancestorTitles":["imageGenerateHandler"],"fullName":"imageGenerateHandler passes ctx.surface directly to generateImageFor (no surface re-map)","status":"passed","title":"passes ctx.surface directly to generateImageFor (no surface re-map)","duration":0.08387500000003456,"failureMessages":[],"meta":{}},{"ancestorTitles":["imageGenerateHandler"],"fullName":"imageGenerateHandler returns placeholder when generateImageFor returns no base64","status":"passed","title":"returns placeholder when generateImageFor returns no base64","duration":0.6216669999998885,"failureMessages":[],"meta":{}},{"ancestorTitles":["imageGenerateHandler"],"fullName":"imageGenerateHandler returns a placeholder and does not throw when generateImageFor throws","status":"passed","title":"returns a placeholder and does not throw when generateImageFor throws","duration":0.4424579999999878,"failureMessages":[],"meta":{}},{"ancestorTitles":["imageGenerateHandler"],"fullName":"imageGenerateHandler derives alt from the prompt when alt is not supplied","status":"passed","title":"derives alt from the prompt when alt is not supplied","duration":0.2777920000000904,"failureMessages":[],"meta":{}}],"startTime":1781072016734,"endTime":1781072016739.2778,"status":"passed","message":"","name":"/Users/macanderson/oxagen-monorepo/packages/handlers/src/image.generate.test.ts"},{"assertionResults":[{"ancestorTitles":["imageListHandler"],"fullName":"imageListHandler returns an empty images array when no rows exist","status":"passed","title":"returns an empty images array when no rows exist","duration":1.9987500000002,"failureMessages":[],"meta":{}},{"ancestorTitles":["imageListHandler"],"fullName":"imageListHandler maps rows to the contract output shape","status":"passed","title":"maps rows to the contract output shape","duration":0.8863339999998061,"failureMessages":[],"meta":{}},{"ancestorTitles":["imageListHandler"],"fullName":"imageListHandler falls back to /api/v1/assets/:id when storageUrl is null","status":"passed","title":"falls back to /api/v1/assets/:id when storageUrl is null","duration":0.17520899999999529,"failureMessages":[],"meta":{}},{"ancestorTitles":["imageListHandler"],"fullName":"imageListHandler returns multiple rows in the order provided by the DB query","status":"passed","title":"returns multiple rows in the order provided by the DB query","duration":0.18820800000003146,"failureMessages":[],"meta":{}},{"ancestorTitles":["imageListHandler"],"fullName":"imageListHandler calls withTenantDb (tenant scope enforced)","status":"passed","title":"calls withTenantDb (tenant scope enforced)","duration":0.13362499999993815,"failureMessages":[],"meta":{}},{"ancestorTitles":["imageListHandler"],"fullName":"imageListHandler propagates DB error when the query throws","status":"passed","title":"propagates DB error when the query throws","duration":0.8441250000000764,"failureMessages":[],"meta":{}},{"ancestorTitles":["imageListHandler"],"fullName":"imageListHandler throws when createdAt is null (non-nullable field returned as null)","status":"passed","title":"throws when createdAt is null (non-nullable field returned as null)","duration":0.1711249999998472,"failureMessages":[],"meta":{}}],"startTime":1781072018995,"endTime":1781072018999.1711,"status":"passed","message":"","name":"/Users/macanderson/oxagen-monorepo/packages/handlers/src/image.list.test.ts"},{"assertionResults":[{"ancestorTitles":["notifications.list handler"],"fullName":"notifications.list handler returns notifications and unreadCount","status":"passed","title":"returns notifications and unreadCount","duration":2.6295000000000073,"failureMessages":[],"meta":{}},{"ancestorTitles":["notifications.list handler"],"fullName":"notifications.list handler throws when userId is absent","status":"passed","title":"throws when userId is absent","duration":0.8406249999999318,"failureMessages":[],"meta":{}}],"startTime":1781072020819,"endTime":1781072020822.8406,"status":"passed","message":"","name":"/Users/macanderson/oxagen-monorepo/packages/handlers/src/notifications.list.test.ts"},{"assertionResults":[{"ancestorTitles":["notifications.mark handler"],"fullName":"notifications.mark handler returns ok:true when marking as read","status":"passed","title":"returns ok:true when marking as read","duration":4.653416000000107,"failureMessages":[],"meta":{}},{"ancestorTitles":["notifications.mark handler"],"fullName":"notifications.mark handler returns ok:true when archiving","status":"passed","title":"returns ok:true when archiving","duration":0.1585410000000138,"failureMessages":[],"meta":{}},{"ancestorTitles":["notifications.mark handler"],"fullName":"notifications.mark handler throws when userId is absent","status":"passed","title":"throws when userId is absent","duration":0.5511249999999563,"failureMessages":[],"meta":{}},{"ancestorTitles":["notifications.mark handler"],"fullName":"notifications.mark handler returns ok:true with no-op when neither read nor archived provided","status":"passed","title":"returns ok:true with no-op when neither read nor archived provided","duration":0.07262500000001637,"failureMessages":[],"meta":{}}],"startTime":1781072021799,"endTime":1781072021804.551,"status":"passed","message":"","name":"/Users/macanderson/oxagen-monorepo/packages/handlers/src/notifications.mark.test.ts"},{"assertionResults":[{"ancestorTitles":["orgMemberAddHandler"],"fullName":"orgMemberAddHandler no authenticated principal → throws Unauthorized","status":"passed","title":"no authenticated principal → throws Unauthorized","duration":23.623125000000073,"failureMessages":[],"meta":{}},{"ancestorTitles":["orgMemberAddHandler"],"fullName":"orgMemberAddHandler no orgId → throws Forbidden","status":"passed","title":"no orgId → throws Forbidden","duration":0.1859589999999116,"failureMessages":[],"meta":{}},{"ancestorTitles":["orgMemberAddHandler"],"fullName":"orgMemberAddHandler seat limit reached → re-throws SeatLimitError with correct code","status":"passed","title":"seat limit reached → re-throws SeatLimitError with correct code","duration":0.3160000000002583,"failureMessages":[],"meta":{}},{"ancestorTitles":["orgMemberAddHandler"],"fullName":"orgMemberAddHandler duplicate pending invite (Postgres 23505) → friendly error message","status":"passed","title":"duplicate pending invite (Postgres 23505) → friendly error message","duration":0.23225000000002183,"failureMessages":[],"meta":{}},{"ancestorTitles":["orgMemberAddHandler"],"fullName":"orgMemberAddHandler happy path → returns pending invitation with correct shape","status":"passed","title":"happy path → returns pending invitation with correct shape","duration":8.850124999999935,"failureMessages":[],"meta":{}},{"ancestorTitles":["orgMemberAddHandler"],"fullName":"orgMemberAddHandler happy path with null expiresAt → expiresAt is null in output","status":"passed","title":"happy path with null expiresAt → expiresAt is null in output","duration":0.22262499999987995,"failureMessages":[],"meta":{}}],"startTime":1781072018772,"endTime":1781072018805.2227,"status":"passed","message":"","name":"/Users/macanderson/oxagen-monorepo/packages/handlers/src/org.member.add.test.ts"},{"assertionResults":[{"ancestorTitles":["orgMemberInviteAcceptHandler"],"fullName":"orgMemberInviteAcceptHandler no userId → throws Unauthorized","status":"passed","title":"no userId → throws Unauthorized","duration":21.902874999999767,"failureMessages":[],"meta":{}},{"ancestorTitles":["orgMemberInviteAcceptHandler"],"fullName":"orgMemberInviteAcceptHandler invitation not found → throws","status":"passed","title":"invitation not found → throws","duration":0.2947919999996884,"failureMessages":[],"meta":{}},{"ancestorTitles":["orgMemberInviteAcceptHandler"],"fullName":"orgMemberInviteAcceptHandler invitation already accepted → throws","status":"passed","title":"invitation already accepted → throws","duration":0.12358400000084657,"failureMessages":[],"meta":{}},{"ancestorTitles":["orgMemberInviteAcceptHandler"],"fullName":"orgMemberInviteAcceptHandler expired invitation → throws expired error","status":"passed","title":"expired invitation → throws expired error","duration":0.20100000000002183,"failureMessages":[],"meta":{}},{"ancestorTitles":["orgMemberInviteAcceptHandler"],"fullName":"orgMemberInviteAcceptHandler email mismatch → throws","status":"passed","title":"email mismatch → throws","duration":0.225125000000844,"failureMessages":[],"meta":{}},{"ancestorTitles":["orgMemberInviteAcceptHandler"],"fullName":"orgMemberInviteAcceptHandler happy path → creates membership, provisions principal, assigns role","status":"passed","title":"happy path → creates membership, provisions principal, assigns role","duration":24.828875000000153,"failureMessages":[],"meta":{}},{"ancestorTitles":["orgMemberInviteAcceptHandler"],"fullName":"orgMemberInviteAcceptHandler role not found in DB → still succeeds (no PRA insert)","status":"passed","title":"role not found in DB → still succeeds (no PRA insert)","duration":0.8371659999993426,"failureMessages":[],"meta":{}}],"startTime":1781072015574,"endTime":1781072015622.8372,"status":"passed","message":"","name":"/Users/macanderson/oxagen-monorepo/packages/handlers/src/org.member.invite.accept.test.ts"},{"assertionResults":[{"ancestorTitles":["orgMemberInviteDeclineHandler"],"fullName":"orgMemberInviteDeclineHandler no authenticated principal → throws Unauthorized","status":"passed","title":"no authenticated principal → throws Unauthorized","duration":11.623374999999896,"failureMessages":[],"meta":{}},{"ancestorTitles":["orgMemberInviteDeclineHandler"],"fullName":"orgMemberInviteDeclineHandler invitation not found → throws","status":"passed","title":"invitation not found → throws","duration":0.30141600000001745,"failureMessages":[],"meta":{}},{"ancestorTitles":["orgMemberInviteDeclineHandler"],"fullName":"orgMemberInviteDeclineHandler invitation already declined → throws 'no longer pending'","status":"passed","title":"invitation already declined → throws 'no longer pending'","duration":0.12008399999990615,"failureMessages":[],"meta":{}},{"ancestorTitles":["orgMemberInviteDeclineHandler"],"fullName":"orgMemberInviteDeclineHandler happy path → returns declined status, does not throw","status":"passed","title":"happy path → returns declined status, does not throw","duration":0.4208329999999023,"failureMessages":[],"meta":{}},{"ancestorTitles":["orgMemberInviteDeclineHandler"],"fullName":"orgMemberInviteDeclineHandler happy path via apiKeyId (no userId) → still declines","status":"passed","title":"happy path via apiKeyId (no userId) → still declines","duration":0.1669170000000122,"failureMessages":[],"meta":{}}],"startTime":1781072019669,"endTime":1781072019682.167,"status":"passed","message":"","name":"/Users/macanderson/oxagen-monorepo/packages/handlers/src/org.member.invite.decline.test.ts"},{"assertionResults":[{"ancestorTitles":["orgMemberRemoveHandler"],"fullName":"orgMemberRemoveHandler no authenticated principal → throws Unauthorized","status":"passed","title":"no authenticated principal → throws Unauthorized","duration":1.7385840000006283,"failureMessages":[],"meta":{}},{"ancestorTitles":["orgMemberRemoveHandler"],"fullName":"orgMemberRemoveHandler no orgId → throws Forbidden","status":"passed","title":"no orgId → throws Forbidden","duration":0.3827499999997599,"failureMessages":[],"meta":{}},{"ancestorTitles":["orgMemberRemoveHandler"],"fullName":"orgMemberRemoveHandler actor has no principal (not IAM-provisioned) → throws Forbidden","status":"passed","title":"actor has no principal (not IAM-provisioned) → throws Forbidden","duration":1.1315000000004147,"failureMessages":[],"meta":{}},{"ancestorTitles":["orgMemberRemoveHandler"],"fullName":"orgMemberRemoveHandler actor has Member role (not Owner/Admin) → throws Forbidden","status":"passed","title":"actor has Member role (not Owner/Admin) → throws Forbidden","duration":0.45662499999980355,"failureMessages":[],"meta":{}},{"ancestorTitles":["orgMemberRemoveHandler"],"fullName":"orgMemberRemoveHandler target not a member of the org → throws Not found (IDOR guard)","status":"passed","title":"target not a member of the org → throws Not found (IDOR guard)","duration":0.38133299999935844,"failureMessages":[],"meta":{}},{"ancestorTitles":["orgMemberRemoveHandler"],"fullName":"orgMemberRemoveHandler target is the last owner → throws with lockout message","status":"passed","title":"target is the last owner → throws with lockout message","duration":0.4431670000003578,"failureMessages":[],"meta":{}},{"ancestorTitles":["orgMemberRemoveHandler"],"fullName":"orgMemberRemoveHandler happy path → removes member, emits audit event, returns removed:true","status":"passed","title":"happy path → removes member, emits audit event, returns removed:true","duration":1.0569160000004558,"failureMessages":[],"meta":{}}],"startTime":1781072015628,"endTime":1781072015634.057,"status":"passed","message":"","name":"/Users/macanderson/oxagen-monorepo/packages/handlers/src/org.member.remove.test.ts"},{"assertionResults":[{"ancestorTitles":["orgMemberRoleChangeHandler"],"fullName":"orgMemberRoleChangeHandler no authenticated principal → throws Unauthorized","status":"passed","title":"no authenticated principal → throws Unauthorized","duration":1.9782500000001164,"failureMessages":[],"meta":{}},{"ancestorTitles":["orgMemberRoleChangeHandler"],"fullName":"orgMemberRoleChangeHandler no orgId → throws Forbidden","status":"passed","title":"no orgId → throws Forbidden","duration":0.15833300000031159,"failureMessages":[],"meta":{}},{"ancestorTitles":["orgMemberRoleChangeHandler"],"fullName":"orgMemberRoleChangeHandler actor has Member role → throws Forbidden","status":"passed","title":"actor has Member role → throws Forbidden","duration":0.8283330000003843,"failureMessages":[],"meta":{}},{"ancestorTitles":["orgMemberRoleChangeHandler"],"fullName":"orgMemberRoleChangeHandler target not a member → throws Not found (IDOR guard)","status":"passed","title":"target not a member → throws Not found (IDOR guard)","duration":0.4911659999997937,"failureMessages":[],"meta":{}},{"ancestorTitles":["orgMemberRoleChangeHandler"],"fullName":"orgMemberRoleChangeHandler newRole does not exist in org → throws with descriptive message","status":"passed","title":"newRole does not exist in org → throws with descriptive message","duration":0.26583300000038435,"failureMessages":[],"meta":{}},{"ancestorTitles":["orgMemberRoleChangeHandler"],"fullName":"orgMemberRoleChangeHandler demoting last Owner → blocked","status":"passed","title":"demoting last Owner → blocked","duration":0.46020799999951123,"failureMessages":[],"meta":{}},{"ancestorTitles":["orgMemberRoleChangeHandler"],"fullName":"orgMemberRoleChangeHandler happy path → changes role, emits org.role_changed, returns changed:true","status":"passed","title":"happy path → changes role, emits org.role_changed, returns changed:true","duration":0.9219579999999041,"failureMessages":[],"meta":{}}],"startTime":1781072015585,"endTime":1781072015589.9219,"status":"passed","message":"","name":"/Users/macanderson/oxagen-monorepo/packages/handlers/src/org.member.role.change.test.ts"},{"assertionResults":[{"ancestorTitles":["organizationCreateHandler (@oxagen/handlers)"],"fullName":"organizationCreateHandler (@oxagen/handlers) throws when userId is null (unauthenticated request)","status":"passed","title":"throws when userId is null (unauthenticated request)","duration":46.42720899999949,"failureMessages":[],"meta":{}},{"ancestorTitles":["organizationCreateHandler (@oxagen/handlers)"],"fullName":"organizationCreateHandler (@oxagen/handlers) throws a friendly error when the slug already exists (pre-check path)","status":"passed","title":"throws a friendly error when the slug already exists (pre-check path)","duration":3.705083000000741,"failureMessages":[],"meta":{}},{"ancestorTitles":["organizationCreateHandler (@oxagen/handlers)"],"fullName":"organizationCreateHandler (@oxagen/handlers) throws a friendly error on unique_violation (race condition path)","status":"passed","title":"throws a friendly error on unique_violation (race condition path)","duration":1.9691250000005311,"failureMessages":[],"meta":{}},{"ancestorTitles":["organizationCreateHandler (@oxagen/handlers)"],"fullName":"organizationCreateHandler (@oxagen/handlers) re-throws non-slug database errors unchanged","status":"passed","title":"re-throws non-slug database errors unchanged","duration":56.619166999999834,"failureMessages":[],"meta":{}},{"ancestorTitles":["organizationCreateHandler (@oxagen/handlers)"],"fullName":"organizationCreateHandler (@oxagen/handlers) returns the new org's publicId, name, slug, type, and ISO createdAt","status":"passed","title":"returns the new org's publicId, name, slug, type, and ISO createdAt","duration":46.31837499999983,"failureMessages":[],"meta":{}},{"ancestorTitles":["organizationCreateHandler (@oxagen/handlers)"],"fullName":"organizationCreateHandler (@oxagen/handlers) runs the org insert inside a withSystemDb bypass and then calls grantFreeCredits","status":"passed","title":"runs the org insert inside a withSystemDb bypass and then calls grantFreeCredits","duration":1.6007920000001832,"failureMessages":[],"meta":{}},{"ancestorTitles":["organizationCreateHandler (@oxagen/handlers)"],"fullName":"organizationCreateHandler (@oxagen/handlers) calls bootstrapOrgIAM inside the transaction so IAM is atomic with org creation","status":"passed","title":"calls bootstrapOrgIAM inside the transaction so IAM is atomic with org creation","duration":1.9968339999995806,"failureMessages":[],"meta":{}},{"ancestorTitles":["organizationCreateHandler (@oxagen/handlers)"],"fullName":"organizationCreateHandler (@oxagen/handlers) inserts a billing profile row when billingEmail is provided","status":"passed","title":"inserts a billing profile row when billingEmail is provided","duration":0.8250000000007276,"failureMessages":[],"meta":{}},{"ancestorTitles":["organizationCreateHandler (@oxagen/handlers)"],"fullName":"organizationCreateHandler (@oxagen/handlers) inserts a billing profile with US address — region and country uppercased","status":"passed","title":"inserts a billing profile with US address — region and country uppercased","duration":1.3443749999996726,"failureMessages":[],"meta":{}},{"ancestorTitles":["organizationCreateHandler (@oxagen/handlers)"],"fullName":"organizationCreateHandler (@oxagen/handlers) inserts a billing profile with non-US address — region left as-is","status":"passed","title":"inserts a billing profile with non-US address — region left as-is","duration":0.7251249999999345,"failureMessages":[],"meta":{}},{"ancestorTitles":["organizationCreateHandler (@oxagen/handlers)"],"fullName":"organizationCreateHandler (@oxagen/handlers) skips billing profile insertion when neither billingEmail nor billingAddress is provided","status":"passed","title":"skips billing profile insertion when neither billingEmail nor billingAddress is provided","duration":1.4238750000004075,"failureMessages":[],"meta":{}},{"ancestorTitles":["organizationCreateHandler (@oxagen/handlers)"],"fullName":"organizationCreateHandler (@oxagen/handlers) does not throw when grantFreeCredits fails — org creation still succeeds","status":"passed","title":"does not throw when grantFreeCredits fails — org creation still succeeds","duration":1.2664999999997235,"failureMessages":[],"meta":{}}],"startTime":1781072017637,"endTime":1781072017804.2666,"status":"passed","message":"","name":"/Users/macanderson/oxagen-monorepo/packages/handlers/src/organization.create.test.ts"},{"assertionResults":[{"ancestorTitles":["plugin.settings.set_auth_alerts handler"],"fullName":"plugin.settings.set_auth_alerts handler returns ok:true","status":"passed","title":"returns ok:true","duration":1.4402090000000953,"failureMessages":[],"meta":{}},{"ancestorTitles":["plugin.settings.set_auth_alerts handler"],"fullName":"plugin.settings.set_auth_alerts handler propagates DB error when withSystemDb rejects","status":"passed","title":"propagates DB error when withSystemDb rejects","duration":2.040042000000085,"failureMessages":[],"meta":{}},{"ancestorTitles":["plugin.settings.set_auth_alerts handler"],"fullName":"plugin.settings.set_auth_alerts handler propagates DB error when the update query throws","status":"passed","title":"propagates DB error when the update query throws","duration":2.301832999999988,"failureMessages":[],"meta":{}}],"startTime":1781072021149,"endTime":1781072021154.3018,"status":"passed","message":"","name":"/Users/macanderson/oxagen-monorepo/packages/handlers/src/plugin.settings.set_auth_alerts.test.ts"},{"assertionResults":[{"ancestorTitles":["promptSettingsReadHandler"],"fullName":"promptSettingsReadHandler throws without a workspace context","status":"passed","title":"throws without a workspace context","duration":16.493124999999964,"failureMessages":[],"meta":{}},{"ancestorTitles":["promptSettingsReadHandler"],"fullName":"promptSettingsReadHandler returns stored config","status":"passed","title":"returns stored config","duration":0.34254199999998036,"failureMessages":[],"meta":{}},{"ancestorTitles":["promptSettingsReadHandler"],"fullName":"promptSettingsReadHandler defaults autoImprovePrompts to ON and overrides to {} when unset","status":"passed","title":"defaults autoImprovePrompts to ON and overrides to {} when unset","duration":7.522999999999968,"failureMessages":[],"meta":{}}],"startTime":1781072020581,"endTime":1781072020605.523,"status":"passed","message":"","name":"/Users/macanderson/oxagen-monorepo/packages/handlers/src/prompt.settings.read.test.ts"},{"assertionResults":[{"ancestorTitles":["promptSettingsWriteHandler"],"fullName":"promptSettingsWriteHandler throws without a workspace context","status":"passed","title":"throws without a workspace context","duration":1.4590840000000753,"failureMessages":[],"meta":{}},{"ancestorTitles":["promptSettingsWriteHandler"],"fullName":"promptSettingsWriteHandler writes additionalInstructions + autoImprovePrompts on any tier (no tier check)","status":"passed","title":"writes additionalInstructions + autoImprovePrompts on any tier (no tier check)","duration":0.5485830000000078,"failureMessages":[],"meta":{}},{"ancestorTitles":["promptSettingsWriteHandler"],"fullName":"promptSettingsWriteHandler enforces the enterprise tier gate when overrides are provided","status":"passed","title":"enforces the enterprise tier gate when overrides are provided","duration":0.5939590000000408,"failureMessages":[],"meta":{}},{"ancestorTitles":["promptSettingsWriteHandler"],"fullName":"promptSettingsWriteHandler rejects overrides below enterprise (requireTier throws)","status":"passed","title":"rejects overrides below enterprise (requireTier throws)","duration":0.1567499999998745,"failureMessages":[],"meta":{}},{"ancestorTitles":["promptSettingsWriteHandler"],"fullName":"promptSettingsWriteHandler merges into existing promptConfig, preserving other settings keys","status":"passed","title":"merges into existing promptConfig, preserving other settings keys","duration":0.15049999999996544,"failureMessages":[],"meta":{}}],"startTime":1781072021048,"endTime":1781072021051.1567,"status":"passed","message":"","name":"/Users/macanderson/oxagen-monorepo/packages/handlers/src/prompt.settings.write.test.ts"},{"assertionResults":[{"ancestorTitles":["skillWorkspaceListHandler (@oxagen/handlers)"],"fullName":"skillWorkspaceListHandler (@oxagen/handlers) returns empty skills array when no rows exist","status":"passed","title":"returns empty skills array when no rows exist","duration":1.420667000000094,"failureMessages":[],"meta":{}},{"ancestorTitles":["skillWorkspaceListHandler (@oxagen/handlers)"],"fullName":"skillWorkspaceListHandler (@oxagen/handlers) maps DB rows to contract output shape","status":"passed","title":"maps DB rows to contract output shape","duration":0.6124589999999444,"failureMessages":[],"meta":{}},{"ancestorTitles":["skillWorkspaceListHandler (@oxagen/handlers)"],"fullName":"skillWorkspaceListHandler (@oxagen/handlers) coerces null description to empty string","status":"passed","title":"coerces null description to empty string","duration":0.10837500000002365,"failureMessages":[],"meta":{}},{"ancestorTitles":["skillWorkspaceListHandler (@oxagen/handlers)"],"fullName":"skillWorkspaceListHandler (@oxagen/handlers) returns disabled skill with enabled=false","status":"passed","title":"returns disabled skill with enabled=false","duration":0.08854199999996126,"failureMessages":[],"meta":{}},{"ancestorTitles":["skillWorkspaceListHandler (@oxagen/handlers)"],"fullName":"skillWorkspaceListHandler (@oxagen/handlers) returns multiple skills in order received","status":"passed","title":"returns multiple skills in order received","duration":0.16762500000004366,"failureMessages":[],"meta":{}},{"ancestorTitles":["skillWorkspaceListHandler (@oxagen/handlers)"],"fullName":"skillWorkspaceListHandler (@oxagen/handlers) invokes the query builder once (confirms tenant-scoped path)","status":"passed","title":"invokes the query builder once (confirms tenant-scoped path)","duration":0.134333000000197,"failureMessages":[],"meta":{}},{"ancestorTitles":["skillWorkspaceListHandler (@oxagen/handlers)"],"fullName":"skillWorkspaceListHandler (@oxagen/handlers) propagates DB error when the query rejects","status":"passed","title":"propagates DB error when the query rejects","duration":0.5262500000001182,"failureMessages":[],"meta":{}},{"ancestorTitles":["skillWorkspaceListHandler (@oxagen/handlers)"],"fullName":"skillWorkspaceListHandler (@oxagen/handlers) propagates DB error when withTenantDb rejects","status":"passed","title":"propagates DB error when withTenantDb rejects","duration":0.13879099999985556,"failureMessages":[],"meta":{}}],"startTime":1781072020114,"endTime":1781072020117.1387,"status":"passed","message":"","name":"/Users/macanderson/oxagen-monorepo/packages/handlers/src/skill.workspace.list.test.ts"},{"assertionResults":[{"ancestorTitles":["svgGenerateHandler"],"fullName":"svgGenerateHandler returns svg, title and a render directive on success","status":"passed","title":"returns svg, title and a render directive on success","duration":3.163291999999956,"failureMessages":[],"meta":{}},{"ancestorTitles":["svgGenerateHandler"],"fullName":"svgGenerateHandler strips <script> tags from the model output","status":"passed","title":"strips <script> tags from the model output","duration":0.27862499999991996,"failureMessages":[],"meta":{}},{"ancestorTitles":["svgGenerateHandler"],"fullName":"svgGenerateHandler strips on* event handler attributes from the model output","status":"passed","title":"strips on* event handler attributes from the model output","duration":2.0517499999998563,"failureMessages":[],"meta":{}},{"ancestorTitles":["svgGenerateHandler"],"fullName":"svgGenerateHandler returns a placeholder SVG and does not throw when model errors","status":"passed","title":"returns a placeholder SVG and does not throw when model errors","duration":29.18549999999982,"failureMessages":[],"meta":{}},{"ancestorTitles":["svgGenerateHandler"],"fullName":"svgGenerateHandler falls back to requestId when messageId is null","status":"passed","title":"falls back to requestId when messageId is null","duration":0.15695800000003146,"failureMessages":[],"meta":{}},{"ancestorTitles":["svgGenerateHandler"],"fullName":"svgGenerateHandler forwards telemetry context to generateObjectFor","status":"passed","title":"forwards telemetry context to generateObjectFor","duration":0.12875000000008185,"failureMessages":[],"meta":{}},{"ancestorTitles":["svgGenerateHandler"],"fullName":"svgGenerateHandler passes width and height defaults when not provided","status":"passed","title":"passes width and height defaults when not provided","duration":0.078125,"failureMessages":[],"meta":{}}],"startTime":1781072014426,"endTime":1781072014461.157,"status":"passed","message":"","name":"/Users/macanderson/oxagen-monorepo/packages/handlers/src/svg.generate.test.ts"},{"assertionResults":[{"ancestorTitles":["systemInstallInstructionsHandler"],"fullName":"systemInstallInstructionsHandler returns steps and a render directive for every supported client","status":"passed","title":"returns steps and a render directive for every supported client","duration":1.1087920000001077,"failureMessages":[],"meta":{}},{"ancestorTitles":["systemInstallInstructionsHandler"],"fullName":"systemInstallInstructionsHandler every step has a non-empty label","status":"passed","title":"every step has a non-empty label","duration":0.2933339999999589,"failureMessages":[],"meta":{}},{"ancestorTitles":["systemInstallInstructionsHandler"],"fullName":"systemInstallInstructionsHandler at least one step per client includes a command","status":"passed","title":"at least one step per client includes a command","duration":0.11620800000002873,"failureMessages":[],"meta":{}},{"ancestorTitles":["systemInstallInstructionsHandler"],"fullName":"systemInstallInstructionsHandler includes the production MCP connect URL in commands","status":"passed","title":"includes the production MCP connect URL in commands","duration":0.12741699999992306,"failureMessages":[],"meta":{}},{"ancestorTitles":["systemInstallInstructionsHandler"],"fullName":"systemInstallInstructionsHandler includes the Authorization header in the claude-code connect command","status":"passed","title":"includes the Authorization header in the claude-code connect command","duration":0.06325000000003911,"failureMessages":[],"meta":{}},{"ancestorTitles":["systemInstallInstructionsHandler"],"fullName":"systemInstallInstructionsHandler interpolates the workspaceSlug when provided","status":"passed","title":"interpolates the workspaceSlug when provided","duration":0.06837499999994634,"failureMessages":[],"meta":{}},{"ancestorTitles":["systemInstallInstructionsHandler"],"fullName":"systemInstallInstructionsHandler uses a placeholder when workspaceSlug is not provided","status":"passed","title":"uses a placeholder when workspaceSlug is not provided","duration":0.057875000000080945,"failureMessages":[],"meta":{}},{"ancestorTitles":["systemInstallInstructionsHandler"],"fullName":"systemInstallInstructionsHandler throws TypeError when an unsupported client bypasses Zod validation","status":"passed","title":"throws TypeError when an unsupported client bypasses Zod validation","duration":0.31024999999999636,"failureMessages":[],"meta":{}}],"startTime":1781072017619,"endTime":1781072017621.3103,"status":"passed","message":"","name":"/Users/macanderson/oxagen-monorepo/packages/handlers/src/system.install.instructions.test.ts"},{"assertionResults":[{"ancestorTitles":["userPreferencesReadHandler (@oxagen/handlers)"],"fullName":"userPreferencesReadHandler (@oxagen/handlers) throws when userId is null","status":"passed","title":"throws when userId is null","duration":1.591957999999977,"failureMessages":[],"meta":{}},{"ancestorTitles":["userPreferencesReadHandler (@oxagen/handlers)"],"fullName":"userPreferencesReadHandler (@oxagen/handlers) returns all preference fields from an existing row","status":"passed","title":"returns all preference fields from an existing row","duration":0.38320900000007896,"failureMessages":[],"meta":{}},{"ancestorTitles":["userPreferencesReadHandler (@oxagen/handlers)"],"fullName":"userPreferencesReadHandler (@oxagen/handlers) returns schema defaults when no preferences row exists (does NOT throw)","status":"passed","title":"returns schema defaults when no preferences row exists (does NOT throw)","duration":0.16829199999983757,"failureMessages":[],"meta":{}},{"ancestorTitles":["userPreferencesReadHandler (@oxagen/handlers)"],"fullName":"userPreferencesReadHandler (@oxagen/handlers) returns null for model fields when row has no model prefs set","status":"passed","title":"returns null for model fields when row has no model prefs set","duration":0.1031249999996362,"failureMessages":[],"meta":{}},{"ancestorTitles":["userPreferencesReadHandler (@oxagen/handlers)"],"fullName":"userPreferencesReadHandler (@oxagen/handlers) queries using the userId from context (not from input)","status":"passed","title":"queries using the userId from context (not from input)","duration":0.12291600000025937,"failureMessages":[],"meta":{}}],"startTime":1781072019009,"endTime":1781072019012.1228,"status":"passed","message":"","name":"/Users/macanderson/oxagen-monorepo/packages/handlers/src/user.preferences.read.test.ts"},{"assertionResults":[{"ancestorTitles":["userPreferencesWriteHandler (@oxagen/handlers)"],"fullName":"userPreferencesWriteHandler (@oxagen/handlers) throws when userId is null","status":"passed","title":"throws when userId is null","duration":1.5909160000001066,"failureMessages":[],"meta":{}},{"ancestorTitles":["userPreferencesWriteHandler (@oxagen/handlers)"],"fullName":"userPreferencesWriteHandler (@oxagen/handlers) calls insert().values().onConflictDoUpdate() and returns updated row","status":"passed","title":"calls insert().values().onConflictDoUpdate() and returns updated row","duration":0.4447909999998956,"failureMessages":[],"meta":{}},{"ancestorTitles":["userPreferencesWriteHandler (@oxagen/handlers)"],"fullName":"userPreferencesWriteHandler (@oxagen/handlers) re-reads the row after upsert to return canonical state","status":"passed","title":"re-reads the row after upsert to return canonical state","duration":0.10770800000000236,"failureMessages":[],"meta":{}},{"ancestorTitles":["userPreferencesWriteHandler (@oxagen/handlers)"],"fullName":"userPreferencesWriteHandler (@oxagen/handlers) returns null for nullable model fields when row has them cleared","status":"passed","title":"returns null for nullable model fields when row has them cleared","duration":0.15337499999986903,"failureMessages":[],"meta":{}},{"ancestorTitles":["userPreferencesWriteHandler (@oxagen/handlers)"],"fullName":"userPreferencesWriteHandler (@oxagen/handlers) throws if re-read returns no row (defensive guard)","status":"passed","title":"throws if re-read returns no row (defensive guard)","duration":0.13533300000017334,"failureMessages":[],"meta":{}},{"ancestorTitles":["userPreferencesWriteHandler (@oxagen/handlers)"],"fullName":"userPreferencesWriteHandler (@oxagen/handlers) succeeds with empty input (no fields changed)","status":"passed","title":"succeeds with empty input (no fields changed)","duration":0.0933340000001408,"failureMessages":[],"meta":{}}],"startTime":1781072018433,"endTime":1781072018435.4448,"status":"passed","message":"","name":"/Users/macanderson/oxagen-monorepo/packages/handlers/src/user.preferences.write.test.ts"},{"assertionResults":[{"ancestorTitles":["videoGenerateHandler (@oxagen/handlers)"],"fullName":"videoGenerateHandler (@oxagen/handlers) throws when AI_GATEWAY_API_KEY is not configured","status":"passed","title":"throws when AI_GATEWAY_API_KEY is not configured","duration":4.217041999999992,"failureMessages":[],"meta":{}},{"ancestorTitles":["videoGenerateHandler (@oxagen/handlers)"],"fullName":"videoGenerateHandler (@oxagen/handlers) throws when userId is null","status":"passed","title":"throws when userId is null","duration":0.20591699999999946,"failureMessages":[],"meta":{}},{"ancestorTitles":["videoGenerateHandler (@oxagen/handlers)"],"fullName":"videoGenerateHandler (@oxagen/handlers) returns status: queued, jobId, serveUrl, and render directive","status":"passed","title":"returns status: queued, jobId, serveUrl, and render directive","duration":0.22012499999993906,"failureMessages":[],"meta":{}},{"ancestorTitles":["videoGenerateHandler (@oxagen/handlers)"],"fullName":"videoGenerateHandler (@oxagen/handlers) creates a pending asset row before queuing render","status":"passed","title":"creates a pending asset row before queuing render","duration":0.13220799999999144,"failureMessages":[],"meta":{}},{"ancestorTitles":["videoGenerateHandler (@oxagen/handlers)"],"fullName":"videoGenerateHandler (@oxagen/handlers) dispatches the inngest render event after creating the asset","status":"passed","title":"dispatches the inngest render event after creating the asset","duration":0.11374999999998181,"failureMessages":[],"meta":{}},{"ancestorTitles":["videoGenerateHandler (@oxagen/handlers)"],"fullName":"videoGenerateHandler (@oxagen/handlers) passes durationSeconds to inngest when provided","status":"passed","title":"passes durationSeconds to inngest when provided","duration":0.10208299999999326,"failureMessages":[],"meta":{}},{"ancestorTitles":["videoGenerateHandler (@oxagen/handlers)"],"fullName":"videoGenerateHandler (@oxagen/handlers) passes aspectRatio to inngest when provided","status":"passed","title":"passes aspectRatio to inngest when provided","duration":0.10020800000006602,"failureMessages":[],"meta":{}},{"ancestorTitles":["videoGenerateHandler (@oxagen/handlers)"],"fullName":"videoGenerateHandler (@oxagen/handlers) returns a unique jobId per call","status":"passed","title":"returns a unique jobId per call","duration":0.3116249999999354,"failureMessages":[],"meta":{}}],"startTime":1781072016808,"endTime":1781072016813.3115,"status":"passed","message":"","name":"/Users/macanderson/oxagen-monorepo/packages/handlers/src/video.generate.test.ts"},{"assertionResults":[{"ancestorTitles":["workflow.cancel handler"],"fullName":"workflow.cancel handler throws when workflow not found","status":"passed","title":"throws when workflow not found","duration":2.082791000000043,"failureMessages":[],"meta":{}},{"ancestorTitles":["workflow.cancel handler"],"fullName":"workflow.cancel handler returns cancelled:false for already completed workflows","status":"passed","title":"returns cancelled:false for already completed workflows","duration":0.3161250000000564,"failureMessages":[],"meta":{}},{"ancestorTitles":["workflow.cancel handler"],"fullName":"workflow.cancel handler returns cancelled:false for already cancelled workflows","status":"passed","title":"returns cancelled:false for already cancelled workflows","duration":0.10691699999983939,"failureMessages":[],"meta":{}},{"ancestorTitles":["workflow.cancel handler"],"fullName":"workflow.cancel handler sets status to cancelled and fires inngest event for running workflow","status":"passed","title":"sets status to cancelled and fires inngest event for running workflow","duration":1.0752500000000964,"failureMessages":[],"meta":{}},{"ancestorTitles":["workflow.cancel handler"],"fullName":"workflow.cancel handler sends the cancel event with the correct workflowRunId","status":"passed","title":"sends the cancel event with the correct workflowRunId","duration":0.11283299999990959,"failureMessages":[],"meta":{}}],"startTime":1781072020710,"endTime":1781072020713.1128,"status":"passed","message":"","name":"/Users/macanderson/oxagen-monorepo/packages/handlers/src/workflow.cancel.test.ts"},{"assertionResults":[{"ancestorTitles":["workflow.run handler"],"fullName":"workflow.run handler rejects when no userId in context","status":"passed","title":"rejects when no userId in context","duration":3.6765000000000327,"failureMessages":[],"meta":{}},{"ancestorTitles":["workflow.run handler"],"fullName":"workflow.run handler inserts a workflow_runs row and fires inngest event","status":"passed","title":"inserts a workflow_runs row and fires inngest event","duration":7.586791999999832,"failureMessages":[],"meta":{}},{"ancestorTitles":["workflow.run handler"],"fullName":"workflow.run handler returns a render directive for workflow-progress","status":"passed","title":"returns a render directive for workflow-progress","duration":0.20512500000018008,"failureMessages":[],"meta":{}},{"ancestorTitles":["workflow.run handler"],"fullName":"workflow.run handler uses input title when provided","status":"passed","title":"uses input title when provided","duration":0.10533299999997325,"failureMessages":[],"meta":{}},{"ancestorTitles":["workflow.run handler"],"fullName":"workflow.run handler truncates goal to 200 chars as title when title omitted","status":"passed","title":"truncates goal to 200 chars as title when title omitted","duration":0.09029200000009041,"failureMessages":[],"meta":{}},{"ancestorTitles":["workflow.run handler"],"fullName":"workflow.run handler forwards maxParallelism to inngest payload","status":"passed","title":"forwards maxParallelism to inngest payload","duration":0.07779200000004494,"failureMessages":[],"meta":{}},{"ancestorTitles":["workflow.run handler"],"fullName":"workflow.run handler throws when insert returns no row","status":"passed","title":"throws when insert returns no row","duration":0.15837499999997817,"failureMessages":[],"meta":{}}],"startTime":1781072020460,"endTime":1781072020472.1584,"status":"passed","message":"","name":"/Users/macanderson/oxagen-monorepo/packages/handlers/src/workflow.run.test.ts"},{"assertionResults":[{"ancestorTitles":["workflow.status handler"],"fullName":"workflow.status handler throws when workflow not found","status":"passed","title":"throws when workflow not found","duration":1.2983750000000782,"failureMessages":[],"meta":{}},{"ancestorTitles":["workflow.status handler"],"fullName":"workflow.status handler returns workflow row with correct fields","status":"passed","title":"returns workflow row with correct fields","duration":0.5584579999999733,"failureMessages":[],"meta":{}},{"ancestorTitles":["workflow.status handler"],"fullName":"workflow.status handler returns tasks array with ISO timestamps","status":"passed","title":"returns tasks array with ISO timestamps","duration":0.42079199999989214,"failureMessages":[],"meta":{}},{"ancestorTitles":["workflow.status handler"],"fullName":"workflow.status handler returns null timestamps for null date fields","status":"passed","title":"returns null timestamps for null date fields","duration":0.1218340000000353,"failureMessages":[],"meta":{}},{"ancestorTitles":["workflow.status handler"],"fullName":"workflow.status handler serializes createdAt as ISO string","status":"passed","title":"serializes createdAt as ISO string","duration":0.09975000000008549,"failureMessages":[],"meta":{}}],"startTime":1781072019767,"endTime":1781072019770.0999,"status":"passed","message":"","name":"/Users/macanderson/oxagen-monorepo/packages/handlers/src/workflow.status.test.ts"},{"assertionResults":[{"ancestorTitles":["workspaceCreateHandler (@oxagen/handlers)"],"fullName":"workspaceCreateHandler (@oxagen/handlers) throws when userId is null (unauthenticated request)","status":"passed","title":"throws when userId is null (unauthenticated request)","duration":3.741208999999799,"failureMessages":[],"meta":{}},{"ancestorTitles":["workspaceCreateHandler (@oxagen/handlers)"],"fullName":"workspaceCreateHandler (@oxagen/handlers) throws when the org is not found (tenant lookup failure)","status":"passed","title":"throws when the org is not found (tenant lookup failure)","duration":1.3264579999995476,"failureMessages":[],"meta":{}},{"ancestorTitles":["workspaceCreateHandler (@oxagen/handlers)"],"fullName":"workspaceCreateHandler (@oxagen/handlers) throws a friendly error when the slug already exists in this tenant","status":"passed","title":"throws a friendly error when the slug already exists in this tenant","duration":0.9214590000001408,"failureMessages":[],"meta":{}},{"ancestorTitles":["workspaceCreateHandler (@oxagen/handlers)"],"fullName":"workspaceCreateHandler (@oxagen/handlers) returns publicId, name, slug, orgSlug, and ISO createdAt","status":"passed","title":"returns publicId, name, slug, orgSlug, and ISO createdAt","duration":25.496250000000146,"failureMessages":[],"meta":{}},{"ancestorTitles":["workspaceCreateHandler (@oxagen/handlers)"],"fullName":"workspaceCreateHandler (@oxagen/handlers) runs workspace and membership inserts via withTenantDb","status":"passed","title":"runs workspace and membership inserts via withTenantDb","duration":0.24491699999998673,"failureMessages":[],"meta":{}},{"ancestorTitles":["workspaceCreateHandler (@oxagen/handlers)"],"fullName":"workspaceCreateHandler (@oxagen/handlers) throws when the transaction insert returns no row","status":"passed","title":"throws when the transaction insert returns no row","duration":1.4992499999998472,"failureMessages":[],"meta":{}},{"ancestorTitles":["workspaceCreateHandler (@oxagen/handlers)"],"fullName":"workspaceCreateHandler (@oxagen/handlers) looks up the org by the orgId from context (not from input)","status":"passed","title":"looks up the org by the orgId from context (not from input)","duration":0.30491600000004837,"failureMessages":[],"meta":{}},{"ancestorTitles":["workspaceCreateHandler (@oxagen/handlers)"],"fullName":"workspaceCreateHandler (@oxagen/handlers) slug uniqueness check uses both orgId from context and the input slug","status":"passed","title":"slug uniqueness check uses both orgId from context and the input slug","duration":0.2695420000000013,"failureMessages":[],"meta":{}}],"startTime":1781072015596,"endTime":1781072015630.305,"status":"passed","message":"","name":"/Users/macanderson/oxagen-monorepo/packages/handlers/src/workspace.create.test.ts"},{"assertionResults":[{"ancestorTitles":["workspaceInviteSendHandler (@oxagen/handlers)"],"fullName":"workspaceInviteSendHandler (@oxagen/handlers) throws when userId is null","status":"passed","title":"throws when userId is null","duration":48.62962499999958,"failureMessages":[],"meta":{}},{"ancestorTitles":["workspaceInviteSendHandler (@oxagen/handlers)"],"fullName":"workspaceInviteSendHandler (@oxagen/handlers) returns id, status, and expires_at for a new invitation","status":"passed","title":"returns id, status, and expires_at for a new invitation","duration":0.6095000000000255,"failureMessages":[],"meta":{}},{"ancestorTitles":["workspaceInviteSendHandler (@oxagen/handlers)"],"fullName":"workspaceInviteSendHandler (@oxagen/handlers) calls insert once for a new invite","status":"passed","title":"calls insert once for a new invite","duration":0.14708400000017718,"failureMessages":[],"meta":{}},{"ancestorTitles":["workspaceInviteSendHandler (@oxagen/handlers)"],"fullName":"workspaceInviteSendHandler (@oxagen/handlers) falls back to existing pending invite on insert conflict (no rows returned)","status":"passed","title":"falls back to existing pending invite on insert conflict (no rows returned)","duration":0.23816600000009203,"failureMessages":[],"meta":{}},{"ancestorTitles":["workspaceInviteSendHandler (@oxagen/handlers)"],"fullName":"workspaceInviteSendHandler (@oxagen/handlers) throws when conflict + existing row lookup also returns nothing","status":"passed","title":"throws when conflict + existing row lookup also returns nothing","duration":0.1512920000000122,"failureMessages":[],"meta":{}},{"ancestorTitles":["workspaceInviteSendHandler (@oxagen/handlers)"],"fullName":"workspaceInviteSendHandler (@oxagen/handlers) falls back to computed expiresAt when row.expiresAt is null","status":"passed","title":"falls back to computed expiresAt when row.expiresAt is null","duration":0.1312910000001466,"failureMessages":[],"meta":{}}],"startTime":1781072019070,"endTime":1781072019120.1514,"status":"passed","message":"","name":"/Users/macanderson/oxagen-monorepo/packages/handlers/src/workspace.invite.send.test.ts"},{"assertionResults":[{"ancestorTitles":["workspaceMemberListHandler (@oxagen/handlers)"],"fullName":"workspaceMemberListHandler (@oxagen/handlers) returns empty array when no rows exist","status":"passed","title":"returns empty array when no rows exist","duration":1.4821249999999964,"failureMessages":[],"meta":{}},{"ancestorTitles":["workspaceMemberListHandler (@oxagen/handlers)"],"fullName":"workspaceMemberListHandler (@oxagen/handlers) maps DB rows to the contract output shape","status":"passed","title":"maps DB rows to the contract output shape","duration":0.7789999999999964,"failureMessages":[],"meta":{}},{"ancestorTitles":["workspaceMemberListHandler (@oxagen/handlers)"],"fullName":"workspaceMemberListHandler (@oxagen/handlers) returns multiple members in order received","status":"passed","title":"returns multiple members in order received","duration":0.17829200000005585,"failureMessages":[],"meta":{}},{"ancestorTitles":["workspaceMemberListHandler (@oxagen/handlers)"],"fullName":"workspaceMemberListHandler (@oxagen/handlers) invokes the query builder once (confirms tenant-scoped path)","status":"passed","title":"invokes the query builder once (confirms tenant-scoped path)","duration":0.12104099999987739,"failureMessages":[],"meta":{}},{"ancestorTitles":["workspaceMemberListHandler (@oxagen/handlers)"],"fullName":"workspaceMemberListHandler (@oxagen/handlers) propagates DB error when the query rejects","status":"passed","title":"propagates DB error when the query rejects","duration":0.5342910000001666,"failureMessages":[],"meta":{}},{"ancestorTitles":["workspaceMemberListHandler (@oxagen/handlers)"],"fullName":"workspaceMemberListHandler (@oxagen/handlers) throws when joinedAt is null (non-nullable field returned as null)","status":"passed","title":"throws when joinedAt is null (non-nullable field returned as null)","duration":0.15029200000003584,"failureMessages":[],"meta":{}}],"startTime":1781072020639,"endTime":1781072020643.1504,"status":"passed","message":"","name":"/Users/macanderson/oxagen-monorepo/packages/handlers/src/workspace.member.list.test.ts"},{"assertionResults":[{"ancestorTitles":["workspaceModelSettingsReadHandler (@oxagen/handlers)"],"fullName":"workspaceModelSettingsReadHandler (@oxagen/handlers) throws when workspaceId is empty string (no workspace context)","status":"passed","title":"throws when workspaceId is empty string (no workspace context)","duration":1.6781250000001364,"failureMessages":[],"meta":{}},{"ancestorTitles":["workspaceModelSettingsReadHandler (@oxagen/handlers)"],"fullName":"workspaceModelSettingsReadHandler (@oxagen/handlers) returns null defaults when the workspace row is not found","status":"passed","title":"returns null defaults when the workspace row is not found","duration":0.29054199999995944,"failureMessages":[],"meta":{}},{"ancestorTitles":["workspaceModelSettingsReadHandler (@oxagen/handlers)"],"fullName":"workspaceModelSettingsReadHandler (@oxagen/handlers) returns all four model settings columns","status":"passed","title":"returns all four model settings columns","duration":0.1486250000000382,"failureMessages":[],"meta":{}},{"ancestorTitles":["workspaceModelSettingsReadHandler (@oxagen/handlers)"],"fullName":"workspaceModelSettingsReadHandler (@oxagen/handlers) returns null for all fields when workspace has no model defaults set","status":"passed","title":"returns null for all fields when workspace has no model defaults set","duration":0.09445899999991525,"failureMessages":[],"meta":{}},{"ancestorTitles":["workspaceModelSettingsReadHandler (@oxagen/handlers)"],"fullName":"workspaceModelSettingsReadHandler (@oxagen/handlers) queries using the workspaceId from context","status":"passed","title":"queries using the workspaceId from context","duration":0.10249999999996362,"failureMessages":[],"meta":{}}],"startTime":1781072019853,"endTime":1781072019856.1025,"status":"passed","message":"","name":"/Users/macanderson/oxagen-monorepo/packages/handlers/src/workspace.model.settings.read.test.ts"},{"assertionResults":[{"ancestorTitles":["workspaceModelSettingsWriteHandler (@oxagen/handlers)"],"fullName":"workspaceModelSettingsWriteHandler (@oxagen/handlers) throws when workspaceId is empty string (no workspace context)","status":"passed","title":"throws when workspaceId is empty string (no workspace context)","duration":2.097458000000188,"failureMessages":[],"meta":{}},{"ancestorTitles":["workspaceModelSettingsWriteHandler (@oxagen/handlers)"],"fullName":"workspaceModelSettingsWriteHandler (@oxagen/handlers) throws when userId is null","status":"passed","title":"throws when userId is null","duration":0.1795830000000933,"failureMessages":[],"meta":{}},{"ancestorTitles":["workspaceModelSettingsWriteHandler (@oxagen/handlers)"],"fullName":"workspaceModelSettingsWriteHandler (@oxagen/handlers) throws when the update returns no row (workspace not found)","status":"passed","title":"throws when the update returns no row (workspace not found)","duration":0.2734580000001188,"failureMessages":[],"meta":{}},{"ancestorTitles":["workspaceModelSettingsWriteHandler (@oxagen/handlers)"],"fullName":"workspaceModelSettingsWriteHandler (@oxagen/handlers) calls update().set().where().returning() and returns updated fields","status":"passed","title":"calls update().set().where().returning() and returns updated fields","duration":0.2483340000003409,"failureMessages":[],"meta":{}},{"ancestorTitles":["workspaceModelSettingsWriteHandler (@oxagen/handlers)"],"fullName":"workspaceModelSettingsWriteHandler (@oxagen/handlers) returns null when a field is cleared with explicit null input","status":"passed","title":"returns null when a field is cleared with explicit null input","duration":0.26983300000028976,"failureMessages":[],"meta":{}},{"ancestorTitles":["workspaceModelSettingsWriteHandler (@oxagen/handlers)"],"fullName":"workspaceModelSettingsWriteHandler (@oxagen/handlers) succeeds with empty input (only updatedByUserId set)","status":"passed","title":"succeeds with empty input (only updatedByUserId set)","duration":0.1298330000004171,"failureMessages":[],"meta":{}}],"startTime":1781072018456,"endTime":1781072018459.2698,"status":"passed","message":"","name":"/Users/macanderson/oxagen-monorepo/packages/handlers/src/workspace.model.settings.write.test.ts"}]}
@oxagen/api:test:unit: {"numTotalTestSuites":133,"numPassedTestSuites":133,"numFailedTestSuites":0,"numPendingTestSuites":0,"numTotalTests":440,"numPassedTests":440,"numFailedTests":0,"numPendingTests":0,"numTodoTests":0,"snapshot":{"added":0,"failure":false,"filesAdded":0,"filesRemoved":0,"filesRemovedList":[],"filesUnmatched":0,"filesUpdated":0,"matched":0,"total":0,"unchecked":0,"uncheckedKeysByFile":[],"unmatched":0,"updated":0,"didUpdate":false},"startTime":1781072011611,"success":true,"testResults":[{"assertionResults":[{"ancestorTitles":["authMiddleware — API key errors"],"fullName":"authMiddleware — API key errors malformed key → 401 'Malformed API key'","status":"passed","title":"malformed key → 401 'Malformed API key'","duration":4.938874999999825,"failureMessages":[],"meta":{}},{"ancestorTitles":["authMiddleware — API key errors"],"fullName":"authMiddleware — API key errors invalid key → 401 'Invalid API key'","status":"passed","title":"invalid key → 401 'Invalid API key'","duration":0.3543340000014723,"failureMessages":[],"meta":{}},{"ancestorTitles":["authMiddleware — API key errors"],"fullName":"authMiddleware — API key errors expired key → 401 'API key expired'","status":"passed","title":"expired key → 401 'API key expired'","duration":0.25929100000030303,"failureMessages":[],"meta":{}},{"ancestorTitles":["authMiddleware — API key errors"],"fullName":"authMiddleware — API key errors unknown error kind → 401 'Unauthorized' (fallback)","status":"passed","title":"unknown error kind → 401 'Unauthorized' (fallback)","duration":0.213832999999795,"failureMessages":[],"meta":{}},{"ancestorTitles":["authMiddleware — API key success"],"fullName":"authMiddleware — API key success sets orgId and workspaceId from the resolved key","status":"passed","title":"sets orgId and workspaceId from the resolved key","duration":1.014208000000508,"failureMessages":[],"meta":{}},{"ancestorTitles":["authMiddleware — session cookie"],"fullName":"authMiddleware — session cookie no credentials → 401 'Missing credentials'","status":"passed","title":"no credentials → 401 'Missing credentials'","duration":0.2853340000001481,"failureMessages":[],"meta":{}},{"ancestorTitles":["authMiddleware — session cookie"],"fullName":"authMiddleware — session cookie session token in cookie but resolveSession returns null → 401 'Session expired'","status":"passed","title":"session token in cookie but resolveSession returns null → 401 'Session expired'","duration":0.20004200000039418,"failureMessages":[],"meta":{}},{"ancestorTitles":["authMiddleware — session cookie"],"fullName":"authMiddleware — session cookie valid session → userId set, passes auth (no 401)","status":"passed","title":"valid session → userId set, passes auth (no 401)","duration":0.3055420000000595,"failureMessages":[],"meta":{}}],"startTime":1781072022718,"endTime":1781072022726.3057,"status":"passed","message":"","name":"/Users/macanderson/oxagen-monorepo/apps/api/src/__tests__/auth.test.ts"},{"assertionResults":[{"ancestorTitles":["bootstrap() idempotency"],"fullName":"bootstrap() idempotency calling bootstrap() once runs init (loadEnv called once)","status":"passed","title":"calling bootstrap() once runs init (loadEnv called once)","duration":1155.614,"failureMessages":[],"meta":{}},{"ancestorTitles":["bootstrap() idempotency"],"fullName":"bootstrap() idempotency calling bootstrap() twice does not re-run init (booted guard)","status":"passed","title":"calling bootstrap() twice does not re-run init (booted guard)","duration":1.0075409999999465,"failureMessages":[],"meta":{}},{"ancestorTitles":["bootstrap() idempotency"],"fullName":"bootstrap() idempotency concurrent double-call resolves safely (no double-init)","status":"passed","title":"concurrent double-call resolves safely (no double-init)","duration":0.45420800000010786,"failureMessages":[],"meta":{}},{"ancestorTitles":["bootstrap() idempotency"],"fullName":"bootstrap() idempotency bootstrap() resolves (returns undefined)","status":"passed","title":"bootstrap() resolves (returns undefined)","duration":4.4440830000000915,"failureMessages":[],"meta":{}}],"startTime":1781072021927,"endTime":1781072023088.444,"status":"passed","message":"","name":"/Users/macanderson/oxagen-monorepo/apps/api/src/__tests__/bootstrap.test.ts"},{"assertionResults":[{"ancestorTitles":["GET /connections"],"fullName":"GET /connections calls invoke with no filters when no query params","status":"passed","title":"calls invoke with no filters when no query params","duration":5.303958000000421,"failureMessages":[],"meta":{}},{"ancestorTitles":["GET /connections"],"fullName":"GET /connections forwards status filter to invoke","status":"passed","title":"forwards status filter to invoke","duration":0.41841700000077253,"failureMessages":[],"meta":{}},{"ancestorTitles":["GET /connections"],"fullName":"GET /connections forwards connectorId filter to invoke","status":"passed","title":"forwards connectorId filter to invoke","duration":0.2718329999988782,"failureMessages":[],"meta":{}},{"ancestorTitles":["GET /connections"],"fullName":"GET /connections returns 400 for unknown status value","status":"passed","title":"returns 400 for unknown status value","duration":0.5961250000000291,"failureMessages":[],"meta":{}},{"ancestorTitles":["POST /connections"],"fullName":"POST /connections creates connection and returns 201","status":"passed","title":"creates connection and returns 201","duration":0.7972499999996217,"failureMessages":[],"meta":{}},{"ancestorTitles":["POST /connections"],"fullName":"POST /connections returns 400 when connectorId is missing","status":"passed","title":"returns 400 when connectorId is missing","duration":0.3415420000001177,"failureMessages":[],"meta":{}},{"ancestorTitles":["POST /connections"],"fullName":"POST /connections returns 400 when displayName is empty","status":"passed","title":"returns 400 when displayName is empty","duration":0.3241249999991851,"failureMessages":[],"meta":{}},{"ancestorTitles":["POST /connections"],"fullName":"POST /connections forwards optional connectionConfig to invoke","status":"passed","title":"forwards optional connectionConfig to invoke","duration":0.5079999999998108,"failureMessages":[],"meta":{}},{"ancestorTitles":["GET /connections/:id"],"fullName":"GET /connections/:id calls invoke with connectionId from path","status":"passed","title":"calls invoke with connectionId from path","duration":0.3153339999989839,"failureMessages":[],"meta":{}},{"ancestorTitles":["DELETE /connections/:id"],"fullName":"DELETE /connections/:id defaults to mode=full when no query param","status":"passed","title":"defaults to mode=full when no query param","duration":0.29045899999982794,"failureMessages":[],"meta":{}},{"ancestorTitles":["DELETE /connections/:id"],"fullName":"DELETE /connections/:id forwards connection_only mode","status":"passed","title":"forwards connection_only mode","duration":0.1887910000004922,"failureMessages":[],"meta":{}},{"ancestorTitles":["DELETE /connections/:id"],"fullName":"DELETE /connections/:id returns 400 for invalid mode","status":"passed","title":"returns 400 for invalid mode","duration":0.19074999999975262,"failureMessages":[],"meta":{}},{"ancestorTitles":["GET /connections/:id/preview"],"fullName":"GET /connections/:id/preview calls invoke with connectionId","status":"passed","title":"calls invoke with connectionId","duration":0.16916700000001583,"failureMessages":[],"meta":{}},{"ancestorTitles":["POST /connections/:id/suggest-mappings"],"fullName":"POST /connections/:id/suggest-mappings merges path connectionId with body","status":"passed","title":"merges path connectionId with body","duration":0.369790999999168,"failureMessages":[],"meta":{}},{"ancestorTitles":["GET /connections/:id/mappings"],"fullName":"GET /connections/:id/mappings calls invoke with connectionId from path","status":"passed","title":"calls invoke with connectionId from path","duration":0.16858399999910034,"failureMessages":[],"meta":{}},{"ancestorTitles":["PUT /connections/:id/mappings"],"fullName":"PUT /connections/:id/mappings saves mappings and returns result","status":"passed","title":"saves mappings and returns result","duration":0.2831669999995938,"failureMessages":[],"meta":{}},{"ancestorTitles":["PUT /connections/:id/mappings"],"fullName":"PUT /connections/:id/mappings returns 400 when mappings array is empty","status":"passed","title":"returns 400 when mappings array is empty","duration":0.21929099999942991,"failureMessages":[],"meta":{}},{"ancestorTitles":["PUT /connections/:id/mappings"],"fullName":"PUT /connections/:id/mappings merges path connectionId with body","status":"passed","title":"merges path connectionId with body","duration":0.20933400000103575,"failureMessages":[],"meta":{}}],"startTime":1781072022767,"endTime":1781072022778.2832,"status":"passed","message":"","name":"/Users/macanderson/oxagen-monorepo/apps/api/src/__tests__/connection.test.ts"},{"assertionResults":[{"ancestorTitles":["extractClientIp (via capabilityContext.clientIp)"],"fullName":"extractClientIp (via capabilityContext.clientIp) returns the leftmost IP from a single XFF header","status":"passed","title":"returns the leftmost IP from a single XFF header","duration":4.3131249999999,"failureMessages":[],"meta":{}},{"ancestorTitles":["extractClientIp (via capabilityContext.clientIp)"],"fullName":"extractClientIp (via capabilityContext.clientIp) returns only the leftmost IP when XFF has a comma-separated list","status":"passed","title":"returns only the leftmost IP when XFF has a comma-separated list","duration":0.3936670000000504,"failureMessages":[],"meta":{}},{"ancestorTitles":["extractClientIp (via capabilityContext.clientIp)"],"fullName":"extractClientIp (via capabilityContext.clientIp) trims whitespace from the extracted IP","status":"passed","title":"trims whitespace from the extracted IP","duration":0.2864999999999327,"failureMessages":[],"meta":{}},{"ancestorTitles":["extractClientIp (via capabilityContext.clientIp)"],"fullName":"extractClientIp (via capabilityContext.clientIp) falls back to x-real-ip when x-forwarded-for is absent","status":"passed","title":"falls back to x-real-ip when x-forwarded-for is absent","duration":0.24854100000015933,"failureMessages":[],"meta":{}},{"ancestorTitles":["extractClientIp (via capabilityContext.clientIp)"],"fullName":"extractClientIp (via capabilityContext.clientIp) returns null when both headers are absent","status":"passed","title":"returns null when both headers are absent","duration":0.2449579999999969,"failureMessages":[],"meta":{}},{"ancestorTitles":["extractClientIp (via capabilityContext.clientIp)"],"fullName":"extractClientIp (via capabilityContext.clientIp) returns null when x-real-ip is empty and x-forwarded-for is absent","status":"passed","title":"returns null when x-real-ip is empty and x-forwarded-for is absent","duration":0.29224999999996726,"failureMessages":[],"meta":{}},{"ancestorTitles":["extractClientIp (via capabilityContext.clientIp)"],"fullName":"extractClientIp (via capabilityContext.clientIp) skips empty first segment and falls back to x-real-ip (XFF leading comma)","status":"passed","title":"skips empty first segment and falls back to x-real-ip (XFF leading comma)","duration":0.4080830000000333,"failureMessages":[],"meta":{}},{"ancestorTitles":["capabilityContext requireOrg"],"fullName":"capabilityContext requireOrg throws 400 when orgId is null and requireOrg is default (true)","status":"passed","title":"throws 400 when orgId is null and requireOrg is default (true)","duration":0.5501659999999902,"failureMessages":[],"meta":{}},{"ancestorTitles":["capabilityContext requireOrg"],"fullName":"capabilityContext requireOrg throws 400 when workspaceId is null and requireOrg is default (true)","status":"passed","title":"throws 400 when workspaceId is null and requireOrg is default (true)","duration":0.2754579999998441,"failureMessages":[],"meta":{}},{"ancestorTitles":["capabilityContext requireOrg"],"fullName":"capabilityContext requireOrg does NOT throw when requireOrg is false and orgId is null","status":"passed","title":"does NOT throw when requireOrg is false and orgId is null","duration":0.3042089999999007,"failureMessages":[],"meta":{}},{"ancestorTitles":["capabilityContext requireOrg"],"fullName":"capabilityContext requireOrg surface is always 'api'","status":"passed","title":"surface is always 'api'","duration":0.17958299999986593,"failureMessages":[],"meta":{}},{"ancestorTitles":["capabilityContext requireOrg"],"fullName":"capabilityContext requireOrg requestId falls back to a UUID when not set in context","status":"passed","title":"requestId falls back to a UUID when not set in context","duration":0.23454199999991943,"failureMessages":[],"meta":{}},{"ancestorTitles":["capabilityContext requireOrg"],"fullName":"capabilityContext requireOrg requestId uses context value when set","status":"passed","title":"requestId uses context value when set","duration":0.13629100000002836,"failureMessages":[],"meta":{}},{"ancestorTitles":["capabilityContext requireOrg"],"fullName":"capabilityContext requireOrg messageId is always null","status":"passed","title":"messageId is always null","duration":0.11483300000008967,"failureMessages":[],"meta":{}},{"ancestorTitles":["capabilityContext requireOrg"],"fullName":"capabilityContext requireOrg userId comes from context variable (null for api-key auth)","status":"passed","title":"userId comes from context variable (null for api-key auth)","duration":0.10770800000000236,"failureMessages":[],"meta":{}},{"ancestorTitles":["capabilityContext requireOrg"],"fullName":"capabilityContext requireOrg userId comes from context variable (set for session auth)","status":"passed","title":"userId comes from context variable (set for session auth)","duration":0.11574999999993452,"failureMessages":[],"meta":{}}],"startTime":1781072013277,"endTime":1781072013286.1157,"status":"passed","message":"","name":"/Users/macanderson/oxagen-monorepo/apps/api/src/__tests__/context.test.ts"},{"assertionResults":[{"ancestorTitles":["conversation.list route — query parsing"],"fullName":"conversation.list route — query parsing limit='20' → invoke receives limit: 20","status":"passed","title":"limit='20' → invoke receives limit: 20","duration":6.425832999999329,"failureMessages":[],"meta":{}},{"ancestorTitles":["conversation.list route — query parsing"],"fullName":"conversation.list route — query parsing limit absent → invoke receives schema default (50)","status":"passed","title":"limit absent → invoke receives schema default (50)","duration":0.3900419999990845,"failureMessages":[],"meta":{}},{"ancestorTitles":["conversation.list route — query parsing"],"fullName":"conversation.list route — query parsing limit='abc' → NaN → Zod validation → 400","status":"passed","title":"limit='abc' → NaN → Zod validation → 400","duration":0.6181249999990541,"failureMessages":[],"meta":{}},{"ancestorTitles":["conversation.list route — query parsing"],"fullName":"conversation.list route — query parsing cursor absent → invoke receives cursor: null","status":"passed","title":"cursor absent → invoke receives cursor: null","duration":0.23283300000002782,"failureMessages":[],"meta":{}},{"ancestorTitles":["conversation.list route — query parsing"],"fullName":"conversation.list route — query parsing cursor provided → invoke receives the cursor string","status":"passed","title":"cursor provided → invoke receives the cursor string","duration":0.25662499999998545,"failureMessages":[],"meta":{}},{"ancestorTitles":["conversation.list route — query parsing"],"fullName":"conversation.list route — query parsing filter='archived' → invoke receives filter: 'archived'","status":"passed","title":"filter='archived' → invoke receives filter: 'archived'","duration":0.20079100000111794,"failureMessages":[],"meta":{}},{"ancestorTitles":["conversation.list route — query parsing"],"fullName":"conversation.list route — query parsing filter absent → invoke receives schema default 'active'","status":"passed","title":"filter absent → invoke receives schema default 'active'","duration":0.16241600000103062,"failureMessages":[],"meta":{}},{"ancestorTitles":["conversation.list route — query parsing"],"fullName":"conversation.list route — query parsing invoke result is forwarded as JSON response","status":"passed","title":"invoke result is forwarded as JSON response","duration":0.7877499999995052,"failureMessages":[],"meta":{}}],"startTime":1781072022799,"endTime":1781072022807.7878,"status":"passed","message":"","name":"/Users/macanderson/oxagen-monorepo/apps/api/src/__tests__/conversation.list.test.ts"},{"assertionResults":[{"ancestorTitles":["errorCode() via HTTPException"],"fullName":"errorCode() via HTTPException 401 → unauthorized","status":"passed","title":"401 → unauthorized","duration":4.072499999998399,"failureMessages":[],"meta":{}},{"ancestorTitles":["errorCode() via HTTPException"],"fullName":"errorCode() via HTTPException 403 → forbidden","status":"passed","title":"403 → forbidden","duration":1.2009159999997792,"failureMessages":[],"meta":{}},{"ancestorTitles":["errorCode() via HTTPException"],"fullName":"errorCode() via HTTPException 404 → not_found","status":"passed","title":"404 → not_found","duration":1.302333000001454,"failureMessages":[],"meta":{}},{"ancestorTitles":["errorCode() via HTTPException"],"fullName":"errorCode() via HTTPException 409 → conflict","status":"passed","title":"409 → conflict","duration":1.5530409999992116,"failureMessages":[],"meta":{}},{"ancestorTitles":["errorCode() via HTTPException"],"fullName":"errorCode() via HTTPException 429 → rate_limited","status":"passed","title":"429 → rate_limited","duration":0.836790999999721,"failureMessages":[],"meta":{}},{"ancestorTitles":["errorCode() via HTTPException"],"fullName":"errorCode() via HTTPException 500 → internal_error","status":"passed","title":"500 → internal_error","duration":1.23870800000077,"failureMessages":[],"meta":{}},{"ancestorTitles":["errorCode() via HTTPException"],"fullName":"errorCode() via HTTPException 503 (>=500) → internal_error","status":"passed","title":"503 (>=500) → internal_error","duration":0.49087499999950523,"failureMessages":[],"meta":{}},{"ancestorTitles":["errorCode() via HTTPException"],"fullName":"errorCode() via HTTPException 422 → bad_request (catch-all for 4xx not mapped above)","status":"passed","title":"422 → bad_request (catch-all for 4xx not mapped above)","duration":0.3401670000002923,"failureMessages":[],"meta":{}},{"ancestorTitles":["errorCode() via HTTPException"],"fullName":"errorCode() via HTTPException 418 → bad_request (catch-all for unmapped 4xx)","status":"passed","title":"418 → bad_request (catch-all for unmapped 4xx)","duration":1.2298339999997552,"failureMessages":[],"meta":{}},{"ancestorTitles":["errorCode() via HTTPException"],"fullName":"errorCode() via HTTPException 400 → bad_request","status":"passed","title":"400 → bad_request","duration":4.164458000001105,"failureMessages":[],"meta":{}},{"ancestorTitles":["errorCode() via HTTPException"],"fullName":"errorCode() via HTTPException 504 → internal_error (>=500 catch-all)","status":"passed","title":"504 → internal_error (>=500 catch-all)","duration":9.090874999999869,"failureMessages":[],"meta":{}},{"ancestorTitles":["errorMiddleware HTTPException shape"],"fullName":"errorMiddleware HTTPException shape returns error.message matching the thrown exception message","status":"passed","title":"returns error.message matching the thrown exception message","duration":0.7150409999994736,"failureMessages":[],"meta":{}},{"ancestorTitles":["errorMiddleware HTTPException shape"],"fullName":"errorMiddleware HTTPException shape always includes requestId (UUID-shaped or 'unknown' fallback)","status":"passed","title":"always includes requestId (UUID-shaped or 'unknown' fallback)","duration":0.32624999999825377,"failureMessages":[],"meta":{}},{"ancestorTitles":["errorMiddleware HTTPException shape"],"fullName":"errorMiddleware HTTPException shape returns the correct HTTP status code","status":"passed","title":"returns the correct HTTP status code","duration":1.534458000000086,"failureMessages":[],"meta":{}},{"ancestorTitles":["errorMiddleware ZodError"],"fullName":"errorMiddleware ZodError returns 400 with code 'validation_error'","status":"passed","title":"returns 400 with code 'validation_error'","duration":0.9178749999991851,"failureMessages":[],"meta":{}},{"ancestorTitles":["errorMiddleware ZodError"],"fullName":"errorMiddleware ZodError includes error.details with Zod issues array","status":"passed","title":"includes error.details with Zod issues array","duration":2.021208000000115,"failureMessages":[],"meta":{}},{"ancestorTitles":["errorMiddleware ZodError"],"fullName":"errorMiddleware ZodError always includes requestId","status":"passed","title":"always includes requestId","duration":2.594042000000627,"failureMessages":[],"meta":{}},{"ancestorTitles":["errorMiddleware unknown error"],"fullName":"errorMiddleware unknown error returns 500 with code 'internal_error'","status":"passed","title":"returns 500 with code 'internal_error'","duration":0.49158299999908195,"failureMessages":[],"meta":{}},{"ancestorTitles":["errorMiddleware unknown error"],"fullName":"errorMiddleware unknown error does NOT include the raw error message in the response body","status":"passed","title":"does NOT include the raw error message in the response body","duration":0.8909579999999551,"failureMessages":[],"meta":{}},{"ancestorTitles":["errorMiddleware unknown error"],"fullName":"errorMiddleware unknown error returns a generic safe message","status":"passed","title":"returns a generic safe message","duration":4.979792000000089,"failureMessages":[],"meta":{}},{"ancestorTitles":["errorMiddleware unknown error"],"fullName":"errorMiddleware unknown error handles non-Error object throws without leaking","status":"passed","title":"handles non-Error object throws without leaking","duration":0.8272909999996045,"failureMessages":[],"meta":{}},{"ancestorTitles":["errorMiddleware unknown error"],"fullName":"errorMiddleware unknown error always includes requestId even for unknown errors","status":"passed","title":"always includes requestId even for unknown errors","duration":3.535041999999521,"failureMessages":[],"meta":{}},{"ancestorTitles":["error middleware via app.fetch (requestId from logger)"],"fullName":"error middleware via app.fetch (requestId from logger) requestId on a real 404 (no auth) is UUID-shaped when logger middleware runs","status":"passed","title":"requestId on a real 404 (no auth) is UUID-shaped when logger middleware runs","duration":3.010874999999942,"failureMessages":[],"meta":{}}],"startTime":1781072022788,"endTime":1781072022836.011,"status":"passed","message":"","name":"/Users/macanderson/oxagen-monorepo/apps/api/src/__tests__/error.test.ts"},{"assertionResults":[{"ancestorTitles":["GET /connections/github/auth-url"],"fullName":"GET /connections/github/auth-url returns 400 when connectionId is missing","status":"passed","title":"returns 400 when connectionId is missing","duration":4.990832999999839,"failureMessages":[],"meta":{}},{"ancestorTitles":["GET /connections/github/auth-url"],"fullName":"GET /connections/github/auth-url returns 503 when GITHUB_APP_CLIENT_ID is missing","status":"passed","title":"returns 503 when GITHUB_APP_CLIENT_ID is missing","duration":0.8087500000001455,"failureMessages":[],"meta":{}},{"ancestorTitles":["GET /connections/github/auth-url"],"fullName":"GET /connections/github/auth-url returns 503 when GITHUB_APP_INSTALL_STATE_SECRET is missing","status":"passed","title":"returns 503 when GITHUB_APP_INSTALL_STATE_SECRET is missing","duration":4.2401669999999285,"failureMessages":[],"meta":{}},{"ancestorTitles":["GET /connections/github/auth-url"],"fullName":"GET /connections/github/auth-url returns authUrl with correct client_id and scope on happy path","status":"passed","title":"returns authUrl with correct client_id and scope on happy path","duration":0.856166999999914,"failureMessages":[],"meta":{}},{"ancestorTitles":["GET /connections/github/auth-url"],"fullName":"GET /connections/github/auth-url includes redirect_uri pointing to /oauth/github/callback","status":"passed","title":"includes redirect_uri pointing to /oauth/github/callback","duration":0.33074999999917054,"failureMessages":[],"meta":{}},{"ancestorTitles":["GET /connections/github/auth-url"],"fullName":"GET /connections/github/auth-url state encodes the connectionId + orgId + workspaceId as base64url JSON","status":"passed","title":"state encodes the connectionId + orgId + workspaceId as base64url JSON","duration":0.4193329999998241,"failureMessages":[],"meta":{}},{"ancestorTitles":["GET /connections/github/auth-url"],"fullName":"GET /connections/github/auth-url expiresAt is ~10 minutes in the future","status":"passed","title":"expiresAt is ~10 minutes in the future","duration":0.2629159999996773,"failureMessages":[],"meta":{}},{"ancestorTitles":["GET /oauth/github/callback"],"fullName":"GET /oauth/github/callback returns 400 when code is missing","status":"passed","title":"returns 400 when code is missing","duration":0.3736669999998412,"failureMessages":[],"meta":{}},{"ancestorTitles":["GET /oauth/github/callback"],"fullName":"GET /oauth/github/callback returns 400 when state is missing","status":"passed","title":"returns 400 when state is missing","duration":0.2040420000012091,"failureMessages":[],"meta":{}},{"ancestorTitles":["GET /oauth/github/callback"],"fullName":"GET /oauth/github/callback returns 503 when GitHub App env vars are missing","status":"passed","title":"returns 503 when GitHub App env vars are missing","duration":0.2429999999985739,"failureMessages":[],"meta":{}},{"ancestorTitles":["GET /oauth/github/callback"],"fullName":"GET /oauth/github/callback returns 400 when state format is invalid (no dot separator)","status":"passed","title":"returns 400 when state format is invalid (no dot separator)","duration":0.16566599999896425,"failureMessages":[],"meta":{}},{"ancestorTitles":["GET /oauth/github/callback"],"fullName":"GET /oauth/github/callback returns 400 when state base64url decoding fails","status":"passed","title":"returns 400 when state base64url decoding fails","duration":0.35349999999925785,"failureMessages":[],"meta":{}},{"ancestorTitles":["GET /oauth/github/callback"],"fullName":"GET /oauth/github/callback returns 400 when state HMAC does not match","status":"passed","title":"returns 400 when state HMAC does not match","duration":0.2711249999993015,"failureMessages":[],"meta":{}},{"ancestorTitles":["GET /oauth/github/callback"],"fullName":"GET /oauth/github/callback returns 400 when state is expired","status":"passed","title":"returns 400 when state is expired","duration":0.25929200000064156,"failureMessages":[],"meta":{}},{"ancestorTitles":["GET /oauth/github/callback"],"fullName":"GET /oauth/github/callback returns 502 when GitHub token exchange API returns non-200","status":"passed","title":"returns 502 when GitHub token exchange API returns non-200","duration":0.28399999999965075,"failureMessages":[],"meta":{}},{"ancestorTitles":["GET /oauth/github/callback"],"fullName":"GET /oauth/github/callback returns 400 when GitHub token exchange returns error field","status":"passed","title":"returns 400 when GitHub token exchange returns error field","duration":0.18462499999986903,"failureMessages":[],"meta":{}},{"ancestorTitles":["GET /oauth/github/callback"],"fullName":"GET /oauth/github/callback happy path: exchanges code, stores tokens, and redirects to app","status":"passed","title":"happy path: exchanges code, stores tokens, and redirects to app","duration":3.7360829999997804,"failureMessages":[],"meta":{}},{"ancestorTitles":["GET /oauth/github/callback"],"fullName":"GET /oauth/github/callback returns 404 when source_connection is not found","status":"passed","title":"returns 404 when source_connection is not found","duration":0.5141659999990225,"failureMessages":[],"meta":{}},{"ancestorTitles":["GET /connections/github/installations"],"fullName":"GET /connections/github/installations returns 400 when connectionId is missing","status":"passed","title":"returns 400 when connectionId is missing","duration":0.22775000000001455,"failureMessages":[],"meta":{}},{"ancestorTitles":["GET /connections/github/installations"],"fullName":"GET /connections/github/installations returns 404 when connection is not found in DB","status":"passed","title":"returns 404 when connection is not found in DB","duration":0.22929199999998673,"failureMessages":[],"meta":{}},{"ancestorTitles":["GET /connections/github/installations"],"fullName":"GET /connections/github/installations returns 404 when accessTokenEnc is null","status":"passed","title":"returns 404 when accessTokenEnc is null","duration":0.20945899999969697,"failureMessages":[],"meta":{}},{"ancestorTitles":["GET /connections/github/installations"],"fullName":"GET /connections/github/installations returns 502 when GitHub API fails","status":"passed","title":"returns 502 when GitHub API fails","duration":0.22841599999992468,"failureMessages":[],"meta":{}},{"ancestorTitles":["GET /connections/github/installations"],"fullName":"GET /connections/github/installations returns installations list on happy path","status":"passed","title":"returns installations list on happy path","duration":1.0243329999993875,"failureMessages":[],"meta":{}},{"ancestorTitles":["GET /connections/github/installations"],"fullName":"GET /connections/github/installations paginates when total_count exceeds 100","status":"passed","title":"paginates when total_count exceeds 100","duration":0.5422080000007554,"failureMessages":[],"meta":{}},{"ancestorTitles":["GET /connections/github/installations/:id/repositories"],"fullName":"GET /connections/github/installations/:id/repositories returns 400 when connectionId is missing","status":"passed","title":"returns 400 when connectionId is missing","duration":0.21854200000052515,"failureMessages":[],"meta":{}},{"ancestorTitles":["GET /connections/github/installations/:id/repositories"],"fullName":"GET /connections/github/installations/:id/repositories returns 404 when connection is not found","status":"passed","title":"returns 404 when connection is not found","duration":0.25662499999998545,"failureMessages":[],"meta":{}},{"ancestorTitles":["GET /connections/github/installations/:id/repositories"],"fullName":"GET /connections/github/installations/:id/repositories returns 404 when accessTokenEnc is null","status":"passed","title":"returns 404 when accessTokenEnc is null","duration":0.18224999999983993,"failureMessages":[],"meta":{}},{"ancestorTitles":["GET /connections/github/installations/:id/repositories"],"fullName":"GET /connections/github/installations/:id/repositories returns 502 when GitHub API fails","status":"passed","title":"returns 502 when GitHub API fails","duration":0.20437499999934516,"failureMessages":[],"meta":{}},{"ancestorTitles":["GET /connections/github/installations/:id/repositories"],"fullName":"GET /connections/github/installations/:id/repositories returns repositories with correct shape on happy path","status":"passed","title":"returns repositories with correct shape on happy path","duration":0.8495419999999285,"failureMessages":[],"meta":{}}],"startTime":1781072021705,"endTime":1781072021729.8496,"status":"passed","message":"","name":"/Users/macanderson/oxagen-monorepo/apps/api/src/__tests__/github-oauth.test.ts"},{"assertionResults":[{"ancestorTitles":["GET /health"],"fullName":"GET /health returns 200","status":"passed","title":"returns 200","duration":4.125500000000102,"failureMessages":[],"meta":{}},{"ancestorTitles":["GET /health"],"fullName":"GET /health returns {status:'ok'}","status":"passed","title":"returns {status:'ok'}","duration":0.5132079999998496,"failureMessages":[],"meta":{}},{"ancestorTitles":["GET /health"],"fullName":"GET /health works with no Authorization header (public route)","status":"passed","title":"works with no Authorization header (public route)","duration":0.1897089999997661,"failureMessages":[],"meta":{}},{"ancestorTitles":["GET /health"],"fullName":"GET /health works even when Authorization header is present (not gated)","status":"passed","title":"works even when Authorization header is present (not gated)","duration":0.22974999999996726,"failureMessages":[],"meta":{}}],"startTime":1781072025085,"endTime":1781072025089.5132,"status":"passed","message":"","name":"/Users/macanderson/oxagen-monorepo/apps/api/src/__tests__/health.test.ts"},{"assertionResults":[{"ancestorTitles":["IngestionEntityReceived event shape"],"fullName":"IngestionEntityReceived event shape queued event name is ingestion/entity.received","status":"passed","title":"queued event name is ingestion/entity.received","duration":19.224707999999737,"failureMessages":[],"meta":{}},{"ancestorTitles":["IngestionEntityReceived event shape"],"fullName":"IngestionEntityReceived event shape event data satisfies the IngestionEntityReceived interface","status":"passed","title":"event data satisfies the IngestionEntityReceived interface","duration":0.6982500000012806,"failureMessages":[],"meta":{}},{"ancestorTitles":["IngestionEntityReceived event shape"],"fullName":"IngestionEntityReceived event shape event data values are bound from the resolved connection row","status":"passed","title":"event data values are bound from the resolved connection row","duration":0.4267500000005384,"failureMessages":[],"meta":{}},{"ancestorTitles":["IngestionEntityReceived event shape"],"fullName":"IngestionEntityReceived event shape sourceRecordType is taken from x-github-event header","status":"passed","title":"sourceRecordType is taken from x-github-event header","duration":0.29154099999868777,"failureMessages":[],"meta":{}},{"ancestorTitles":["IngestionEntityReceived event shape"],"fullName":"IngestionEntityReceived event shape idempotencyKey follows the {connectorType}:{connectionId}:{sourceRecordType}:{ts} convention","status":"passed","title":"idempotencyKey follows the {connectorType}:{connectionId}:{sourceRecordType}:{ts} convention","duration":0.7700420000001031,"failureMessages":[],"meta":{}},{"ancestorTitles":["IngestionEntityReceived event shape"],"fullName":"IngestionEntityReceived event shape receivedAt is a valid ISO-8601 datetime string","status":"passed","title":"receivedAt is a valid ISO-8601 datetime string","duration":0.7015420000006998,"failureMessages":[],"meta":{}},{"ancestorTitles":["IngestionEntityReceived event shape"],"fullName":"IngestionEntityReceived event shape payload is the parsed JSON body","status":"passed","title":"payload is the parsed JSON body","duration":0.3221659999999247,"failureMessages":[],"meta":{}},{"ancestorTitles":["connection DB lookup"],"fullName":"connection DB lookup queries DB with the connection public ID from the URL","status":"passed","title":"queries DB with the connection public ID from the URL","duration":0.2707089999985328,"failureMessages":[],"meta":{}},{"ancestorTitles":["connection DB lookup"],"fullName":"connection DB lookup returns 404 when connection row is not found","status":"passed","title":"returns 404 when connection row is not found","duration":0.386000000000422,"failureMessages":[],"meta":{}},{"ancestorTitles":["HMAC signature enforcement"],"fullName":"HMAC signature enforcement returns 401 when connector.verifyWebhook returns false","status":"passed","title":"returns 401 when connector.verifyWebhook returns false","duration":0.29204200000094716,"failureMessages":[],"meta":{}},{"ancestorTitles":["HMAC signature enforcement"],"fullName":"HMAC signature enforcement decrypts secretEnc and passes secret to verifyWebhook","status":"passed","title":"decrypts secretEnc and passes secret to verifyWebhook","duration":0.9596249999995052,"failureMessages":[],"meta":{}},{"ancestorTitles":["HMAC signature enforcement"],"fullName":"HMAC signature enforcement passes null secret when connector has no verifyWebhook method","status":"passed","title":"passes null secret when connector has no verifyWebhook method","duration":0.21783400000094844,"failureMessages":[],"meta":{}},{"ancestorTitles":["unknown connector slug"],"fullName":"unknown connector slug returns 404 for an unknown connector slug","status":"passed","title":"returns 404 for an unknown connector slug","duration":0.15983299999970768,"failureMessages":[],"meta":{}}],"startTime":1781072021712,"endTime":1781072021737.2178,"status":"passed","message":"","name":"/Users/macanderson/oxagen-monorepo/apps/api/src/__tests__/ingestion-webhook-e2e.test.ts"},{"assertionResults":[{"ancestorTitles":["requestLogger — x-request-id"],"fullName":"requestLogger — x-request-id every response has x-request-id header","status":"passed","title":"every response has x-request-id header","duration":5.260000000000218,"failureMessages":[],"meta":{}},{"ancestorTitles":["requestLogger — x-request-id"],"fullName":"requestLogger — x-request-id x-request-id is UUID v4 shaped","status":"passed","title":"x-request-id is UUID v4 shaped","duration":0.4437920000000304,"failureMessages":[],"meta":{}},{"ancestorTitles":["requestLogger — CONCURRENCY: distinct request ids"],"fullName":"requestLogger — CONCURRENCY: distinct request ids two parallel requests get distinct x-request-id values","status":"passed","title":"two parallel requests get distinct x-request-id values","duration":0.6828749999999673,"failureMessages":[],"meta":{}},{"ancestorTitles":["requestLogger — CONCURRENCY: distinct request ids"],"fullName":"requestLogger — CONCURRENCY: distinct request ids ten parallel requests all get distinct request ids","status":"passed","title":"ten parallel requests all get distinct request ids","duration":1.0711249999999382,"failureMessages":[],"meta":{}},{"ancestorTitles":["requestLogger — durationMs"],"fullName":"requestLogger — durationMs logger.info is called with non-negative durationMs","status":"passed","title":"logger.info is called with non-negative durationMs","duration":0.13737500000024738,"failureMessages":[],"meta":{}}],"startTime":1781072025026,"endTime":1781072025034.1375,"status":"passed","message":"","name":"/Users/macanderson/oxagen-monorepo/apps/api/src/__tests__/logger.test.ts"},{"assertionResults":[{"ancestorTitles":["orgMiddleware — API key short-circuit"],"fullName":"orgMiddleware — API key short-circuit skips slug resolution when orgId is pre-bound by API key","status":"passed","title":"skips slug resolution when orgId is pre-bound by API key","duration":4.784541999999874,"failureMessages":[],"meta":{}},{"ancestorTitles":["orgMiddleware — session-auth paths"],"fullName":"orgMiddleware — session-auth paths org not_found → 404 'Organization not found'","status":"passed","title":"org not_found → 404 'Organization not found'","duration":0.7229160000001684,"failureMessages":[],"meta":{}},{"ancestorTitles":["orgMiddleware — session-auth paths"],"fullName":"orgMiddleware — session-auth paths org resolution success → proceeds to workspace middleware","status":"passed","title":"org resolution success → proceeds to workspace middleware","duration":0.29399999999986903,"failureMessages":[],"meta":{}},{"ancestorTitles":["orgMiddleware — session-auth paths"],"fullName":"orgMiddleware — session-auth paths assertNever unknown org kind → 500","status":"passed","title":"assertNever unknown org kind → 500","duration":0.3668750000001637,"failureMessages":[],"meta":{}}],"startTime":1781072024530,"endTime":1781072024536.367,"status":"passed","message":"","name":"/Users/macanderson/oxagen-monorepo/apps/api/src/__tests__/org.test.ts"},{"assertionResults":[{"ancestorTitles":["route–contract parity"],"fullName":"route–contract parity there are api-surfaced contracts to check (registry is non-empty)","status":"passed","title":"there are api-surfaced contracts to check (registry is non-empty)","duration":0.5030420000002778,"failureMessages":[],"meta":{}},{"ancestorTitles":["route–contract parity"],"fullName":"route–contract parity app has registered routes (app.routes is non-empty)","status":"passed","title":"app has registered routes (app.routes is non-empty)","duration":0.201666999999361,"failureMessages":[],"meta":{}},{"ancestorTitles":["route–contract parity"],"fullName":"route–contract parity contract \"api.key.create\" has a route containing \"/api-keys\"","status":"passed","title":"contract \"api.key.create\" has a route containing \"/api-keys\"","duration":0.19820900000013353,"failureMessages":[],"meta":{}},{"ancestorTitles":["route–contract parity"],"fullName":"route–contract parity contract \"api.key.revoke\" has a route containing \"/api-keys\"","status":"passed","title":"contract \"api.key.revoke\" has a route containing \"/api-keys\"","duration":0.05841599999985192,"failureMessages":[],"meta":{}},{"ancestorTitles":["route–contract parity"],"fullName":"route–contract parity contract \"archive.create\" has a route containing \"/archive\"","status":"passed","title":"contract \"archive.create\" has a route containing \"/archive\"","duration":0.043958000000202446,"failureMessages":[],"meta":{}},{"ancestorTitles":["route–contract parity"],"fullName":"route–contract parity contract \"asset.upload\" has a route containing \"/asset/upload\"","status":"passed","title":"contract \"asset.upload\" has a route containing \"/asset/upload\"","duration":0.05454199999985576,"failureMessages":[],"meta":{}},{"ancestorTitles":["route–contract parity"],"fullName":"route–contract parity contract \"agent.approval.resolve\" has a route containing \"/agent/approvals\"","status":"passed","title":"contract \"agent.approval.resolve\" has a route containing \"/agent/approvals\"","duration":0.047083999999813386,"failureMessages":[],"meta":{}},{"ancestorTitles":["route–contract parity"],"fullName":"route–contract parity contract \"agent.code.execute\" has a route containing \"/agent/code/execute\"","status":"passed","title":"contract \"agent.code.execute\" has a route containing \"/agent/code/execute\"","duration":0.03800000000046566,"failureMessages":[],"meta":{}},{"ancestorTitles":["route–contract parity"],"fullName":"route–contract parity contract \"brandkit.apply\" has a route containing \"/brandkit\"","status":"passed","title":"contract \"brandkit.apply\" has a route containing \"/brandkit\"","duration":0.04866600000059407,"failureMessages":[],"meta":{}},{"ancestorTitles":["route–contract parity"],"fullName":"route–contract parity contract \"documents.generate\" has a route containing \"/documents/generate\"","status":"passed","title":"contract \"documents.generate\" has a route containing \"/documents/generate\"","duration":0.04591699999946286,"failureMessages":[],"meta":{}},{"ancestorTitles":["route–contract parity"],"fullName":"route–contract parity contract \"documents.pdf.create\" has a route containing \"/documents/pdf\"","status":"passed","title":"contract \"documents.pdf.create\" has a route containing \"/documents/pdf\"","duration":0.8524999999990541,"failureMessages":[],"meta":{}},{"ancestorTitles":["route–contract parity"],"fullName":"route–contract parity contract \"agent.mcp.list\" has a route containing \"/agent/mcp-servers\"","status":"passed","title":"contract \"agent.mcp.list\" has a route containing \"/agent/mcp-servers\"","duration":0.3997909999998228,"failureMessages":[],"meta":{}},{"ancestorTitles":["route–contract parity"],"fullName":"route–contract parity contract \"agent.mcp.register\" has a route containing \"/agent/mcp-servers\"","status":"passed","title":"contract \"agent.mcp.register\" has a route containing \"/agent/mcp-servers\"","duration":0.039249999999810825,"failureMessages":[],"meta":{}},{"ancestorTitles":["route–contract parity"],"fullName":"route–contract parity contract \"agent.memory.recall\" has a route containing \"/agent/memory\"","status":"passed","title":"contract \"agent.memory.recall\" has a route containing \"/agent/memory\"","duration":0.029666000000361237,"failureMessages":[],"meta":{}},{"ancestorTitles":["route–contract parity"],"fullName":"route–contract parity contract \"agent.memory.write\" has a route containing \"/agent/memory\"","status":"passed","title":"contract \"agent.memory.write\" has a route containing \"/agent/memory\"","duration":0.026499999999941792,"failureMessages":[],"meta":{}},{"ancestorTitles":["route–contract parity"],"fullName":"route–contract parity contract \"agent.plan.approve\" has a route containing \"/agent/plans\"","status":"passed","title":"contract \"agent.plan.approve\" has a route containing \"/agent/plans\"","duration":0.03695800000059535,"failureMessages":[],"meta":{}},{"ancestorTitles":["route–contract parity"],"fullName":"route–contract parity contract \"agent.plan.create\" has a route containing \"/agent/plans\"","status":"passed","title":"contract \"agent.plan.create\" has a route containing \"/agent/plans\"","duration":0.030917000000044936,"failureMessages":[],"meta":{}},{"ancestorTitles":["route–contract parity"],"fullName":"route–contract parity contract \"agent.skill.list\" has a route containing \"/agent/skills\"","status":"passed","title":"contract \"agent.skill.list\" has a route containing \"/agent/skills\"","duration":0.025459000000410015,"failureMessages":[],"meta":{}},{"ancestorTitles":["route–contract parity"],"fullName":"route–contract parity contract \"agent.skill.load\" has a route containing \"/agent/skills\"","status":"passed","title":"contract \"agent.skill.load\" has a route containing \"/agent/skills\"","duration":0.02374999999847205,"failureMessages":[],"meta":{}},{"ancestorTitles":["route–contract parity"],"fullName":"route–contract parity contract \"agent.task.background.cancel\" has a route containing \"/agent/tasks\"","status":"passed","title":"contract \"agent.task.background.cancel\" has a route containing \"/agent/tasks\"","duration":0.0233749999988504,"failureMessages":[],"meta":{}},{"ancestorTitles":["route–contract parity"],"fullName":"route–contract parity contract \"agent.task.background.read\" has a route containing \"/agent/tasks\"","status":"passed","title":"contract \"agent.task.background.read\" has a route containing \"/agent/tasks\"","duration":0.022875000000567525,"failureMessages":[],"meta":{}},{"ancestorTitles":["route–contract parity"],"fullName":"route–contract parity contract \"agent.task.background.start\" has a route containing \"/agent/tasks\"","status":"passed","title":"contract \"agent.task.background.start\" has a route containing \"/agent/tasks\"","duration":0.02637500000128057,"failureMessages":[],"meta":{}},{"ancestorTitles":["route–contract parity"],"fullName":"route–contract parity contract \"agent.tool.list\" has a route containing \"/agent/tools\"","status":"passed","title":"contract \"agent.tool.list\" has a route containing \"/agent/tools\"","duration":0.022249999999985448,"failureMessages":[],"meta":{}},{"ancestorTitles":["route–contract parity"],"fullName":"route–contract parity contract \"billing.credits.purchase\" has a route containing \"/billing/credits\"","status":"passed","title":"contract \"billing.credits.purchase\" has a route containing \"/billing/credits\"","duration":0.027249999999185093,"failureMessages":[],"meta":{}},{"ancestorTitles":["route–contract parity"],"fullName":"route–contract parity contract \"billing.subscription.read\" has a route containing \"/billing/subscription\"","status":"passed","title":"contract \"billing.subscription.read\" has a route containing \"/billing/subscription\"","duration":0.02291700000023411,"failureMessages":[],"meta":{}},{"ancestorTitles":["route–contract parity"],"fullName":"route–contract parity contract \"billing.subscription.upgrade.start\" has a route containing \"/billing/subscription\"","status":"passed","title":"contract \"billing.subscription.upgrade.start\" has a route containing \"/billing/subscription\"","duration":0.026292000000466942,"failureMessages":[],"meta":{}},{"ancestorTitles":["route–contract parity"],"fullName":"route–contract parity contract \"chat.message.execution\" has a route containing \"/chat/messages\"","status":"passed","title":"contract \"chat.message.execution\" has a route containing \"/chat/messages\"","duration":0.02379099999961909,"failureMessages":[],"meta":{}},{"ancestorTitles":["route–contract parity"],"fullName":"route–contract parity contract \"chat.message.send\" has a route containing \"/chat/messages\"","status":"passed","title":"contract \"chat.message.send\" has a route containing \"/chat/messages\"","duration":0.027833000000100583,"failureMessages":[],"meta":{}},{"ancestorTitles":["route–contract parity"],"fullName":"route–contract parity contract \"conversation.archive\" has a route containing \"/conversations\"","status":"passed","title":"contract \"conversation.archive\" has a route containing \"/conversations\"","duration":0.022374999998646672,"failureMessages":[],"meta":{}},{"ancestorTitles":["route–contract parity"],"fullName":"route–contract parity contract \"conversation.delete\" has a route containing \"/conversations\"","status":"passed","title":"contract \"conversation.delete\" has a route containing \"/conversations\"","duration":0.024916999998822575,"failureMessages":[],"meta":{}},{"ancestorTitles":["route–contract parity"],"fullName":"route–contract parity contract \"conversation.list\" has a route containing \"/conversations\"","status":"passed","title":"contract \"conversation.list\" has a route containing \"/conversations\"","duration":0.061707999999271124,"failureMessages":[],"meta":{}},{"ancestorTitles":["route–contract parity"],"fullName":"route–contract parity contract \"conversation.purge\" has a route containing \"/conversations\"","status":"passed","title":"contract \"conversation.purge\" has a route containing \"/conversations\"","duration":0.04204099999878963,"failureMessages":[],"meta":{}},{"ancestorTitles":["route–contract parity"],"fullName":"route–contract parity contract \"conversation.rename\" has a route containing \"/conversations\"","status":"passed","title":"contract \"conversation.rename\" has a route containing \"/conversations\"","duration":0.026667000000088592,"failureMessages":[],"meta":{}},{"ancestorTitles":["route–contract parity"],"fullName":"route–contract parity contract \"form.fill\" has a route containing \"/forms\"","status":"passed","title":"contract \"form.fill\" has a route containing \"/forms\"","duration":0.02545800000007148,"failureMessages":[],"meta":{}},{"ancestorTitles":["route–contract parity"],"fullName":"route–contract parity contract \"organization.create\" has a route containing \"/organizations\"","status":"passed","title":"contract \"organization.create\" has a route containing \"/organizations\"","duration":0.02162499999940337,"failureMessages":[],"meta":{}},{"ancestorTitles":["route–contract parity"],"fullName":"route–contract parity contract \"org.member.add\" has a route containing \"/org/members\"","status":"passed","title":"contract \"org.member.add\" has a route containing \"/org/members\"","duration":0.025708999999551452,"failureMessages":[],"meta":{}},{"ancestorTitles":["route–contract parity"],"fullName":"route–contract parity contract \"org.member.invite.accept\" has a route containing \"/org/members\"","status":"passed","title":"contract \"org.member.invite.accept\" has a route containing \"/org/members\"","duration":0.025125000000116415,"failureMessages":[],"meta":{}},{"ancestorTitles":["route–contract parity"],"fullName":"route–contract parity contract \"org.member.invite.decline\" has a route containing \"/org/members\"","status":"passed","title":"contract \"org.member.invite.decline\" has a route containing \"/org/members\"","duration":0.022791999999753898,"failureMessages":[],"meta":{}},{"ancestorTitles":["route–contract parity"],"fullName":"route–contract parity contract \"org.member.remove\" has a route containing \"/org/members\"","status":"passed","title":"contract \"org.member.remove\" has a route containing \"/org/members\"","duration":0.02299999999922875,"failureMessages":[],"meta":{}},{"ancestorTitles":["route–contract parity"],"fullName":"route–contract parity contract \"org.member.role.change\" has a route containing \"/org/members\"","status":"passed","title":"contract \"org.member.role.change\" has a route containing \"/org/members\"","duration":0.02200000000084401,"failureMessages":[],"meta":{}},{"ancestorTitles":["route–contract parity"],"fullName":"route–contract parity contract \"workspace.create\" has a route containing \"/workspaces\"","status":"passed","title":"contract \"workspace.create\" has a route containing \"/workspaces\"","duration":0.02654199999960838,"failureMessages":[],"meta":{}},{"ancestorTitles":["route–contract parity"],"fullName":"route–contract parity contract \"video.generate\" has a route containing \"/video\"","status":"passed","title":"contract \"video.generate\" has a route containing \"/video\"","duration":0.023499999999330612,"failureMessages":[],"meta":{}},{"ancestorTitles":["route–contract parity"],"fullName":"route–contract parity contract \"image.generate\" has a route containing \"/image\"","status":"passed","title":"contract \"image.generate\" has a route containing \"/image\"","duration":0.03233400000135589,"failureMessages":[],"meta":{}},{"ancestorTitles":["route–contract parity"],"fullName":"route–contract parity contract \"svg.generate\" has a route containing \"/svg\"","status":"passed","title":"contract \"svg.generate\" has a route containing \"/svg\"","duration":0.02937500000007276,"failureMessages":[],"meta":{}},{"ancestorTitles":["route–contract parity"],"fullName":"route–contract parity contract \"system.install.instructions\" has a route containing \"/system\"","status":"passed","title":"contract \"system.install.instructions\" has a route containing \"/system\"","duration":0.02375000000029104,"failureMessages":[],"meta":{}},{"ancestorTitles":["route–contract parity"],"fullName":"route–contract parity contract \"user.preferences.read\" has a route containing \"/user/preferences\"","status":"passed","title":"contract \"user.preferences.read\" has a route containing \"/user/preferences\"","duration":0.020416000001205248,"failureMessages":[],"meta":{}},{"ancestorTitles":["route–contract parity"],"fullName":"route–contract parity contract \"user.preferences.write\" has a route containing \"/user/preferences\"","status":"passed","title":"contract \"user.preferences.write\" has a route containing \"/user/preferences\"","duration":0.019625000000814907,"failureMessages":[],"meta":{}},{"ancestorTitles":["route–contract parity"],"fullName":"route–contract parity contract \"workspace.model.settings.read\" has a route containing \"/workspace/model-settings\"","status":"passed","title":"contract \"workspace.model.settings.read\" has a route containing \"/workspace/model-settings\"","duration":0.02275000000008731,"failureMessages":[],"meta":{}},{"ancestorTitles":["route–contract parity"],"fullName":"route–contract parity contract \"workspace.model.settings.write\" has a route containing \"/workspace/model-settings\"","status":"passed","title":"contract \"workspace.model.settings.write\" has a route containing \"/workspace/model-settings\"","duration":0.02291700000023411,"failureMessages":[],"meta":{}},{"ancestorTitles":["route–contract parity"],"fullName":"route–contract parity contract \"prompt.settings.read\" has a route containing \"/workspace/prompt-settings\"","status":"passed","title":"contract \"prompt.settings.read\" has a route containing \"/workspace/prompt-settings\"","duration":0.021542000000408734,"failureMessages":[],"meta":{}},{"ancestorTitles":["route–contract parity"],"fullName":"route–contract parity contract \"prompt.settings.write\" has a route containing \"/workspace/prompt-settings\"","status":"passed","title":"contract \"prompt.settings.write\" has a route containing \"/workspace/prompt-settings\"","duration":0.04058400000030815,"failureMessages":[],"meta":{}},{"ancestorTitles":["route–contract parity"],"fullName":"route–contract parity contract \"notifications.list\" has a route containing \"/notifications\"","status":"passed","title":"contract \"notifications.list\" has a route containing \"/notifications\"","duration":0.02537500000107684,"failureMessages":[],"meta":{}},{"ancestorTitles":["route–contract parity"],"fullName":"route–contract parity contract \"notifications.mark\" has a route containing \"/notifications\"","status":"passed","title":"contract \"notifications.mark\" has a route containing \"/notifications\"","duration":0.02449999999953434,"failureMessages":[],"meta":{}},{"ancestorTitles":["route–contract parity"],"fullName":"route–contract parity contract \"plugin.catalog.browse\" has a route containing \"/plugin/catalog\"","status":"passed","title":"contract \"plugin.catalog.browse\" has a route containing \"/plugin/catalog\"","duration":0.030749999999898137,"failureMessages":[],"meta":{}},{"ancestorTitles":["route–contract parity"],"fullName":"route–contract parity contract \"plugin.catalog.get\" has a route containing \"/plugin/catalog\"","status":"passed","title":"contract \"plugin.catalog.get\" has a route containing \"/plugin/catalog\"","duration":0.0245840000006865,"failureMessages":[],"meta":{}},{"ancestorTitles":["route–contract parity"],"fullName":"route–contract parity contract \"plugin.credential.reauth\" has a route containing \"/plugin/credential\"","status":"passed","title":"contract \"plugin.credential.reauth\" has a route containing \"/plugin/credential\"","duration":0.02433300000120653,"failureMessages":[],"meta":{}},{"ancestorTitles":["route–contract parity"],"fullName":"route–contract parity contract \"plugin.credential.set_secret\" has a route containing \"/plugin/credential\"","status":"passed","title":"contract \"plugin.credential.set_secret\" has a route containing \"/plugin/credential\"","duration":0.023709000000962988,"failureMessages":[],"meta":{}},{"ancestorTitles":["route–contract parity"],"fullName":"route–contract parity contract \"plugin.denylist.add\" has a route containing \"/plugin/denylist\"","status":"passed","title":"contract \"plugin.denylist.add\" has a route containing \"/plugin/denylist\"","duration":0.02479200000016135,"failureMessages":[],"meta":{}},{"ancestorTitles":["route–contract parity"],"fullName":"route–contract parity contract \"plugin.denylist.remove\" has a route containing \"/plugin/denylist\"","status":"passed","title":"contract \"plugin.denylist.remove\" has a route containing \"/plugin/denylist\"","duration":0.023208999999042135,"failureMessages":[],"meta":{}},{"ancestorTitles":["route–contract parity"],"fullName":"route–contract parity contract \"plugin.org.install\" has a route containing \"/plugin/org\"","status":"passed","title":"contract \"plugin.org.install\" has a route containing \"/plugin/org\"","duration":0.03433299999960582,"failureMessages":[],"meta":{}},{"ancestorTitles":["route–contract parity"],"fullName":"route–contract parity contract \"plugin.org.install_bulk\" has a route containing \"/plugin/org\"","status":"passed","title":"contract \"plugin.org.install_bulk\" has a route containing \"/plugin/org\"","duration":0.023457999999664025,"failureMessages":[],"meta":{}},{"ancestorTitles":["route–contract parity"],"fullName":"route–contract parity contract \"plugin.org.list\" has a route containing \"/plugin/org\"","status":"passed","title":"contract \"plugin.org.list\" has a route containing \"/plugin/org\"","duration":0.02200000000084401,"failureMessages":[],"meta":{}},{"ancestorTitles":["route–contract parity"],"fullName":"route–contract parity contract \"plugin.org.set_enabled\" has a route containing \"/plugin/org\"","status":"passed","title":"contract \"plugin.org.set_enabled\" has a route containing \"/plugin/org\"","duration":0.02275000000008731,"failureMessages":[],"meta":{}},{"ancestorTitles":["route–contract parity"],"fullName":"route–contract parity contract \"plugin.org.uninstall\" has a route containing \"/plugin/org\"","status":"passed","title":"contract \"plugin.org.uninstall\" has a route containing \"/plugin/org\"","duration":0.031833999999435036,"failureMessages":[],"meta":{}},{"ancestorTitles":["route–contract parity"],"fullName":"route–contract parity contract \"plugin.registry.add\" has a route containing \"/plugin/registries\"","status":"passed","title":"contract \"plugin.registry.add\" has a route containing \"/plugin/registries\"","duration":0.02191599999969185,"failureMessages":[],"meta":{}},{"ancestorTitles":["route–contract parity"],"fullName":"route–contract parity contract \"plugin.registry.list\" has a route containing \"/plugin/registries\"","status":"passed","title":"contract \"plugin.registry.list\" has a route containing \"/plugin/registries\"","duration":0.021500000000742148,"failureMessages":[],"meta":{}},{"ancestorTitles":["route–contract parity"],"fullName":"route–contract parity contract \"plugin.registry.remove\" has a route containing \"/plugin/registries\"","status":"passed","title":"contract \"plugin.registry.remove\" has a route containing \"/plugin/registries\"","duration":0.021832999998878222,"failureMessages":[],"meta":{}},{"ancestorTitles":["route–contract parity"],"fullName":"route–contract parity contract \"plugin.registry.sync\" has a route containing \"/plugin/registries\"","status":"passed","title":"contract \"plugin.registry.sync\" has a route containing \"/plugin/registries\"","duration":0.02087500000016007,"failureMessages":[],"meta":{}},{"ancestorTitles":["route–contract parity"],"fullName":"route–contract parity contract \"plugin.settings.set_auth_alerts\" has a route containing \"/plugin/settings\"","status":"passed","title":"contract \"plugin.settings.set_auth_alerts\" has a route containing \"/plugin/settings\"","duration":0.022500000000945874,"failureMessages":[],"meta":{}},{"ancestorTitles":["route–contract parity"],"fullName":"route–contract parity contract \"plugin.workspace.set_enabled\" has a route containing \"/plugin/workspace\"","status":"passed","title":"contract \"plugin.workspace.set_enabled\" has a route containing \"/plugin/workspace\"","duration":0.022042000000510598,"failureMessages":[],"meta":{}},{"ancestorTitles":["route–contract parity"],"fullName":"route–contract parity contract \"workflow.run\" has a route containing \"/workflows\"","status":"passed","title":"contract \"workflow.run\" has a route containing \"/workflows\"","duration":0.023542000000816188,"failureMessages":[],"meta":{}},{"ancestorTitles":["route–contract parity"],"fullName":"route–contract parity contract \"workflow.status\" has a route containing \"/workflows\"","status":"passed","title":"contract \"workflow.status\" has a route containing \"/workflows\"","duration":0.022833999999420485,"failureMessages":[],"meta":{}},{"ancestorTitles":["route–contract parity"],"fullName":"route–contract parity contract \"workflow.cancel\" has a route containing \"/workflows\"","status":"passed","title":"contract \"workflow.cancel\" has a route containing \"/workflows\"","duration":0.02433299999938754,"failureMessages":[],"meta":{}},{"ancestorTitles":["route–contract parity"],"fullName":"route–contract parity contract \"conversation.chat\" has a route containing \"/conversations\"","status":"passed","title":"contract \"conversation.chat\" has a route containing \"/conversations\"","duration":0.02141699999992852,"failureMessages":[],"meta":{}},{"ancestorTitles":["route–contract parity"],"fullName":"route–contract parity contract \"image.create\" has a route containing \"/image\"","status":"passed","title":"contract \"image.create\" has a route containing \"/image\"","duration":0.021500000000742148,"failureMessages":[],"meta":{}},{"ancestorTitles":["route–contract parity"],"fullName":"route–contract parity contract \"image.list\" has a route containing \"/image\"","status":"passed","title":"contract \"image.list\" has a route containing \"/image\"","duration":0.020416999999724794,"failureMessages":[],"meta":{}},{"ancestorTitles":["route–contract parity"],"fullName":"route–contract parity contract \"image.analyze\" has a route containing \"/image\"","status":"passed","title":"contract \"image.analyze\" has a route containing \"/image\"","duration":0.020375000000058208,"failureMessages":[],"meta":{}},{"ancestorTitles":["route–contract parity"],"fullName":"route–contract parity contract \"document.create\" has a route containing \"/document/create\"","status":"passed","title":"contract \"document.create\" has a route containing \"/document/create\"","duration":0.023167000001194538,"failureMessages":[],"meta":{}},{"ancestorTitles":["route–contract parity"],"fullName":"route–contract parity contract \"document.list\" has a route containing \"/document/list\"","status":"passed","title":"contract \"document.list\" has a route containing \"/document/list\"","duration":0.024041000000579515,"failureMessages":[],"meta":{}},{"ancestorTitles":["route–contract parity"],"fullName":"route–contract parity contract \"document.read\" has a route containing \"/document/read\"","status":"passed","title":"contract \"document.read\" has a route containing \"/document/read\"","duration":0.02254200000061246,"failureMessages":[],"meta":{}},{"ancestorTitles":["route–contract parity"],"fullName":"route–contract parity contract \"form.create\" has a route containing \"/forms\"","status":"passed","title":"contract \"form.create\" has a route containing \"/forms\"","duration":0.019292000000859844,"failureMessages":[],"meta":{}},{"ancestorTitles":["route–contract parity"],"fullName":"route–contract parity contract \"form.submit\" has a route containing \"/forms\"","status":"passed","title":"contract \"form.submit\" has a route containing \"/forms\"","duration":0.019125000000713044,"failureMessages":[],"meta":{}},{"ancestorTitles":["route–contract parity"],"fullName":"route–contract parity contract \"automation.list\" has a route containing \"/automation/list\"","status":"passed","title":"contract \"automation.list\" has a route containing \"/automation/list\"","duration":0.023291000001336215,"failureMessages":[],"meta":{}},{"ancestorTitles":["route–contract parity"],"fullName":"route–contract parity contract \"automation.create\" has a route containing \"/automation/create\"","status":"passed","title":"contract \"automation.create\" has a route containing \"/automation/create\"","duration":0.022916999998415122,"failureMessages":[],"meta":{}},{"ancestorTitles":["route–contract parity"],"fullName":"route–contract parity contract \"automation.trigger\" has a route containing \"/automation/trigger\"","status":"passed","title":"contract \"automation.trigger\" has a route containing \"/automation/trigger\"","duration":0.023250000000189175,"failureMessages":[],"meta":{}},{"ancestorTitles":["route–contract parity"],"fullName":"route–contract parity contract \"workspace.member.list\" has a route containing \"/workspaces\"","status":"passed","title":"contract \"workspace.member.list\" has a route containing \"/workspaces\"","duration":0.01858399999946414,"failureMessages":[],"meta":{}},{"ancestorTitles":["route–contract parity"],"fullName":"route–contract parity contract \"workspace.invite.send\" has a route containing \"/workspaces\"","status":"passed","title":"contract \"workspace.invite.send\" has a route containing \"/workspaces\"","duration":0.018083999999362277,"failureMessages":[],"meta":{}},{"ancestorTitles":["route–contract parity"],"fullName":"route–contract parity contract \"skill.workspace.list\" has a route containing \"/skill/workspace\"","status":"passed","title":"contract \"skill.workspace.list\" has a route containing \"/skill/workspace\"","duration":0.02320800000052259,"failureMessages":[],"meta":{}},{"ancestorTitles":["route–contract parity"],"fullName":"route–contract parity contract \"agent.execution.record\" has a route containing \"/agent/execution\"","status":"passed","title":"contract \"agent.execution.record\" has a route containing \"/agent/execution\"","duration":0.019666999998662504,"failureMessages":[],"meta":{}},{"ancestorTitles":["route–contract parity"],"fullName":"route–contract parity contract \"agent.subagent.aggregate\" has a route containing \"/agent/subagent/aggregate\"","status":"passed","title":"contract \"agent.subagent.aggregate\" has a route containing \"/agent/subagent/aggregate\"","duration":0.019292000000859844,"failureMessages":[],"meta":{}},{"ancestorTitles":["route–contract parity"],"fullName":"route–contract parity contract \"agent.subagent.dispatch\" has a route containing \"/agent/subagent/dispatch\"","status":"passed","title":"contract \"agent.subagent.dispatch\" has a route containing \"/agent/subagent/dispatch\"","duration":0.01995800000076997,"failureMessages":[],"meta":{}},{"ancestorTitles":["route–contract parity"],"fullName":"route–contract parity contract \"connection.list\" has a route containing \"/connections\"","status":"passed","title":"contract \"connection.list\" has a route containing \"/connections\"","duration":0.024374999999054126,"failureMessages":[],"meta":{}},{"ancestorTitles":["route–contract parity"],"fullName":"route–contract parity contract \"connection.create\" has a route containing \"/connections\"","status":"passed","title":"contract \"connection.create\" has a route containing \"/connections\"","duration":0.023042000000714324,"failureMessages":[],"meta":{}},{"ancestorTitles":["route–contract parity"],"fullName":"route–contract parity contract \"connection.get\" has a route containing \"/connections\"","status":"passed","title":"contract \"connection.get\" has a route containing \"/connections\"","duration":0.0226249999996071,"failureMessages":[],"meta":{}},{"ancestorTitles":["route–contract parity"],"fullName":"route–contract parity contract \"connection.delete\" has a route containing \"/connections\"","status":"passed","title":"contract \"connection.delete\" has a route containing \"/connections\"","duration":0.021875000000363798,"failureMessages":[],"meta":{}},{"ancestorTitles":["route–contract parity"],"fullName":"route–contract parity contract \"connection.preview\" has a route containing \"/connections\"","status":"passed","title":"contract \"connection.preview\" has a route containing \"/connections\"","duration":0.022124999999505235,"failureMessages":[],"meta":{}},{"ancestorTitles":["route–contract parity"],"fullName":"route–contract parity contract \"connection.mappings.suggest\" has a route containing \"/connections\"","status":"passed","title":"contract \"connection.mappings.suggest\" has a route containing \"/connections\"","duration":0.02191599999969185,"failureMessages":[],"meta":{}},{"ancestorTitles":["route–contract parity"],"fullName":"route–contract parity contract \"connection.mappings.get\" has a route containing \"/connections\"","status":"passed","title":"contract \"connection.mappings.get\" has a route containing \"/connections\"","duration":0.021917000000030384,"failureMessages":[],"meta":{}},{"ancestorTitles":["route–contract parity"],"fullName":"route–contract parity contract \"connection.mappings.set\" has a route containing \"/connections\"","status":"passed","title":"contract \"connection.mappings.set\" has a route containing \"/connections\"","duration":0.022041999998691608,"failureMessages":[],"meta":{}},{"ancestorTitles":["route–contract parity"],"fullName":"route–contract parity contract \"privacy.data.export\" has a route containing \"/privacy\"","status":"passed","title":"contract \"privacy.data.export\" has a route containing \"/privacy\"","duration":0.02920799999992596,"failureMessages":[],"meta":{}},{"ancestorTitles":["route–contract parity"],"fullName":"route–contract parity contract \"privacy.data.erase\" has a route containing \"/privacy\"","status":"passed","title":"contract \"privacy.data.erase\" has a route containing \"/privacy\"","duration":0.024666000001161592,"failureMessages":[],"meta":{}},{"ancestorTitles":["route–contract parity"],"fullName":"route–contract parity total api-surfaced contracts matches the number checked (no silent filter)","status":"passed","title":"total api-surfaced contracts matches the number checked (no silent filter)","duration":0.08100000000013097,"failureMessages":[],"meta":{}}],"startTime":1781072022818,"endTime":1781072022824.081,"status":"passed","message":"","name":"/Users/macanderson/oxagen-monorepo/apps/api/src/__tests__/route-contract-parity.test.ts"},{"assertionResults":[{"ancestorTitles":["agent.approval.resolve route"],"fullName":"agent.approval.resolve route happy path: forwards invoke result as 200 JSON","status":"passed","title":"happy path: forwards invoke result as 200 JSON","duration":6.079666999999972,"failureMessages":[],"meta":{}},{"ancestorTitles":["agent.approval.resolve route"],"fullName":"agent.approval.resolve route calls invoke once with contract name 'agent.approval.resolve' and surface 'api'","status":"passed","title":"calls invoke once with contract name 'agent.approval.resolve' and surface 'api'","duration":0.542291000001569,"failureMessages":[],"meta":{}},{"ancestorTitles":["agent.approval.resolve route"],"fullName":"agent.approval.resolve route passes parsed body fields to invoke","status":"passed","title":"passes parsed body fields to invoke","duration":0.3502090000001772,"failureMessages":[],"meta":{}},{"ancestorTitles":["agent.approval.resolve route"],"fullName":"agent.approval.resolve route invalid decision enum → Zod parse error → 400, invoke not called","status":"passed","title":"invalid decision enum → Zod parse error → 400, invoke not called","duration":0.6433750000014697,"failureMessages":[],"meta":{}},{"ancestorTitles":["agent.mcp.list route"],"fullName":"agent.mcp.list route happy path GET: returns 200 with invoke result","status":"passed","title":"happy path GET: returns 200 with invoke result","duration":0.3337499999997817,"failureMessages":[],"meta":{}},{"ancestorTitles":["agent.mcp.list route"],"fullName":"agent.mcp.list route calls invoke with 'agent.mcp.list' and empty input","status":"passed","title":"calls invoke with 'agent.mcp.list' and empty input","duration":0.2736249999998108,"failureMessages":[],"meta":{}},{"ancestorTitles":["agent.mcp.register route"],"fullName":"agent.mcp.register route happy path POST: returns 201 with invoke result","status":"passed","title":"happy path POST: returns 201 with invoke result","duration":0.37133299999914016,"failureMessages":[],"meta":{}},{"ancestorTitles":["agent.mcp.register route"],"fullName":"agent.mcp.register route calls invoke with 'agent.mcp.register' and correct fields","status":"passed","title":"calls invoke with 'agent.mcp.register' and correct fields","duration":0.2740410000005795,"failureMessages":[],"meta":{}},{"ancestorTitles":["agent.mcp.register route"],"fullName":"agent.mcp.register route missing required field → 400","status":"passed","title":"missing required field → 400","duration":0.32629199999973935,"failureMessages":[],"meta":{}},{"ancestorTitles":["agent.memory.recall route"],"fullName":"agent.memory.recall route happy path: 200 with memories","status":"passed","title":"happy path: 200 with memories","duration":0.37879199999952107,"failureMessages":[],"meta":{}},{"ancestorTitles":["agent.memory.recall route"],"fullName":"agent.memory.recall route calls invoke with 'agent.memory.recall'","status":"passed","title":"calls invoke with 'agent.memory.recall'","duration":0.16929200000049605,"failureMessages":[],"meta":{}},{"ancestorTitles":["agent.memory.recall route"],"fullName":"agent.memory.recall route passes query to invoke","status":"passed","title":"passes query to invoke","duration":0.17241699999976845,"failureMessages":[],"meta":{}},{"ancestorTitles":["agent.memory.recall route"],"fullName":"agent.memory.recall route empty query string → 400","status":"passed","title":"empty query string → 400","duration":0.17720900000131223,"failureMessages":[],"meta":{}},{"ancestorTitles":["agent.memory.write route"],"fullName":"agent.memory.write route happy path: returns 201","status":"passed","title":"happy path: returns 201","duration":0.18625000000065484,"failureMessages":[],"meta":{}},{"ancestorTitles":["agent.memory.write route"],"fullName":"agent.memory.write route calls invoke with 'agent.memory.write'","status":"passed","title":"calls invoke with 'agent.memory.write'","duration":0.12408299999879091,"failureMessages":[],"meta":{}},{"ancestorTitles":["agent.memory.write route"],"fullName":"agent.memory.write route invalid weight enum → 400","status":"passed","title":"invalid weight enum → 400","duration":0.13616600000023027,"failureMessages":[],"meta":{}},{"ancestorTitles":["agent.plan.approve route"],"fullName":"agent.plan.approve route happy path: 200 with plan result","status":"passed","title":"happy path: 200 with plan result","duration":0.14654200000040873,"failureMessages":[],"meta":{}},{"ancestorTitles":["agent.plan.approve route"],"fullName":"agent.plan.approve route calls invoke with 'agent.plan.approve'","status":"passed","title":"calls invoke with 'agent.plan.approve'","duration":0.12487499999951979,"failureMessages":[],"meta":{}},{"ancestorTitles":["agent.plan.approve route"],"fullName":"agent.plan.approve route invalid decision → 400","status":"passed","title":"invalid decision → 400","duration":0.12475000000085856,"failureMessages":[],"meta":{}},{"ancestorTitles":["agent.skill.list route"],"fullName":"agent.skill.list route happy path GET: 200 with skills","status":"passed","title":"happy path GET: 200 with skills","duration":1.7379170000003796,"failureMessages":[],"meta":{}},{"ancestorTitles":["agent.skill.list route"],"fullName":"agent.skill.list route calls invoke with 'agent.skill.list' and empty input when no filter","status":"passed","title":"calls invoke with 'agent.skill.list' and empty input when no filter","duration":0.17304200000035053,"failureMessages":[],"meta":{}},{"ancestorTitles":["agent.skill.list route"],"fullName":"agent.skill.list route ?filter=builtin → passes filter to invoke","status":"passed","title":"?filter=builtin → passes filter to invoke","duration":0.16016700000000128,"failureMessages":[],"meta":{}},{"ancestorTitles":["agent.skill.list route"],"fullName":"agent.skill.list route no filter param → invoke receives no filter property","status":"passed","title":"no filter param → invoke receives no filter property","duration":0.10087500000008731,"failureMessages":[],"meta":{}},{"ancestorTitles":["agent.task.background.cancel route"],"fullName":"agent.task.background.cancel route happy path: 200","status":"passed","title":"happy path: 200","duration":0.16587499999877764,"failureMessages":[],"meta":{}},{"ancestorTitles":["agent.task.background.cancel route"],"fullName":"agent.task.background.cancel route calls invoke with 'agent.task.background.cancel'","status":"passed","title":"calls invoke with 'agent.task.background.cancel'","duration":0.1095420000001468,"failureMessages":[],"meta":{}},{"ancestorTitles":["agent.task.background.cancel route"],"fullName":"agent.task.background.cancel route missing taskId → 400","status":"passed","title":"missing taskId → 400","duration":0.1452079999999114,"failureMessages":[],"meta":{}},{"ancestorTitles":["agent.task.background.read route"],"fullName":"agent.task.background.read route happy path GET /:taskId: 200 with task","status":"passed","title":"happy path GET /:taskId: 200 with task","duration":0.16924999999901047,"failureMessages":[],"meta":{}},{"ancestorTitles":["agent.task.background.read route"],"fullName":"agent.task.background.read route calls invoke with 'agent.task.background.read' and taskId from path param","status":"passed","title":"calls invoke with 'agent.task.background.read' and taskId from path param","duration":0.08262499999909778,"failureMessages":[],"meta":{}},{"ancestorTitles":["agent.task.background.start route"],"fullName":"agent.task.background.start route happy path: returns 202","status":"passed","title":"happy path: returns 202","duration":0.1334579999984271,"failureMessages":[],"meta":{}},{"ancestorTitles":["agent.task.background.start route"],"fullName":"agent.task.background.start route calls invoke with 'agent.task.background.start'","status":"passed","title":"calls invoke with 'agent.task.background.start'","duration":0.08804099999906612,"failureMessages":[],"meta":{}},{"ancestorTitles":["agent.task.background.start route"],"fullName":"agent.task.background.start route missing kind → 400","status":"passed","title":"missing kind → 400","duration":0.12233300000116287,"failureMessages":[],"meta":{}},{"ancestorTitles":["agent.tool.list route"],"fullName":"agent.tool.list route happy path POST with body: 200","status":"passed","title":"happy path POST with body: 200","duration":0.1544160000012198,"failureMessages":[],"meta":{}},{"ancestorTitles":["agent.tool.list route"],"fullName":"agent.tool.list route calls invoke with 'agent.tool.list'","status":"passed","title":"calls invoke with 'agent.tool.list'","duration":0.09712500000023283,"failureMessages":[],"meta":{}},{"ancestorTitles":["agent.tool.list route"],"fullName":"agent.tool.list route optional body (empty body / non-JSON) → uses {} default, 200","status":"passed","title":"optional body (empty body / non-JSON) → uses {} default, 200","duration":0.13158300000031886,"failureMessages":[],"meta":{}},{"ancestorTitles":["agent.tool.list route"],"fullName":"agent.tool.list route invoke throws → error middleware returns 500","status":"passed","title":"invoke throws → error middleware returns 500","duration":0.13604099999975006,"failureMessages":[],"meta":{}}],"startTime":1781072022778,"endTime":1781072022793.1543,"status":"passed","message":"","name":"/Users/macanderson/oxagen-monorepo/apps/api/src/__tests__/routes.agent.test.ts"},{"assertionResults":[{"ancestorTitles":["billing.subscription.read route"],"fullName":"billing.subscription.read route happy path GET: 200 with subscription","status":"passed","title":"happy path GET: 200 with subscription","duration":5.309792000000016,"failureMessages":[],"meta":{}},{"ancestorTitles":["billing.subscription.read route"],"fullName":"billing.subscription.read route calls invoke with 'billing.subscription.read' and empty input","status":"passed","title":"calls invoke with 'billing.subscription.read' and empty input","duration":0.44933400000081747,"failureMessages":[],"meta":{}},{"ancestorTitles":["billing.subscription.upgrade.start route"],"fullName":"billing.subscription.upgrade.start route happy path: 200 with checkout URL","status":"passed","title":"happy path: 200 with checkout URL","duration":0.43637499999931606,"failureMessages":[],"meta":{}},{"ancestorTitles":["billing.subscription.upgrade.start route"],"fullName":"billing.subscription.upgrade.start route calls invoke with 'billing.subscription.upgrade.start'","status":"passed","title":"calls invoke with 'billing.subscription.upgrade.start'","duration":0.27999999999883585,"failureMessages":[],"meta":{}},{"ancestorTitles":["billing.subscription.upgrade.start route"],"fullName":"billing.subscription.upgrade.start route invalid interval → 400","status":"passed","title":"invalid interval → 400","duration":0.5609170000006998,"failureMessages":[],"meta":{}},{"ancestorTitles":["billing.subscription.upgrade.start route"],"fullName":"billing.subscription.upgrade.start route missing successUrl → 400","status":"passed","title":"missing successUrl → 400","duration":0.30962499999986903,"failureMessages":[],"meta":{}},{"ancestorTitles":["billing.credits.purchase route"],"fullName":"billing.credits.purchase route happy path: 200 with checkout URL","status":"passed","title":"happy path: 200 with checkout URL","duration":0.33620800000062445,"failureMessages":[],"meta":{}},{"ancestorTitles":["billing.credits.purchase route"],"fullName":"billing.credits.purchase route calls invoke with 'billing.credits.purchase' and amountUsd","status":"passed","title":"calls invoke with 'billing.credits.purchase' and amountUsd","duration":0.20662500000071304,"failureMessages":[],"meta":{}},{"ancestorTitles":["billing.credits.purchase route"],"fullName":"billing.credits.purchase route amountUsd below minimum → 400","status":"passed","title":"amountUsd below minimum → 400","duration":0.26520800000071176,"failureMessages":[],"meta":{}},{"ancestorTitles":["billing.credits.purchase route"],"fullName":"billing.credits.purchase route negative amountUsd → 400","status":"passed","title":"negative amountUsd → 400","duration":0.25812500000029104,"failureMessages":[],"meta":{}},{"ancestorTitles":["api.key.create route"],"fullName":"api.key.create route happy path: 201 with key","status":"passed","title":"happy path: 201 with key","duration":0.27758300000095915,"failureMessages":[],"meta":{}},{"ancestorTitles":["api.key.create route"],"fullName":"api.key.create route calls invoke with 'api.key.create'","status":"passed","title":"calls invoke with 'api.key.create'","duration":0.1708330000001297,"failureMessages":[],"meta":{}},{"ancestorTitles":["api.key.create route"],"fullName":"api.key.create route empty name → 400","status":"passed","title":"empty name → 400","duration":0.1444580000006681,"failureMessages":[],"meta":{}},{"ancestorTitles":["api.key.revoke route"],"fullName":"api.key.revoke route happy path DELETE: 200 with revoked result","status":"passed","title":"happy path DELETE: 200 with revoked result","duration":1.2412079999994603,"failureMessages":[],"meta":{}},{"ancestorTitles":["api.key.revoke route"],"fullName":"api.key.revoke route calls invoke with 'api.key.revoke'","status":"passed","title":"calls invoke with 'api.key.revoke'","duration":0.27137499999844295,"failureMessages":[],"meta":{}}],"startTime":1781072022716,"endTime":1781072022726.2715,"status":"passed","message":"","name":"/Users/macanderson/oxagen-monorepo/apps/api/src/__tests__/routes.billing.test.ts"},{"assertionResults":[{"ancestorTitles":["conversation.archive route"],"fullName":"conversation.archive route happy path archive: 200","status":"passed","title":"happy path archive: 200","duration":7.616667000000234,"failureMessages":[],"meta":{}},{"ancestorTitles":["conversation.archive route"],"fullName":"conversation.archive route calls invoke with 'conversation.archive' and surface 'api'","status":"passed","title":"calls invoke with 'conversation.archive' and surface 'api'","duration":0.4388330000001588,"failureMessages":[],"meta":{}},{"ancestorTitles":["conversation.archive route"],"fullName":"conversation.archive route happy path restore (archived=false): 200","status":"passed","title":"happy path restore (archived=false): 200","duration":0.32041600000047765,"failureMessages":[],"meta":{}},{"ancestorTitles":["conversation.archive route"],"fullName":"conversation.archive route empty conversationIds array → 400","status":"passed","title":"empty conversationIds array → 400","duration":0.59229200000118,"failureMessages":[],"meta":{}},{"ancestorTitles":["conversation.archive route"],"fullName":"conversation.archive route missing archived field → 400","status":"passed","title":"missing archived field → 400","duration":0.35079100000075414,"failureMessages":[],"meta":{}},{"ancestorTitles":["conversation.delete route"],"fullName":"conversation.delete route happy path: 200 with deleted count","status":"passed","title":"happy path: 200 with deleted count","duration":0.3362919999999576,"failureMessages":[],"meta":{}},{"ancestorTitles":["conversation.delete route"],"fullName":"conversation.delete route calls invoke with 'conversation.delete'","status":"passed","title":"calls invoke with 'conversation.delete'","duration":0.2515830000011192,"failureMessages":[],"meta":{}},{"ancestorTitles":["conversation.delete route"],"fullName":"conversation.delete route empty conversationIds → 400","status":"passed","title":"empty conversationIds → 400","duration":1.060416999998779,"failureMessages":[],"meta":{}},{"ancestorTitles":["conversation.purge route"],"fullName":"conversation.purge route happy path with JSON body: 200","status":"passed","title":"happy path with JSON body: 200","duration":0.698500000000422,"failureMessages":[],"meta":{}},{"ancestorTitles":["conversation.purge route"],"fullName":"conversation.purge route calls invoke with 'conversation.purge'","status":"passed","title":"calls invoke with 'conversation.purge'","duration":0.2992500000000291,"failureMessages":[],"meta":{}},{"ancestorTitles":["conversation.purge route"],"fullName":"conversation.purge route empty body (no JSON) → falls back to {} default → 200","status":"passed","title":"empty body (no JSON) → falls back to {} default → 200","duration":0.24600000000100408,"failureMessages":[],"meta":{}},{"ancestorTitles":["conversation.purge route"],"fullName":"conversation.purge route invoke throws → 500","status":"passed","title":"invoke throws → 500","duration":0.19487499999922875,"failureMessages":[],"meta":{}},{"ancestorTitles":["conversation.rename route"],"fullName":"conversation.rename route happy path PATCH: 200","status":"passed","title":"happy path PATCH: 200","duration":0.21108300000014424,"failureMessages":[],"meta":{}},{"ancestorTitles":["conversation.rename route"],"fullName":"conversation.rename route calls invoke with 'conversation.rename'","status":"passed","title":"calls invoke with 'conversation.rename'","duration":0.1437080000014248,"failureMessages":[],"meta":{}},{"ancestorTitles":["conversation.rename route"],"fullName":"conversation.rename route empty title → 400","status":"passed","title":"empty title → 400","duration":0.15812499999992724,"failureMessages":[],"meta":{}},{"ancestorTitles":["chat.message.send route"],"fullName":"chat.message.send route happy path: returns 202","status":"passed","title":"happy path: returns 202","duration":0.18262500000128057,"failureMessages":[],"meta":{}},{"ancestorTitles":["chat.message.send route"],"fullName":"chat.message.send route calls invoke with 'chat.message.send'","status":"passed","title":"calls invoke with 'chat.message.send'","duration":0.4775420000005397,"failureMessages":[],"meta":{}},{"ancestorTitles":["chat.message.send route"],"fullName":"chat.message.send route empty content → 400","status":"passed","title":"empty content → 400","duration":0.312207999999373,"failureMessages":[],"meta":{}},{"ancestorTitles":["chat.message.send route"],"fullName":"chat.message.send route invalid branchReason enum → 400","status":"passed","title":"invalid branchReason enum → 400","duration":0.2200830000001588,"failureMessages":[],"meta":{}}],"startTime":1781072022716,"endTime":1781072022730.22,"status":"passed","message":"","name":"/Users/macanderson/oxagen-monorepo/apps/api/src/__tests__/routes.conversation.test.ts"},{"assertionResults":[{"ancestorTitles":["archive.create route"],"fullName":"archive.create route happy path: 200 with archive result","status":"passed","title":"happy path: 200 with archive result","duration":5.324291999999332,"failureMessages":[],"meta":{}},{"ancestorTitles":["archive.create route"],"fullName":"archive.create route calls invoke with 'archive.create'","status":"passed","title":"calls invoke with 'archive.create'","duration":0.6166249999987485,"failureMessages":[],"meta":{}},{"ancestorTitles":["asset.upload route"],"fullName":"asset.upload route happy path: 200","status":"passed","title":"happy path: 200","duration":0.3239999999987049,"failureMessages":[],"meta":{}},{"ancestorTitles":["asset.upload route"],"fullName":"asset.upload route calls invoke with 'asset.upload'","status":"passed","title":"calls invoke with 'asset.upload'","duration":0.254625000001397,"failureMessages":[],"meta":{}},{"ancestorTitles":["asset.upload route"],"fullName":"asset.upload route invalid kind → 400","status":"passed","title":"invalid kind → 400","duration":0.6869169999990845,"failureMessages":[],"meta":{}},{"ancestorTitles":["brandkit.apply route"],"fullName":"brandkit.apply route happy path: 200","status":"passed","title":"happy path: 200","duration":0.2652079999988928,"failureMessages":[],"meta":{}},{"ancestorTitles":["brandkit.apply route"],"fullName":"brandkit.apply route calls invoke with 'brandkit.apply'","status":"passed","title":"calls invoke with 'brandkit.apply'","duration":0.19945799999914016,"failureMessages":[],"meta":{}},{"ancestorTitles":["form.fill route"],"fullName":"form.fill route happy path: 200","status":"passed","title":"happy path: 200","duration":0.23779099999956088,"failureMessages":[],"meta":{}},{"ancestorTitles":["form.fill route"],"fullName":"form.fill route calls invoke with 'form.fill'","status":"passed","title":"calls invoke with 'form.fill'","duration":0.25020799999947485,"failureMessages":[],"meta":{}},{"ancestorTitles":["form.fill route"],"fullName":"form.fill route empty fields array → 400","status":"passed","title":"empty fields array → 400","duration":0.2872079999997368,"failureMessages":[],"meta":{}},{"ancestorTitles":["image.generate route"],"fullName":"image.generate route happy path: 200 with image result","status":"passed","title":"happy path: 200 with image result","duration":0.22804199999882258,"failureMessages":[],"meta":{}},{"ancestorTitles":["image.generate route"],"fullName":"image.generate route calls invoke with 'image.generate'","status":"passed","title":"calls invoke with 'image.generate'","duration":0.16204099999958999,"failureMessages":[],"meta":{}},{"ancestorTitles":["image.generate route"],"fullName":"image.generate route empty prompt → 400","status":"passed","title":"empty prompt → 400","duration":0.18195799999921292,"failureMessages":[],"meta":{}},{"ancestorTitles":["svg.generate route"],"fullName":"svg.generate route happy path: 200 with SVG","status":"passed","title":"happy path: 200 with SVG","duration":0.21166699999957928,"failureMessages":[],"meta":{}},{"ancestorTitles":["svg.generate route"],"fullName":"svg.generate route calls invoke with 'svg.generate'","status":"passed","title":"calls invoke with 'svg.generate'","duration":0.17862500000046566,"failureMessages":[],"meta":{}},{"ancestorTitles":["video.generate route"],"fullName":"video.generate route happy path: 200 with video result","status":"passed","title":"happy path: 200 with video result","duration":0.13724999999976717,"failureMessages":[],"meta":{}},{"ancestorTitles":["video.generate route"],"fullName":"video.generate route calls invoke with 'video.generate'","status":"passed","title":"calls invoke with 'video.generate'","duration":0.16862500000024738,"failureMessages":[],"meta":{}},{"ancestorTitles":["video.generate route"],"fullName":"video.generate route durationSeconds over max → 400","status":"passed","title":"durationSeconds over max → 400","duration":0.14662499999940337,"failureMessages":[],"meta":{}},{"ancestorTitles":["documents.generate route"],"fullName":"documents.generate route happy path: 200","status":"passed","title":"happy path: 200","duration":0.15708400000039546,"failureMessages":[],"meta":{}},{"ancestorTitles":["documents.generate route"],"fullName":"documents.generate route calls invoke with 'documents.generate'","status":"passed","title":"calls invoke with 'documents.generate'","duration":2.1102499999997235,"failureMessages":[],"meta":{}},{"ancestorTitles":["documents.generate route"],"fullName":"documents.generate route invalid kind → 400","status":"passed","title":"invalid kind → 400","duration":0.22050000000126602,"failureMessages":[],"meta":{}},{"ancestorTitles":["documents.pdf.create route"],"fullName":"documents.pdf.create route happy path: 200","status":"passed","title":"happy path: 200","duration":0.17508300000008603,"failureMessages":[],"meta":{}},{"ancestorTitles":["documents.pdf.create route"],"fullName":"documents.pdf.create route calls invoke with 'documents.pdf.create'","status":"passed","title":"calls invoke with 'documents.pdf.create'","duration":0.12312500000007276,"failureMessages":[],"meta":{}},{"ancestorTitles":["documents.pdf.create route"],"fullName":"documents.pdf.create route empty title → 400","status":"passed","title":"empty title → 400","duration":0.12970900000073016,"failureMessages":[],"meta":{}},{"ancestorTitles":["system.install.instructions route"],"fullName":"system.install.instructions route happy path: 200","status":"passed","title":"happy path: 200","duration":0.1211249999996653,"failureMessages":[],"meta":{}},{"ancestorTitles":["system.install.instructions route"],"fullName":"system.install.instructions route calls invoke with 'system.install.instructions'","status":"passed","title":"calls invoke with 'system.install.instructions'","duration":0.10358399999859103,"failureMessages":[],"meta":{}},{"ancestorTitles":["workflow.run route"],"fullName":"workflow.run route happy path POST: 200","status":"passed","title":"happy path POST: 200","duration":0.13400000000001455,"failureMessages":[],"meta":{}},{"ancestorTitles":["workflow.run route"],"fullName":"workflow.run route calls invoke with 'workflow.run'","status":"passed","title":"calls invoke with 'workflow.run'","duration":0.10541700000067067,"failureMessages":[],"meta":{}},{"ancestorTitles":["workflow.run route"],"fullName":"workflow.run route empty goal → 400","status":"passed","title":"empty goal → 400","duration":0.11770799999976589,"failureMessages":[],"meta":{}},{"ancestorTitles":["workflow.status route"],"fullName":"workflow.status route happy path GET /:id: 200 with workflow status","status":"passed","title":"happy path GET /:id: 200 with workflow status","duration":0.1397080000006099,"failureMessages":[],"meta":{}},{"ancestorTitles":["workflow.status route"],"fullName":"workflow.status route calls invoke with 'workflow.status' and workflowId","status":"passed","title":"calls invoke with 'workflow.status' and workflowId","duration":0.07675000000017462,"failureMessages":[],"meta":{}},{"ancestorTitles":["workflow.cancel route"],"fullName":"workflow.cancel route happy path DELETE /:id: 200","status":"passed","title":"happy path DELETE /:id: 200","duration":0.09349999999903957,"failureMessages":[],"meta":{}},{"ancestorTitles":["workflow.cancel route"],"fullName":"workflow.cancel route calls invoke with 'workflow.cancel' and workflowId","status":"passed","title":"calls invoke with 'workflow.cancel' and workflowId","duration":1.3944579999988491,"failureMessages":[],"meta":{}}],"startTime":1781072022693,"endTime":1781072022708.3945,"status":"passed","message":"","name":"/Users/macanderson/oxagen-monorepo/apps/api/src/__tests__/routes.misc.test.ts"},{"assertionResults":[{"ancestorTitles":["plugin.catalog.browse route"],"fullName":"plugin.catalog.browse route happy path: 200 with results","status":"passed","title":"happy path: 200 with results","duration":6.430000000000291,"failureMessages":[],"meta":{}},{"ancestorTitles":["plugin.catalog.browse route"],"fullName":"plugin.catalog.browse route calls invoke with 'plugin.catalog.browse'","status":"passed","title":"calls invoke with 'plugin.catalog.browse'","duration":0.45645799999874725,"failureMessages":[],"meta":{}},{"ancestorTitles":["plugin.catalog.get route"],"fullName":"plugin.catalog.get route happy path: 200 with catalog entry","status":"passed","title":"happy path: 200 with catalog entry","duration":0.30975000000034925,"failureMessages":[],"meta":{}},{"ancestorTitles":["plugin.catalog.get route"],"fullName":"plugin.catalog.get route calls invoke with 'plugin.catalog.get' and catalogId","status":"passed","title":"calls invoke with 'plugin.catalog.get' and catalogId","duration":0.23829200000000128,"failureMessages":[],"meta":{}},{"ancestorTitles":["plugin.catalog.get route"],"fullName":"plugin.catalog.get route missing catalogId → 400","status":"passed","title":"missing catalogId → 400","duration":0.6041249999998399,"failureMessages":[],"meta":{}},{"ancestorTitles":["plugin.credential.reauth route"],"fullName":"plugin.credential.reauth route happy path: 200 with authorize URL","status":"passed","title":"happy path: 200 with authorize URL","duration":0.2736669999994774,"failureMessages":[],"meta":{}},{"ancestorTitles":["plugin.credential.reauth route"],"fullName":"plugin.credential.reauth route calls invoke with 'plugin.credential.reauth'","status":"passed","title":"calls invoke with 'plugin.credential.reauth'","duration":0.20241700000042329,"failureMessages":[],"meta":{}},{"ancestorTitles":["plugin.credential.set_secret route"],"fullName":"plugin.credential.set_secret route happy path: 200","status":"passed","title":"happy path: 200","duration":0.2110000000011496,"failureMessages":[],"meta":{}},{"ancestorTitles":["plugin.credential.set_secret route"],"fullName":"plugin.credential.set_secret route calls invoke with 'plugin.credential.set_secret'","status":"passed","title":"calls invoke with 'plugin.credential.set_secret'","duration":0.21716699999888078,"failureMessages":[],"meta":{}},{"ancestorTitles":["plugin.denylist.add route"],"fullName":"plugin.denylist.add route happy path: 200","status":"passed","title":"happy path: 200","duration":0.2477920000001177,"failureMessages":[],"meta":{}},{"ancestorTitles":["plugin.denylist.add route"],"fullName":"plugin.denylist.add route calls invoke with 'plugin.denylist.add'","status":"passed","title":"calls invoke with 'plugin.denylist.add'","duration":0.20783300000039162,"failureMessages":[],"meta":{}},{"ancestorTitles":["plugin.denylist.remove route"],"fullName":"plugin.denylist.remove route happy path: 200","status":"passed","title":"happy path: 200","duration":0.1424589999987802,"failureMessages":[],"meta":{}},{"ancestorTitles":["plugin.denylist.remove route"],"fullName":"plugin.denylist.remove route calls invoke with 'plugin.denylist.remove'","status":"passed","title":"calls invoke with 'plugin.denylist.remove'","duration":0.12704200000007404,"failureMessages":[],"meta":{}},{"ancestorTitles":["plugin.org.install route"],"fullName":"plugin.org.install route happy path: 200","status":"passed","title":"happy path: 200","duration":0.12308300000040617,"failureMessages":[],"meta":{}},{"ancestorTitles":["plugin.org.install route"],"fullName":"plugin.org.install route calls invoke with 'plugin.org.install'","status":"passed","title":"calls invoke with 'plugin.org.install'","duration":0.12054099999841128,"failureMessages":[],"meta":{}},{"ancestorTitles":["plugin.org.install_bulk route"],"fullName":"plugin.org.install_bulk route happy path: 200","status":"passed","title":"happy path: 200","duration":0.21995799999967858,"failureMessages":[],"meta":{}},{"ancestorTitles":["plugin.org.install_bulk route"],"fullName":"plugin.org.install_bulk route calls invoke with 'plugin.org.install_bulk'","status":"passed","title":"calls invoke with 'plugin.org.install_bulk'","duration":0.11700000000018917,"failureMessages":[],"meta":{}},{"ancestorTitles":["plugin.org.install_bulk route"],"fullName":"plugin.org.install_bulk route empty items array → 400","status":"passed","title":"empty items array → 400","duration":0.1599580000001879,"failureMessages":[],"meta":{}},{"ancestorTitles":["plugin.org.list route"],"fullName":"plugin.org.list route happy path: 200 with listings","status":"passed","title":"happy path: 200 with listings","duration":0.6680839999989985,"failureMessages":[],"meta":{}},{"ancestorTitles":["plugin.org.list route"],"fullName":"plugin.org.list route calls invoke with 'plugin.org.list'","status":"passed","title":"calls invoke with 'plugin.org.list'","duration":0.17266599999857135,"failureMessages":[],"meta":{}},{"ancestorTitles":["plugin.org.set_enabled route"],"fullName":"plugin.org.set_enabled route happy path: 200","status":"passed","title":"happy path: 200","duration":0.1696670000001177,"failureMessages":[],"meta":{}},{"ancestorTitles":["plugin.org.set_enabled route"],"fullName":"plugin.org.set_enabled route calls invoke with 'plugin.org.set_enabled'","status":"passed","title":"calls invoke with 'plugin.org.set_enabled'","duration":0.101291000000856,"failureMessages":[],"meta":{}},{"ancestorTitles":["plugin.org.uninstall route"],"fullName":"plugin.org.uninstall route happy path: 200","status":"passed","title":"happy path: 200","duration":0.10137500000018917,"failureMessages":[],"meta":{}},{"ancestorTitles":["plugin.org.uninstall route"],"fullName":"plugin.org.uninstall route calls invoke with 'plugin.org.uninstall'","status":"passed","title":"calls invoke with 'plugin.org.uninstall'","duration":0.08424999999988358,"failureMessages":[],"meta":{}},{"ancestorTitles":["plugin.registry.list route"],"fullName":"plugin.registry.list route happy path: 200 with registries","status":"passed","title":"happy path: 200 with registries","duration":0.12733399999888206,"failureMessages":[],"meta":{}},{"ancestorTitles":["plugin.registry.list route"],"fullName":"plugin.registry.list route calls invoke with 'plugin.registry.list'","status":"passed","title":"calls invoke with 'plugin.registry.list'","duration":0.09320800000023155,"failureMessages":[],"meta":{}},{"ancestorTitles":["plugin.registry.add route"],"fullName":"plugin.registry.add route happy path: 201 with registryId","status":"passed","title":"happy path: 201 with registryId","duration":0.13979100000142353,"failureMessages":[],"meta":{}},{"ancestorTitles":["plugin.registry.add route"],"fullName":"plugin.registry.add route calls invoke with 'plugin.registry.add'","status":"passed","title":"calls invoke with 'plugin.registry.add'","duration":0.0907920000008744,"failureMessages":[],"meta":{}},{"ancestorTitles":["plugin.registry.add route"],"fullName":"plugin.registry.add route invalid baseUrl → 400","status":"passed","title":"invalid baseUrl → 400","duration":0.17387500000040745,"failureMessages":[],"meta":{}},{"ancestorTitles":["plugin.registry.remove route"],"fullName":"plugin.registry.remove route happy path: 200","status":"passed","title":"happy path: 200","duration":0.19795799999883457,"failureMessages":[],"meta":{}},{"ancestorTitles":["plugin.registry.remove route"],"fullName":"plugin.registry.remove route calls invoke with 'plugin.registry.remove'","status":"passed","title":"calls invoke with 'plugin.registry.remove'","duration":0.09904199999982666,"failureMessages":[],"meta":{}},{"ancestorTitles":["plugin.registry.sync route"],"fullName":"plugin.registry.sync route happy path: 200","status":"passed","title":"happy path: 200","duration":0.10112500000104774,"failureMessages":[],"meta":{}},{"ancestorTitles":["plugin.registry.sync route"],"fullName":"plugin.registry.sync route calls invoke with 'plugin.registry.sync'","status":"passed","title":"calls invoke with 'plugin.registry.sync'","duration":0.08195900000100664,"failureMessages":[],"meta":{}},{"ancestorTitles":["plugin.settings.set_auth_alerts route"],"fullName":"plugin.settings.set_auth_alerts route happy path: 200","status":"passed","title":"happy path: 200","duration":0.1031249999996362,"failureMessages":[],"meta":{}},{"ancestorTitles":["plugin.settings.set_auth_alerts route"],"fullName":"plugin.settings.set_auth_alerts route calls invoke with 'plugin.settings.set_auth_alerts'","status":"passed","title":"calls invoke with 'plugin.settings.set_auth_alerts'","duration":0.09991700000136916,"failureMessages":[],"meta":{}},{"ancestorTitles":["plugin.settings.set_auth_alerts route"],"fullName":"plugin.settings.set_auth_alerts route empty roles array → 400","status":"passed","title":"empty roles array → 400","duration":0.12662499999896681,"failureMessages":[],"meta":{}},{"ancestorTitles":["plugin.workspace.set_enabled route"],"fullName":"plugin.workspace.set_enabled route happy path: 200","status":"passed","title":"happy path: 200","duration":0.0944999999992433,"failureMessages":[],"meta":{}},{"ancestorTitles":["plugin.workspace.set_enabled route"],"fullName":"plugin.workspace.set_enabled route calls invoke with 'plugin.workspace.set_enabled'","status":"passed","title":"calls invoke with 'plugin.workspace.set_enabled'","duration":0.5880419999994047,"failureMessages":[],"meta":{}}],"startTime":1781072022817,"endTime":1781072022831.5881,"status":"passed","message":"","name":"/Users/macanderson/oxagen-monorepo/apps/api/src/__tests__/routes.plugin.test.ts"},{"assertionResults":[{"ancestorTitles":["organization.create route"],"fullName":"organization.create route happy path: 201 with org","status":"passed","title":"happy path: 201 with org","duration":6.745249999999942,"failureMessages":[],"meta":{}},{"ancestorTitles":["organization.create route"],"fullName":"organization.create route calls invoke with 'organization.create'","status":"passed","title":"calls invoke with 'organization.create'","duration":0.5895830000008573,"failureMessages":[],"meta":{}},{"ancestorTitles":["organization.create route"],"fullName":"organization.create route invalid slug (uppercase) → 400","status":"passed","title":"invalid slug (uppercase) → 400","duration":0.6039160000000265,"failureMessages":[],"meta":{}},{"ancestorTitles":["organization.create route"],"fullName":"organization.create route slug too short → 400","status":"passed","title":"slug too short → 400","duration":0.4289580000004207,"failureMessages":[],"meta":{}},{"ancestorTitles":["workspace.create route"],"fullName":"workspace.create route happy path: 201 with workspace","status":"passed","title":"happy path: 201 with workspace","duration":0.42616699999962293,"failureMessages":[],"meta":{}},{"ancestorTitles":["workspace.create route"],"fullName":"workspace.create route calls invoke with 'workspace.create'","status":"passed","title":"calls invoke with 'workspace.create'","duration":0.24420899999859103,"failureMessages":[],"meta":{}},{"ancestorTitles":["workspace.create route"],"fullName":"workspace.create route invalid slug (spaces) → 400","status":"passed","title":"invalid slug (spaces) → 400","duration":0.23054100000081235,"failureMessages":[],"meta":{}},{"ancestorTitles":["workspace.model.settings.read route"],"fullName":"workspace.model.settings.read route happy path GET: 200","status":"passed","title":"happy path GET: 200","duration":0.2584579999984271,"failureMessages":[],"meta":{}},{"ancestorTitles":["workspace.model.settings.read route"],"fullName":"workspace.model.settings.read route calls invoke with 'workspace.model.settings.read' and empty input","status":"passed","title":"calls invoke with 'workspace.model.settings.read' and empty input","duration":0.18716700000004494,"failureMessages":[],"meta":{}},{"ancestorTitles":["workspace.model.settings.write route"],"fullName":"workspace.model.settings.write route happy path PATCH: 200","status":"passed","title":"happy path PATCH: 200","duration":0.3320000000003347,"failureMessages":[],"meta":{}},{"ancestorTitles":["workspace.model.settings.write route"],"fullName":"workspace.model.settings.write route calls invoke with 'workspace.model.settings.write'","status":"passed","title":"calls invoke with 'workspace.model.settings.write'","duration":0.17487500000061118,"failureMessages":[],"meta":{}},{"ancestorTitles":["org.member.add route"],"fullName":"org.member.add route happy path: 201 with invitation","status":"passed","title":"happy path: 201 with invitation","duration":0.4105840000011085,"failureMessages":[],"meta":{}},{"ancestorTitles":["org.member.add route"],"fullName":"org.member.add route calls invoke with 'org.member.add'","status":"passed","title":"calls invoke with 'org.member.add'","duration":0.19591700000091805,"failureMessages":[],"meta":{}},{"ancestorTitles":["org.member.add route"],"fullName":"org.member.add route invalid email → 400","status":"passed","title":"invalid email → 400","duration":0.15070899999955145,"failureMessages":[],"meta":{}},{"ancestorTitles":["org.member.invite.accept route"],"fullName":"org.member.invite.accept route happy path: 200","status":"passed","title":"happy path: 200","duration":0.1412079999990965,"failureMessages":[],"meta":{}},{"ancestorTitles":["org.member.invite.accept route"],"fullName":"org.member.invite.accept route calls invoke with 'org.member.invite.accept'","status":"passed","title":"calls invoke with 'org.member.invite.accept'","duration":0.09966700000040873,"failureMessages":[],"meta":{}},{"ancestorTitles":["org.member.invite.decline route"],"fullName":"org.member.invite.decline route happy path: 200","status":"passed","title":"happy path: 200","duration":0.10383299999921292,"failureMessages":[],"meta":{}},{"ancestorTitles":["org.member.invite.decline route"],"fullName":"org.member.invite.decline route calls invoke with 'org.member.invite.decline'","status":"passed","title":"calls invoke with 'org.member.invite.decline'","duration":0.08791700000074343,"failureMessages":[],"meta":{}},{"ancestorTitles":["org.member.remove route"],"fullName":"org.member.remove route happy path DELETE: 200","status":"passed","title":"happy path DELETE: 200","duration":0.1080839999995078,"failureMessages":[],"meta":{}},{"ancestorTitles":["org.member.remove route"],"fullName":"org.member.remove route calls invoke with 'org.member.remove'","status":"passed","title":"calls invoke with 'org.member.remove'","duration":0.0954169999986334,"failureMessages":[],"meta":{}},{"ancestorTitles":["org.member.role.change route"],"fullName":"org.member.role.change route happy path PATCH: 200","status":"passed","title":"happy path PATCH: 200","duration":0.10954099999980826,"failureMessages":[],"meta":{}},{"ancestorTitles":["org.member.role.change route"],"fullName":"org.member.role.change route calls invoke with 'org.member.role.change'","status":"passed","title":"calls invoke with 'org.member.role.change'","duration":0.08916599999975006,"failureMessages":[],"meta":{}},{"ancestorTitles":["user.preferences.read route"],"fullName":"user.preferences.read route happy path GET: 200 with preferences","status":"passed","title":"happy path GET: 200 with preferences","duration":0.11316699999952107,"failureMessages":[],"meta":{}},{"ancestorTitles":["user.preferences.read route"],"fullName":"user.preferences.read route calls invoke with 'user.preferences.read' and empty input","status":"passed","title":"calls invoke with 'user.preferences.read' and empty input","duration":0.07362500000090222,"failureMessages":[],"meta":{}},{"ancestorTitles":["user.preferences.write route"],"fullName":"user.preferences.write route happy path PATCH: 200","status":"passed","title":"happy path PATCH: 200","duration":0.10645800000020245,"failureMessages":[],"meta":{}},{"ancestorTitles":["user.preferences.write route"],"fullName":"user.preferences.write route calls invoke with 'user.preferences.write'","status":"passed","title":"calls invoke with 'user.preferences.write'","duration":0.1197920000013255,"failureMessages":[],"meta":{}},{"ancestorTitles":["notifications.list route"],"fullName":"notifications.list route happy path GET: 200 with notifications","status":"passed","title":"happy path GET: 200 with notifications","duration":0.27624999999898137,"failureMessages":[],"meta":{}},{"ancestorTitles":["notifications.list route"],"fullName":"notifications.list route calls invoke with 'notifications.list' and defaults","status":"passed","title":"calls invoke with 'notifications.list' and defaults","duration":0.08874999999898137,"failureMessages":[],"meta":{}},{"ancestorTitles":["notifications.list route"],"fullName":"notifications.list route ?unreadOnly=true → passes true","status":"passed","title":"?unreadOnly=true → passes true","duration":0.09783299999980954,"failureMessages":[],"meta":{}},{"ancestorTitles":["notifications.list route"],"fullName":"notifications.list route ?unreadOnly=false → passes false","status":"passed","title":"?unreadOnly=false → passes false","duration":0.07437500000014552,"failureMessages":[],"meta":{}},{"ancestorTitles":["notifications.list route"],"fullName":"notifications.list route ?limit=10 → parseInt passes 10 to invoke","status":"passed","title":"?limit=10 → parseInt passes 10 to invoke","duration":0.08120899999994435,"failureMessages":[],"meta":{}},{"ancestorTitles":["notifications.list route"],"fullName":"notifications.list route ?limit=abc → parseInt NaN → Zod validation → 400, invoke not called","status":"passed","title":"?limit=abc → parseInt NaN → Zod validation → 400, invoke not called","duration":0.12774999999965075,"failureMessages":[],"meta":{}},{"ancestorTitles":["notifications.mark route"],"fullName":"notifications.mark route happy path: 200","status":"passed","title":"happy path: 200","duration":0.10887499999989814,"failureMessages":[],"meta":{}},{"ancestorTitles":["notifications.mark route"],"fullName":"notifications.mark route calls invoke with 'notifications.mark'","status":"passed","title":"calls invoke with 'notifications.mark'","duration":0.09400000000096043,"failureMessages":[],"meta":{}},{"ancestorTitles":["notifications.mark route"],"fullName":"notifications.mark route missing id → 400","status":"passed","title":"missing id → 400","duration":0.1069999999999709,"failureMessages":[],"meta":{}}],"startTime":1781072022792,"endTime":1781072022806.109,"status":"passed","message":"","name":"/Users/macanderson/oxagen-monorepo/apps/api/src/__tests__/routes.workspace.test.ts"},{"assertionResults":[{"ancestorTitles":["stripe webhook — missing signature"],"fullName":"stripe webhook — missing signature missing stripe-signature header → 400","status":"passed","title":"missing stripe-signature header → 400","duration":4.551040999998804,"failureMessages":[],"meta":{}},{"ancestorTitles":["stripe webhook — missing signature"],"fullName":"stripe webhook — missing signature missing signature body includes 'Missing stripe-signature'","status":"passed","title":"missing signature body includes 'Missing stripe-signature'","duration":0.5851659999989351,"failureMessages":[],"meta":{}},{"ancestorTitles":["stripe webhook — signature verification failure"],"fullName":"stripe webhook — signature verification failure verifyStripeSignature throws Error → 400 with that error's message","status":"passed","title":"verifyStripeSignature throws Error → 400 with that error's message","duration":0.3734580000000278,"failureMessages":[],"meta":{}},{"ancestorTitles":["stripe webhook — signature verification failure"],"fullName":"stripe webhook — signature verification failure verifyStripeSignature throws non-Error → 400 'signature verification failed'","status":"passed","title":"verifyStripeSignature throws non-Error → 400 'signature verification failed'","duration":0.3023329999996349,"failureMessages":[],"meta":{}},{"ancestorTitles":["stripe webhook — signature verification failure"],"fullName":"stripe webhook — signature verification failure verifyStripeSignature throws null → 400 'signature verification failed'","status":"passed","title":"verifyStripeSignature throws null → 400 'signature verification failed'","duration":0.3132919999989099,"failureMessages":[],"meta":{}},{"ancestorTitles":["stripe webhook — success"],"fullName":"stripe webhook — success returns 200 {received:true} on success","status":"passed","title":"returns 200 {received:true} on success","duration":0.2964590000010503,"failureMessages":[],"meta":{}},{"ancestorTitles":["stripe webhook — success"],"fullName":"stripe webhook — success includes the status from processStripeEvent","status":"passed","title":"includes the status from processStripeEvent","duration":0.18608399999902758,"failureMessages":[],"meta":{}},{"ancestorTitles":["stripe webhook — success"],"fullName":"stripe webhook — success passes the raw text body to verifyStripeSignature (not JSON-parsed)","status":"passed","title":"passes the raw text body to verifyStripeSignature (not JSON-parsed)","duration":0.7055410000011761,"failureMessages":[],"meta":{}}],"startTime":1781072022661,"endTime":1781072022668.7056,"status":"passed","message":"","name":"/Users/macanderson/oxagen-monorepo/apps/api/src/__tests__/stripe.test.ts"},{"assertionResults":[{"ancestorTitles":["MS Graph lifecycle validation"],"fullName":"MS Graph lifecycle validation echoes validationToken back as text/plain with 200","status":"passed","title":"echoes validationToken back as text/plain with 200","duration":5.372541999999157,"failureMessages":[],"meta":{}},{"ancestorTitles":["MS Graph lifecycle validation"],"fullName":"MS Graph lifecycle validation skips DB and inngest for validation requests","status":"passed","title":"skips DB and inngest for validation requests","duration":0.4852080000000569,"failureMessages":[],"meta":{}},{"ancestorTitles":["unknown connector"],"fullName":"unknown connector returns 404 when getConnector throws","status":"passed","title":"returns 404 when getConnector throws","duration":0.4405830000014248,"failureMessages":[],"meta":{}},{"ancestorTitles":["connection not found"],"fullName":"connection not found returns 404 when DB returns empty rows","status":"passed","title":"returns 404 when DB returns empty rows","duration":0.7819170000002487,"failureMessages":[],"meta":{}},{"ancestorTitles":["signature verification"],"fullName":"signature verification returns 401 when verifyWebhook returns false","status":"passed","title":"returns 401 when verifyWebhook returns false","duration":0.5445419999996375,"failureMessages":[],"meta":{}},{"ancestorTitles":["signature verification"],"fullName":"signature verification passes null secret to verifyWebhook when no secretEnc","status":"passed","title":"passes null secret to verifyWebhook when no secretEnc","duration":1.5782920000001468,"failureMessages":[],"meta":{}},{"ancestorTitles":["signature verification"],"fullName":"signature verification trusts connector when verifyWebhook is undefined (no HMAC support)","status":"passed","title":"trusts connector when verifyWebhook is undefined (no HMAC support)","duration":0.36804099999972095,"failureMessages":[],"meta":{}},{"ancestorTitles":["happy path — no secretEnc"],"fullName":"happy path — no secretEnc returns 200 {received: true}","status":"passed","title":"returns 200 {received: true}","duration":0.2961249999989377,"failureMessages":[],"meta":{}},{"ancestorTitles":["happy path — no secretEnc"],"fullName":"happy path — no secretEnc sends ingestion/entity.received event to inngest","status":"passed","title":"sends ingestion/entity.received event to inngest","duration":0.6482090000008611,"failureMessages":[],"meta":{}},{"ancestorTitles":["happy path — no secretEnc"],"fullName":"happy path — no secretEnc event data includes connectionId, orgId, workspaceId, connectorType","status":"passed","title":"event data includes connectionId, orgId, workspaceId, connectorType","duration":0.3774999999986903,"failureMessages":[],"meta":{}},{"ancestorTitles":["happy path — no secretEnc"],"fullName":"happy path — no secretEnc does not call decrypt when secretEnc is null","status":"passed","title":"does not call decrypt when secretEnc is null","duration":0.24558299999989686,"failureMessages":[],"meta":{}},{"ancestorTitles":["happy path — with secretEnc (HMAC decryption)"],"fullName":"happy path — with secretEnc (HMAC decryption) returns 200","status":"passed","title":"returns 200","duration":0.27870900000016263,"failureMessages":[],"meta":{}},{"ancestorTitles":["happy path — with secretEnc (HMAC decryption)"],"fullName":"happy path — with secretEnc (HMAC decryption) decrypts the secretEnc and passes the secret to verifyWebhook","status":"passed","title":"decrypts the secretEnc and passes the secret to verifyWebhook","duration":1.1933330000010756,"failureMessages":[],"meta":{}},{"ancestorTitles":["happy path — with secretEnc (HMAC decryption)"],"fullName":"happy path — with secretEnc (HMAC decryption) proceeds without secret if decrypt throws","status":"passed","title":"proceeds without secret if decrypt throws","duration":0.46374999999898137,"failureMessages":[],"meta":{}},{"ancestorTitles":["sourceRecordType resolution"],"fullName":"sourceRecordType resolution uses x-github-event header when present","status":"passed","title":"uses x-github-event header when present","duration":0.23137499999938882,"failureMessages":[],"meta":{}},{"ancestorTitles":["sourceRecordType resolution"],"fullName":"sourceRecordType resolution uses x-linear-event header when present","status":"passed","title":"uses x-linear-event header when present","duration":0.20024999999986903,"failureMessages":[],"meta":{}},{"ancestorTitles":["sourceRecordType resolution"],"fullName":"sourceRecordType resolution falls back to body type field when no event headers","status":"passed","title":"falls back to body type field when no event headers","duration":0.17683299999953306,"failureMessages":[],"meta":{}},{"ancestorTitles":["sourceRecordType resolution"],"fullName":"sourceRecordType resolution falls back to 'event' when no headers or body type","status":"passed","title":"falls back to 'event' when no headers or body type","duration":0.13633300000037707,"failureMessages":[],"meta":{}},{"ancestorTitles":["invalid JSON payload"],"fullName":"invalid JSON payload treats non-JSON body as raw string payload and returns 200","status":"passed","title":"treats non-JSON body as raw string payload and returns 200","duration":0.18320899999889662,"failureMessages":[],"meta":{}}],"startTime":1781072021703,"endTime":1781072021717.183,"status":"passed","message":"","name":"/Users/macanderson/oxagen-monorepo/apps/api/src/__tests__/webhook.test.ts"},{"assertionResults":[{"ancestorTitles":["workspaceMiddleware — API key short-circuit"],"fullName":"workspaceMiddleware — API key short-circuit skips workspace slug resolution when workspaceId is pre-bound by API key","status":"passed","title":"skips workspace slug resolution when workspaceId is pre-bound by API key","duration":6.456500000000233,"failureMessages":[],"meta":{}},{"ancestorTitles":["workspaceMiddleware — session-auth paths"],"fullName":"workspaceMiddleware — session-auth paths workspace not_found → 404 'Workspace not found'","status":"passed","title":"workspace not_found → 404 'Workspace not found'","duration":0.7497910000001866,"failureMessages":[],"meta":{}},{"ancestorTitles":["workspaceMiddleware — session-auth paths"],"fullName":"workspaceMiddleware — session-auth paths cross-tenant: workspace from another org returns 404 (not 403)","status":"passed","title":"cross-tenant: workspace from another org returns 404 (not 403)","duration":0.42849999999998545,"failureMessages":[],"meta":{}},{"ancestorTitles":["workspaceMiddleware — session-auth paths"],"fullName":"workspaceMiddleware — session-auth paths workspace resolution success → proceeds to route handler","status":"passed","title":"workspace resolution success → proceeds to route handler","duration":0.2942080000002534,"failureMessages":[],"meta":{}}],"startTime":1781072024444,"endTime":1781072024452.4285,"status":"passed","message":"","name":"/Users/macanderson/oxagen-monorepo/apps/api/src/__tests__/workspace.test.ts"}]}
@oxagen/app:test:unit: {"numTotalTestSuites":599,"numPassedTestSuites":599,"numFailedTestSuites":0,"numPendingTestSuites":0,"numTotalTests":1908,"numPassedTests":1908,"numFailedTests":0,"numPendingTests":0,"numTodoTests":0,"snapshot":{"added":0,"failure":false,"filesAdded":0,"filesRemoved":0,"filesRemovedList":[],"filesUnmatched":0,"filesUpdated":0,"matched":0,"total":0,"unchecked":0,"uncheckedKeysByFile":[],"unmatched":0,"updated":0,"didUpdate":false},"startTime":1781072013248,"success":true,"testResults":[{"assertionResults":[{"ancestorTitles":["ApiKeyDisplay — rendering"],"fullName":"ApiKeyDisplay — rendering renders the key name","status":"passed","title":"renders the key name","duration":32.02541599999995,"failureMessages":[],"meta":{}},{"ancestorTitles":["ApiKeyDisplay — rendering"],"fullName":"ApiKeyDisplay — rendering renders the raw key value as code","status":"passed","title":"renders the raw key value as code","duration":2.0510830000000624,"failureMessages":[],"meta":{}},{"ancestorTitles":["ApiKeyDisplay — rendering"],"fullName":"ApiKeyDisplay — rendering renders the created date","status":"passed","title":"renders the created date","duration":1.651459000000159,"failureMessages":[],"meta":{}},{"ancestorTitles":["ApiKeyDisplay — rendering"],"fullName":"ApiKeyDisplay — rendering renders 'Expires' when expiresAt is set","status":"passed","title":"renders 'Expires' when expiresAt is set","duration":1.5069160000000466,"failureMessages":[],"meta":{}},{"ancestorTitles":["ApiKeyDisplay — rendering"],"fullName":"ApiKeyDisplay — rendering does not render 'Expires' when expiresAt is null","status":"passed","title":"does not render 'Expires' when expiresAt is null","duration":1.4296669999998812,"failureMessages":[],"meta":{}},{"ancestorTitles":["ApiKeyDisplay — rendering"],"fullName":"ApiKeyDisplay — rendering renders the Copy button","status":"passed","title":"renders the Copy button","duration":42.33241599999997,"failureMessages":[],"meta":{}},{"ancestorTitles":["ApiKeyDisplay — rendering"],"fullName":"ApiKeyDisplay — rendering renders the security notice","status":"passed","title":"renders the security notice","duration":1.6643749999998363,"failureMessages":[],"meta":{}},{"ancestorTitles":["ApiKeyDisplay — copy interaction"],"fullName":"ApiKeyDisplay — copy interaction copies the raw key to clipboard when Copy is clicked","status":"passed","title":"copies the raw key to clipboard when Copy is clicked","duration":56.371083,"failureMessages":[],"meta":{}},{"ancestorTitles":["ApiKeyDisplay — copy interaction"],"fullName":"ApiKeyDisplay — copy interaction shows 'Copied' aria-label after click","status":"passed","title":"shows 'Copied' aria-label after click","duration":31.045667000000094,"failureMessages":[],"meta":{}}],"startTime":1781072028509,"endTime":1781072028679.0457,"status":"passed","message":"","name":"/Users/macanderson/oxagen-monorepo/apps/app/src/components/api-key-display.test.tsx"},{"assertionResults":[{"ancestorTitles":["CSV serialization"],"fullName":"CSV serialization emits the header row in the canonical column order","status":"passed","title":"emits the header row in the canonical column order","duration":0.4275840000000244,"failureMessages":[],"meta":{}},{"ancestorTitles":["CSV serialization"],"fullName":"CSV serialization RFC-4180 quotes fields with commas/quotes and renders null as empty","status":"passed","title":"RFC-4180 quotes fields with commas/quotes and renders null as empty","duration":0.738666999999964,"failureMessages":[],"meta":{}},{"ancestorTitles":["NDJSON serialization"],"fullName":"NDJSON serialization emits one JSON object per line with string values","status":"passed","title":"emits one JSON object per line with string values","duration":0.10449999999997317,"failureMessages":[],"meta":{}},{"ancestorTitles":["NDJSON serialization"],"fullName":"NDJSON serialization returns empty string for no rows","status":"passed","title":"returns empty string for no rows","duration":0.04295799999999872,"failureMessages":[],"meta":{}},{"ancestorTitles":["serializeAuditExport dispatch"],"fullName":"serializeAuditExport dispatch routes by format","status":"passed","title":"routes by format","duration":0.08829199999996717,"failureMessages":[],"meta":{}},{"ancestorTitles":["HMAC signing"],"fullName":"HMAC signing verifies a body signed with the same secret","status":"passed","title":"verifies a body signed with the same secret","duration":0.266083999999978,"failureMessages":[],"meta":{}},{"ancestorTitles":["HMAC signing"],"fullName":"HMAC signing rejects a tampered body","status":"passed","title":"rejects a tampered body","duration":0.07675000000000409,"failureMessages":[],"meta":{}},{"ancestorTitles":["HMAC signing"],"fullName":"HMAC signing rejects the wrong secret","status":"passed","title":"rejects the wrong secret","duration":0.06370800000001964,"failureMessages":[],"meta":{}},{"ancestorTitles":["HMAC signing"],"fullName":"HMAC signing produces a stable hex digest","status":"passed","title":"produces a stable hex digest","duration":0.09445800000003146,"failureMessages":[],"meta":{}},{"ancestorTitles":["response helpers"],"fullName":"response helpers maps format to content type + filename","status":"passed","title":"maps format to content type + filename","duration":0.14783399999998892,"failureMessages":[],"meta":{}}],"startTime":1781072020763,"endTime":1781072020765.266,"status":"passed","message":"","name":"/Users/macanderson/oxagen-monorepo/apps/app/src/lib/audit-export.test.ts"},{"assertionResults":[{"ancestorTitles":["parseAuditFilter"],"fullName":"parseAuditFilter parses repeated and comma-joined event_type, dropping unknowns","status":"passed","title":"parses repeated and comma-joined event_type, dropping unknowns","duration":1.2725419999999872,"failureMessages":[],"meta":{}},{"ancestorTitles":["parseAuditFilter"],"fullName":"parseAuditFilter dedupes event types","status":"passed","title":"dedupes event types","duration":0.15287499999999454,"failureMessages":[],"meta":{}},{"ancestorTitles":["parseAuditFilter"],"fullName":"parseAuditFilter validates outcome and drops unknown ones","status":"passed","title":"validates outcome and drops unknown ones","duration":0.2180829999999787,"failureMessages":[],"meta":{}},{"ancestorTitles":["parseAuditFilter"],"fullName":"parseAuditFilter parses actor, free text, and dates","status":"passed","title":"parses actor, free text, and dates","duration":0.33241700000002083,"failureMessages":[],"meta":{}},{"ancestorTitles":["parseAuditFilter"],"fullName":"parseAuditFilter treats blank free text and bad dates as absent","status":"passed","title":"treats blank free text and bad dates as absent","duration":0.06416600000000017,"failureMessages":[],"meta":{}},{"ancestorTitles":["parseAuditFilter"],"fullName":"parseAuditFilter parses a keyset cursor token","status":"passed","title":"parses a keyset cursor token","duration":0.07583399999998619,"failureMessages":[],"meta":{}},{"ancestorTitles":["parseAuditFilter"],"fullName":"parseAuditFilter ignores a malformed cursor","status":"passed","title":"ignores a malformed cursor","duration":0.06691699999998946,"failureMessages":[],"meta":{}},{"ancestorTitles":["encodeAuditFilter"],"fullName":"encodeAuditFilter round-trips a filter through encode → parse","status":"passed","title":"round-trips a filter through encode → parse","duration":0.20216600000003382,"failureMessages":[],"meta":{}},{"ancestorTitles":["encodeAuditFilter"],"fullName":"encodeAuditFilter can override the cursor (next page) without mutating the filter","status":"passed","title":"can override the cursor (next page) without mutating the filter","duration":0.09562500000004093,"failureMessages":[],"meta":{}},{"ancestorTitles":["encodeAuditFilter"],"fullName":"encodeAuditFilter can clear the cursor explicitly","status":"passed","title":"can clear the cursor explicitly","duration":0.07108400000004167,"failureMessages":[],"meta":{}},{"ancestorTitles":["helpers"],"fullName":"helpers hasActiveFilter reflects any active dimension","status":"passed","title":"hasActiveFilter reflects any active dimension","duration":0.08400000000000318,"failureMessages":[],"meta":{}},{"ancestorTitles":["helpers"],"fullName":"helpers eventTypesInGroup returns the prefixed members","status":"passed","title":"eventTypesInGroup returns the prefixed members","duration":0.10345800000004601,"failureMessages":[],"meta":{}}],"startTime":1781072020280,"endTime":1781072020283.2021,"status":"passed","message":"","name":"/Users/macanderson/oxagen-monorepo/apps/app/src/lib/audit-filters.test.ts"},{"assertionResults":[{"ancestorTitles":["formatRelativeRenewal"],"fullName":"formatRelativeRenewal returns 'renews today' when end === now","status":"passed","title":"returns 'renews today' when end === now","duration":0.5008750000000646,"failureMessages":[],"meta":{}},{"ancestorTitles":["formatRelativeRenewal"],"fullName":"formatRelativeRenewal returns 'renews today' when end is in the past (≤0 days)","status":"passed","title":"returns 'renews today' when end is in the past (≤0 days)","duration":0.07695799999999053,"failureMessages":[],"meta":{}},{"ancestorTitles":["formatRelativeRenewal"],"fullName":"formatRelativeRenewal returns 'renews tomorrow on June 6th, 2026' for +1 day","status":"passed","title":"returns 'renews tomorrow on June 6th, 2026' for +1 day","duration":0.05962499999998272,"failureMessages":[],"meta":{}},{"ancestorTitles":["formatRelativeRenewal"],"fullName":"formatRelativeRenewal returns 'renews in 2 days' for +2 days","status":"passed","title":"returns 'renews in 2 days' for +2 days","duration":0.0536659999999074,"failureMessages":[],"meta":{}},{"ancestorTitles":["formatRelativeRenewal"],"fullName":"formatRelativeRenewal returns 'renews in 6 days on June 11th, 2026'","status":"passed","title":"returns 'renews in 6 days on June 11th, 2026'","duration":0.052874999999971806,"failureMessages":[],"meta":{}},{"ancestorTitles":["formatRelativeRenewal"],"fullName":"formatRelativeRenewal returns 'renews in 30 days' for exactly 30 days","status":"passed","title":"returns 'renews in 30 days' for exactly 30 days","duration":0.05462499999998727,"failureMessages":[],"meta":{}},{"ancestorTitles":["formatRelativeRenewal"],"fullName":"formatRelativeRenewal rounds 31 days to 1 month","status":"passed","title":"rounds 31 days to 1 month","duration":0.04633400000000165,"failureMessages":[],"meta":{}},{"ancestorTitles":["formatRelativeRenewal"],"fullName":"formatRelativeRenewal rounds 45 days to 2 months (per spec: 45d → '2 months')","status":"passed","title":"rounds 45 days to 2 months (per spec: 45d → '2 months')","duration":0.047915999999986525,"failureMessages":[],"meta":{}},{"ancestorTitles":["formatRelativeRenewal"],"fullName":"formatRelativeRenewal rounds 75 days to 3 months (per spec: 75d → '3 months')","status":"passed","title":"rounds 75 days to 3 months (per spec: 75d → '3 months')","duration":0.0520409999999174,"failureMessages":[],"meta":{}},{"ancestorTitles":["formatRelativeRenewal"],"fullName":"formatRelativeRenewal handles 63 days → 2 months","status":"passed","title":"handles 63 days → 2 months","duration":0.05858299999999872,"failureMessages":[],"meta":{}},{"ancestorTitles":["formatRelativeRenewal"],"fullName":"formatRelativeRenewal replaces 'renews' with 'cancels' when cancel:true (today)","status":"passed","title":"replaces 'renews' with 'cancels' when cancel:true (today)","duration":0.046333000000004176,"failureMessages":[],"meta":{}},{"ancestorTitles":["formatRelativeRenewal"],"fullName":"formatRelativeRenewal replaces 'renews' with 'cancels' when cancel:true (+1 day)","status":"passed","title":"replaces 'renews' with 'cancels' when cancel:true (+1 day)","duration":0.03608299999996234,"failureMessages":[],"meta":{}},{"ancestorTitles":["formatRelativeRenewal"],"fullName":"formatRelativeRenewal replaces 'renews' with 'cancels' when cancel:true (>30d)","status":"passed","title":"replaces 'renews' with 'cancels' when cancel:true (>30d)","duration":0.03350000000000364,"failureMessages":[],"meta":{}},{"ancestorTitles":["formatRelativeRenewal"],"fullName":"formatRelativeRenewal formats the 1st correctly (1st)","status":"passed","title":"formats the 1st correctly (1st)","duration":0.034915999999952874,"failureMessages":[],"meta":{}},{"ancestorTitles":["formatRelativeRenewal"],"fullName":"formatRelativeRenewal formats the 11th with 'th' (11th, not 11st)","status":"passed","title":"formats the 11th with 'th' (11th, not 11st)","duration":0.03254200000003493,"failureMessages":[],"meta":{}},{"ancestorTitles":["formatRelativeRenewal"],"fullName":"formatRelativeRenewal formats the 21st correctly (21st)","status":"passed","title":"formats the 21st correctly (21st)","duration":0.03045800000006693,"failureMessages":[],"meta":{}},{"ancestorTitles":["formatRelativeRenewal"],"fullName":"formatRelativeRenewal formats the 22nd correctly (22nd)","status":"passed","title":"formats the 22nd correctly (22nd)","duration":0.05141700000001492,"failureMessages":[],"meta":{}},{"ancestorTitles":["formatRelativeRenewal"],"fullName":"formatRelativeRenewal formats the 23rd correctly (23rd)","status":"passed","title":"formats the 23rd correctly (23rd)","duration":0.03191700000002129,"failureMessages":[],"meta":{}},{"ancestorTitles":["formatRelativeRenewal"],"fullName":"formatRelativeRenewal accepts a Date object","status":"passed","title":"accepts a Date object","duration":0.040582999999969616,"failureMessages":[],"meta":{}}],"startTime":1781072019421,"endTime":1781072019423.0515,"status":"passed","message":"","name":"/Users/macanderson/oxagen-monorepo/apps/app/src/lib/billing-format.test.ts"},{"assertionResults":[{"ancestorTitles":["CC6.1 — logical access controls"],"fullName":"CC6.1 — logical access controls not_started when neither RLS nor MFA is configured","status":"passed","title":"not_started when neither RLS nor MFA is configured","duration":0.6567500000001019,"failureMessages":[],"meta":{}},{"ancestorTitles":["CC6.1 — logical access controls"],"fullName":"CC6.1 — logical access controls partial when RLS enforced but MFA not required","status":"passed","title":"partial when RLS enforced but MFA not required","duration":0.08754200000021228,"failureMessages":[],"meta":{}},{"ancestorTitles":["CC6.1 — logical access controls"],"fullName":"CC6.1 — logical access controls active when both RLS enforced and MFA required","status":"passed","title":"active when both RLS enforced and MFA required","duration":0.07358399999975518,"failureMessages":[],"meta":{}},{"ancestorTitles":["CC6.2 — authentication and credential management"],"fullName":"CC6.2 — authentication and credential management partial when MFA not required","status":"passed","title":"partial when MFA not required","duration":0.07433399999990797,"failureMessages":[],"meta":{}},{"ancestorTitles":["CC6.2 — authentication and credential management"],"fullName":"CC6.2 — authentication and credential management active when MFA required","status":"passed","title":"active when MFA required","duration":0.060124999999970896,"failureMessages":[],"meta":{}},{"ancestorTitles":["CC6.3 — role-based access"],"fullName":"CC6.3 — role-based access is always partial regardless of signals","status":"passed","title":"is always partial regardless of signals","duration":17.802957999999762,"failureMessages":[],"meta":{}},{"ancestorTitles":["CC7.2 — audit trail and monitoring"],"fullName":"CC7.2 — audit trail and monitoring partial when no events recorded yet","status":"passed","title":"partial when no events recorded yet","duration":0.09425000000010186,"failureMessages":[],"meta":{}},{"ancestorTitles":["CC7.2 — audit trail and monitoring"],"fullName":"CC7.2 — audit trail and monitoring active when at least one event recorded","status":"passed","title":"active when at least one event recorded","duration":0.198207999999795,"failureMessages":[],"meta":{}},{"ancestorTitles":["CC7.2 — audit trail and monitoring"],"fullName":"CC7.2 — audit trail and monitoring rationale includes event count","status":"passed","title":"rationale includes event count","duration":0.3923330000002352,"failureMessages":[],"meta":{}},{"ancestorTitles":["CC9.2 — vendor risk"],"fullName":"CC9.2 — vendor risk is always partial","status":"passed","title":"is always partial","duration":0.17658300000039162,"failureMessages":[],"meta":{}},{"ancestorTitles":["CC6.api — API key rotation"],"fullName":"CC6.api — API key rotation active when no active keys","status":"passed","title":"active when no active keys","duration":0.3269580000001042,"failureMessages":[],"meta":{}},{"ancestorTitles":["CC6.api — API key rotation"],"fullName":"CC6.api — API key rotation active when oldest key is within 180 days","status":"passed","title":"active when oldest key is within 180 days","duration":0.10083299999996598,"failureMessages":[],"meta":{}},{"ancestorTitles":["CC6.api — API key rotation"],"fullName":"CC6.api — API key rotation active at exactly 180 days","status":"passed","title":"active at exactly 180 days","duration":0.053625000000010914,"failureMessages":[],"meta":{}},{"ancestorTitles":["CC6.api — API key rotation"],"fullName":"CC6.api — API key rotation partial when oldest key is older than 180 days","status":"passed","title":"partial when oldest key is older than 180 days","duration":0.0652500000001055,"failureMessages":[],"meta":{}},{"ancestorTitles":["summariseControls"],"fullName":"summariseControls counts active / partial / not_started correctly","status":"passed","title":"counts active / partial / not_started correctly","duration":0.0746249999997417,"failureMessages":[],"meta":{}},{"ancestorTitles":["summariseControls"],"fullName":"summariseControls returns 100% active when all signals are optimal","status":"passed","title":"returns 100% active when all signals are optimal","duration":0.08112500000015643,"failureMessages":[],"meta":{}},{"ancestorTitles":["summariseControls"],"fullName":"summariseControls denial path: role gate — not_started when both RLS and MFA missing","status":"passed","title":"denial path: role gate — not_started when both RLS and MFA missing","duration":0.061124999999719876,"failureMessages":[],"meta":{}},{"ancestorTitles":["control catalog shape"],"fullName":"control catalog shape every control has id, criterion, title, description, status, category","status":"passed","title":"every control has id, criterion, title, description, status, category","duration":0.6236660000004122,"failureMessages":[],"meta":{}},{"ancestorTitles":["control catalog shape"],"fullName":"control catalog shape has at least 6 controls (CC6.1, CC6.2, CC6.3, CC6.api, CC7.2, CC9.2)","status":"passed","title":"has at least 6 controls (CC6.1, CC6.2, CC6.3, CC6.api, CC7.2, CC9.2)","duration":0.045416999999815744,"failureMessages":[],"meta":{}}],"startTime":1781072016635,"endTime":1781072016657.0454,"status":"passed","message":"","name":"/Users/macanderson/oxagen-monorepo/apps/app/src/lib/compliance-controls.test.ts"},{"assertionResults":[{"ancestorTitles":["SOC2_MIN_TIER"],"fullName":"SOC2_MIN_TIER is 'enterprise'","status":"passed","title":"is 'enterprise'","duration":0.4552920000000995,"failureMessages":[],"meta":{}},{"ancestorTitles":["getEnterpriseAccess"],"fullName":"getEnterpriseAccess returns isEnterprise: true for an enterprise tier","status":"passed","title":"returns isEnterprise: true for an enterprise tier","duration":0.2011250000000473,"failureMessages":[],"meta":{}},{"ancestorTitles":["getEnterpriseAccess"],"fullName":"getEnterpriseAccess returns isEnterprise: false for a build tier","status":"passed","title":"returns isEnterprise: false for a build tier","duration":0.09095899999988433,"failureMessages":[],"meta":{}},{"ancestorTitles":["getEnterpriseAccess"],"fullName":"getEnterpriseAccess returns isEnterprise: false for a free tier","status":"passed","title":"returns isEnterprise: false for a free tier","duration":0.07129200000008495,"failureMessages":[],"meta":{}},{"ancestorTitles":["getEnterpriseAccess"],"fullName":"getEnterpriseAccess calls meetsMinimumTier with the resolved tier and SOC2_MIN_TIER","status":"passed","title":"calls meetsMinimumTier with the resolved tier and SOC2_MIN_TIER","duration":0.5500420000000759,"failureMessages":[],"meta":{}},{"ancestorTitles":["assertEnterprise"],"fullName":"assertEnterprise calls requireTier with the resolved tier, SOC2_MIN_TIER, and feature name","status":"passed","title":"calls requireTier with the resolved tier, SOC2_MIN_TIER, and feature name","duration":0.14095799999995506,"failureMessages":[],"meta":{}},{"ancestorTitles":["assertEnterprise"],"fullName":"assertEnterprise propagates when requireTier throws (insufficient tier)","status":"passed","title":"propagates when requireTier throws (insufficient tier)","duration":0.5372500000000855,"failureMessages":[],"meta":{}}],"startTime":1781072021647,"endTime":1781072021649.5374,"status":"passed","message":"","name":"/Users/macanderson/oxagen-monorepo/apps/app/src/lib/enterprise.test.ts"},{"assertionResults":[{"ancestorTitles":["getLinkedSocialProvider"],"fullName":"getLinkedSocialProvider returns 'google' when Google provider is linked","status":"passed","title":"returns 'google' when Google provider is linked","duration":0.6006250000000364,"failureMessages":[],"meta":{}},{"ancestorTitles":["getLinkedSocialProvider"],"fullName":"getLinkedSocialProvider returns 'github' when only GitHub provider is linked","status":"passed","title":"returns 'github' when only GitHub provider is linked","duration":0.09625000000005457,"failureMessages":[],"meta":{}},{"ancestorTitles":["getLinkedSocialProvider"],"fullName":"getLinkedSocialProvider prefers 'google' over 'github' when both are linked","status":"passed","title":"prefers 'google' over 'github' when both are linked","duration":0.08249999999998181,"failureMessages":[],"meta":{}},{"ancestorTitles":["getLinkedSocialProvider"],"fullName":"getLinkedSocialProvider returns null when only credential provider is linked","status":"passed","title":"returns null when only credential provider is linked","duration":0.07400000000006912,"failureMessages":[],"meta":{}},{"ancestorTitles":["getLinkedSocialProvider"],"fullName":"getLinkedSocialProvider returns null when no providers are linked","status":"passed","title":"returns null when no providers are linked","duration":0.06379199999992125,"failureMessages":[],"meta":{}},{"ancestorTitles":["getLinkedSocialProvider"],"fullName":"getLinkedSocialProvider returns null when unknown provider is linked (e.g. email)","status":"passed","title":"returns null when unknown provider is linked (e.g. email)","duration":0.06350000000020373,"failureMessages":[],"meta":{}},{"ancestorTitles":["getLinkedSocialProvider"],"fullName":"getLinkedSocialProvider handles multiple credential rows, returns google if present","status":"passed","title":"handles multiple credential rows, returns google if present","duration":0.06204099999990831,"failureMessages":[],"meta":{}}],"startTime":1781072021589,"endTime":1781072021590.0962,"status":"passed","message":"","name":"/Users/macanderson/oxagen-monorepo/apps/app/src/lib/linked-provider.test.ts"},{"assertionResults":[{"ancestorTitles":["emailDomain"],"fullName":"emailDomain extracts and lower-cases the domain","status":"passed","title":"extracts and lower-cases the domain","duration":0.45845800000000736,"failureMessages":[],"meta":{}},{"ancestorTitles":["emailDomain"],"fullName":"emailDomain uses the last @ for quirky local parts","status":"passed","title":"uses the last @ for quirky local parts","duration":0.07320800000002237,"failureMessages":[],"meta":{}},{"ancestorTitles":["emailDomain"],"fullName":"emailDomain returns null for missing @, no dot, or empty/nullish","status":"passed","title":"returns null for missing @, no dot, or empty/nullish","duration":0.11512500000003456,"failureMessages":[],"meta":{}},{"ancestorTitles":["isConsumerEmailDomain"],"fullName":"isConsumerEmailDomain flags well-known consumer providers","status":"passed","title":"flags well-known consumer providers","duration":0.08412500000002865,"failureMessages":[],"meta":{}},{"ancestorTitles":["isConsumerEmailDomain"],"fullName":"isConsumerEmailDomain treats business domains as non-consumer","status":"passed","title":"treats business domains as non-consumer","duration":0.05558399999995345,"failureMessages":[],"meta":{}},{"ancestorTitles":["isConsumerEmailDomain"],"fullName":"isConsumerEmailDomain treats null/empty as consumer (no business seeding)","status":"passed","title":"treats null/empty as consumer (no business seeding)","duration":0.06379200000003493,"failureMessages":[],"meta":{}},{"ancestorTitles":["companyNameFromDomain"],"fullName":"companyNameFromDomain title-cases the registrable label and splits separators","status":"passed","title":"title-cases the registrable label and splits separators","duration":0.16837499999996908,"failureMessages":[],"meta":{}},{"ancestorTitles":["companyNameFromDomain"],"fullName":"companyNameFromDomain uses the second-to-last label, ignoring common subdomains","status":"passed","title":"uses the second-to-last label, ignoring common subdomains","duration":0.05666600000000699,"failureMessages":[],"meta":{}},{"ancestorTitles":["companyNameFromDomain"],"fullName":"companyNameFromDomain returns '' for unusable input","status":"passed","title":"returns '' for unusable input","duration":0.051208000000031006,"failureMessages":[],"meta":{}},{"ancestorTitles":["buildOrgSignupPrefill"],"fullName":"buildOrgSignupPrefill seeds business name + website from a non-consumer domain","status":"passed","title":"seeds business name + website from a non-consumer domain","duration":0.30820799999997917,"failureMessages":[],"meta":{}},{"ancestorTitles":["buildOrgSignupPrefill"],"fullName":"buildOrgSignupPrefill does NOT seed business fields for a consumer domain","status":"passed","title":"does NOT seed business fields for a consumer domain","duration":0.09337500000003729,"failureMessages":[],"meta":{}},{"ancestorTitles":["buildOrgSignupPrefill"],"fullName":"buildOrgSignupPrefill trims values and defaults missing fields","status":"passed","title":"trims values and defaults missing fields","duration":0.09212500000001,"failureMessages":[],"meta":{}},{"ancestorTitles":["buildOrgSignupPrefill"],"fullName":"buildOrgSignupPrefill handles a fully empty profile","status":"passed","title":"handles a fully empty profile","duration":0.059332999999980984,"failureMessages":[],"meta":{}}],"startTime":1781072019878,"endTime":1781072019880.0933,"status":"passed","message":"","name":"/Users/macanderson/oxagen-monorepo/apps/app/src/lib/oauth-prefill.test.ts"},{"assertionResults":[{"ancestorTitles":["planTierLabel — valid tiers"],"fullName":"planTierLabel — valid tiers returns a non-empty label for every valid tier","status":"passed","title":"returns a non-empty label for every valid tier","duration":0.4820829999999887,"failureMessages":[],"meta":{}},{"ancestorTitles":["planTierLabel — valid tiers"],"fullName":"planTierLabel — valid tiers returns distinct labels for each tier","status":"passed","title":"returns distinct labels for each tier","duration":0.11100000000010368,"failureMessages":[],"meta":{}},{"ancestorTitles":["planTierLabel — valid tiers"],"fullName":"planTierLabel — valid tiers returns 'Free' for the free tier","status":"passed","title":"returns 'Free' for the free tier","duration":0.05929100000003018,"failureMessages":[],"meta":{}},{"ancestorTitles":["planTierLabel — valid tiers"],"fullName":"planTierLabel — valid tiers returns 'Build' for the build tier","status":"passed","title":"returns 'Build' for the build tier","duration":0.03958299999999326,"failureMessages":[],"meta":{}},{"ancestorTitles":["planTierLabel — valid tiers"],"fullName":"planTierLabel — valid tiers returns 'Scale' for the scale tier","status":"passed","title":"returns 'Scale' for the scale tier","duration":0.03624999999999545,"failureMessages":[],"meta":{}},{"ancestorTitles":["planTierLabel — valid tiers"],"fullName":"planTierLabel — valid tiers returns 'Enterprise' for the enterprise tier","status":"passed","title":"returns 'Enterprise' for the enterprise tier","duration":0.04704100000003564,"failureMessages":[],"meta":{}},{"ancestorTitles":["planTierLabel — invalid/missing input"],"fullName":"planTierLabel — invalid/missing input returns 'Free' for null","status":"passed","title":"returns 'Free' for null","duration":0.049958000000060565,"failureMessages":[],"meta":{}},{"ancestorTitles":["planTierLabel — invalid/missing input"],"fullName":"planTierLabel — invalid/missing input returns 'Free' for undefined","status":"passed","title":"returns 'Free' for undefined","duration":0.03566699999998946,"failureMessages":[],"meta":{}},{"ancestorTitles":["planTierLabel — invalid/missing input"],"fullName":"planTierLabel — invalid/missing input returns 'Free' for an empty string","status":"passed","title":"returns 'Free' for an empty string","duration":0.038749999999936335,"failureMessages":[],"meta":{}},{"ancestorTitles":["planTierLabel — invalid/missing input"],"fullName":"planTierLabel — invalid/missing input returns 'Free' for an unknown tier string","status":"passed","title":"returns 'Free' for an unknown tier string","duration":0.04416599999990467,"failureMessages":[],"meta":{}},{"ancestorTitles":["planTierLabel — invalid/missing input"],"fullName":"planTierLabel — invalid/missing input returns 'Free' for a near-valid but uppercase tier string","status":"passed","title":"returns 'Free' for a near-valid but uppercase tier string","duration":0.036291000000005624,"failureMessages":[],"meta":{}},{"ancestorTitles":["planTierLabel — invalid/missing input"],"fullName":"planTierLabel — invalid/missing input returns 'Free' for a numeric-looking string","status":"passed","title":"returns 'Free' for a numeric-looking string","duration":0.03245800000001964,"failureMessages":[],"meta":{}},{"ancestorTitles":["planLabelFrom — subscription overrides legacy"],"fullName":"planLabelFrom — subscription overrides legacy uses subscriptionTier when both are valid","status":"passed","title":"uses subscriptionTier when both are valid","duration":0.26300000000003365,"failureMessages":[],"meta":{}},{"ancestorTitles":["planLabelFrom — subscription overrides legacy"],"fullName":"planLabelFrom — subscription overrides legacy uses subscriptionTier even when legacy is null","status":"passed","title":"uses subscriptionTier even when legacy is null","duration":0.0352500000000191,"failureMessages":[],"meta":{}},{"ancestorTitles":["planLabelFrom — subscription overrides legacy"],"fullName":"planLabelFrom — subscription overrides legacy uses subscriptionTier even when legacy is undefined","status":"passed","title":"uses subscriptionTier even when legacy is undefined","duration":0.031375000000025466,"failureMessages":[],"meta":{}},{"ancestorTitles":["planLabelFrom — subscription overrides legacy"],"fullName":"planLabelFrom — subscription overrides legacy falls back to legacyPlanType when subscriptionTier is null","status":"passed","title":"falls back to legacyPlanType when subscriptionTier is null","duration":0.043457999999986896,"failureMessages":[],"meta":{}},{"ancestorTitles":["planLabelFrom — subscription overrides legacy"],"fullName":"planLabelFrom — subscription overrides legacy falls back to legacyPlanType when subscriptionTier is undefined","status":"passed","title":"falls back to legacyPlanType when subscriptionTier is undefined","duration":0.03012499999999818,"failureMessages":[],"meta":{}},{"ancestorTitles":["planLabelFrom — subscription overrides legacy"],"fullName":"planLabelFrom — subscription overrides legacy falls back to legacyPlanType when subscriptionTier is unknown","status":"passed","title":"falls back to legacyPlanType when subscriptionTier is unknown","duration":0.03387499999996635,"failureMessages":[],"meta":{}},{"ancestorTitles":["planLabelFrom — both invalid"],"fullName":"planLabelFrom — both invalid returns 'Free' when both args are null","status":"passed","title":"returns 'Free' when both args are null","duration":0.032833999999979824,"failureMessages":[],"meta":{}},{"ancestorTitles":["planLabelFrom — both invalid"],"fullName":"planLabelFrom — both invalid returns 'Free' when both args are undefined","status":"passed","title":"returns 'Free' when both args are undefined","duration":0.03174999999998818,"failureMessages":[],"meta":{}},{"ancestorTitles":["planLabelFrom — both invalid"],"fullName":"planLabelFrom — both invalid returns 'Free' when both are unknown strings","status":"passed","title":"returns 'Free' when both are unknown strings","duration":0.029415999999969245,"failureMessages":[],"meta":{}},{"ancestorTitles":["CONFIG-DERIVED tier coverage"],"fullName":"CONFIG-DERIVED tier coverage TIER_LABELS keys set-equal VALID_TIERS (the two source constants never drift)","status":"passed","title":"TIER_LABELS keys set-equal VALID_TIERS (the two source constants never drift)","duration":0.06787499999995816,"failureMessages":[],"meta":{}},{"ancestorTitles":["CONFIG-DERIVED tier coverage"],"fullName":"CONFIG-DERIVED tier coverage every tier in VALID_TIERS is recognized by planTierLabel (no fallback drift)","status":"passed","title":"every tier in VALID_TIERS is recognized by planTierLabel (no fallback drift)","duration":0.373958000000016,"failureMessages":[],"meta":{}},{"ancestorTitles":["CONFIG-DERIVED tier coverage"],"fullName":"CONFIG-DERIVED tier coverage each valid tier maps to its TIER_LABELS entry","status":"passed","title":"each valid tier maps to its TIER_LABELS entry","duration":0.06279099999994742,"failureMessages":[],"meta":{}},{"ancestorTitles":["CONFIG-DERIVED tier coverage"],"fullName":"CONFIG-DERIVED tier coverage no tier outside VALID_TIERS is recognized (label falls to 'Free')","status":"passed","title":"no tier outside VALID_TIERS is recognized (label falls to 'Free')","duration":0.10179099999993468,"failureMessages":[],"meta":{}}],"startTime":1781072018782,"endTime":1781072018785.1018,"status":"passed","message":"","name":"/Users/macanderson/oxagen-monorepo/apps/app/src/lib/plan-label.test.ts"},{"assertionResults":[{"ancestorTitles":["resolveActiveTab"],"fullName":"resolveActiveTab returns the exact match","status":"passed","title":"returns the exact match","duration":0.7777920000000336,"failureMessages":[],"meta":{}},{"ancestorTitles":["resolveActiveTab"],"fullName":"resolveActiveTab returns the longest prefix match","status":"passed","title":"returns the longest prefix match","duration":0.08783299999998917,"failureMessages":[],"meta":{}},{"ancestorTitles":["resolveActiveTab"],"fullName":"resolveActiveTab does not match partial segments (no false-positive prefix)","status":"passed","title":"does not match partial segments (no false-positive prefix)","duration":0.0625840000000153,"failureMessages":[],"meta":{}},{"ancestorTitles":["resolveActiveTab"],"fullName":"resolveActiveTab falls back to first tab href when no match","status":"passed","title":"falls back to first tab href when no match","duration":0.050749999999993634,"failureMessages":[],"meta":{}},{"ancestorTitles":["resolveActiveTab"],"fullName":"resolveActiveTab returns empty string when tabs array is empty","status":"passed","title":"returns empty string when tabs array is empty","duration":0.05083300000001145,"failureMessages":[],"meta":{}},{"ancestorTitles":["resolveActiveTab"],"fullName":"resolveActiveTab handles exact match at root path","status":"passed","title":"handles exact match at root path","duration":0.058041000000002896,"failureMessages":[],"meta":{}},{"ancestorTitles":["resolveActiveTab"],"fullName":"resolveActiveTab selects the deepest match among overlapping hrefs","status":"passed","title":"selects the deepest match among overlapping hrefs","duration":0.052874999999971806,"failureMessages":[],"meta":{}},{"ancestorTitles":["resolveActiveTab"],"fullName":"resolveActiveTab is stable with single-tab list","status":"passed","title":"is stable with single-tab list","duration":0.07324999999997317,"failureMessages":[],"meta":{}}],"startTime":1781072020733,"endTime":1781072020734.088,"status":"passed","message":"","name":"/Users/macanderson/oxagen-monorepo/apps/app/src/lib/resolve-active-tab.test.ts"},{"assertionResults":[{"ancestorTitles":["assertOrgMember"],"fullName":"assertOrgMember resolves (void) when a member row exists","status":"passed","title":"resolves (void) when a member row exists","duration":0.858791999999994,"failureMessages":[],"meta":{}},{"ancestorTitles":["assertOrgMember"],"fullName":"assertOrgMember calls notFound() when no row is found (non-member)","status":"passed","title":"calls notFound() when no row is found (non-member)","duration":0.47254099999986465,"failureMessages":[],"meta":{}},{"ancestorTitles":["assertMcpManager"],"fullName":"assertMcpManager role 'owner' → resolves without notFound","status":"passed","title":"role 'owner' → resolves without notFound","duration":0.15204199999993762,"failureMessages":[],"meta":{}},{"ancestorTitles":["assertMcpManager"],"fullName":"assertMcpManager role 'admin' → resolves without notFound","status":"passed","title":"role 'admin' → resolves without notFound","duration":0.07562499999994543,"failureMessages":[],"meta":{}},{"ancestorTitles":["assertMcpManager"],"fullName":"assertMcpManager role 'member' → notFound()","status":"passed","title":"role 'member' → notFound()","duration":0.13425000000006548,"failureMessages":[],"meta":{}},{"ancestorTitles":["assertMcpManager"],"fullName":"assertMcpManager role 'billing' → notFound()","status":"passed","title":"role 'billing' → notFound()","duration":0.1150830000001406,"failureMessages":[],"meta":{}},{"ancestorTitles":["assertMcpManager"],"fullName":"assertMcpManager role 'viewer' → notFound()","status":"passed","title":"role 'viewer' → notFound()","duration":0.1064169999999649,"failureMessages":[],"meta":{}},{"ancestorTitles":["assertMcpManager"],"fullName":"assertMcpManager role 'guest' → notFound()","status":"passed","title":"role 'guest' → notFound()","duration":0.15295799999989868,"failureMessages":[],"meta":{}},{"ancestorTitles":["assertMcpManager"],"fullName":"assertMcpManager no row (non-member) → notFound()","status":"passed","title":"no row (non-member) → notFound()","duration":0.2371250000001055,"failureMessages":[],"meta":{}},{"ancestorTitles":["assertMcpManager"],"fullName":"assertMcpManager null role → notFound()","status":"passed","title":"null role → notFound()","duration":0.17116699999996854,"failureMessages":[],"meta":{}},{"ancestorTitles":["getOrgRole"],"fullName":"getOrgRole returns the role string when a row exists","status":"passed","title":"returns the role string when a row exists","duration":0.14283399999999347,"failureMessages":[],"meta":{}},{"ancestorTitles":["getOrgRole"],"fullName":"getOrgRole returns null when the user is not a member","status":"passed","title":"returns null when the user is not a member","duration":0.06604199999992488,"failureMessages":[],"meta":{}},{"ancestorTitles":["getOrgRole"],"fullName":"getOrgRole returns the raw role value (owner)","status":"passed","title":"returns the raw role value (owner)","duration":0.05283400000007532,"failureMessages":[],"meta":{}},{"ancestorTitles":["assertSecurityManager"],"fullName":"assertSecurityManager role 'owner' → resolves","status":"passed","title":"role 'owner' → resolves","duration":0.10129200000005767,"failureMessages":[],"meta":{}},{"ancestorTitles":["assertSecurityManager"],"fullName":"assertSecurityManager role 'admin' → resolves","status":"passed","title":"role 'admin' → resolves","duration":0.05458300000009331,"failureMessages":[],"meta":{}},{"ancestorTitles":["assertSecurityManager"],"fullName":"assertSecurityManager role 'member' → notFound()","status":"passed","title":"role 'member' → notFound()","duration":0.08324999999990723,"failureMessages":[],"meta":{}},{"ancestorTitles":["assertSecurityManager"],"fullName":"assertSecurityManager role 'billing' → notFound()","status":"passed","title":"role 'billing' → notFound()","duration":0.07175000000006548,"failureMessages":[],"meta":{}},{"ancestorTitles":["assertSecurityManager"],"fullName":"assertSecurityManager role 'viewer' → notFound()","status":"passed","title":"role 'viewer' → notFound()","duration":0.07195900000010624,"failureMessages":[],"meta":{}},{"ancestorTitles":["assertSecurityManager"],"fullName":"assertSecurityManager role 'guest' → notFound()","status":"passed","title":"role 'guest' → notFound()","duration":0.06150000000002365,"failureMessages":[],"meta":{}},{"ancestorTitles":["assertSecurityManager"],"fullName":"assertSecurityManager non-member (no row) → notFound()","status":"passed","title":"non-member (no row) → notFound()","duration":0.07375000000001819,"failureMessages":[],"meta":{}}],"startTime":1781072020511,"endTime":1781072020515.0737,"status":"passed","message":"","name":"/Users/macanderson/oxagen-monorepo/apps/app/src/lib/resolve-org-extended.test.ts"},{"assertionResults":[{"ancestorTitles":["resolveOrg"],"fullName":"resolveOrg returns ResolvedOrg with correct mapped fields","status":"passed","title":"returns ResolvedOrg with correct mapped fields","duration":1.246541999999863,"failureMessages":[],"meta":{}},{"ancestorTitles":["resolveOrg"],"fullName":"resolveOrg calls notFound() when no org row is returned","status":"passed","title":"calls notFound() when no org row is returned","duration":0.9875839999999698,"failureMessages":[],"meta":{}},{"ancestorTitles":["resolveWorkspace"],"fullName":"resolveWorkspace returns ResolvedWorkspace with correct mapped fields","status":"passed","title":"returns ResolvedWorkspace with correct mapped fields","duration":0.19541700000036144,"failureMessages":[],"meta":{}},{"ancestorTitles":["resolveWorkspace"],"fullName":"resolveWorkspace calls notFound() when no workspace row is returned","status":"passed","title":"calls notFound() when no workspace row is returned","duration":0.14329199999974662,"failureMessages":[],"meta":{}},{"ancestorTitles":["resolveWorkspace"],"fullName":"resolveWorkspace passes both orgId and slug to the where clause","status":"passed","title":"passes both orgId and slug to the where clause","duration":4.115292000000409,"failureMessages":[],"meta":{}},{"ancestorTitles":["assertBillingManager"],"fullName":"assertBillingManager role 'owner' passes without calling notFound()","status":"passed","title":"role 'owner' passes without calling notFound()","duration":0.39370800000006057,"failureMessages":[],"meta":{}},{"ancestorTitles":["assertBillingManager"],"fullName":"assertBillingManager role 'admin' passes without calling notFound()","status":"passed","title":"role 'admin' passes without calling notFound()","duration":0.11270899999999529,"failureMessages":[],"meta":{}},{"ancestorTitles":["assertBillingManager"],"fullName":"assertBillingManager role 'billing' passes without calling notFound()","status":"passed","title":"role 'billing' passes without calling notFound()","duration":0.08558300000004238,"failureMessages":[],"meta":{}},{"ancestorTitles":["assertBillingManager"],"fullName":"assertBillingManager role 'member' → notFound()","status":"passed","title":"role 'member' → notFound()","duration":0.13462500000014188,"failureMessages":[],"meta":{}},{"ancestorTitles":["assertBillingManager"],"fullName":"assertBillingManager role 'viewer' → notFound()","status":"passed","title":"role 'viewer' → notFound()","duration":0.11724999999978536,"failureMessages":[],"meta":{}},{"ancestorTitles":["assertBillingManager"],"fullName":"assertBillingManager role 'guest' → notFound()","status":"passed","title":"role 'guest' → notFound()","duration":0.08829199999991033,"failureMessages":[],"meta":{}},{"ancestorTitles":["assertBillingManager"],"fullName":"assertBillingManager role 'unknown' → notFound()","status":"passed","title":"role 'unknown' → notFound()","duration":0.11337500000036016,"failureMessages":[],"meta":{}},{"ancestorTitles":["assertBillingManager"],"fullName":"assertBillingManager no row (non-member) → notFound()","status":"passed","title":"no row (non-member) → notFound()","duration":0.10666700000001583,"failureMessages":[],"meta":{}},{"ancestorTitles":["assertBillingManager"],"fullName":"assertBillingManager null role field → notFound()","status":"passed","title":"null role field → notFound()","duration":0.08966699999973571,"failureMessages":[],"meta":{}}],"startTime":1781072019248,"endTime":1781072019257.0896,"status":"passed","message":"","name":"/Users/macanderson/oxagen-monorepo/apps/app/src/lib/resolve-org.test.ts"},{"assertionResults":[{"ancestorTitles":["defaultTab — config-derived completeness"],"fullName":"defaultTab — config-derived completeness has a non-empty value for every key (no dead entries)","status":"passed","title":"has a non-empty value for every key (no dead entries)","duration":1.4569159999999783,"failureMessages":[],"meta":{}},{"ancestorTitles":["defaultTab — config-derived completeness"],"fullName":"defaultTab — config-derived completeness count matches Object.keys(defaultTab).length (not a hardcoded literal)","status":"passed","title":"count matches Object.keys(defaultTab).length (not a hardcoded literal)","duration":0.21829200000001947,"failureMessages":[],"meta":{}},{"ancestorTitles":["defaultTab — config-derived completeness"],"fullName":"defaultTab — config-derived completeness contains all expected top-level workspace parent keys","status":"passed","title":"contains all expected top-level workspace parent keys","duration":0.29712500000005093,"failureMessages":[],"meta":{}},{"ancestorTitles":["defaultTab — config-derived completeness"],"fullName":"defaultTab — config-derived completeness contains all expected org-scope parent keys","status":"passed","title":"contains all expected org-scope parent keys","duration":0.15316699999993943,"failureMessages":[],"meta":{}},{"ancestorTitles":["defaultTab — config-derived completeness"],"fullName":"defaultTab — config-derived completeness does NOT include 'chat' as a key (chat has no tab sub-routes)","status":"passed","title":"does NOT include 'chat' as a key (chat has no tab sub-routes)","duration":0.40058399999998073,"failureMessages":[],"meta":{}},{"ancestorTitles":["defaultTab — config-derived completeness"],"fullName":"defaultTab — config-derived completeness does NOT include 'ask' as a key (ask has no tab sub-routes)","status":"passed","title":"does NOT include 'ask' as a key (ask has no tab sub-routes)","duration":1.2635000000000218,"failureMessages":[],"meta":{}},{"ancestorTitles":["defaultTab — value format"],"fullName":"defaultTab — value format every value is a non-empty lowercase string with no slashes","status":"passed","title":"every value is a non-empty lowercase string with no slashes","duration":0.42166599999995924,"failureMessages":[],"meta":{}},{"ancestorTitles":["defaultTab — known mappings"],"fullName":"defaultTab — known mappings knowledge → sources","status":"passed","title":"knowledge → sources","duration":0.08024999999997817,"failureMessages":[],"meta":{}},{"ancestorTitles":["defaultTab — known mappings"],"fullName":"defaultTab — known mappings automation → agents","status":"passed","title":"automation → agents","duration":0.04891700000007404,"failureMessages":[],"meta":{}},{"ancestorTitles":["defaultTab — known mappings"],"fullName":"defaultTab — known mappings activity → runs","status":"passed","title":"activity → runs","duration":0.053625000000010914,"failureMessages":[],"meta":{}},{"ancestorTitles":["defaultTab — known mappings"],"fullName":"defaultTab — known mappings studio → compose","status":"passed","title":"studio → compose","duration":0.03787499999998545,"failureMessages":[],"meta":{}},{"ancestorTitles":["defaultTab — known mappings"],"fullName":"defaultTab — known mappings settings → general","status":"passed","title":"settings → general","duration":0.03212499999995089,"failureMessages":[],"meta":{}},{"ancestorTitles":["defaultTab — known mappings"],"fullName":"defaultTab — known mappings access → grants","status":"passed","title":"access → grants","duration":0.03254200000003493,"failureMessages":[],"meta":{}},{"ancestorTitles":["defaultTab — known mappings"],"fullName":"defaultTab — known mappings security → audit","status":"passed","title":"security → audit","duration":0.02949999999998454,"failureMessages":[],"meta":{}},{"ancestorTitles":["defaultTab — known mappings"],"fullName":"defaultTab — known mappings billing → subscription","status":"passed","title":"billing → subscription","duration":0.028874999999970896,"failureMessages":[],"meta":{}},{"ancestorTitles":["defaultTab — known mappings"],"fullName":"defaultTab — known mappings developer → mcp","status":"passed","title":"developer → mcp","duration":0.04337499999996908,"failureMessages":[],"meta":{}},{"ancestorTitles":["account route builders"],"fullName":"account route builders root → /account","status":"passed","title":"root → /account","duration":0.03849999999999909,"failureMessages":[],"meta":{}},{"ancestorTitles":["account route builders"],"fullName":"account route builders profile → /account/profile","status":"passed","title":"profile → /account/profile","duration":0.032166999999958534,"failureMessages":[],"meta":{}},{"ancestorTitles":["account route builders"],"fullName":"account route builders preferences → /account/preferences","status":"passed","title":"preferences → /account/preferences","duration":0.03433400000005804,"failureMessages":[],"meta":{}},{"ancestorTitles":["account route builders"],"fullName":"account route builders security → /account/security","status":"passed","title":"security → /account/security","duration":0.029208000000039647,"failureMessages":[],"meta":{}},{"ancestorTitles":["org route builders"],"fullName":"org route builders root → /{org}","status":"passed","title":"root → /{org}","duration":0.04487499999993361,"failureMessages":[],"meta":{}},{"ancestorTitles":["org route builders"],"fullName":"org route builders members → /{org}/members","status":"passed","title":"members → /{org}/members","duration":0.035750000000007276,"failureMessages":[],"meta":{}},{"ancestorTitles":["org route builders"],"fullName":"org route builders access.root → /{org}/access","status":"passed","title":"access.root → /{org}/access","duration":0.03958299999999326,"failureMessages":[],"meta":{}},{"ancestorTitles":["org route builders"],"fullName":"org route builders access.grants → /{org}/access/grants","status":"passed","title":"access.grants → /{org}/access/grants","duration":0.03358400000001893,"failureMessages":[],"meta":{}},{"ancestorTitles":["org route builders"],"fullName":"org route builders security.audit → /{org}/security/audit","status":"passed","title":"security.audit → /{org}/security/audit","duration":0.050915999999915584,"failureMessages":[],"meta":{}},{"ancestorTitles":["org route builders"],"fullName":"org route builders billing.subscription → /{org}/billing/subscription","status":"passed","title":"billing.subscription → /{org}/billing/subscription","duration":0.03450000000009368,"failureMessages":[],"meta":{}},{"ancestorTitles":["org route builders"],"fullName":"org route builders developer.mcp → /{org}/developer/mcp","status":"passed","title":"developer.mcp → /{org}/developer/mcp","duration":0.032291999999984,"failureMessages":[],"meta":{}},{"ancestorTitles":["org route builders"],"fullName":"org route builders settings.general → /{org}/settings/general","status":"passed","title":"settings.general → /{org}/settings/general","duration":0.03070900000000165,"failureMessages":[],"meta":{}},{"ancestorTitles":["workspace route builders"],"fullName":"workspace route builders ask → /{org}/{ws}/ask","status":"passed","title":"ask → /{org}/{ws}/ask","duration":0.05504099999996015,"failureMessages":[],"meta":{}},{"ancestorTitles":["workspace route builders"],"fullName":"workspace route builders knowledge.root → /{org}/{ws}/knowledge","status":"passed","title":"knowledge.root → /{org}/{ws}/knowledge","duration":0.03833399999996345,"failureMessages":[],"meta":{}},{"ancestorTitles":["workspace route builders"],"fullName":"workspace route builders knowledge.sources → /{org}/{ws}/knowledge/sources","status":"passed","title":"knowledge.sources → /{org}/{ws}/knowledge/sources","duration":0.03795800000000327,"failureMessages":[],"meta":{}},{"ancestorTitles":["workspace route builders"],"fullName":"workspace route builders automation.agents → /{org}/{ws}/automation/agents","status":"passed","title":"automation.agents → /{org}/{ws}/automation/agents","duration":0.036791999999991276,"failureMessages":[],"meta":{}},{"ancestorTitles":["workspace route builders"],"fullName":"workspace route builders activity.runs → /{org}/{ws}/activity/runs","status":"passed","title":"activity.runs → /{org}/{ws}/activity/runs","duration":0.033916999999973996,"failureMessages":[],"meta":{}},{"ancestorTitles":["workspace route builders"],"fullName":"workspace route builders studio.root → /{org}/{ws}/tools/studio","status":"passed","title":"studio.root → /{org}/{ws}/tools/studio","duration":0.03187500000001364,"failureMessages":[],"meta":{}},{"ancestorTitles":["workspace route builders"],"fullName":"workspace route builders settings.root → /{org}/{ws}/settings","status":"passed","title":"settings.root → /{org}/{ws}/settings","duration":0.03279199999997218,"failureMessages":[],"meta":{}},{"ancestorTitles":["workspace route builders"],"fullName":"workspace route builders settings.modelKeys → /{org}/{ws}/settings/model-keys","status":"passed","title":"settings.modelKeys → /{org}/{ws}/settings/model-keys","duration":0.03166600000008657,"failureMessages":[],"meta":{}}],"startTime":1781072017477,"endTime":1781072017483.0378,"status":"passed","message":"","name":"/Users/macanderson/oxagen-monorepo/apps/app/src/lib/routes.test.ts"},{"assertionResults":[{"ancestorTitles":["seatAlert"],"fullName":"seatAlert returns error when used > licenses","status":"passed","title":"returns error when used > licenses","duration":1.1357080000000224,"failureMessages":[],"meta":{}},{"ancestorTitles":["seatAlert"],"fullName":"seatAlert error alert body mentions member and license counts","status":"passed","title":"error alert body mentions member and license counts","duration":0.18599999999997863,"failureMessages":[],"meta":{}},{"ancestorTitles":["seatAlert"],"fullName":"seatAlert error alert links to billing/subscription for the correct org","status":"passed","title":"error alert links to billing/subscription for the correct org","duration":0.13654199999996308,"failureMessages":[],"meta":{}},{"ancestorTitles":["seatAlert"],"fullName":"seatAlert returns warning when available === 0 and licenses === 1 (free plan)","status":"passed","title":"returns warning when available === 0 and licenses === 1 (free plan)","duration":0.18087500000001455,"failureMessages":[],"meta":{}},{"ancestorTitles":["seatAlert"],"fullName":"seatAlert boundary: used === licenses === 1 → warning (exactly at limit, not error)","status":"passed","title":"boundary: used === licenses === 1 → warning (exactly at limit, not error)","duration":0.10925000000003138,"failureMessages":[],"meta":{}},{"ancestorTitles":["seatAlert"],"fullName":"seatAlert returns warning when available === 0 and licenses > 1 (multi-seat plan at capacity)","status":"passed","title":"returns warning when available === 0 and licenses > 1 (multi-seat plan at capacity)","duration":0.19724999999999682,"failureMessages":[],"meta":{}},{"ancestorTitles":["seatAlert"],"fullName":"seatAlert warning alert includes CTA with href containing billing path","status":"passed","title":"warning alert includes CTA with href containing billing path","duration":0.11837500000001455,"failureMessages":[],"meta":{}},{"ancestorTitles":["seatAlert"],"fullName":"seatAlert returns success when available > 0","status":"passed","title":"returns success when available > 0","duration":0.16287499999998545,"failureMessages":[],"meta":{}},{"ancestorTitles":["seatAlert"],"fullName":"seatAlert success body is singular when exactly 1 seat available","status":"passed","title":"success body is singular when exactly 1 seat available","duration":6.650499999999965,"failureMessages":[],"meta":{}},{"ancestorTitles":["seatAlert"],"fullName":"seatAlert success body is plural when multiple seats available","status":"passed","title":"success body is plural when multiple seats available","duration":0.22995800000001054,"failureMessages":[],"meta":{}},{"ancestorTitles":["seatAlert"],"fullName":"seatAlert uses correct orgSlug in CTA href","status":"passed","title":"uses correct orgSlug in CTA href","duration":5.664582999999993,"failureMessages":[],"meta":{}}],"startTime":1781072020261,"endTime":1781072020275.6646,"status":"passed","message":"","name":"/Users/macanderson/oxagen-monorepo/apps/app/src/lib/seat-alert.test.ts"},{"assertionResults":[{"ancestorTitles":["getSession"],"fullName":"getSession returns the session when auth resolves one","status":"passed","title":"returns the session when auth resolves one","duration":0.700333999999998,"failureMessages":[],"meta":{}},{"ancestorTitles":["getSession"],"fullName":"getSession returns null when no session exists","status":"passed","title":"returns null when no session exists","duration":0.09787499999998772,"failureMessages":[],"meta":{}},{"ancestorTitles":["getSession"],"fullName":"getSession calls auth.api.getSession with the headers object","status":"passed","title":"calls auth.api.getSession with the headers object","duration":0.12595899999996618,"failureMessages":[],"meta":{}},{"ancestorTitles":["getSessionOrRedirect"],"fullName":"getSessionOrRedirect returns the session when a user is present","status":"passed","title":"returns the session when a user is present","duration":0.18320899999997664,"failureMessages":[],"meta":{}},{"ancestorTitles":["getSessionOrRedirect"],"fullName":"getSessionOrRedirect redirects to /login when session is null","status":"passed","title":"redirects to /login when session is null","duration":0.8224590000000376,"failureMessages":[],"meta":{}},{"ancestorTitles":["getSessionOrRedirect"],"fullName":"getSessionOrRedirect redirects to /login when session.user is falsy","status":"passed","title":"redirects to /login when session.user is falsy","duration":0.1283329999999978,"failureMessages":[],"meta":{}},{"ancestorTitles":["getSessionOrRedirect"],"fullName":"getSessionOrRedirect accepts a custom redirect path","status":"passed","title":"accepts a custom redirect path","duration":0.16833300000001827,"failureMessages":[],"meta":{}}],"startTime":1781072020473,"endTime":1781072020475.1682,"status":"passed","message":"","name":"/Users/macanderson/oxagen-monorepo/apps/app/src/lib/session.test.ts"},{"assertionResults":[{"ancestorTitles":["sidebarItemAffordance"],"fullName":"sidebarItemAffordance returns 'return' when isReturn is true","status":"passed","title":"returns 'return' when isReturn is true","duration":0.7358340000000112,"failureMessages":[],"meta":{}},{"ancestorTitles":["sidebarItemAffordance"],"fullName":"sidebarItemAffordance returns 'return' when both isReturn and external are true (isReturn takes precedence)","status":"passed","title":"returns 'return' when both isReturn and external are true (isReturn takes precedence)","duration":0.07850000000001955,"failureMessages":[],"meta":{}},{"ancestorTitles":["sidebarItemAffordance"],"fullName":"sidebarItemAffordance returns 'external' when external is true and isReturn is false","status":"passed","title":"returns 'external' when external is true and isReturn is false","duration":0.05604199999999082,"failureMessages":[],"meta":{}},{"ancestorTitles":["sidebarItemAffordance"],"fullName":"sidebarItemAffordance returns 'external' when external is true and isReturn is undefined","status":"passed","title":"returns 'external' when external is true and isReturn is undefined","duration":0.052290999999968335,"failureMessages":[],"meta":{}},{"ancestorTitles":["sidebarItemAffordance"],"fullName":"sidebarItemAffordance returns 'none' when neither flag is set","status":"passed","title":"returns 'none' when neither flag is set","duration":0.047915999999986525,"failureMessages":[],"meta":{}},{"ancestorTitles":["sidebarItemAffordance"],"fullName":"sidebarItemAffordance returns 'none' when both flags are false","status":"passed","title":"returns 'none' when both flags are false","duration":0.04850000000004684,"failureMessages":[],"meta":{}},{"ancestorTitles":["sidebarItemAffordance"],"fullName":"sidebarItemAffordance returns 'none' when external is false and isReturn is false","status":"passed","title":"returns 'none' when external is false and isReturn is false","duration":0.0418329999999969,"failureMessages":[],"meta":{}}],"startTime":1781072021020,"endTime":1781072021022.0417,"status":"passed","message":"","name":"/Users/macanderson/oxagen-monorepo/apps/app/src/lib/sidebar-item-affordance.test.ts"},{"assertionResults":[{"ancestorTitles":["resolveSidebarMode"],"fullName":"resolveSidebarMode returns 'account' for /account/* paths regardless of ctx","status":"passed","title":"returns 'account' for /account/* paths regardless of ctx","duration":0.47887500000024374,"failureMessages":[],"meta":{}},{"ancestorTitles":["resolveSidebarMode"],"fullName":"resolveSidebarMode returns 'workspace' when workspaceSlug is present and path is not /account","status":"passed","title":"returns 'workspace' when workspaceSlug is present and path is not /account","duration":0.07883300000003146,"failureMessages":[],"meta":{}},{"ancestorTitles":["resolveSidebarMode"],"fullName":"resolveSidebarMode returns 'workspace' from pathname when ctx has no workspaceSlug (org-layout boundary)","status":"passed","title":"returns 'workspace' from pathname when ctx has no workspaceSlug (org-layout boundary)","duration":0.08550000000013824,"failureMessages":[],"meta":{}},{"ancestorTitles":["resolveSidebarMode"],"fullName":"resolveSidebarMode returns 'org' for reserved org-scope routes even without workspaceSlug","status":"passed","title":"returns 'org' for reserved org-scope routes even without workspaceSlug","duration":0.10791700000027049,"failureMessages":[],"meta":{}},{"ancestorTitles":["resolveSidebarMode"],"fullName":"resolveSidebarMode returns 'org' when no workspaceSlug and path is not /account","status":"passed","title":"returns 'org' when no workspaceSlug and path is not /account","duration":0.06520799999998417,"failureMessages":[],"meta":{}},{"ancestorTitles":["resolveSidebarMode"],"fullName":"resolveSidebarMode account mode takes priority over workspace ctx","status":"passed","title":"account mode takes priority over workspace ctx","duration":0.05079200000000128,"failureMessages":[],"meta":{}},{"ancestorTitles":["getSidebarConfig item counts"],"fullName":"getSidebarConfig item counts workspace config has exactly 7 items","status":"passed","title":"workspace config has exactly 7 items","duration":0.367917000000034,"failureMessages":[],"meta":{}},{"ancestorTitles":["getSidebarConfig item counts"],"fullName":"getSidebarConfig item counts org config has exactly 7 items","status":"passed","title":"org config has exactly 7 items","duration":0.09033300000010058,"failureMessages":[],"meta":{}},{"ancestorTitles":["getSidebarConfig item counts"],"fullName":"getSidebarConfig item counts account config has exactly 4 items","status":"passed","title":"account config has exactly 4 items","duration":0.08141699999987395,"failureMessages":[],"meta":{}},{"ancestorTitles":["getSidebarConfig item counts"],"fullName":"getSidebarConfig item counts account config contains exactly one isReturn item","status":"passed","title":"account config contains exactly one isReturn item","duration":0.09116600000015751,"failureMessages":[],"meta":{}},{"ancestorTitles":["getSidebarConfig item counts"],"fullName":"getSidebarConfig item counts workspace config has exactly two 'tools' group items (Studio, Workflows)","status":"passed","title":"workspace config has exactly two 'tools' group items (Studio, Workflows)","duration":0.2253339999997479,"failureMessages":[],"meta":{}},{"ancestorTitles":["getSidebarConfig item counts"],"fullName":"getSidebarConfig item counts workspace config has exactly one 'footer' group item (Settings)","status":"passed","title":"workspace config has exactly one 'footer' group item (Settings)","duration":0.12529200000017227,"failureMessages":[],"meta":{}},{"ancestorTitles":["getSidebarConfig item counts"],"fullName":"getSidebarConfig item counts org config 'workspaces' item has external: true","status":"passed","title":"org config 'workspaces' item has external: true","duration":0.0441249999998945,"failureMessages":[],"meta":{}},{"ancestorTitles":["getSidebarConfig item counts"],"fullName":"getSidebarConfig item counts org config has exactly one 'footer' group item (Settings)","status":"passed","title":"org config has exactly one 'footer' group item (Settings)","duration":0.07408299999997325,"failureMessages":[],"meta":{}},{"ancestorTitles":["href builders produce correct paths","workspace mode"],"fullName":"href builders produce correct paths workspace mode ask -> /{org}/{ws}/ask","status":"passed","title":"ask -> /{org}/{ws}/ask","duration":0.07616700000016863,"failureMessages":[],"meta":{}},{"ancestorTitles":["href builders produce correct paths","workspace mode"],"fullName":"href builders produce correct paths workspace mode knowledge -> /{org}/{ws}/knowledge","status":"passed","title":"knowledge -> /{org}/{ws}/knowledge","duration":0.05216599999994287,"failureMessages":[],"meta":{}},{"ancestorTitles":["href builders produce correct paths","workspace mode"],"fullName":"href builders produce correct paths workspace mode automation -> /{org}/{ws}/automation","status":"passed","title":"automation -> /{org}/{ws}/automation","duration":0.04912500000000364,"failureMessages":[],"meta":{}},{"ancestorTitles":["href builders produce correct paths","workspace mode"],"fullName":"href builders produce correct paths workspace mode activity -> /{org}/{ws}/activity","status":"passed","title":"activity -> /{org}/{ws}/activity","duration":0.053792000000157714,"failureMessages":[],"meta":{}},{"ancestorTitles":["href builders produce correct paths","workspace mode"],"fullName":"href builders produce correct paths workspace mode studio -> /{org}/{ws}/tools/studio","status":"passed","title":"studio -> /{org}/{ws}/tools/studio","duration":0.0472500000000764,"failureMessages":[],"meta":{}},{"ancestorTitles":["href builders produce correct paths","workspace mode"],"fullName":"href builders produce correct paths workspace mode settings -> /{org}/{ws}/settings","status":"passed","title":"settings -> /{org}/{ws}/settings","duration":0.050583000000187894,"failureMessages":[],"meta":{}},{"ancestorTitles":["href builders produce correct paths","org mode"],"fullName":"href builders produce correct paths org mode workspaces -> /{org}","status":"passed","title":"workspaces -> /{org}","duration":0.06208299999980227,"failureMessages":[],"meta":{}},{"ancestorTitles":["href builders produce correct paths","org mode"],"fullName":"href builders produce correct paths org mode members -> /{org}/members","status":"passed","title":"members -> /{org}/members","duration":0.0464999999999236,"failureMessages":[],"meta":{}},{"ancestorTitles":["href builders produce correct paths","org mode"],"fullName":"href builders produce correct paths org mode access -> /{org}/access","status":"passed","title":"access -> /{org}/access","duration":0.04404199999999037,"failureMessages":[],"meta":{}},{"ancestorTitles":["href builders produce correct paths","org mode"],"fullName":"href builders produce correct paths org mode security -> /{org}/security","status":"passed","title":"security -> /{org}/security","duration":0.04616600000008475,"failureMessages":[],"meta":{}},{"ancestorTitles":["href builders produce correct paths","org mode"],"fullName":"href builders produce correct paths org mode billing -> /{org}/billing","status":"passed","title":"billing -> /{org}/billing","duration":0.05329200000005585,"failureMessages":[],"meta":{}},{"ancestorTitles":["href builders produce correct paths","org mode"],"fullName":"href builders produce correct paths org mode developer -> /{org}/developer","status":"passed","title":"developer -> /{org}/developer","duration":0.05045800000016243,"failureMessages":[],"meta":{}},{"ancestorTitles":["href builders produce correct paths","org mode"],"fullName":"href builders produce correct paths org mode org-settings -> /{org}/settings/general","status":"passed","title":"org-settings -> /{org}/settings/general","duration":0.05908399999998437,"failureMessages":[],"meta":{}},{"ancestorTitles":["href builders produce correct paths","account mode"],"fullName":"href builders produce correct paths account mode back with workspaceSlug -> /{org}/{ws}/ask","status":"passed","title":"back with workspaceSlug -> /{org}/{ws}/ask","duration":0.0540419999997539,"failureMessages":[],"meta":{}},{"ancestorTitles":["href builders produce correct paths","account mode"],"fullName":"href builders produce correct paths account mode back without workspaceSlug -> /{org}","status":"passed","title":"back without workspaceSlug -> /{org}","duration":0.040582999999969616,"failureMessages":[],"meta":{}},{"ancestorTitles":["href builders produce correct paths","account mode"],"fullName":"href builders produce correct paths account mode profile -> /account/profile","status":"passed","title":"profile -> /account/profile","duration":0.04841699999997218,"failureMessages":[],"meta":{}},{"ancestorTitles":["enumerateNavTargets"],"fullName":"enumerateNavTargets includes workspace-specific paths when workspaceSlug is present","status":"passed","title":"includes workspace-specific paths when workspaceSlug is present","duration":0.36187500000005457,"failureMessages":[],"meta":{}},{"ancestorTitles":["enumerateNavTargets"],"fullName":"enumerateNavTargets includes org paths regardless of workspaceSlug","status":"passed","title":"includes org paths regardless of workspaceSlug","duration":0.20570900000029724,"failureMessages":[],"meta":{}},{"ancestorTitles":["enumerateNavTargets"],"fullName":"enumerateNavTargets includes account paths regardless of ctx","status":"passed","title":"includes account paths regardless of ctx","duration":0.06445799999983137,"failureMessages":[],"meta":{}},{"ancestorTitles":["enumerateNavTargets"],"fullName":"enumerateNavTargets does NOT include workspace paths when workspaceSlug is absent","status":"passed","title":"does NOT include workspace paths when workspaceSlug is absent","duration":0.09033300000010058,"failureMessages":[],"meta":{}},{"ancestorTitles":["enumerateNavTargets"],"fullName":"enumerateNavTargets all entries have non-empty label and href","status":"passed","title":"all entries have non-empty label and href","duration":0.7247910000000957,"failureMessages":[],"meta":{}},{"ancestorTitles":["resolveSidebarCtx"],"fullName":"resolveSidebarCtx recovers workspaceSlug from the URL so workspace hrefs do not collapse","status":"passed","title":"recovers workspaceSlug from the URL so workspace hrefs do not collapse","duration":0.11533300000019153,"failureMessages":[],"meta":{}},{"ancestorTitles":["resolveSidebarCtx"],"fullName":"resolveSidebarCtx leaves ctx unchanged in org mode (does not invent a workspace slug)","status":"passed","title":"leaves ctx unchanged in org mode (does not invent a workspace slug)","duration":0.04570899999998801,"failureMessages":[],"meta":{}},{"ancestorTitles":["resolveSidebarCtx"],"fullName":"resolveSidebarCtx leaves ctx unchanged in account mode","status":"passed","title":"leaves ctx unchanged in account mode","duration":0.03395799999998417,"failureMessages":[],"meta":{}},{"ancestorTitles":["resolveSidebarCtx"],"fullName":"resolveSidebarCtx returns ctx untouched when workspaceSlug is already present","status":"passed","title":"returns ctx untouched when workspaceSlug is already present","duration":4.436500000000251,"failureMessages":[],"meta":{}},{"ancestorTitles":["activeHrefFor"],"fullName":"activeHrefFor returns the exact match when present","status":"passed","title":"returns the exact match when present","duration":0.19079099999999016,"failureMessages":[],"meta":{}},{"ancestorTitles":["activeHrefFor"],"fullName":"activeHrefFor prefers the longest (most specific) prefix match","status":"passed","title":"prefers the longest (most specific) prefix match","duration":0.0747919999998885,"failureMessages":[],"meta":{}},{"ancestorTitles":["activeHrefFor"],"fullName":"activeHrefFor does not let an ancestor root stay active on a sibling page","status":"passed","title":"does not let an ancestor root stay active on a sibling page","duration":0.08737499999961074,"failureMessages":[],"meta":{}},{"ancestorTitles":["activeHrefFor"],"fullName":"activeHrefFor matches on path-segment boundary, not substring","status":"passed","title":"matches on path-segment boundary, not substring","duration":0.08662499999991269,"failureMessages":[],"meta":{}},{"ancestorTitles":["activeHrefFor"],"fullName":"activeHrefFor returns null when nothing matches","status":"passed","title":"returns null when nothing matches","duration":0.06283299999995506,"failureMessages":[],"meta":{}},{"ancestorTitles":["ORG_SCOPE_ROUTES"],"fullName":"ORG_SCOPE_ROUTES every reserved route → resolveSidebarMode 'org' (derived from the set itself)","status":"passed","title":"every reserved route → resolveSidebarMode 'org' (derived from the set itself)","duration":0.16895800000020245,"failureMessages":[],"meta":{}},{"ancestorTitles":["ORG_SCOPE_ROUTES"],"fullName":"ORG_SCOPE_ROUTES a workspace-slug-shaped second segment → resolveSidebarMode 'workspace'","status":"passed","title":"a workspace-slug-shaped second segment → resolveSidebarMode 'workspace'","duration":0.08699999999998909,"failureMessages":[],"meta":{}},{"ancestorTitles":["ORG_SCOPE_ROUTES"],"fullName":"ORG_SCOPE_ROUTES contains at least one reserved route (guards against accidental empty set)","status":"passed","title":"contains at least one reserved route (guards against accidental empty set)","duration":0.0645409999997355,"failureMessages":[],"meta":{}},{"ancestorTitles":["ORG_SCOPE_ROUTES"],"fullName":"ORG_SCOPE_ROUTES every entry is a non-empty lowercase string with no slashes","status":"passed","title":"every entry is a non-empty lowercase string with no slashes","duration":0.31770800000003874,"failureMessages":[],"meta":{}},{"ancestorTitles":["ORG_SCOPE_ROUTES"],"fullName":"ORG_SCOPE_ROUTES 'members' is in the reserved set","status":"passed","title":"'members' is in the reserved set","duration":0.04387499999984357,"failureMessages":[],"meta":{}},{"ancestorTitles":["ORG_SCOPE_ROUTES"],"fullName":"ORG_SCOPE_ROUTES 'billing' is in the reserved set","status":"passed","title":"'billing' is in the reserved set","duration":0.03191599999991013,"failureMessages":[],"meta":{}},{"ancestorTitles":["ORG_SCOPE_ROUTES"],"fullName":"ORG_SCOPE_ROUTES a workspace slug like 'production' is NOT in the reserved set","status":"passed","title":"a workspace slug like 'production' is NOT in the reserved set","duration":0.03474999999980355,"failureMessages":[],"meta":{}},{"ancestorTitles":["Workflows sidebar item"],"fullName":"Workflows sidebar item 'workflows' item exists in workspace config tools group","status":"passed","title":"'workflows' item exists in workspace config tools group","duration":0.0744169999998121,"failureMessages":[],"meta":{}},{"ancestorTitles":["Workflows sidebar item"],"fullName":"Workflows sidebar item 'workflows' href resolves to /{org}/{ws}/workflows","status":"passed","title":"'workflows' href resolves to /{org}/{ws}/workflows","duration":0.06345899999996618,"failureMessages":[],"meta":{}},{"ancestorTitles":["Workflows sidebar item"],"fullName":"Workflows sidebar item 'workflows' href falls back to org root when workspaceSlug absent","status":"passed","title":"'workflows' href falls back to org root when workspaceSlug absent","duration":0.046291999999994005,"failureMessages":[],"meta":{}},{"ancestorTitles":["Workflows sidebar item"],"fullName":"Workflows sidebar item enumerateNavTargets includes Workflows for workspace context","status":"passed","title":"enumerateNavTargets includes Workflows for workspace context","duration":0.08391699999992852,"failureMessages":[],"meta":{}},{"ancestorTitles":["Workflows sidebar item"],"fullName":"Workflows sidebar item all workspace hrefs are unique (including Workflows)","status":"passed","title":"all workspace hrefs are unique (including Workflows)","duration":0.05795800000032614,"failureMessages":[],"meta":{}}],"startTime":1781072016820,"endTime":1781072016831.084,"status":"passed","message":"","name":"/Users/macanderson/oxagen-monorepo/apps/app/src/lib/sidebar.test.ts"},{"assertionResults":[{"ancestorTitles":["slugify — happy path"],"fullName":"slugify — happy path lowercases uppercase input","status":"passed","title":"lowercases uppercase input","duration":0.5022920000000113,"failureMessages":[],"meta":{}},{"ancestorTitles":["slugify — happy path"],"fullName":"slugify — happy path converts spaces to hyphens","status":"passed","title":"converts spaces to hyphens","duration":0.07074999999997544,"failureMessages":[],"meta":{}},{"ancestorTitles":["slugify — happy path"],"fullName":"slugify — happy path trims leading and trailing whitespace before converting","status":"passed","title":"trims leading and trailing whitespace before converting","duration":0.05562499999996362,"failureMessages":[],"meta":{}},{"ancestorTitles":["slugify — happy path"],"fullName":"slugify — happy path produces expected slug for a typical org name","status":"passed","title":"produces expected slug for a typical org name","duration":0.047416999999995824,"failureMessages":[],"meta":{}},{"ancestorTitles":["slugify — happy path"],"fullName":"slugify — happy path handles numeric characters","status":"passed","title":"handles numeric characters","duration":0.04708400000004076,"failureMessages":[],"meta":{}},{"ancestorTitles":["slugify — happy path"],"fullName":"slugify — happy path handles already-valid slugs unchanged","status":"passed","title":"handles already-valid slugs unchanged","duration":0.050540999999952874,"failureMessages":[],"meta":{}},{"ancestorTitles":["slugify — happy path"],"fullName":"slugify — happy path handles mixed alphanumeric","status":"passed","title":"handles mixed alphanumeric","duration":0.04099999999993997,"failureMessages":[],"meta":{}},{"ancestorTitles":["slugify — unicode"],"fullName":"slugify — unicode strips emoji characters","status":"passed","title":"strips emoji characters","duration":0.09241700000006858,"failureMessages":[],"meta":{}},{"ancestorTitles":["slugify — unicode"],"fullName":"slugify — unicode strips accented characters (non-ASCII)","status":"passed","title":"strips accented characters (non-ASCII)","duration":0.04504199999996672,"failureMessages":[],"meta":{}},{"ancestorTitles":["slugify — unicode"],"fullName":"slugify — unicode strips CJK characters entirely","status":"passed","title":"strips CJK characters entirely","duration":0.05279099999995651,"failureMessages":[],"meta":{}},{"ancestorTitles":["slugify — unicode"],"fullName":"slugify — unicode strips Arabic script characters","status":"passed","title":"strips Arabic script characters","duration":0.03795800000000327,"failureMessages":[],"meta":{}},{"ancestorTitles":["slugify — hyphen collapsing"],"fullName":"slugify — hyphen collapsing collapses consecutive hyphens to one","status":"passed","title":"collapses consecutive hyphens to one","duration":0.034457999999972344,"failureMessages":[],"meta":{}},{"ancestorTitles":["slugify — hyphen collapsing"],"fullName":"slugify — hyphen collapsing collapses hyphens introduced by stripping chars between words","status":"passed","title":"collapses hyphens introduced by stripping chars between words","duration":0.04091700000003584,"failureMessages":[],"meta":{}},{"ancestorTitles":["slugify — hyphen collapsing"],"fullName":"slugify — hyphen collapsing collapses mixed spaces and hyphens","status":"passed","title":"collapses mixed spaces and hyphens","duration":0.03333300000008421,"failureMessages":[],"meta":{}},{"ancestorTitles":["slugify — leading/trailing hyphen trim"],"fullName":"slugify — leading/trailing hyphen trim trims a leading hyphen","status":"passed","title":"trims a leading hyphen","duration":0.04320800000004965,"failureMessages":[],"meta":{}},{"ancestorTitles":["slugify — leading/trailing hyphen trim"],"fullName":"slugify — leading/trailing hyphen trim trims a trailing hyphen","status":"passed","title":"trims a trailing hyphen","duration":0.02820900000006077,"failureMessages":[],"meta":{}},{"ancestorTitles":["slugify — leading/trailing hyphen trim"],"fullName":"slugify — leading/trailing hyphen trim trims both leading and trailing hyphens","status":"passed","title":"trims both leading and trailing hyphens","duration":0.027832999999986896,"failureMessages":[],"meta":{}},{"ancestorTitles":["slugify — leading/trailing hyphen trim"],"fullName":"slugify — leading/trailing hyphen trim trims hyphens resulting from stripped leading chars","status":"passed","title":"trims hyphens resulting from stripped leading chars","duration":0.02712500000006912,"failureMessages":[],"meta":{}},{"ancestorTitles":["slugify — empty input"],"fullName":"slugify — empty input returns empty string for empty input","status":"passed","title":"returns empty string for empty input","duration":0.02650000000005548,"failureMessages":[],"meta":{}},{"ancestorTitles":["slugify — symbol-only"],"fullName":"slugify — symbol-only returns empty string for \"@#$%\"","status":"passed","title":"returns empty string for \"@#$%\"","duration":0.026666999999974905,"failureMessages":[],"meta":{}},{"ancestorTitles":["slugify — symbol-only"],"fullName":"slugify — symbol-only returns empty string for punctuation-only input","status":"passed","title":"returns empty string for punctuation-only input","duration":0.03125,"failureMessages":[],"meta":{}},{"ancestorTitles":["slugify — whitespace-only"],"fullName":"slugify — whitespace-only returns empty string for spaces only","status":"passed","title":"returns empty string for spaces only","duration":0.03412500000001728,"failureMessages":[],"meta":{}},{"ancestorTitles":["slugify — whitespace-only"],"fullName":"slugify — whitespace-only returns empty string for tab/newline","status":"passed","title":"returns empty string for tab/newline","duration":0.02766699999995126,"failureMessages":[],"meta":{}},{"ancestorTitles":["slugify — server regex conformance"],"fullName":"slugify — server regex conformance \"Hello World\" produces a server-valid slug","status":"passed","title":"\"Hello World\" produces a server-valid slug","duration":0.09558400000003076,"failureMessages":[],"meta":{}},{"ancestorTitles":["slugify — server regex conformance"],"fullName":"slugify — server regex conformance \"My Organization\" produces a server-valid slug","status":"passed","title":"\"My Organization\" produces a server-valid slug","duration":0.05204100000003109,"failureMessages":[],"meta":{}},{"ancestorTitles":["slugify — server regex conformance"],"fullName":"slugify — server regex conformance \"acme-corp\" produces a server-valid slug","status":"passed","title":"\"acme-corp\" produces a server-valid slug","duration":0.028624999999919964,"failureMessages":[],"meta":{}},{"ancestorTitles":["slugify — server regex conformance"],"fullName":"slugify — server regex conformance \"team 42\" produces a server-valid slug","status":"passed","title":"\"team 42\" produces a server-valid slug","duration":0.02766699999995126,"failureMessages":[],"meta":{}},{"ancestorTitles":["slugify — server regex conformance"],"fullName":"slugify — server regex conformance \"test---name\" produces a server-valid slug","status":"passed","title":"\"test---name\" produces a server-valid slug","duration":0.04941600000006474,"failureMessages":[],"meta":{}},{"ancestorTitles":["slugify — server regex conformance"],"fullName":"slugify — server regex conformance \"Foo Bar Baz\" produces a server-valid slug","status":"passed","title":"\"Foo Bar Baz\" produces a server-valid slug","duration":0.03058299999997871,"failureMessages":[],"meta":{}},{"ancestorTitles":["slugify — server regex conformance"],"fullName":"slugify — server regex conformance \"  leading trailing  \" produces a server-valid slug","status":"passed","title":"\"  leading trailing  \" produces a server-valid slug","duration":0.03300000000001546,"failureMessages":[],"meta":{}},{"ancestorTitles":["slugify — server regex conformance"],"fullName":"slugify — server regex conformance \"Area51\" produces a server-valid slug","status":"passed","title":"\"Area51\" produces a server-valid slug","duration":0.027166000000079293,"failureMessages":[],"meta":{}},{"ancestorTitles":["slugify — server regex conformance"],"fullName":"slugify — server regex conformance \"CamelCase\" produces a server-valid slug","status":"passed","title":"\"CamelCase\" produces a server-valid slug","duration":0.028790999999955602,"failureMessages":[],"meta":{}},{"ancestorTitles":["slugify — server regex conformance"],"fullName":"slugify — server regex conformance \"a\" produces a server-valid slug","status":"passed","title":"\"a\" produces a server-valid slug","duration":0.030625000000100044,"failureMessages":[],"meta":{}},{"ancestorTitles":["slugify — server regex conformance"],"fullName":"slugify — server regex conformance \"123\" produces a server-valid slug","status":"passed","title":"\"123\" produces a server-valid slug","duration":0.02754200000003948,"failureMessages":[],"meta":{}},{"ancestorTitles":["slugify — server regex conformance"],"fullName":"slugify — server regex conformance \"a1b2c3\" produces a server-valid slug","status":"passed","title":"\"a1b2c3\" produces a server-valid slug","duration":0.03170799999998053,"failureMessages":[],"meta":{}},{"ancestorTitles":["slugify — server regex conformance"],"fullName":"slugify — server regex conformance does NOT produce double hyphens in any case","status":"passed","title":"does NOT produce double hyphens in any case","duration":0.12716699999998582,"failureMessages":[],"meta":{}},{"ancestorTitles":["slugify — server regex conformance"],"fullName":"slugify — server regex conformance does NOT produce a leading or trailing hyphen in any case","status":"passed","title":"does NOT produce a leading or trailing hyphen in any case","duration":0.08000000000004093,"failureMessages":[],"meta":{}}],"startTime":1781072018182,"endTime":1781072018184.1272,"status":"passed","message":"","name":"/Users/macanderson/oxagen-monorepo/apps/app/src/lib/slug.test.ts"},{"assertionResults":[{"ancestorTitles":["support constants"],"fullName":"support constants DOCS_URL is a valid HTTPS URL","status":"passed","title":"DOCS_URL is a valid HTTPS URL","duration":0.4027499999999691,"failureMessages":[],"meta":{}},{"ancestorTitles":["support constants"],"fullName":"support constants SUPPORT_EMAIL contains an @ sign and a domain","status":"passed","title":"SUPPORT_EMAIL contains an @ sign and a domain","duration":0.08783299999998917,"failureMessages":[],"meta":{}},{"ancestorTitles":["support constants"],"fullName":"support constants COMPANY_NAME is non-empty","status":"passed","title":"COMPANY_NAME is non-empty","duration":0.13137499999999136,"failureMessages":[],"meta":{}},{"ancestorTitles":["support constants"],"fullName":"support constants COMPANY_ADDRESS is non-empty","status":"passed","title":"COMPANY_ADDRESS is non-empty","duration":0.07670799999999645,"failureMessages":[],"meta":{}},{"ancestorTitles":["SUPPORT_LINKS"],"fullName":"SUPPORT_LINKS is a non-empty array","status":"passed","title":"is a non-empty array","duration":0.106708000000026,"failureMessages":[],"meta":{}},{"ancestorTitles":["SUPPORT_LINKS"],"fullName":"SUPPORT_LINKS every link has label, description, and href","status":"passed","title":"every link has label, description, and href","duration":0.1053749999999809,"failureMessages":[],"meta":{}},{"ancestorTitles":["SUPPORT_LINKS"],"fullName":"SUPPORT_LINKS all external links use HTTPS","status":"passed","title":"all external links use HTTPS","duration":0.08700000000004593,"failureMessages":[],"meta":{}},{"ancestorTitles":["SUPPORT_LINKS"],"fullName":"SUPPORT_LINKS Documentation link references DOCS_URL","status":"passed","title":"Documentation link references DOCS_URL","duration":0.08975000000003774,"failureMessages":[],"meta":{}},{"ancestorTitles":["SUPPORT_LINKS"],"fullName":"SUPPORT_LINKS links marked external: true have a flag","status":"passed","title":"links marked external: true have a flag","duration":0.04616699999996854,"failureMessages":[],"meta":{}}],"startTime":1781072020961,"endTime":1781072020962.1067,"status":"passed","message":"","name":"/Users/macanderson/oxagen-monorepo/apps/app/src/lib/support.test.ts"},{"assertionResults":[{"ancestorTitles":["SUB_PROCESSORS"],"fullName":"SUB_PROCESSORS contains at least 4 entries","status":"passed","title":"contains at least 4 entries","duration":0.4387919999999781,"failureMessages":[],"meta":{}},{"ancestorTitles":["SUB_PROCESSORS"],"fullName":"SUB_PROCESSORS every sub-processor has required fields","status":"passed","title":"every sub-processor has required fields","duration":0.800625000000025,"failureMessages":[],"meta":{}},{"ancestorTitles":["SUB_PROCESSORS"],"fullName":"SUB_PROCESSORS includes Stripe, Inngest, Vercel, and Google Cloud","status":"passed","title":"includes Stripe, Inngest, Vercel, and Google Cloud","duration":0.5715000000000146,"failureMessages":[],"meta":{}},{"ancestorTitles":["SUB_PROCESSORS"],"fullName":"SUB_PROCESSORS all privacyUrl values (when present) start with https://","status":"passed","title":"all privacyUrl values (when present) start with https://","duration":0.11250000000001137,"failureMessages":[],"meta":{}},{"ancestorTitles":["SUB_PROCESSORS"],"fullName":"SUB_PROCESSORS Stripe has PCI DSS certification","status":"passed","title":"Stripe has PCI DSS certification","duration":0.05025000000000546,"failureMessages":[],"meta":{}},{"ancestorTitles":["TRUST_SIGNALS"],"fullName":"TRUST_SIGNALS contains at least 5 signals","status":"passed","title":"contains at least 5 signals","duration":0.09408299999995506,"failureMessages":[],"meta":{}},{"ancestorTitles":["TRUST_SIGNALS"],"fullName":"TRUST_SIGNALS every signal has id, title, and description","status":"passed","title":"every signal has id, title, and description","duration":0.30120799999997416,"failureMessages":[],"meta":{}},{"ancestorTitles":["TRUST_SIGNALS"],"fullName":"TRUST_SIGNALS ids are unique","status":"passed","title":"ids are unique","duration":0.058041000000002896,"failureMessages":[],"meta":{}},{"ancestorTitles":["TRUST_SIGNALS"],"fullName":"TRUST_SIGNALS includes encryption-at-rest and TLS signals","status":"passed","title":"includes encryption-at-rest and TLS signals","duration":0.23366599999997106,"failureMessages":[],"meta":{}}],"startTime":1781072020889,"endTime":1781072020892.3013,"status":"passed","message":"","name":"/Users/macanderson/oxagen-monorepo/apps/app/src/lib/trust-content.test.ts"},{"assertionResults":[{"ancestorTitles":["cn"],"fullName":"cn returns empty string with no args","status":"passed","title":"returns empty string with no args","duration":21.96766699999995,"failureMessages":[],"meta":{}},{"ancestorTitles":["cn"],"fullName":"cn joins class strings","status":"passed","title":"joins class strings","duration":4.371666000000005,"failureMessages":[],"meta":{}},{"ancestorTitles":["cn"],"fullName":"cn handles conditional classes (falsy omitted)","status":"passed","title":"handles conditional classes (falsy omitted)","duration":34.59079099999997,"failureMessages":[],"meta":{}},{"ancestorTitles":["cn"],"fullName":"cn merges conflicting Tailwind classes (last wins)","status":"passed","title":"merges conflicting Tailwind classes (last wins)","duration":22.387624999999957,"failureMessages":[],"meta":{}},{"ancestorTitles":["cn"],"fullName":"cn handles object syntax from clsx","status":"passed","title":"handles object syntax from clsx","duration":0.10141600000002882,"failureMessages":[],"meta":{}},{"ancestorTitles":["cn"],"fullName":"cn handles array syntax","status":"passed","title":"handles array syntax","duration":0.07583300000004556,"failureMessages":[],"meta":{}},{"ancestorTitles":["cn"],"fullName":"cn deduplicates identical Tailwind utilities","status":"passed","title":"deduplicates identical Tailwind utilities","duration":0.16674999999997908,"failureMessages":[],"meta":{}},{"ancestorTitles":["cn"],"fullName":"cn handles undefined and null gracefully","status":"passed","title":"handles undefined and null gracefully","duration":0.04616699999996854,"failureMessages":[],"meta":{}},{"ancestorTitles":["formatCents"],"fullName":"formatCents formats 0 cents as $0.00","status":"passed","title":"formats 0 cents as $0.00","duration":51.981291,"failureMessages":[],"meta":{}},{"ancestorTitles":["formatCents"],"fullName":"formatCents formats 100 cents as $1.00","status":"passed","title":"formats 100 cents as $1.00","duration":0.13787500000000819,"failureMessages":[],"meta":{}},{"ancestorTitles":["formatCents"],"fullName":"formatCents formats 999 cents as $9.99","status":"passed","title":"formats 999 cents as $9.99","duration":0.07625000000001592,"failureMessages":[],"meta":{}},{"ancestorTitles":["formatCents"],"fullName":"formatCents formats 100000 cents as $1,000.00","status":"passed","title":"formats 100000 cents as $1,000.00","duration":0.06079099999999471,"failureMessages":[],"meta":{}},{"ancestorTitles":["formatCents"],"fullName":"formatCents formats negative values","status":"passed","title":"formats negative values","duration":0.05458299999997962,"failureMessages":[],"meta":{}},{"ancestorTitles":["formatCents"],"fullName":"formatCents formats fractional cents correctly (rounds)","status":"passed","title":"formats fractional cents correctly (rounds)","duration":0.07020799999997962,"failureMessages":[],"meta":{}},{"ancestorTitles":["formatCents"],"fullName":"formatCents accepts an explicit USD currency","status":"passed","title":"accepts an explicit USD currency","duration":0.05099999999998772,"failureMessages":[],"meta":{}},{"ancestorTitles":["formatDate"],"fullName":"formatDate returns '—' for null","status":"passed","title":"returns '—' for null","duration":0.06854199999997945,"failureMessages":[],"meta":{}},{"ancestorTitles":["formatDate"],"fullName":"formatDate returns '—' for undefined","status":"passed","title":"returns '—' for undefined","duration":0.031999999999982265,"failureMessages":[],"meta":{}},{"ancestorTitles":["formatDate"],"fullName":"formatDate formats a Date object","status":"passed","title":"formats a Date object","duration":3.834042000000011,"failureMessages":[],"meta":{}},{"ancestorTitles":["formatDate"],"fullName":"formatDate formats an ISO string","status":"passed","title":"formats an ISO string","duration":0.2736250000000382,"failureMessages":[],"meta":{}},{"ancestorTitles":["formatDate"],"fullName":"formatDate formats a date string without time component","status":"passed","title":"formats a date string without time component","duration":0.7578750000000127,"failureMessages":[],"meta":{}}],"startTime":1781072020430,"endTime":1781072020571.7578,"status":"passed","message":"","name":"/Users/macanderson/oxagen-monorepo/apps/app/src/lib/utils.test.ts"},{"assertionResults":[{"ancestorTitles":["wandResolveApprovalAction"],"fullName":"wandResolveApprovalAction returns ok:false when workspace cannot be resolved (empty org rows)","status":"passed","title":"returns ok:false when workspace cannot be resolved (empty org rows)","duration":0.8598329999999805,"failureMessages":[],"meta":{}},{"ancestorTitles":["wandResolveApprovalAction"],"fullName":"wandResolveApprovalAction returns ok:true and calls invoke for a valid approval","status":"passed","title":"returns ok:true and calls invoke for a valid approval","duration":1.5924589999999625,"failureMessages":[],"meta":{}},{"ancestorTitles":["wandResolveApprovalAction"],"fullName":"wandResolveApprovalAction returns ok:false when invoke throws","status":"passed","title":"returns ok:false when invoke throws","duration":0.2240830000000642,"failureMessages":[],"meta":{}},{"ancestorTitles":["wandResolvePlanAction"],"fullName":"wandResolvePlanAction returns ok:false when workspace cannot be resolved","status":"passed","title":"returns ok:false when workspace cannot be resolved","duration":0.14495800000031522,"failureMessages":[],"meta":{}},{"ancestorTitles":["wandResolvePlanAction"],"fullName":"wandResolvePlanAction returns ok:true for an approved decision","status":"passed","title":"returns ok:true for an approved decision","duration":0.2516249999998763,"failureMessages":[],"meta":{}},{"ancestorTitles":["wandResolvePlanAction"],"fullName":"wandResolvePlanAction maps 'denied' to 'deny' verb correctly","status":"passed","title":"maps 'denied' to 'deny' verb correctly","duration":0.10375000000021828,"failureMessages":[],"meta":{}},{"ancestorTitles":["wandResolvePlanAction"],"fullName":"wandResolvePlanAction maps 'amended' to 'amend' verb correctly","status":"passed","title":"maps 'amended' to 'amend' verb correctly","duration":0.08241600000019389,"failureMessages":[],"meta":{}}],"startTime":1781072017301,"endTime":1781072017305.0825,"status":"passed","message":"","name":"/Users/macanderson/oxagen-monorepo/apps/app/src/app/[orgSlug]/shell-actions.test.ts"},{"assertionResults":[{"ancestorTitles":["createWorkspaceInlineAction"],"fullName":"createWorkspaceInlineAction returns ok:true with workspaceSlug on success","status":"passed","title":"returns ok:true with workspaceSlug on success","duration":0.859958000000006,"failureMessages":[],"meta":{}},{"ancestorTitles":["createWorkspaceInlineAction"],"fullName":"createWorkspaceInlineAction calls createWorkspaceAction with correct orgSlug and FormData containing name+slug","status":"passed","title":"calls createWorkspaceAction with correct orgSlug and FormData containing name+slug","duration":0.2840829999999528,"failureMessages":[],"meta":{}},{"ancestorTitles":["createWorkspaceInlineAction"],"fullName":"createWorkspaceInlineAction calls resolveOrg with the provided orgSlug","status":"passed","title":"calls resolveOrg with the provided orgSlug","duration":0.5948329999999942,"failureMessages":[],"meta":{}},{"ancestorTitles":["createWorkspaceInlineAction"],"fullName":"createWorkspaceInlineAction returns ok:false when getSessionOrRedirect throws","status":"passed","title":"returns ok:false when getSessionOrRedirect throws","duration":0.17054100000001426,"failureMessages":[],"meta":{}},{"ancestorTitles":["createWorkspaceInlineAction"],"fullName":"createWorkspaceInlineAction returns ok:false when resolveOrg throws (org not found)","status":"passed","title":"returns ok:false when resolveOrg throws (org not found)","duration":0.1008340000000203,"failureMessages":[],"meta":{}},{"ancestorTitles":["createWorkspaceInlineAction"],"fullName":"createWorkspaceInlineAction propagates ok:false from createWorkspaceAction","status":"passed","title":"propagates ok:false from createWorkspaceAction","duration":0.08933300000001054,"failureMessages":[],"meta":{}}],"startTime":1781072019749,"endTime":1781072019751.1707,"status":"passed","message":"","name":"/Users/macanderson/oxagen-monorepo/apps/app/src/app/actions/create-workspace.action.test.ts"},{"assertionResults":[{"ancestorTitles":["updateModelSettingsAction"],"fullName":"updateModelSettingsAction returns ok:true on success","status":"passed","title":"returns ok:true on success","duration":1.2485419999998157,"failureMessages":[],"meta":{}},{"ancestorTitles":["updateModelSettingsAction"],"fullName":"updateModelSettingsAction calls resolveOrg and resolveWorkspace with correct slugs","status":"passed","title":"calls resolveOrg and resolveWorkspace with correct slugs","duration":0.7043750000002547,"failureMessages":[],"meta":{}},{"ancestorTitles":["updateModelSettingsAction"],"fullName":"updateModelSettingsAction asserts org membership for the authenticated user","status":"passed","title":"asserts org membership for the authenticated user","duration":0.13462499999968713,"failureMessages":[],"meta":{}},{"ancestorTitles":["updateModelSettingsAction"],"fullName":"updateModelSettingsAction calls invoke with workspace.model.settings.write and correct ctx","status":"passed","title":"calls invoke with workspace.model.settings.write and correct ctx","duration":0.2661670000002232,"failureMessages":[],"meta":{}},{"ancestorTitles":["updateModelSettingsAction"],"fullName":"updateModelSettingsAction works with null/undefined model settings (partial update)","status":"passed","title":"works with null/undefined model settings (partial update)","duration":0.08120800000006057,"failureMessages":[],"meta":{}},{"ancestorTitles":["updateModelSettingsAction"],"fullName":"updateModelSettingsAction works when only orgSlug and workspaceSlug are provided (no model fields)","status":"passed","title":"works when only orgSlug and workspaceSlug are provided (no model fields)","duration":0.07729199999994307,"failureMessages":[],"meta":{}},{"ancestorTitles":["updateModelSettingsAction"],"fullName":"updateModelSettingsAction returns ok:false when defaultTextTier is an invalid enum value","status":"passed","title":"returns ok:false when defaultTextTier is an invalid enum value","duration":0.3617500000000291,"failureMessages":[],"meta":{}},{"ancestorTitles":["updateModelSettingsAction"],"fullName":"updateModelSettingsAction returns ok:false when getSessionOrRedirect throws","status":"passed","title":"returns ok:false when getSessionOrRedirect throws","duration":0.16091700000015408,"failureMessages":[],"meta":{}},{"ancestorTitles":["updateModelSettingsAction"],"fullName":"updateModelSettingsAction returns ok:false when resolveOrg throws","status":"passed","title":"returns ok:false when resolveOrg throws","duration":0.10870799999975134,"failureMessages":[],"meta":{}},{"ancestorTitles":["updateModelSettingsAction"],"fullName":"updateModelSettingsAction returns ok:false when resolveWorkspace throws","status":"passed","title":"returns ok:false when resolveWorkspace throws","duration":0.09920899999997346,"failureMessages":[],"meta":{}},{"ancestorTitles":["updateModelSettingsAction"],"fullName":"updateModelSettingsAction returns ok:false when assertOrgMember throws (user not a member)","status":"passed","title":"returns ok:false when assertOrgMember throws (user not a member)","duration":0.0917500000000473,"failureMessages":[],"meta":{}},{"ancestorTitles":["updateModelSettingsAction"],"fullName":"updateModelSettingsAction returns ok:false with error message when invoke throws","status":"passed","title":"returns ok:false with error message when invoke throws","duration":0.08037500000000364,"failureMessages":[],"meta":{}},{"ancestorTitles":["updateModelSettingsAction"],"fullName":"updateModelSettingsAction returns ok:false with fallback message when invoke throws non-Error","status":"passed","title":"returns ok:false with fallback message when invoke throws non-Error","duration":0.0885840000000826,"failureMessages":[],"meta":{}}],"startTime":1781072016797,"endTime":1781072016801.0886,"status":"passed","message":"","name":"/Users/macanderson/oxagen-monorepo/apps/app/src/app/actions/update-model-settings.action.test.ts"},{"assertionResults":[{"ancestorTitles":["videoGenerateAction"],"fullName":"videoGenerateAction returns ok:true with queued:true and a jobId","status":"passed","title":"returns ok:true with queued:true and a jobId","duration":1.469499999999698,"failureMessages":[],"meta":{}},{"ancestorTitles":["videoGenerateAction"],"fullName":"videoGenerateAction calls resolveOrg and resolveWorkspace with the correct slugs","status":"passed","title":"calls resolveOrg and resolveWorkspace with the correct slugs","duration":0.7451249999999163,"failureMessages":[],"meta":{}},{"ancestorTitles":["videoGenerateAction"],"fullName":"videoGenerateAction asserts org membership for the authenticated user","status":"passed","title":"asserts org membership for the authenticated user","duration":0.1451670000001286,"failureMessages":[],"meta":{}},{"ancestorTitles":["videoGenerateAction"],"fullName":"videoGenerateAction calls invoke with video.generate and the correct capability payload","status":"passed","title":"calls invoke with video.generate and the correct capability payload","duration":9.001083999999992,"failureMessages":[],"meta":{}},{"ancestorTitles":["videoGenerateAction"],"fullName":"videoGenerateAction works without optional fields (durationSeconds, aspectRatio, style)","status":"passed","title":"works without optional fields (durationSeconds, aspectRatio, style)","duration":0.17045899999993708,"failureMessages":[],"meta":{}},{"ancestorTitles":["videoGenerateAction"],"fullName":"videoGenerateAction returns ok:false when prompt is an empty string","status":"passed","title":"returns ok:false when prompt is an empty string","duration":0.40620799999987867,"failureMessages":[],"meta":{}},{"ancestorTitles":["videoGenerateAction"],"fullName":"videoGenerateAction returns ok:false when aspectRatio is invalid","status":"passed","title":"returns ok:false when aspectRatio is invalid","duration":0.12133300000004965,"failureMessages":[],"meta":{}},{"ancestorTitles":["videoGenerateAction"],"fullName":"videoGenerateAction returns ok:false when durationSeconds exceeds 60","status":"passed","title":"returns ok:false when durationSeconds exceeds 60","duration":0.08799999999973807,"failureMessages":[],"meta":{}},{"ancestorTitles":["videoGenerateAction"],"fullName":"videoGenerateAction returns ok:false when durationSeconds is 0 (must be >= 1)","status":"passed","title":"returns ok:false when durationSeconds is 0 (must be >= 1)","duration":6.707000000000335,"failureMessages":[],"meta":{}},{"ancestorTitles":["videoGenerateAction"],"fullName":"videoGenerateAction returns ok:false when getSessionOrRedirect throws","status":"passed","title":"returns ok:false when getSessionOrRedirect throws","duration":0.32891700000027413,"failureMessages":[],"meta":{}},{"ancestorTitles":["videoGenerateAction"],"fullName":"videoGenerateAction returns ok:false when resolveOrg throws","status":"passed","title":"returns ok:false when resolveOrg throws","duration":0.12866600000006656,"failureMessages":[],"meta":{}},{"ancestorTitles":["videoGenerateAction"],"fullName":"videoGenerateAction returns ok:false when resolveWorkspace throws","status":"passed","title":"returns ok:false when resolveWorkspace throws","duration":0.12870900000007168,"failureMessages":[],"meta":{}},{"ancestorTitles":["videoGenerateAction"],"fullName":"videoGenerateAction returns ok:false when assertOrgMember throws (user not a member)","status":"passed","title":"returns ok:false when assertOrgMember throws (user not a member)","duration":0.0687910000001466,"failureMessages":[],"meta":{}},{"ancestorTitles":["videoGenerateAction"],"fullName":"videoGenerateAction returns ok:false with error message when invoke throws an Error","status":"passed","title":"returns ok:false with error message when invoke throws an Error","duration":0.06908300000031886,"failureMessages":[],"meta":{}},{"ancestorTitles":["videoGenerateAction"],"fullName":"videoGenerateAction returns ok:false with fallback message when invoke throws a non-Error","status":"passed","title":"returns ok:false with fallback message when invoke throws a non-Error","duration":0.0911670000000413,"failureMessages":[],"meta":{}}],"startTime":1781072016815,"endTime":1781072016834.3289,"status":"passed","message":"","name":"/Users/macanderson/oxagen-monorepo/apps/app/src/app/actions/video.generate.action.test.ts"},{"assertionResults":[{"ancestorTitles":["LoginForm — signin mode (default)"],"fullName":"LoginForm — signin mode (default) renders email and password inputs","status":"passed","title":"renders email and password inputs","duration":22.72199999999998,"failureMessages":[],"meta":{}},{"ancestorTitles":["LoginForm — signin mode (default)"],"fullName":"LoginForm — signin mode (default) renders 'Sign in' submit button","status":"passed","title":"renders 'Sign in' submit button","duration":89.67679099999987,"failureMessages":[],"meta":{}},{"ancestorTitles":["LoginForm — signin mode (default)"],"fullName":"LoginForm — signin mode (default) shows 'Forgot password?' link","status":"passed","title":"shows 'Forgot password?' link","duration":6.5715000000000146,"failureMessages":[],"meta":{}},{"ancestorTitles":["LoginForm — signin mode (default)"],"fullName":"LoginForm — signin mode (default) does NOT render the Name field in signin mode","status":"passed","title":"does NOT render the Name field in signin mode","duration":2.4588330000001406,"failureMessages":[],"meta":{}},{"ancestorTitles":["LoginForm — signin mode (default)"],"fullName":"LoginForm — signin mode (default) calls authClient.signIn.email with email and password","status":"passed","title":"calls authClient.signIn.email with email and password","duration":146.31120899999996,"failureMessages":[],"meta":{}},{"ancestorTitles":["LoginForm — signin mode (default)"],"fullName":"LoginForm — signin mode (default) shows error message on auth failure","status":"passed","title":"shows error message on auth failure","duration":131.26887499999998,"failureMessages":[],"meta":{}},{"ancestorTitles":["LoginForm — signup mode"],"fullName":"LoginForm — signup mode renders name, email, password inputs","status":"passed","title":"renders name, email, password inputs","duration":4.884375000000091,"failureMessages":[],"meta":{}},{"ancestorTitles":["LoginForm — signup mode"],"fullName":"LoginForm — signup mode renders 'Create account' submit button","status":"passed","title":"renders 'Create account' submit button","duration":3.908333000000084,"failureMessages":[],"meta":{}},{"ancestorTitles":["LoginForm — signup mode"],"fullName":"LoginForm — signup mode does NOT show 'Forgot password?' link in signup mode","status":"passed","title":"does NOT show 'Forgot password?' link in signup mode","duration":1.4212499999998727,"failureMessages":[],"meta":{}},{"ancestorTitles":["LoginForm — signup mode"],"fullName":"LoginForm — signup mode calls authClient.signUp.email with name, email, password","status":"passed","title":"calls authClient.signUp.email with name, email, password","duration":164.09616699999992,"failureMessages":[],"meta":{}}],"startTime":1781072026256,"endTime":1781072026830.0962,"status":"passed","message":"","name":"/Users/macanderson/oxagen-monorepo/apps/app/src/components/auth/login-form.test.tsx"},{"assertionResults":[{"ancestorTitles":["OAuthButtons"],"fullName":"OAuthButtons renders 'Continue with Google' button","status":"passed","title":"renders 'Continue with Google' button","duration":80.08920899999998,"failureMessages":[],"meta":{}},{"ancestorTitles":["OAuthButtons"],"fullName":"OAuthButtons renders 'Continue with GitHub' button","status":"passed","title":"renders 'Continue with GitHub' button","duration":4.105749999999944,"failureMessages":[],"meta":{}},{"ancestorTitles":["OAuthButtons"],"fullName":"OAuthButtons clicking Google calls signIn.social with provider='google' and default callbackURL='/'","status":"passed","title":"clicking Google calls signIn.social with provider='google' and default callbackURL='/'","duration":25.09916599999997,"failureMessages":[],"meta":{}},{"ancestorTitles":["OAuthButtons"],"fullName":"OAuthButtons clicking GitHub calls signIn.social with provider='github' and default callbackURL='/'","status":"passed","title":"clicking GitHub calls signIn.social with provider='github' and default callbackURL='/'","duration":11.456916000000092,"failureMessages":[],"meta":{}},{"ancestorTitles":["OAuthButtons"],"fullName":"OAuthButtons forwards a custom callbackURL","status":"passed","title":"forwards a custom callbackURL","duration":12.914291999999932,"failureMessages":[],"meta":{}}],"startTime":1781072030366,"endTime":1781072030499.9143,"status":"passed","message":"","name":"/Users/macanderson/oxagen-monorepo/apps/app/src/components/auth/oauth-buttons.test.tsx"},{"assertionResults":[{"ancestorTitles":["AutoReloadSettings — rendering"],"fullName":"AutoReloadSettings — rendering renders the 'Automatic reload' heading","status":"passed","title":"renders the 'Automatic reload' heading","duration":31.88737500000002,"failureMessages":[],"meta":{}},{"ancestorTitles":["AutoReloadSettings — rendering"],"fullName":"AutoReloadSettings — rendering renders 'Enable automatic reload' label","status":"passed","title":"renders 'Enable automatic reload' label","duration":4.150124999999889,"failureMessages":[],"meta":{}},{"ancestorTitles":["AutoReloadSettings — rendering"],"fullName":"AutoReloadSettings — rendering renders the toggle switch","status":"passed","title":"renders the toggle switch","duration":107.44770900000003,"failureMessages":[],"meta":{}},{"ancestorTitles":["AutoReloadSettings — rendering"],"fullName":"AutoReloadSettings — rendering toggle is unchecked when autoReloadEnabled=false","status":"passed","title":"toggle is unchecked when autoReloadEnabled=false","duration":5.397666999999956,"failureMessages":[],"meta":{}},{"ancestorTitles":["AutoReloadSettings — rendering"],"fullName":"AutoReloadSettings — rendering toggle is checked when autoReloadEnabled=true","status":"passed","title":"toggle is checked when autoReloadEnabled=true","duration":13.873083000000179,"failureMessages":[],"meta":{}},{"ancestorTitles":["AutoReloadSettings — rendering"],"fullName":"AutoReloadSettings — rendering pre-fills threshold input from settings when enabled","status":"passed","title":"pre-fills threshold input from settings when enabled","duration":7.811291999999867,"failureMessages":[],"meta":{}},{"ancestorTitles":["AutoReloadSettings — rendering"],"fullName":"AutoReloadSettings — rendering pre-fills amount input from settings when enabled","status":"passed","title":"pre-fills amount input from settings when enabled","duration":5.681666999999834,"failureMessages":[],"meta":{}},{"ancestorTitles":["AutoReloadSettings — rendering"],"fullName":"AutoReloadSettings — rendering renders the Save button","status":"passed","title":"renders the Save button","duration":14.514417000000094,"failureMessages":[],"meta":{}},{"ancestorTitles":["AutoReloadSettings — canManage=false"],"fullName":"AutoReloadSettings — canManage=false hides the Save button when canManage=false","status":"passed","title":"hides the Save button when canManage=false","duration":2.536250000000109,"failureMessages":[],"meta":{}},{"ancestorTitles":["AutoReloadSettings — canManage=false"],"fullName":"AutoReloadSettings — canManage=false still renders the toggle when canManage=false","status":"passed","title":"still renders the toggle when canManage=false","duration":3.861458000000084,"failureMessages":[],"meta":{}}],"startTime":1781072026569,"endTime":1781072026766.8616,"status":"passed","message":"","name":"/Users/macanderson/oxagen-monorepo/apps/app/src/components/billing/auto-reload-settings.test.tsx"},{"assertionResults":[{"ancestorTitles":["BillingAddressFields — rendering"],"fullName":"BillingAddressFields — rendering renders the 'Billing address' heading","status":"passed","title":"renders the 'Billing address' heading","duration":21.977666,"failureMessages":[],"meta":{}},{"ancestorTitles":["BillingAddressFields — rendering"],"fullName":"BillingAddressFields — rendering renders Country label","status":"passed","title":"renders Country label","duration":2.921124999999961,"failureMessages":[],"meta":{}},{"ancestorTitles":["BillingAddressFields — rendering"],"fullName":"BillingAddressFields — rendering renders Address line 1 field","status":"passed","title":"renders Address line 1 field","duration":4.124750000000063,"failureMessages":[],"meta":{}},{"ancestorTitles":["BillingAddressFields — rendering"],"fullName":"BillingAddressFields — rendering renders Address line 2 field","status":"passed","title":"renders Address line 2 field","duration":2.395208000000025,"failureMessages":[],"meta":{}},{"ancestorTitles":["BillingAddressFields — rendering"],"fullName":"BillingAddressFields — rendering renders City field","status":"passed","title":"renders City field","duration":2.15295900000001,"failureMessages":[],"meta":{}},{"ancestorTitles":["BillingAddressFields — rendering"],"fullName":"BillingAddressFields — rendering renders Postal code field","status":"passed","title":"renders Postal code field","duration":1.904833999999937,"failureMessages":[],"meta":{}},{"ancestorTitles":["BillingAddressFields — rendering"],"fullName":"BillingAddressFields — rendering renders without crashing when no Google Maps key is set","status":"passed","title":"renders without crashing when no Google Maps key is set","duration":1.6792920000000322,"failureMessages":[],"meta":{}}],"startTime":1781072028776,"endTime":1781072028812.6792,"status":"passed","message":"","name":"/Users/macanderson/oxagen-monorepo/apps/app/src/components/billing/billing-address-fields.test.tsx"},{"assertionResults":[{"ancestorTitles":["BuyCredits — rendering"],"fullName":"BuyCredits — rendering renders 'Buy usage credits' heading","status":"passed","title":"renders 'Buy usage credits' heading","duration":18.79920800000002,"failureMessages":[],"meta":{}},{"ancestorTitles":["BuyCredits — rendering"],"fullName":"BuyCredits — rendering renders the amount input with default $20","status":"passed","title":"renders the amount input with default $20","duration":64.57995900000003,"failureMessages":[],"meta":{}},{"ancestorTitles":["BuyCredits — rendering"],"fullName":"BuyCredits — rendering renders the 'Buy credits' button","status":"passed","title":"renders the 'Buy credits' button","duration":40.25512499999991,"failureMessages":[],"meta":{}},{"ancestorTitles":["BuyCredits — rendering"],"fullName":"BuyCredits — rendering renders credit = penny description","status":"passed","title":"renders credit = penny description","duration":1.6897089999999935,"failureMessages":[],"meta":{}},{"ancestorTitles":["BuyCredits — validation"],"fullName":"BuyCredits — validation shows minimum purchase error for amount below $5","status":"passed","title":"shows minimum purchase error for amount below $5","duration":61.879040999999916,"failureMessages":[],"meta":{}},{"ancestorTitles":["BuyCredits — validation"],"fullName":"BuyCredits — validation Buy button is disabled when amount is invalid","status":"passed","title":"Buy button is disabled when amount is invalid","duration":29.018666000000167,"failureMessages":[],"meta":{}},{"ancestorTitles":["BuyCredits — validation"],"fullName":"BuyCredits — validation Buy button is enabled for valid amount ($20)","status":"passed","title":"Buy button is enabled for valid amount ($20)","duration":3.17775000000006,"failureMessages":[],"meta":{}}],"startTime":1781072029129,"endTime":1781072029348.1777,"status":"passed","message":"","name":"/Users/macanderson/oxagen-monorepo/apps/app/src/components/billing/buy-credits.test.tsx"},{"assertionResults":[{"ancestorTitles":["CreditBalance — rendering"],"fullName":"CreditBalance — rendering renders the balance as formatted USD","status":"passed","title":"renders the balance as formatted USD","duration":41.791082999999844,"failureMessages":[],"meta":{}},{"ancestorTitles":["CreditBalance — rendering"],"fullName":"CreditBalance — rendering renders 'Credit balance' heading","status":"passed","title":"renders 'Credit balance' heading","duration":2.0357500000000073,"failureMessages":[],"meta":{}},{"ancestorTitles":["CreditBalance — rendering"],"fullName":"CreditBalance — rendering ledger is collapsed by default — entries not visible","status":"passed","title":"ledger is collapsed by default — entries not visible","duration":1.571708999999828,"failureMessages":[],"meta":{}},{"ancestorTitles":["CreditBalance — rendering"],"fullName":"CreditBalance — rendering shows 'Recent ledger entries' toggle button","status":"passed","title":"shows 'Recent ledger entries' toggle button","duration":1.4119579999999132,"failureMessages":[],"meta":{}},{"ancestorTitles":["CreditBalance — ledger toggle"],"fullName":"CreditBalance — ledger toggle clicking the toggle reveals the ledger","status":"passed","title":"clicking the toggle reveals the ledger","duration":127.97054099999991,"failureMessages":[],"meta":{}},{"ancestorTitles":["CreditBalance — ledger toggle"],"fullName":"CreditBalance — ledger toggle clicking the toggle again hides the ledger","status":"passed","title":"clicking the toggle again hides the ledger","duration":43.61754199999996,"failureMessages":[],"meta":{}},{"ancestorTitles":["CreditBalance — ledger toggle"],"fullName":"CreditBalance — ledger toggle empty ledger shows 'No ledger entries.' when open","status":"passed","title":"empty ledger shows 'No ledger entries.' when open","duration":16.786292000000003,"failureMessages":[],"meta":{}},{"ancestorTitles":["CreditBalance — ledger toggle"],"fullName":"CreditBalance — ledger toggle positive delta renders success badge with '+' prefix","status":"passed","title":"positive delta renders success badge with '+' prefix","duration":17.892665999999963,"failureMessages":[],"meta":{}},{"ancestorTitles":["CreditBalance — ledger toggle"],"fullName":"CreditBalance — ledger toggle negative delta renders destructive badge","status":"passed","title":"negative delta renders destructive badge","duration":13.673457999999982,"failureMessages":[],"meta":{}}],"startTime":1781072027150,"endTime":1781072027416.6733,"status":"passed","message":"","name":"/Users/macanderson/oxagen-monorepo/apps/app/src/components/billing/credit-balance.test.tsx"},{"assertionResults":[{"ancestorTitles":["DunningBanner — active state"],"fullName":"DunningBanner — active state renders nothing for active orgs","status":"passed","title":"renders nothing for active orgs","duration":8.981792000000041,"failureMessages":[],"meta":{}},{"ancestorTitles":["DunningBanner — grace state"],"fullName":"DunningBanner — grace state shows a warning about the failed payment","status":"passed","title":"shows a warning about the failed payment","duration":51.147500000000036,"failureMessages":[],"meta":{}},{"ancestorTitles":["DunningBanner — grace state"],"fullName":"DunningBanner — grace state includes the grace deadline date in the description","status":"passed","title":"includes the grace deadline date in the description","duration":2.363749999999982,"failureMessages":[],"meta":{}},{"ancestorTitles":["DunningBanner — grace state"],"fullName":"DunningBanner — grace state shows an 'Update payment method' CTA","status":"passed","title":"shows an 'Update payment method' CTA","duration":64.86670900000013,"failureMessages":[],"meta":{}},{"ancestorTitles":["DunningBanner — suspended state"],"fullName":"DunningBanner — suspended state shows an account-suspended heading","status":"passed","title":"shows an account-suspended heading","duration":1.989667000000054,"failureMessages":[],"meta":{}},{"ancestorTitles":["DunningBanner — suspended state"],"fullName":"DunningBanner — suspended state mentions non-payment in the description","status":"passed","title":"mentions non-payment in the description","duration":1.1700419999999667,"failureMessages":[],"meta":{}},{"ancestorTitles":["DunningBanner — suspended state"],"fullName":"DunningBanner — suspended state shows 'Update payment method' CTA with destructive styling","status":"passed","title":"shows 'Update payment method' CTA with destructive styling","duration":3.2674999999999272,"failureMessages":[],"meta":{}}],"startTime":1781072029748,"endTime":1781072029882.2676,"status":"passed","message":"","name":"/Users/macanderson/oxagen-monorepo/apps/app/src/components/billing/dunning-banner.test.tsx"},{"assertionResults":[{"ancestorTitles":["InvoiceList — empty state"],"fullName":"InvoiceList — empty state renders 'No invoices yet.' when empty","status":"passed","title":"renders 'No invoices yet.' when empty","duration":26.563458000000082,"failureMessages":[],"meta":{}},{"ancestorTitles":["InvoiceList — with invoices"],"fullName":"InvoiceList — with invoices renders invoice number","status":"passed","title":"renders invoice number","duration":17.058291999999938,"failureMessages":[],"meta":{}},{"ancestorTitles":["InvoiceList — with invoices"],"fullName":"InvoiceList — with invoices falls back to publicId when number is null","status":"passed","title":"falls back to publicId when number is null","duration":1.7576670000000831,"failureMessages":[],"meta":{}},{"ancestorTitles":["InvoiceList — with invoices"],"fullName":"InvoiceList — with invoices renders the formatted amount","status":"passed","title":"renders the formatted amount","duration":2.3845420000000104,"failureMessages":[],"meta":{}},{"ancestorTitles":["InvoiceList — with invoices"],"fullName":"InvoiceList — with invoices renders paid badge","status":"passed","title":"renders paid badge","duration":2.206124999999929,"failureMessages":[],"meta":{}},{"ancestorTitles":["InvoiceList — with invoices"],"fullName":"InvoiceList — with invoices renders open status badge","status":"passed","title":"renders open status badge","duration":1.382959000000028,"failureMessages":[],"meta":{}},{"ancestorTitles":["InvoiceList — with invoices"],"fullName":"InvoiceList — with invoices renders external link button when hostedInvoiceUrl is set","status":"passed","title":"renders external link button when hostedInvoiceUrl is set","duration":2.6210419999999885,"failureMessages":[],"meta":{}},{"ancestorTitles":["InvoiceList — with invoices"],"fullName":"InvoiceList — with invoices does not render external link when hostedInvoiceUrl is null","status":"passed","title":"does not render external link when hostedInvoiceUrl is null","duration":1.145040999999992,"failureMessages":[],"meta":{}},{"ancestorTitles":["InvoiceList — with invoices"],"fullName":"InvoiceList — with invoices renders multiple invoices","status":"passed","title":"renders multiple invoices","duration":11.039166000000023,"failureMessages":[],"meta":{}}],"startTime":1781072028516,"endTime":1781072028582.039,"status":"passed","message":"","name":"/Users/macanderson/oxagen-monorepo/apps/app/src/components/billing/invoice-list.test.tsx"},{"assertionResults":[{"ancestorTitles":["LowBalanceBanner — display logic"],"fullName":"LowBalanceBanner — display logic balance >= threshold → should NOT show banner","status":"passed","title":"balance >= threshold → should NOT show banner","duration":1.522707999999966,"failureMessages":[],"meta":{}},{"ancestorTitles":["LowBalanceBanner — display logic"],"fullName":"LowBalanceBanner — display logic balance < threshold → should show banner","status":"passed","title":"balance < threshold → should show banner","duration":0.12016700000003766,"failureMessages":[],"meta":{}},{"ancestorTitles":["LowBalanceBanner — display logic"],"fullName":"LowBalanceBanner — display logic balance equals threshold exactly → no banner (boundary)","status":"passed","title":"balance equals threshold exactly → no banner (boundary)","duration":0.1840829999999869,"failureMessages":[],"meta":{}},{"ancestorTitles":["LowBalanceBanner — display logic"],"fullName":"LowBalanceBanner — display logic negative balance < threshold → show banner","status":"passed","title":"negative balance < threshold → show banner","duration":0.125,"failureMessages":[],"meta":{}},{"ancestorTitles":["LowBalanceBanner — sessionStorage key format"],"fullName":"LowBalanceBanner — sessionStorage key format key for 'acme' equals 'oxagen:low-balance-dismissed:acme'","status":"passed","title":"key for 'acme' equals 'oxagen:low-balance-dismissed:acme'","duration":0.06554100000005292,"failureMessages":[],"meta":{}},{"ancestorTitles":["LowBalanceBanner — sessionStorage key format"],"fullName":"LowBalanceBanner — sessionStorage key format different orgSlugs produce different keys (multi-org isolation)","status":"passed","title":"different orgSlugs produce different keys (multi-org isolation)","duration":0.5746669999999767,"failureMessages":[],"meta":{}},{"ancestorTitles":["LowBalanceBanner — sessionStorage key format"],"fullName":"LowBalanceBanner — sessionStorage key format key starts with SESSION_KEY_PREFIX","status":"passed","title":"key starts with SESSION_KEY_PREFIX","duration":0.07500000000004547,"failureMessages":[],"meta":{}},{"ancestorTitles":["LowBalanceBanner — sessionStorage key format"],"fullName":"LowBalanceBanner — sessionStorage key format key ends with the orgSlug","status":"passed","title":"key ends with the orgSlug","duration":0.05520799999999326,"failureMessages":[],"meta":{}},{"ancestorTitles":["LowBalanceBanner — initDismissedState"],"fullName":"LowBalanceBanner — initDismissedState returns false when no entry exists for the org","status":"passed","title":"returns false when no entry exists for the org","duration":0.08300000000008367,"failureMessages":[],"meta":{}},{"ancestorTitles":["LowBalanceBanner — initDismissedState"],"fullName":"LowBalanceBanner — initDismissedState returns true when entry is '1'","status":"passed","title":"returns true when entry is '1'","duration":0.05108400000005986,"failureMessages":[],"meta":{}},{"ancestorTitles":["LowBalanceBanner — initDismissedState"],"fullName":"LowBalanceBanner — initDismissedState returns false when entry is '0' (not '1')","status":"passed","title":"returns false when entry is '0' (not '1')","duration":0.0392500000000382,"failureMessages":[],"meta":{}},{"ancestorTitles":["LowBalanceBanner — initDismissedState"],"fullName":"LowBalanceBanner — initDismissedState returns false when entry is empty string","status":"passed","title":"returns false when entry is empty string","duration":0.035791999999901236,"failureMessages":[],"meta":{}},{"ancestorTitles":["LowBalanceBanner — initDismissedState"],"fullName":"LowBalanceBanner — initDismissedState different org slug → different key (not dismissed)","status":"passed","title":"different org slug → different key (not dismissed)","duration":0.04291699999998855,"failureMessages":[],"meta":{}},{"ancestorTitles":["LowBalanceBanner — handleDismiss"],"fullName":"LowBalanceBanner — handleDismiss writes '1' to the correct key","status":"passed","title":"writes '1' to the correct key","duration":0.04245900000000802,"failureMessages":[],"meta":{}},{"ancestorTitles":["LowBalanceBanner — handleDismiss"],"fullName":"LowBalanceBanner — handleDismiss writing for 'acme' does NOT set the 'globex' key","status":"passed","title":"writing for 'acme' does NOT set the 'globex' key","duration":0.03849999999999909,"failureMessages":[],"meta":{}},{"ancestorTitles":["LowBalanceBanner — handleDismiss"],"fullName":"LowBalanceBanner — handleDismiss after handleDismiss, initDismissedState returns true","status":"passed","title":"after handleDismiss, initDismissedState returns true","duration":0.03445899999996982,"failureMessages":[],"meta":{}},{"ancestorTitles":["LowBalanceBanner — handleDismiss"],"fullName":"LowBalanceBanner — handleDismiss calling handleDismiss twice is idempotent","status":"passed","title":"calling handleDismiss twice is idempotent","duration":0.04137500000001637,"failureMessages":[],"meta":{}},{"ancestorTitles":["LowBalanceBanner — SSR guard"],"fullName":"LowBalanceBanner — SSR guard initDismissedState returns false without throwing when storage is null (SSR)","status":"passed","title":"initDismissedState returns false without throwing when storage is null (SSR)","duration":0.34941699999990306,"failureMessages":[],"meta":{}},{"ancestorTitles":["LowBalanceBanner — SSR guard"],"fullName":"LowBalanceBanner — SSR guard handleDismiss does not throw when storage is null (SSR)","status":"passed","title":"handleDismiss does not throw when storage is null (SSR)","duration":0.05875000000003183,"failureMessages":[],"meta":{}},{"ancestorTitles":["LowBalanceBanner — SSR guard"],"fullName":"LowBalanceBanner — SSR guard initDismissedState is false for any org when in SSR mode","status":"passed","title":"initDismissedState is false for any org when in SSR mode","duration":0.049834000000032574,"failureMessages":[],"meta":{}}],"startTime":1781072018783,"endTime":1781072018787.0588,"status":"passed","message":"","name":"/Users/macanderson/oxagen-monorepo/apps/app/src/components/billing/low-balance-banner.test.tsx"},{"assertionResults":[{"ancestorTitles":["PlanCard — rendering"],"fullName":"PlanCard — rendering renders plan name and tier","status":"passed","title":"renders plan name and tier","duration":34.924416000000065,"failureMessages":[],"meta":{}},{"ancestorTitles":["PlanCard — rendering"],"fullName":"PlanCard — rendering renders monthly price","status":"passed","title":"renders monthly price","duration":3.180667000000085,"failureMessages":[],"meta":{}},{"ancestorTitles":["PlanCard — rendering"],"fullName":"PlanCard — rendering renders annual price","status":"passed","title":"renders annual price","duration":2.587500000000091,"failureMessages":[],"meta":{}},{"ancestorTitles":["PlanCard — rendering"],"fullName":"PlanCard — rendering falls back to monthly*12 when annualCents is null","status":"passed","title":"falls back to monthly*12 when annualCents is null","duration":1.99287500000014,"failureMessages":[],"meta":{}},{"ancestorTitles":["PlanCard — rendering"],"fullName":"PlanCard — rendering renders included seats count","status":"passed","title":"renders included seats count","duration":1.9882090000000971,"failureMessages":[],"meta":{}},{"ancestorTitles":["PlanCard — rendering"],"fullName":"PlanCard — rendering renders plan features","status":"passed","title":"renders plan features","duration":1.967290999999932,"failureMessages":[],"meta":{}},{"ancestorTitles":["PlanCard — rendering"],"fullName":"PlanCard — rendering renders included credits amount","status":"passed","title":"renders included credits amount","duration":1.6630419999999049,"failureMessages":[],"meta":{}},{"ancestorTitles":["PlanCard — relation states"],"fullName":"PlanCard — relation states shows 'Current plan' badge and disabled button for relation=current","status":"passed","title":"shows 'Current plan' badge and disabled button for relation=current","duration":175.791833,"failureMessages":[],"meta":{}},{"ancestorTitles":["PlanCard — relation states"],"fullName":"PlanCard — relation states shows 'Upgrade' CTA for relation=upgrade","status":"passed","title":"shows 'Upgrade' CTA for relation=upgrade","duration":20.103374999999915,"failureMessages":[],"meta":{}},{"ancestorTitles":["PlanCard — relation states"],"fullName":"PlanCard — relation states shows 'Downgrade' CTA for relation=downgrade","status":"passed","title":"shows 'Downgrade' CTA for relation=downgrade","duration":6.295874999999796,"failureMessages":[],"meta":{}},{"ancestorTitles":["PlanCard — relation states"],"fullName":"PlanCard — relation states shows 'Switch' CTA for relation=switch (and for no relation)","status":"passed","title":"shows 'Switch' CTA for relation=switch (and for no relation)","duration":3.4624160000000757,"failureMessages":[],"meta":{}},{"ancestorTitles":["PlanCard — interactions"],"fullName":"PlanCard — interactions calls onSelect with slug and interval on button click","status":"passed","title":"calls onSelect with slug and interval on button click","duration":34.57404200000019,"failureMessages":[],"meta":{}},{"ancestorTitles":["PlanCard — interactions"],"fullName":"PlanCard — interactions shows 'Processing…' and disables button while pending","status":"passed","title":"shows 'Processing…' and disables button while pending","duration":3.34174999999982,"failureMessages":[],"meta":{}},{"ancestorTitles":["PlanCard — interactions"],"fullName":"PlanCard — interactions does not call onSelect when button is disabled (current plan)","status":"passed","title":"does not call onSelect when button is disabled (current plan)","duration":2.8579999999999472,"failureMessages":[],"meta":{}}],"startTime":1781072025763,"endTime":1781072026057.858,"status":"passed","message":"","name":"/Users/macanderson/oxagen-monorepo/apps/app/src/components/billing/plan-card.test.tsx"},{"assertionResults":[{"ancestorTitles":["UsageChart — empty state"],"fullName":"UsageChart — empty state renders 'No usage yet this period.' when metrics is empty","status":"passed","title":"renders 'No usage yet this period.' when metrics is empty","duration":50.259000000000015,"failureMessages":[],"meta":{}},{"ancestorTitles":["UsageChart — with metrics"],"fullName":"UsageChart — with metrics renders the 'Current period usage' heading","status":"passed","title":"renders the 'Current period usage' heading","duration":7.306375000000003,"failureMessages":[],"meta":{}},{"ancestorTitles":["UsageChart — with metrics"],"fullName":"UsageChart — with metrics renders each metric name","status":"passed","title":"renders each metric name","duration":2.1274590000000444,"failureMessages":[],"meta":{}},{"ancestorTitles":["UsageChart — with metrics"],"fullName":"UsageChart — with metrics renders formatted quantities","status":"passed","title":"renders formatted quantities","duration":10.526250000000005,"failureMessages":[],"meta":{}},{"ancestorTitles":["UsageChart — with metrics"],"fullName":"UsageChart — with metrics renders formatted cost for each metric","status":"passed","title":"renders formatted cost for each metric","duration":2.0727920000000495,"failureMessages":[],"meta":{}},{"ancestorTitles":["UsageChart — with metrics"],"fullName":"UsageChart — with metrics renders bar elements for each metric","status":"passed","title":"renders bar elements for each metric","duration":2.3496249999999463,"failureMessages":[],"meta":{}},{"ancestorTitles":["UsageChart — with metrics"],"fullName":"UsageChart — with metrics highest metric bar has 100% width","status":"passed","title":"highest metric bar has 100% width","duration":1.5980829999999742,"failureMessages":[],"meta":{}}],"startTime":1781072029031,"endTime":1781072029107.5981,"status":"passed","message":"","name":"/Users/macanderson/oxagen-monorepo/apps/app/src/components/billing/usage-chart.test.tsx"},{"assertionResults":[{"ancestorTitles":["ConversationItem — formatRelative"],"fullName":"ConversationItem — formatRelative shows 'just now' for sub-minute updates","status":"passed","title":"shows 'just now' for sub-minute updates","duration":84.68024999999989,"failureMessages":[],"meta":{}},{"ancestorTitles":["ConversationItem — formatRelative"],"fullName":"ConversationItem — formatRelative shows minutes ago (5m ago)","status":"passed","title":"shows minutes ago (5m ago)","duration":3.7350420000000213,"failureMessages":[],"meta":{}},{"ancestorTitles":["ConversationItem — formatRelative"],"fullName":"ConversationItem — formatRelative shows hours ago (3h ago)","status":"passed","title":"shows hours ago (3h ago)","duration":51.29008299999987,"failureMessages":[],"meta":{}},{"ancestorTitles":["ConversationItem — formatRelative"],"fullName":"ConversationItem — formatRelative shows days ago (2d ago)","status":"passed","title":"shows days ago (2d ago)","duration":7.155791000000136,"failureMessages":[],"meta":{}},{"ancestorTitles":["ConversationItem — formatRelative"],"fullName":"ConversationItem — formatRelative shows a date string for updates older than 7 days","status":"passed","title":"shows a date string for updates older than 7 days","duration":12.984666999999718,"failureMessages":[],"meta":{}},{"ancestorTitles":["ConversationItem — rendering"],"fullName":"ConversationItem — rendering renders the conversation title","status":"passed","title":"renders the conversation title","duration":2.211833000000297,"failureMessages":[],"meta":{}},{"ancestorTitles":["ConversationItem — rendering"],"fullName":"ConversationItem — rendering falls back to 'New conversation' when title is null","status":"passed","title":"falls back to 'New conversation' when title is null","duration":38.91108299999996,"failureMessages":[],"meta":{}},{"ancestorTitles":["ConversationItem — rendering"],"fullName":"ConversationItem — rendering falls back to 'New conversation' when title is whitespace","status":"passed","title":"falls back to 'New conversation' when title is whitespace","duration":2.466667000000143,"failureMessages":[],"meta":{}},{"ancestorTitles":["ConversationItem — rendering"],"fullName":"ConversationItem — rendering renders the link with correct href","status":"passed","title":"renders the link with correct href","duration":66.9237919999996,"failureMessages":[],"meta":{}},{"ancestorTitles":["ConversationItem — rendering"],"fullName":"ConversationItem — rendering renders the actions button with aria-label for the title","status":"passed","title":"renders the actions button with aria-label for the title","duration":54.57462499999974,"failureMessages":[],"meta":{}},{"ancestorTitles":["ConversationItem — rendering"],"fullName":"ConversationItem — rendering applies active class when isActive=true","status":"passed","title":"applies active class when isActive=true","duration":4.703665999999885,"failureMessages":[],"meta":{}},{"ancestorTitles":["ConversationItem — menu interactions"],"fullName":"ConversationItem — menu interactions opens menu on double-click of the link","status":"passed","title":"opens menu on double-click of the link","duration":237.36724999999979,"failureMessages":[],"meta":{}},{"ancestorTitles":["ConversationItem — menu interactions"],"fullName":"ConversationItem — menu interactions shows Archive option for non-archived conversation","status":"passed","title":"shows Archive option for non-archived conversation","duration":206.7510830000001,"failureMessages":[],"meta":{}},{"ancestorTitles":["ConversationItem — menu interactions"],"fullName":"ConversationItem — menu interactions shows Restore option for archived conversation","status":"passed","title":"shows Restore option for archived conversation","duration":121.34295800000018,"failureMessages":[],"meta":{}},{"ancestorTitles":["ConversationItem — menu interactions"],"fullName":"ConversationItem — menu interactions calls onArchiveToggle(id, true) when Archive is clicked","status":"passed","title":"calls onArchiveToggle(id, true) when Archive is clicked","duration":89.05349999999999,"failureMessages":[],"meta":{}},{"ancestorTitles":["ConversationItem — menu interactions"],"fullName":"ConversationItem — menu interactions opens the rename dialog when Rename is clicked","status":"passed","title":"opens the rename dialog when Rename is clicked","duration":144.43091699999968,"failureMessages":[],"meta":{}},{"ancestorTitles":["ConversationItem — menu interactions"],"fullName":"ConversationItem — menu interactions opens the delete dialog when Delete is clicked","status":"passed","title":"opens the delete dialog when Delete is clicked","duration":115.1033339999999,"failureMessages":[],"meta":{}}],"startTime":1781072022918,"endTime":1781072024162.1033,"status":"passed","message":"","name":"/Users/macanderson/oxagen-monorepo/apps/app/src/components/conversations/conversation-item.test.tsx"},{"assertionResults":[{"ancestorTitles":["ConversationList — rendering"],"fullName":"ConversationList — rendering renders 'New conversation' button","status":"passed","title":"renders 'New conversation' button","duration":129.41045800000006,"failureMessages":[],"meta":{}},{"ancestorTitles":["ConversationList — rendering"],"fullName":"ConversationList — rendering renders each conversation from initialActive","status":"passed","title":"renders each conversation from initialActive","duration":13.97791600000005,"failureMessages":[],"meta":{}},{"ancestorTitles":["ConversationList — rendering"],"fullName":"ConversationList — rendering renders conversation links with correct href","status":"passed","title":"renders conversation links with correct href","duration":21.960334000000103,"failureMessages":[],"meta":{}},{"ancestorTitles":["ConversationList — rendering"],"fullName":"ConversationList — rendering renders 'Archived' toggle button","status":"passed","title":"renders 'Archived' toggle button","duration":51.98495899999989,"failureMessages":[],"meta":{}},{"ancestorTitles":["ConversationList — active state"],"fullName":"ConversationList — active state highlights the active conversation item","status":"passed","title":"highlights the active conversation item","duration":6.099292000000105,"failureMessages":[],"meta":{}}],"startTime":1781072027158,"endTime":1781072027382.0994,"status":"passed","message":"","name":"/Users/macanderson/oxagen-monorepo/apps/app/src/components/conversations/conversation-list.test.tsx"},{"assertionResults":[{"ancestorTitles":["ConversationNav — desktop aside"],"fullName":"ConversationNav — desktop aside renders a 'Conversations' heading inside the aside","status":"passed","title":"renders a 'Conversations' heading inside the aside","duration":23.526374999999916,"failureMessages":[],"meta":{}},{"ancestorTitles":["ConversationNav — desktop aside"],"fullName":"ConversationNav — desktop aside renders the desktop aside element","status":"passed","title":"renders the desktop aside element","duration":15.902707999999848,"failureMessages":[],"meta":{}},{"ancestorTitles":["ConversationNav — mobile trigger"],"fullName":"ConversationNav — mobile trigger renders the mobile Sheet trigger button","status":"passed","title":"renders the mobile Sheet trigger button","duration":128.97445900000002,"failureMessages":[],"meta":{}},{"ancestorTitles":["ConversationNav — with conversations"],"fullName":"ConversationNav — with conversations renders conversation titles via ConversationList","status":"passed","title":"renders conversation titles via ConversationList","duration":15.680708999999979,"failureMessages":[],"meta":{}}],"startTime":1781072028682,"endTime":1781072028866.6807,"status":"passed","message":"","name":"/Users/macanderson/oxagen-monorepo/apps/app/src/components/conversations/conversation-nav.test.tsx"},{"assertionResults":[{"ancestorTitles":["DeleteConfirmDialog — closed"],"fullName":"DeleteConfirmDialog — closed renders nothing when open=false","status":"passed","title":"renders nothing when open=false","duration":17.51470900000004,"failureMessages":[],"meta":{}},{"ancestorTitles":["DeleteConfirmDialog — open"],"fullName":"DeleteConfirmDialog — open renders the title","status":"passed","title":"renders the title","duration":85.26099999999997,"failureMessages":[],"meta":{}},{"ancestorTitles":["DeleteConfirmDialog — open"],"fullName":"DeleteConfirmDialog — open renders the description","status":"passed","title":"renders the description","duration":65.69412499999999,"failureMessages":[],"meta":{}},{"ancestorTitles":["DeleteConfirmDialog — open"],"fullName":"DeleteConfirmDialog — open renders Cancel and Delete buttons","status":"passed","title":"renders Cancel and Delete buttons","duration":28.58766700000001,"failureMessages":[],"meta":{}},{"ancestorTitles":["DeleteConfirmDialog — open"],"fullName":"DeleteConfirmDialog — open uses custom confirmLabel","status":"passed","title":"uses custom confirmLabel","duration":11.341291000000183,"failureMessages":[],"meta":{}},{"ancestorTitles":["DeleteConfirmDialog — open"],"fullName":"DeleteConfirmDialog — open Cancel calls onOpenChange(false)","status":"passed","title":"Cancel calls onOpenChange(false)","duration":67.82270900000003,"failureMessages":[],"meta":{}},{"ancestorTitles":["DeleteConfirmDialog — open"],"fullName":"DeleteConfirmDialog — open Confirm calls onConfirm","status":"passed","title":"Confirm calls onConfirm","duration":28.924541999999974,"failureMessages":[],"meta":{}},{"ancestorTitles":["DeleteConfirmDialog — pending state"],"fullName":"DeleteConfirmDialog — pending state shows 'Deleting…' on confirm button when pending","status":"passed","title":"shows 'Deleting…' on confirm button when pending","duration":18.541540999999825,"failureMessages":[],"meta":{}},{"ancestorTitles":["DeleteConfirmDialog — pending state"],"fullName":"DeleteConfirmDialog — pending state confirm button is disabled when pending","status":"passed","title":"confirm button is disabled when pending","duration":5.907958000000008,"failureMessages":[],"meta":{}},{"ancestorTitles":["DeleteConfirmDialog — pending state"],"fullName":"DeleteConfirmDialog — pending state cancel button is disabled when pending","status":"passed","title":"cancel button is disabled when pending","duration":9.436832999999979,"failureMessages":[],"meta":{}}],"startTime":1781072028227,"endTime":1781072028566.4368,"status":"passed","message":"","name":"/Users/macanderson/oxagen-monorepo/apps/app/src/components/conversations/delete-confirm-dialog.test.tsx"},{"assertionResults":[{"ancestorTitles":["RenameDialog — rendering"],"fullName":"RenameDialog — rendering renders the dialog title when open","status":"passed","title":"renders the dialog title when open","duration":50.46337500000004,"failureMessages":[],"meta":{}},{"ancestorTitles":["RenameDialog — rendering"],"fullName":"RenameDialog — rendering seeds the input with initialTitle","status":"passed","title":"seeds the input with initialTitle","duration":51.09162500000002,"failureMessages":[],"meta":{}},{"ancestorTitles":["RenameDialog — rendering"],"fullName":"RenameDialog — rendering does not show dialog content when open=false","status":"passed","title":"does not show dialog content when open=false","duration":32.734666999999945,"failureMessages":[],"meta":{}},{"ancestorTitles":["RenameDialog — interactions"],"fullName":"RenameDialog — interactions calls onSubmit with trimmed value on Save click","status":"passed","title":"calls onSubmit with trimmed value on Save click","duration":162.00716699999998,"failureMessages":[],"meta":{}},{"ancestorTitles":["RenameDialog — interactions"],"fullName":"RenameDialog — interactions calls onSubmit on Enter key","status":"passed","title":"calls onSubmit on Enter key","duration":98.21962499999995,"failureMessages":[],"meta":{}},{"ancestorTitles":["RenameDialog — interactions"],"fullName":"RenameDialog — interactions Save button is disabled when the input is empty","status":"passed","title":"Save button is disabled when the input is empty","duration":17.166958000000022,"failureMessages":[],"meta":{}},{"ancestorTitles":["RenameDialog — interactions"],"fullName":"RenameDialog — interactions Save button is disabled when the input is whitespace only","status":"passed","title":"Save button is disabled when the input is whitespace only","duration":38.10379200000011,"failureMessages":[],"meta":{}},{"ancestorTitles":["RenameDialog — interactions"],"fullName":"RenameDialog — interactions Cancel calls onOpenChange(false)","status":"passed","title":"Cancel calls onOpenChange(false)","duration":23.101083000000017,"failureMessages":[],"meta":{}},{"ancestorTitles":["RenameDialog — pending state"],"fullName":"RenameDialog — pending state shows 'Saving…' when pending","status":"passed","title":"shows 'Saving…' when pending","duration":5.057207999999946,"failureMessages":[],"meta":{}},{"ancestorTitles":["RenameDialog — pending state"],"fullName":"RenameDialog — pending state Save and Cancel buttons are disabled when pending","status":"passed","title":"Save and Cancel buttons are disabled when pending","duration":17.95133399999986,"failureMessages":[],"meta":{}}],"startTime":1781072027022,"endTime":1781072027517.9514,"status":"passed","message":"","name":"/Users/macanderson/oxagen-monorepo/apps/app/src/components/conversations/rename-dialog.test.tsx"},{"assertionResults":[{"ancestorTitles":["useLongPress"],"fullName":"useLongPress calls onLongPress after the default 500 ms delay","status":"passed","title":"calls onLongPress after the default 500 ms delay","duration":8.108999999999924,"failureMessages":[],"meta":{}},{"ancestorTitles":["useLongPress"],"fullName":"useLongPress respects a custom delay","status":"passed","title":"respects a custom delay","duration":1.5987499999998818,"failureMessages":[],"meta":{}},{"ancestorTitles":["useLongPress"],"fullName":"useLongPress does NOT fire for mouse pointer events","status":"passed","title":"does NOT fire for mouse pointer events","duration":1.745333999999957,"failureMessages":[],"meta":{}},{"ancestorTitles":["useLongPress"],"fullName":"useLongPress cancels the timer on pointerUp","status":"passed","title":"cancels the timer on pointerUp","duration":0.8586250000000746,"failureMessages":[],"meta":{}},{"ancestorTitles":["useLongPress"],"fullName":"useLongPress cancels the timer on pointerCancel","status":"passed","title":"cancels the timer on pointerCancel","duration":0.943749999999909,"failureMessages":[],"meta":{}},{"ancestorTitles":["useLongPress"],"fullName":"useLongPress cancels the timer when the pointer moves past the tolerance","status":"passed","title":"cancels the timer when the pointer moves past the tolerance","duration":0.7272500000001401,"failureMessages":[],"meta":{}},{"ancestorTitles":["useLongPress"],"fullName":"useLongPress does NOT cancel when the pointer moves within tolerance","status":"passed","title":"does NOT cancel when the pointer moves within tolerance","duration":0.5608749999998963,"failureMessages":[],"meta":{}},{"ancestorTitles":["useLongPress"],"fullName":"useLongPress sets firedRef to true when the long-press fires","status":"passed","title":"sets firedRef to true when the long-press fires","duration":0.5151249999998981,"failureMessages":[],"meta":{}},{"ancestorTitles":["useLongPress"],"fullName":"useLongPress resets firedRef to false on the next pointerDown","status":"passed","title":"resets firedRef to false on the next pointerDown","duration":0.5535840000000007,"failureMessages":[],"meta":{}},{"ancestorTitles":["useLongPress"],"fullName":"useLongPress suppresses the native context menu when firedRef is true","status":"passed","title":"suppresses the native context menu when firedRef is true","duration":0.5879580000000715,"failureMessages":[],"meta":{}},{"ancestorTitles":["useLongPress"],"fullName":"useLongPress does NOT suppress the context menu when firedRef is false","status":"passed","title":"does NOT suppress the context menu when firedRef is false","duration":0.4164579999999205,"failureMessages":[],"meta":{}},{"ancestorTitles":["useLongPress"],"fullName":"useLongPress pointerMove is a no-op when no pointerDown start is recorded","status":"passed","title":"pointerMove is a no-op when no pointerDown start is recorded","duration":97.88637500000004,"failureMessages":[],"meta":{}}],"startTime":1781072023038,"endTime":1781072023152.8865,"status":"passed","message":"","name":"/Users/macanderson/oxagen-monorepo/apps/app/src/components/conversations/use-long-press.test.ts"},{"assertionResults":[{"ancestorTitles":["AvatarUpload — no image"],"fullName":"AvatarUpload — no image renders 'Upload photo' button when value is null","status":"passed","title":"renders 'Upload photo' button when value is null","duration":154.19670799999994,"failureMessages":[],"meta":{}},{"ancestorTitles":["AvatarUpload — no image"],"fullName":"AvatarUpload — no image shows fallback initial when no image and fallback is provided","status":"passed","title":"shows fallback initial when no image and fallback is provided","duration":2.9812080000001515,"failureMessages":[],"meta":{}},{"ancestorTitles":["AvatarUpload — with image"],"fullName":"AvatarUpload — with image renders 'Change photo' button when value is set","status":"passed","title":"renders 'Change photo' button when value is set","duration":5.219667000000072,"failureMessages":[],"meta":{}},{"ancestorTitles":["AvatarUpload — with image"],"fullName":"AvatarUpload — with image renders an img element with the provided src","status":"passed","title":"renders an img element with the provided src","duration":2.254333000000088,"failureMessages":[],"meta":{}},{"ancestorTitles":["AvatarUpload — disabled"],"fullName":"AvatarUpload — disabled disables the trigger button when disabled=true","status":"passed","title":"disables the trigger button when disabled=true","duration":7.069458000000168,"failureMessages":[],"meta":{}},{"ancestorTitles":["AvatarUpload — shape"],"fullName":"AvatarUpload — shape applies rounded-full to the preview when shape='circle' (default)","status":"passed","title":"applies rounded-full to the preview when shape='circle' (default)","duration":2.737542000000076,"failureMessages":[],"meta":{}},{"ancestorTitles":["AvatarUpload — shape"],"fullName":"AvatarUpload — shape applies rounded-md to the preview when shape='square'","status":"passed","title":"applies rounded-md to the preview when shape='square'","duration":2.923375000000078,"failureMessages":[],"meta":{}}],"startTime":1781072028885,"endTime":1781072029062.9233,"status":"passed","message":"","name":"/Users/macanderson/oxagen-monorepo/apps/app/src/components/media/avatar-upload.test.tsx"},{"assertionResults":[{"ancestorTitles":["NewOrgForm — rendering"],"fullName":"NewOrgForm — rendering renders the organization name field","status":"passed","title":"renders the organization name field","duration":114.244459,"failureMessages":[],"meta":{}},{"ancestorTitles":["NewOrgForm — rendering"],"fullName":"NewOrgForm — rendering renders the slug field","status":"passed","title":"renders the slug field","duration":11.26883399999997,"failureMessages":[],"meta":{}},{"ancestorTitles":["NewOrgForm — rendering"],"fullName":"NewOrgForm — rendering renders the Create organization button","status":"passed","title":"renders the Create organization button","duration":85.53437500000018,"failureMessages":[],"meta":{}},{"ancestorTitles":["NewOrgForm — account type toggle"],"fullName":"NewOrgForm — account type toggle shows Business and Personal toggle buttons","status":"passed","title":"shows Business and Personal toggle buttons","duration":11.23050000000012,"failureMessages":[],"meta":{}},{"ancestorTitles":["NewOrgForm — account type toggle"],"fullName":"NewOrgForm — account type toggle switching to Personal changes label to 'Your name'","status":"passed","title":"switching to Personal changes label to 'Your name'","duration":55.19304199999988,"failureMessages":[],"meta":{}},{"ancestorTitles":["NewOrgForm — slug auto-derivation"],"fullName":"NewOrgForm — slug auto-derivation derives slug from name","status":"passed","title":"derives slug from name","duration":74.47179200000005,"failureMessages":[],"meta":{}},{"ancestorTitles":["NewOrgForm — slug auto-derivation"],"fullName":"NewOrgForm — slug auto-derivation manual slug edit locks auto-derivation","status":"passed","title":"manual slug edit locks auto-derivation","duration":122.57945799999993,"failureMessages":[],"meta":{}},{"ancestorTitles":["NewOrgForm — submission"],"fullName":"NewOrgForm — submission shows error when action returns ok:false","status":"passed","title":"shows error when action returns ok:false","duration":70.592625,"failureMessages":[],"meta":{}},{"ancestorTitles":["NewOrgForm — submission"],"fullName":"NewOrgForm — submission navigates on success","status":"passed","title":"navigates on success","duration":82.25733300000002,"failureMessages":[],"meta":{}},{"ancestorTitles":["NewOrgForm — prefill"],"fullName":"NewOrgForm — prefill shows attribution when provider is 'google'","status":"passed","title":"shows attribution when provider is 'google'","duration":5.061416999999892,"failureMessages":[],"meta":{}},{"ancestorTitles":["NewOrgForm — prefill"],"fullName":"NewOrgForm — prefill does not show attribution when no provider","status":"passed","title":"does not show attribution when no provider","duration":4.028667000000041,"failureMessages":[],"meta":{}}],"startTime":1781072024733,"endTime":1781072025370.0286,"status":"passed","message":"","name":"/Users/macanderson/oxagen-monorepo/apps/app/src/components/org/new-organization-form.test.tsx"},{"assertionResults":[{"ancestorTitles":["OrgSwitcher — trigger rendering"],"fullName":"OrgSwitcher — trigger rendering renders the active org name in the trigger","status":"passed","title":"renders the active org name in the trigger","duration":47.45041600000013,"failureMessages":[],"meta":{}},{"ancestorTitles":["OrgSwitcher — trigger rendering"],"fullName":"OrgSwitcher — trigger rendering renders the plan label 'Build' in the trigger","status":"passed","title":"renders the plan label 'Build' in the trigger","duration":5.036125000000084,"failureMessages":[],"meta":{}},{"ancestorTitles":["OrgSwitcher — trigger rendering"],"fullName":"OrgSwitcher — trigger rendering defaults to 'Free' plan label when not found in org list","status":"passed","title":"defaults to 'Free' plan label when not found in org list","duration":2.404499999999871,"failureMessages":[],"meta":{}},{"ancestorTitles":["OrgSwitcher — trigger rendering"],"fullName":"OrgSwitcher — trigger rendering renders the org initial when no avatarUrl","status":"passed","title":"renders the org initial when no avatarUrl","duration":15.910082999999986,"failureMessages":[],"meta":{}},{"ancestorTitles":["OrgSwitcher — menu"],"fullName":"OrgSwitcher — menu opens menu with all org names when trigger is clicked","status":"passed","title":"opens menu with all org names when trigger is clicked","duration":145.06037500000002,"failureMessages":[],"meta":{}},{"ancestorTitles":["OrgSwitcher — menu"],"fullName":"OrgSwitcher — menu navigates to org on menu item click","status":"passed","title":"navigates to org on menu item click","duration":135.8404579999999,"failureMessages":[],"meta":{}}],"startTime":1781072028948,"endTime":1781072029299.8406,"status":"passed","message":"","name":"/Users/macanderson/oxagen-monorepo/apps/app/src/components/org/org-switcher.test.tsx"},{"assertionResults":[{"ancestorTitles":["MarketplaceModal — closed"],"fullName":"MarketplaceModal — closed does not render dialog content when closed","status":"passed","title":"does not render dialog content when closed","duration":17.74370900000008,"failureMessages":[],"meta":{}},{"ancestorTitles":["MarketplaceModal — open"],"fullName":"MarketplaceModal — open renders 'Plugin Marketplace' title when open","status":"passed","title":"renders 'Plugin Marketplace' title when open","duration":136.7812080000001,"failureMessages":[],"meta":{}},{"ancestorTitles":["MarketplaceModal — open"],"fullName":"MarketplaceModal — open renders MCP Servers tab","status":"passed","title":"renders MCP Servers tab","duration":25.673500000000104,"failureMessages":[],"meta":{}},{"ancestorTitles":["MarketplaceModal — open"],"fullName":"MarketplaceModal — open renders Integrations tab","status":"passed","title":"renders Integrations tab","duration":33.290250000000015,"failureMessages":[],"meta":{}},{"ancestorTitles":["MarketplaceModal — open"],"fullName":"MarketplaceModal — open renders Content Tools tab","status":"passed","title":"renders Content Tools tab","duration":23.39412500000003,"failureMessages":[],"meta":{}},{"ancestorTitles":["MarketplaceModal — open"],"fullName":"MarketplaceModal — open renders search input","status":"passed","title":"renders search input","duration":14.20879200000013,"failureMessages":[],"meta":{}},{"ancestorTitles":["MarketplaceModal — open"],"fullName":"MarketplaceModal — open renders auth filter chips","status":"passed","title":"renders auth filter chips","duration":35.75020799999993,"failureMessages":[],"meta":{}},{"ancestorTitles":["MarketplaceModal — open"],"fullName":"MarketplaceModal — open renders the 'Select plugins to bulk-install' placeholder","status":"passed","title":"renders the 'Select plugins to bulk-install' placeholder","duration":31.817375000000084,"failureMessages":[],"meta":{}},{"ancestorTitles":["MarketplaceModal — open"],"fullName":"MarketplaceModal — open Cancel button closes the modal","status":"passed","title":"Cancel button closes the modal","duration":69.83729200000016,"failureMessages":[],"meta":{}},{"ancestorTitles":["MarketplaceModal — open"],"fullName":"MarketplaceModal — open Install selected button is disabled when no items selected","status":"passed","title":"Install selected button is disabled when no items selected","duration":11.956958000000213,"failureMessages":[],"meta":{}},{"ancestorTitles":["MarketplaceModal — server cards"],"fullName":"MarketplaceModal — server cards renders server card when fetch returns data","status":"passed","title":"renders server card when fetch returns data","duration":52.82875000000013,"failureMessages":[],"meta":{}},{"ancestorTitles":["MarketplaceModal — server cards"],"fullName":"MarketplaceModal — server cards renders denied badge for blocked servers","status":"passed","title":"renders denied badge for blocked servers","duration":23.897749999999633,"failureMessages":[],"meta":{}},{"ancestorTitles":["MarketplaceModal — server cards"],"fullName":"MarketplaceModal — server cards renders error message when fetch fails","status":"passed","title":"renders error message when fetch fails","duration":37.14624999999978,"failureMessages":[],"meta":{}}],"startTime":1781072024892,"endTime":1781072025406.1462,"status":"passed","message":"","name":"/Users/macanderson/oxagen-monorepo/apps/app/src/components/plugins/marketplace-modal.test.tsx"},{"assertionResults":[{"ancestorTitles":["PluginDetailPanel — loading state"],"fullName":"PluginDetailPanel — loading state shows loading skeleton initially","status":"passed","title":"shows loading skeleton initially","duration":62.206541000000016,"failureMessages":[],"meta":{}},{"ancestorTitles":["PluginDetailPanel — loaded state"],"fullName":"PluginDetailPanel — loaded state renders the plugin title after fetch","status":"passed","title":"renders the plugin title after fetch","duration":74.45949999999993,"failureMessages":[],"meta":{}},{"ancestorTitles":["PluginDetailPanel — loaded state"],"fullName":"PluginDetailPanel — loaded state renders the plugin description","status":"passed","title":"renders the plugin description","duration":65.41450000000009,"failureMessages":[],"meta":{}},{"ancestorTitles":["PluginDetailPanel — loaded state"],"fullName":"PluginDetailPanel — loaded state renders the website link when websiteUrl is set","status":"passed","title":"renders the website link when websiteUrl is set","duration":58.48016699999994,"failureMessages":[],"meta":{}},{"ancestorTitles":["PluginDetailPanel — loaded state"],"fullName":"PluginDetailPanel — loaded state shows 'No README available.' when readmeHtml is null","status":"passed","title":"shows 'No README available.' when readmeHtml is null","duration":58.658750000000055,"failureMessages":[],"meta":{}},{"ancestorTitles":["PluginDetailPanel — loaded state"],"fullName":"PluginDetailPanel — loaded state renders transport type badges","status":"passed","title":"renders transport type badges","duration":59.535499999999956,"failureMessages":[],"meta":{}},{"ancestorTitles":["PluginDetailPanel — loaded state"],"fullName":"PluginDetailPanel — loaded state renders category badges","status":"passed","title":"renders category badges","duration":63.739250000000084,"failureMessages":[],"meta":{}},{"ancestorTitles":["PluginDetailPanel — actions"],"fullName":"PluginDetailPanel — actions Close button calls onClose","status":"passed","title":"Close button calls onClose","duration":118.66537499999981,"failureMessages":[],"meta":{}},{"ancestorTitles":["PluginDetailPanel — actions"],"fullName":"PluginDetailPanel — actions Install button triggers installAction","status":"passed","title":"Install button triggers installAction","duration":78.57016700000031,"failureMessages":[],"meta":{}},{"ancestorTitles":["PluginDetailPanel — denied state"],"fullName":"PluginDetailPanel — denied state shows blocked message when isDenied=true","status":"passed","title":"shows blocked message when isDenied=true","duration":65.52366699999993,"failureMessages":[],"meta":{}},{"ancestorTitles":["PluginDetailPanel — denied state"],"fullName":"PluginDetailPanel — denied state does not show install button when isDenied=true","status":"passed","title":"does not show install button when isDenied=true","duration":2.2219579999996313,"failureMessages":[],"meta":{}},{"ancestorTitles":["PluginDetailPanel — fetch error"],"fullName":"PluginDetailPanel — fetch error shows error message when fetch fails","status":"passed","title":"shows error message when fetch fails","duration":3.464208000000326,"failureMessages":[],"meta":{}}],"startTime":1781072024472,"endTime":1781072025182.464,"status":"passed","message":"","name":"/Users/macanderson/oxagen-monorepo/apps/app/src/components/plugins/plugin-detail-panel.test.tsx"},{"assertionResults":[{"ancestorTitles":["EnterpriseUpsell"],"fullName":"EnterpriseUpsell renders the feature name as an Enterprise feature","status":"passed","title":"renders the feature name as an Enterprise feature","duration":19.362499999999955,"failureMessages":[],"meta":{}},{"ancestorTitles":["EnterpriseUpsell"],"fullName":"EnterpriseUpsell mentions the user's current tier in the description","status":"passed","title":"mentions the user's current tier in the description","duration":4.806749999999965,"failureMessages":[],"meta":{}},{"ancestorTitles":["EnterpriseUpsell"],"fullName":"EnterpriseUpsell renders 'Upgrade to Enterprise' text","status":"passed","title":"renders 'Upgrade to Enterprise' text","duration":2.563541999999984,"failureMessages":[],"meta":{}},{"ancestorTitles":["EnterpriseUpsell"],"fullName":"EnterpriseUpsell works for the free tier","status":"passed","title":"works for the free tier","duration":1.8038749999999482,"failureMessages":[],"meta":{}}],"startTime":1781072030729,"endTime":1781072030757.804,"status":"passed","message":"","name":"/Users/macanderson/oxagen-monorepo/apps/app/src/components/security/enterprise-upsell.test.tsx"},{"assertionResults":[{"ancestorTitles":["ModelDefaultsFields — rendering"],"fullName":"ModelDefaultsFields — rendering renders 'Default agent model' select","status":"passed","title":"renders 'Default agent model' select","duration":49.303750000000036,"failureMessages":[],"meta":{}},{"ancestorTitles":["ModelDefaultsFields — rendering"],"fullName":"ModelDefaultsFields — rendering renders 'Default image model' select","status":"passed","title":"renders 'Default image model' select","duration":8.354041999999936,"failureMessages":[],"meta":{}},{"ancestorTitles":["ModelDefaultsFields — rendering"],"fullName":"ModelDefaultsFields — rendering renders 'Default video model' select","status":"passed","title":"renders 'Default video model' select","duration":6.794833000000153,"failureMessages":[],"meta":{}},{"ancestorTitles":["ModelDefaultsFields — rendering"],"fullName":"ModelDefaultsFields — rendering shows user scope note when scope='user'","status":"passed","title":"shows user scope note when scope='user'","duration":7.11262499999998,"failureMessages":[],"meta":{}},{"ancestorTitles":["ModelDefaultsFields — rendering"],"fullName":"ModelDefaultsFields — rendering shows workspace scope note when scope='workspace'","status":"passed","title":"shows workspace scope note when scope='workspace'","duration":6.457958999999846,"failureMessages":[],"meta":{}},{"ancestorTitles":["ModelDefaultsFields — rendering"],"fullName":"ModelDefaultsFields — rendering selects are disabled when disabled=true","status":"passed","title":"selects are disabled when disabled=true","duration":51.85570900000016,"failureMessages":[],"meta":{}},{"ancestorTitles":["encodeTextValue — pure logic"],"fullName":"encodeTextValue — pure logic returns 'system' when both are null","status":"passed","title":"returns 'system' when both are null","duration":0.15750000000002728,"failureMessages":[],"meta":{}},{"ancestorTitles":["encodeTextValue — pure logic"],"fullName":"encodeTextValue — pure logic encodes textModel as 'model:<id>'","status":"passed","title":"encodes textModel as 'model:<id>'","duration":0.06358300000010786,"failureMessages":[],"meta":{}},{"ancestorTitles":["encodeTextValue — pure logic"],"fullName":"encodeTextValue — pure logic encodes textTier as 'tier:<id>'","status":"passed","title":"encodes textTier as 'tier:<id>'","duration":0.07199999999988904,"failureMessages":[],"meta":{}},{"ancestorTitles":["encodeTextValue — pure logic"],"fullName":"encodeTextValue — pure logic textModel wins over textTier when both provided","status":"passed","title":"textModel wins over textTier when both provided","duration":0.20724999999993088,"failureMessages":[],"meta":{}}],"startTime":1781072027942,"endTime":1781072028072.2073,"status":"passed","message":"","name":"/Users/macanderson/oxagen-monorepo/apps/app/src/components/settings/model-defaults-fields.test.tsx"},{"assertionResults":[{"ancestorTitles":["ActivityTimeline"],"fullName":"ActivityTimeline renders children inside the timeline wrapper","status":"passed","title":"renders children inside the timeline wrapper","duration":37.131708,"failureMessages":[],"meta":{}},{"ancestorTitles":["ActivityTimeline"],"fullName":"ActivityTimeline renders multiple children","status":"passed","title":"renders multiple children","duration":1.721791000000053,"failureMessages":[],"meta":{}},{"ancestorTitles":["ActivityTimeline"],"fullName":"ActivityTimeline applies custom className","status":"passed","title":"applies custom className","duration":1.0125410000000556,"failureMessages":[],"meta":{}},{"ancestorTitles":["TimelineItem"],"fullName":"TimelineItem renders children content","status":"passed","title":"renders children content","duration":8.838375000000042,"failureMessages":[],"meta":{}},{"ancestorTitles":["TimelineItem"],"fullName":"TimelineItem has data-tone attribute matching tone prop","status":"passed","title":"has data-tone attribute matching tone prop","duration":3.5282920000000786,"failureMessages":[],"meta":{}},{"ancestorTitles":["TimelineItem"],"fullName":"TimelineItem defaults to tone=idle","status":"passed","title":"defaults to tone=idle","duration":1.2719999999999345,"failureMessages":[],"meta":{}},{"ancestorTitles":["TimelineItem"],"fullName":"TimelineItem shows pulsing ring when isActive=true","status":"passed","title":"shows pulsing ring when isActive=true","duration":1.2586250000000518,"failureMessages":[],"meta":{}},{"ancestorTitles":["TimelineItem"],"fullName":"TimelineItem does not show pulsing ring when isActive=false","status":"passed","title":"does not show pulsing ring when isActive=false","duration":0.7604169999999613,"failureMessages":[],"meta":{}},{"ancestorTitles":["TimelineItem"],"fullName":"TimelineItem shows connector line when isLast=false","status":"passed","title":"shows connector line when isLast=false","duration":1.1293340000000853,"failureMessages":[],"meta":{}},{"ancestorTitles":["TimelineItem"],"fullName":"TimelineItem hides connector line when isLast=true","status":"passed","title":"hides connector line when isLast=true","duration":0.8360839999999143,"failureMessages":[],"meta":{}}],"startTime":1781072025521,"endTime":1781072025578.8362,"status":"passed","message":"","name":"/Users/macanderson/oxagen-monorepo/apps/app/src/components/chat/activity-timeline.test.tsx"},{"assertionResults":[{"ancestorTitles":["ApprovalCard"],"fullName":"ApprovalCard renders capability name","status":"passed","title":"renders capability name","duration":17.12695800000006,"failureMessages":[],"meta":{}},{"ancestorTitles":["ApprovalCard"],"fullName":"ApprovalCard renders risk badge","status":"passed","title":"renders risk badge","duration":2.407709000000068,"failureMessages":[],"meta":{}},{"ancestorTitles":["ApprovalCard"],"fullName":"ApprovalCard renders Approve and Deny buttons when not resolved and not expired","status":"passed","title":"renders Approve and Deny buttons when not resolved and not expired","duration":1.66800000000012,"failureMessages":[],"meta":{}},{"ancestorTitles":["ApprovalCard"],"fullName":"ApprovalCard shows approved badge when resolution='approved'","status":"passed","title":"shows approved badge when resolution='approved'","duration":1.4134579999999914,"failureMessages":[],"meta":{}},{"ancestorTitles":["ApprovalCard"],"fullName":"ApprovalCard shows denied badge when resolution='denied'","status":"passed","title":"shows denied badge when resolution='denied'","duration":1.0870420000001104,"failureMessages":[],"meta":{}},{"ancestorTitles":["ApprovalCard"],"fullName":"ApprovalCard calls onResolved with approvalId and 'approved' on Approve click","status":"passed","title":"calls onResolved with approvalId and 'approved' on Approve click","duration":139.7075830000001,"failureMessages":[],"meta":{}},{"ancestorTitles":["ApprovalCard"],"fullName":"ApprovalCard calls onResolved with approvalId and 'denied' on Deny click","status":"passed","title":"calls onResolved with approvalId and 'denied' on Deny click","duration":30.220166999999947,"failureMessages":[],"meta":{}},{"ancestorTitles":["ApprovalCard"],"fullName":"ApprovalCard shows error message when onResolved returns not-ok","status":"passed","title":"shows error message when onResolved returns not-ok","duration":35.40304200000014,"failureMessages":[],"meta":{}},{"ancestorTitles":["ApprovalCard"],"fullName":"ApprovalCard shows default error message when onResolved returns not-ok without error text","status":"passed","title":"shows default error message when onResolved returns not-ok without error text","duration":42.63258300000007,"failureMessages":[],"meta":{}},{"ancestorTitles":["ApprovalCard"],"fullName":"ApprovalCard shows Expired badge when expiresAt is in the past and no resolution","status":"passed","title":"shows Expired badge when expiresAt is in the past and no resolution","duration":3.1852499999999964,"failureMessages":[],"meta":{}},{"ancestorTitles":["ApprovalCard"],"fullName":"ApprovalCard does not call onResolved when it is not provided","status":"passed","title":"does not call onResolved when it is not provided","duration":11.423250000000053,"failureMessages":[],"meta":{}}],"startTime":1781072024091,"endTime":1781072024378.4233,"status":"passed","message":"","name":"/Users/macanderson/oxagen-monorepo/apps/app/src/components/chat/approval-card.test.tsx"},{"assertionResults":[{"ancestorTitles":["TaskTrayProvider + useTaskTray"],"fullName":"TaskTrayProvider + useTaskTray provides push and remove operations","status":"passed","title":"provides push and remove operations","duration":6.137750000000096,"failureMessages":[],"meta":{}},{"ancestorTitles":["TaskTrayProvider + useTaskTray"],"fullName":"TaskTrayProvider + useTaskTray push adds a taskId to the context","status":"passed","title":"push adds a taskId to the context","duration":1.5726670000001377,"failureMessages":[],"meta":{}},{"ancestorTitles":["TaskTrayProvider + useTaskTray"],"fullName":"TaskTrayProvider + useTaskTray remove removes a taskId from the context","status":"passed","title":"remove removes a taskId from the context","duration":0.7657500000000255,"failureMessages":[],"meta":{}},{"ancestorTitles":["TaskTrayProvider + useTaskTray"],"fullName":"TaskTrayProvider + useTaskTray throws when useTaskTray is called outside a provider","status":"passed","title":"throws when useTaskTray is called outside a provider","duration":2.507665999999972,"failureMessages":[],"meta":{}},{"ancestorTitles":["TaskTrayProvider + useTaskTray"],"fullName":"TaskTrayProvider + useTaskTray initialTaskIds seeds the context","status":"passed","title":"initialTaskIds seeds the context","duration":0.7487499999999727,"failureMessages":[],"meta":{}},{"ancestorTitles":["BackgroundTaskTray"],"fullName":"BackgroundTaskTray renders null when no task IDs","status":"passed","title":"renders null when no task IDs","duration":0.5737919999999122,"failureMessages":[],"meta":{}},{"ancestorTitles":["BackgroundTaskTray"],"fullName":"BackgroundTaskTray renders the tray when initialTaskIds has items","status":"passed","title":"renders the tray when initialTaskIds has items","duration":9.164792000000034,"failureMessages":[],"meta":{}},{"ancestorTitles":["BackgroundTaskTray"],"fullName":"BackgroundTaskTray shows the correct active/total badge text","status":"passed","title":"shows the correct active/total badge text","duration":1.9614999999998872,"failureMessages":[],"meta":{}},{"ancestorTitles":["BackgroundTaskTray"],"fullName":"BackgroundTaskTray collapses and expands on button click","status":"passed","title":"collapses and expands on button click","duration":260.33554200000003,"failureMessages":[],"meta":{}},{"ancestorTitles":["BackgroundTaskTray"],"fullName":"BackgroundTaskTray task row shows taskId in the label when no snapshot has loaded yet","status":"passed","title":"task row shows taskId in the label when no snapshot has loaded yet","duration":1.5780420000000959,"failureMessages":[],"meta":{}},{"ancestorTitles":["BackgroundTaskTray"],"fullName":"BackgroundTaskTray shows cancel button for non-terminal task when cancelTask is provided","status":"passed","title":"shows cancel button for non-terminal task when cancelTask is provided","duration":1.336042000000134,"failureMessages":[],"meta":{}}],"startTime":1781072022655,"endTime":1781072022941.336,"status":"passed","message":"","name":"/Users/macanderson/oxagen-monorepo/apps/app/src/components/chat/background-task-tray.test.tsx"},{"assertionResults":[{"ancestorTitles":["CHAT_COMPONENTS — config-derived completeness"],"fullName":"CHAT_COMPONENTS — config-derived completeness every key has a defined renderer (not null/undefined)","status":"passed","title":"every key has a defined renderer (not null/undefined)","duration":0.6924579999999878,"failureMessages":[],"meta":{}},{"ancestorTitles":["CHAT_COMPONENTS — config-derived completeness"],"fullName":"CHAT_COMPONENTS — config-derived completeness key count is derived from the object itself (not a hardcoded literal)","status":"passed","title":"key count is derived from the object itself (not a hardcoded literal)","duration":0.09816699999998946,"failureMessages":[],"meta":{}},{"ancestorTitles":["CHAT_COMPONENTS — config-derived completeness"],"fullName":"CHAT_COMPONENTS — config-derived completeness contains 'svg-preview' as a registered componentId","status":"passed","title":"contains 'svg-preview' as a registered componentId","duration":0.09970900000001848,"failureMessages":[],"meta":{}},{"ancestorTitles":["CHAT_COMPONENTS — config-derived completeness"],"fullName":"CHAT_COMPONENTS — config-derived completeness contains 'image-preview' as a registered componentId","status":"passed","title":"contains 'image-preview' as a registered componentId","duration":0.04258300000003601,"failureMessages":[],"meta":{}},{"ancestorTitles":["CHAT_COMPONENTS — config-derived completeness"],"fullName":"CHAT_COMPONENTS — config-derived completeness contains 'install-instructions' as a registered componentId","status":"passed","title":"contains 'install-instructions' as a registered componentId","duration":0.033999999999991815,"failureMessages":[],"meta":{}},{"ancestorTitles":["CHAT_COMPONENTS — config-derived completeness"],"fullName":"CHAT_COMPONENTS — config-derived completeness contains 'make-video-form' as a registered componentId","status":"passed","title":"contains 'make-video-form' as a registered componentId","duration":0.042124999999998636,"failureMessages":[],"meta":{}},{"ancestorTitles":["CHAT_COMPONENTS — config-derived completeness"],"fullName":"CHAT_COMPONENTS — config-derived completeness contains 'video-result' as a registered componentId","status":"passed","title":"contains 'video-result' as a registered componentId","duration":0.036166999999977634,"failureMessages":[],"meta":{}},{"ancestorTitles":["CHAT_COMPONENTS — config-derived completeness"],"fullName":"CHAT_COMPONENTS — config-derived completeness does NOT contain an unregistered componentId 'unknown-widget'","status":"passed","title":"does NOT contain an unregistered componentId 'unknown-widget'","duration":0.17437499999999773,"failureMessages":[],"meta":{}},{"ancestorTitles":["logUnknownComponent"],"fullName":"logUnknownComponent calls console.warn containing the componentId","status":"passed","title":"calls console.warn containing the componentId","duration":0.4122499999999718,"failureMessages":[],"meta":{}},{"ancestorTitles":["logUnknownComponent"],"fullName":"logUnknownComponent does NOT throw for an unknown componentId","status":"passed","title":"does NOT throw for an unknown componentId","duration":0.31854199999997945,"failureMessages":[],"meta":{}},{"ancestorTitles":["logUnknownComponent"],"fullName":"logUnknownComponent calls console.warn (not console.error) for an unknown id","status":"passed","title":"calls console.warn (not console.error) for an unknown id","duration":0.21945799999997462,"failureMessages":[],"meta":{}},{"ancestorTitles":["logUnknownComponent"],"fullName":"logUnknownComponent includes the literal string '[chat-component-registry]' in the warning","status":"passed","title":"includes the literal string '[chat-component-registry]' in the warning","duration":0.17395800000002737,"failureMessages":[],"meta":{}}],"startTime":1781072020236,"endTime":1781072020239.2195,"status":"passed","message":"","name":"/Users/macanderson/oxagen-monorepo/apps/app/src/components/chat/chat-component-registry.test.ts"},{"assertionResults":[{"ancestorTitles":["CodeExecuteCard"],"fullName":"CodeExecuteCard renders agent.code.execute badge","status":"passed","title":"renders agent.code.execute badge","duration":36.19245799999999,"failureMessages":[],"meta":{}},{"ancestorTitles":["CodeExecuteCard"],"fullName":"CodeExecuteCard renders language badge","status":"passed","title":"renders language badge","duration":2.087500000000091,"failureMessages":[],"meta":{}},{"ancestorTitles":["CodeExecuteCard"],"fullName":"CodeExecuteCard renders code in a pre/code block","status":"passed","title":"renders code in a pre/code block","duration":1.4777910000000247,"failureMessages":[],"meta":{}},{"ancestorTitles":["CodeExecuteCard"],"fullName":"CodeExecuteCard renders status icon for the current status","status":"passed","title":"renders status icon for the current status","duration":1.8932920000000877,"failureMessages":[],"meta":{}},{"ancestorTitles":["CodeExecuteCard"],"fullName":"CodeExecuteCard shows 'Waiting for output...' in stdout tab when running and no stdout","status":"passed","title":"shows 'Waiting for output...' in stdout tab when running and no stdout","duration":1.4720829999999978,"failureMessages":[],"meta":{}},{"ancestorTitles":["CodeExecuteCard"],"fullName":"CodeExecuteCard shows exit code badge when status is not running","status":"passed","title":"shows exit code badge when status is not running","duration":1.2685410000000275,"failureMessages":[],"meta":{}},{"ancestorTitles":["CodeExecuteCard"],"fullName":"CodeExecuteCard shows OOM killed badge when oomKilled=true","status":"passed","title":"shows OOM killed badge when oomKilled=true","duration":1.182957999999985,"failureMessages":[],"meta":{}},{"ancestorTitles":["CodeExecuteCard"],"fullName":"CodeExecuteCard does not show exit code badge when running","status":"passed","title":"does not show exit code badge when running","duration":1.107167000000004,"failureMessages":[],"meta":{}},{"ancestorTitles":["CodeExecuteCard"],"fullName":"CodeExecuteCard renders duration when provided and status is not running","status":"passed","title":"renders duration when provided and status is not running","duration":4.856374999999957,"failureMessages":[],"meta":{}},{"ancestorTitles":["CodeExecuteCard"],"fullName":"CodeExecuteCard shows 'Preview HTML' button when stdout is HTML and status=completed","status":"passed","title":"shows 'Preview HTML' button when stdout is HTML and status=completed","duration":59.83949999999993,"failureMessages":[],"meta":{}},{"ancestorTitles":["CodeExecuteCard"],"fullName":"CodeExecuteCard renders data-component='code-execute-card' attribute","status":"passed","title":"renders data-component='code-execute-card' attribute","duration":1.5617500000000746,"failureMessages":[],"meta":{}}],"startTime":1781072025159,"endTime":1781072025272.5618,"status":"passed","message":"","name":"/Users/macanderson/oxagen-monorepo/apps/app/src/components/chat/code-execute-card-render.test.tsx"},{"assertionResults":[{"ancestorTitles":["looksLikeHtml"],"fullName":"looksLikeHtml returns true for a standard DOCTYPE declaration","status":"passed","title":"returns true for a standard DOCTYPE declaration","duration":0.4254999999999427,"failureMessages":[],"meta":{}},{"ancestorTitles":["looksLikeHtml"],"fullName":"looksLikeHtml returns true for lowercase doctype","status":"passed","title":"returns true for lowercase doctype","duration":0.08141699999998764,"failureMessages":[],"meta":{}},{"ancestorTitles":["looksLikeHtml"],"fullName":"looksLikeHtml returns true for <html> opening tag","status":"passed","title":"returns true for <html> opening tag","duration":0.05674999999996544,"failureMessages":[],"meta":{}},{"ancestorTitles":["looksLikeHtml"],"fullName":"looksLikeHtml returns true for <HTML> uppercase opening tag","status":"passed","title":"returns true for <HTML> uppercase opening tag","duration":0.04595900000003894,"failureMessages":[],"meta":{}},{"ancestorTitles":["looksLikeHtml"],"fullName":"looksLikeHtml returns true when there is leading whitespace before doctype","status":"passed","title":"returns true when there is leading whitespace before doctype","duration":0.04445799999996325,"failureMessages":[],"meta":{}},{"ancestorTitles":["looksLikeHtml"],"fullName":"looksLikeHtml returns true when there is a newline before doctype","status":"passed","title":"returns true when there is a newline before doctype","duration":0.05129199999998946,"failureMessages":[],"meta":{}},{"ancestorTitles":["looksLikeHtml"],"fullName":"looksLikeHtml returns false for plain text","status":"passed","title":"returns false for plain text","duration":0.0498330000000351,"failureMessages":[],"meta":{}},{"ancestorTitles":["looksLikeHtml"],"fullName":"looksLikeHtml returns false for JSON output","status":"passed","title":"returns false for JSON output","duration":0.04620799999997871,"failureMessages":[],"meta":{}},{"ancestorTitles":["looksLikeHtml"],"fullName":"looksLikeHtml returns false for a partial HTML fragment without doctype or <html> tag","status":"passed","title":"returns false for a partial HTML fragment without doctype or <html> tag","duration":0.05008399999996982,"failureMessages":[],"meta":{}},{"ancestorTitles":["looksLikeHtml"],"fullName":"looksLikeHtml returns false for an empty string","status":"passed","title":"returns false for an empty string","duration":0.049875000000042746,"failureMessages":[],"meta":{}},{"ancestorTitles":["looksLikeHtml"],"fullName":"looksLikeHtml returns false for whitespace only","status":"passed","title":"returns false for whitespace only","duration":0.0360840000000735,"failureMessages":[],"meta":{}}],"startTime":1781072021527,"endTime":1781072021528.0498,"status":"passed","message":"","name":"/Users/macanderson/oxagen-monorepo/apps/app/src/components/chat/code-execute-card.test.ts"},{"assertionResults":[{"ancestorTitles":["ConversationFiles"],"fullName":"ConversationFiles renders the trigger button","status":"passed","title":"renders the trigger button","duration":95.56737500000008,"failureMessages":[],"meta":{}},{"ancestorTitles":["ConversationFiles"],"fullName":"ConversationFiles renders the panel when open with loading state","status":"passed","title":"renders the panel when open with loading state","duration":181.692542,"failureMessages":[],"meta":{}},{"ancestorTitles":["ConversationFiles"],"fullName":"ConversationFiles shows asset names when fetch succeeds","status":"passed","title":"shows asset names when fetch succeeds","duration":72.31337499999995,"failureMessages":[],"meta":{}},{"ancestorTitles":["ConversationFiles"],"fullName":"ConversationFiles shows empty state message when no assets","status":"passed","title":"shows empty state message when no assets","duration":34.803750000000036,"failureMessages":[],"meta":{}},{"ancestorTitles":["ConversationFiles"],"fullName":"ConversationFiles shows error message and Retry button when fetch fails","status":"passed","title":"shows error message and Retry button when fetch fails","duration":38.43983400000002,"failureMessages":[],"meta":{}},{"ancestorTitles":["ConversationFiles"],"fullName":"ConversationFiles does not fetch when conversationPublicId is null","status":"passed","title":"does not fetch when conversationPublicId is null","duration":24.99933299999998,"failureMessages":[],"meta":{}}],"startTime":1781072024288,"endTime":1781072024735.9993,"status":"passed","message":"","name":"/Users/macanderson/oxagen-monorepo/apps/app/src/components/chat/conversation-files.test.tsx"},{"assertionResults":[{"ancestorTitles":["MarkdownMessage"],"fullName":"MarkdownMessage renders text content","status":"passed","title":"renders text content","duration":34.66058399999997,"failureMessages":[],"meta":{}},{"ancestorTitles":["MarkdownMessage"],"fullName":"MarkdownMessage renders without crashing with empty string","status":"passed","title":"renders without crashing with empty string","duration":16.646665999999982,"failureMessages":[],"meta":{}},{"ancestorTitles":["MarkdownMessage"],"fullName":"MarkdownMessage passes className to Streamdown","status":"passed","title":"passes className to Streamdown","duration":1.059082999999987,"failureMessages":[],"meta":{}},{"ancestorTitles":["MarkdownMessage"],"fullName":"MarkdownMessage renders markdown content as-is through the Streamdown stub","status":"passed","title":"renders markdown content as-is through the Streamdown stub","duration":0.7859579999999369,"failureMessages":[],"meta":{}}],"startTime":1781072030287,"endTime":1781072030339.786,"status":"passed","message":"","name":"/Users/macanderson/oxagen-monorepo/apps/app/src/components/chat/markdown-message.test.tsx"},{"assertionResults":[{"ancestorTitles":["MemoryCard"],"fullName":"MemoryCard renders null when memories list is empty","status":"passed","title":"renders null when memories list is empty","duration":6.170082999999977,"failureMessages":[],"meta":{}},{"ancestorTitles":["MemoryCard"],"fullName":"MemoryCard renders the 'Recalled memories' heading when there are memories","status":"passed","title":"renders the 'Recalled memories' heading when there are memories","duration":42.40091600000005,"failureMessages":[],"meta":{}},{"ancestorTitles":["MemoryCard"],"fullName":"MemoryCard renders lesson text for each memory","status":"passed","title":"renders lesson text for each memory","duration":2.220874999999978,"failureMessages":[],"meta":{}},{"ancestorTitles":["MemoryCard"],"fullName":"MemoryCard renders score in a tabular-nums span","status":"passed","title":"renders score in a tabular-nums span","duration":1.1359580000000733,"failureMessages":[],"meta":{}},{"ancestorTitles":["MemoryCard"],"fullName":"MemoryCard renders weight badge for each memory","status":"passed","title":"renders weight badge for each memory","duration":5.862124999999878,"failureMessages":[],"meta":{}},{"ancestorTitles":["MemoryCard"],"fullName":"MemoryCard renders count badge matching total memories","status":"passed","title":"renders count badge matching total memories","duration":1.6604999999999563,"failureMessages":[],"meta":{}},{"ancestorTitles":["MemoryCard"],"fullName":"MemoryCard limits rendered items to topN (default 5)","status":"passed","title":"limits rendered items to topN (default 5)","duration":2.171792000000096,"failureMessages":[],"meta":{}},{"ancestorTitles":["MemoryCard"],"fullName":"MemoryCard respects a custom topN prop","status":"passed","title":"respects a custom topN prop","duration":21.469250000000102,"failureMessages":[],"meta":{}},{"ancestorTitles":["MemoryCard"],"fullName":"MemoryCard renders nodeRef as a link when present","status":"passed","title":"renders nodeRef as a link when present","duration":1.347332999999935,"failureMessages":[],"meta":{}},{"ancestorTitles":["MemoryCard"],"fullName":"MemoryCard does not render a nodeRef link when nodeRef is absent","status":"passed","title":"does not render a nodeRef link when nodeRef is absent","duration":1.3231249999998909,"failureMessages":[],"meta":{}},{"ancestorTitles":["MemoryCard"],"fullName":"MemoryCard uses 'success' badge variant for 'fact' weight","status":"passed","title":"uses 'success' badge variant for 'fact' weight","duration":1.6853329999999005,"failureMessages":[],"meta":{}},{"ancestorTitles":["MemoryCard"],"fullName":"MemoryCard uses 'warning' badge variant for 'consider' weight","status":"passed","title":"uses 'warning' badge variant for 'consider' weight","duration":0.8639579999999114,"failureMessages":[],"meta":{}},{"ancestorTitles":["MemoryCard"],"fullName":"MemoryCard uses 'muted' badge variant for 'ignore' weight","status":"passed","title":"uses 'muted' badge variant for 'ignore' weight","duration":0.7355420000001232,"failureMessages":[],"meta":{}}],"startTime":1781072024745,"endTime":1781072024833.7356,"status":"passed","message":"","name":"/Users/macanderson/oxagen-monorepo/apps/app/src/components/chat/memory-card.test.tsx"},{"assertionResults":[{"ancestorTitles":["MessageBubble"],"fullName":"MessageBubble renders user role label","status":"passed","title":"renders user role label","duration":65.45304199999998,"failureMessages":[],"meta":{}},{"ancestorTitles":["MessageBubble"],"fullName":"MessageBubble renders assistant role label","status":"passed","title":"renders assistant role label","duration":1.7445000000000164,"failureMessages":[],"meta":{}},{"ancestorTitles":["MessageBubble"],"fullName":"MessageBubble renders plain text content via MarkdownMessage","status":"passed","title":"renders plain text content via MarkdownMessage","duration":1.7752080000000205,"failureMessages":[],"meta":{}},{"ancestorTitles":["MessageBubble"],"fullName":"MessageBubble renders branchReason badge when present","status":"passed","title":"renders branchReason badge when present","duration":0.9908340000000635,"failureMessages":[],"meta":{}},{"ancestorTitles":["MessageBubble"],"fullName":"MessageBubble does not render badge when branchReason is null","status":"passed","title":"does not render badge when branchReason is null","duration":0.8815419999999676,"failureMessages":[],"meta":{}},{"ancestorTitles":["MessageBubble"],"fullName":"MessageBubble renders single text block without ActivityTimeline","status":"passed","title":"renders single text block without ActivityTimeline","duration":0.9767909999999347,"failureMessages":[],"meta":{}},{"ancestorTitles":["MessageBubble"],"fullName":"MessageBubble renders ActivityTimeline when multiple content blocks present","status":"passed","title":"renders ActivityTimeline when multiple content blocks present","duration":0.8483330000000251,"failureMessages":[],"meta":{}},{"ancestorTitles":["MessageBubble"],"fullName":"MessageBubble renders children when passed","status":"passed","title":"renders children when passed","duration":0.5822910000000547,"failureMessages":[],"meta":{}}],"startTime":1781072025565,"endTime":1781072025638.5823,"status":"passed","message":"","name":"/Users/macanderson/oxagen-monorepo/apps/app/src/components/chat/message-bubble.test.tsx"},{"assertionResults":[{"ancestorTitles":["MessageTree"],"fullName":"MessageTree renders all messages","status":"passed","title":"renders all messages","duration":40.26991599999997,"failureMessages":[],"meta":{}},{"ancestorTitles":["MessageTree"],"fullName":"MessageTree renders empty list without crashing","status":"passed","title":"renders empty list without crashing","duration":1.8166670000000522,"failureMessages":[],"meta":{}},{"ancestorTitles":["MessageTree"],"fullName":"MessageTree renders messages in DOM order (oldest first)","status":"passed","title":"renders messages in DOM order (oldest first)","duration":9.745499999999993,"failureMessages":[],"meta":{}},{"ancestorTitles":["MessageTree"],"fullName":"MessageTree passes role to each message bubble","status":"passed","title":"passes role to each message bubble","duration":14.541415999999913,"failureMessages":[],"meta":{}}],"startTime":1781072028282,"endTime":1781072028348.5415,"status":"passed","message":"","name":"/Users/macanderson/oxagen-monorepo/apps/app/src/components/chat/message-tree.test.tsx"},{"assertionResults":[{"ancestorTitles":["ModelPicker"],"fullName":"ModelPicker renders trigger button with Fast label when tier=fast","status":"passed","title":"renders trigger button with Fast label when tier=fast","duration":139.67729200000008,"failureMessages":[],"meta":{}},{"ancestorTitles":["ModelPicker"],"fullName":"ModelPicker renders trigger button with Balanced label when tier=balanced","status":"passed","title":"renders trigger button with Balanced label when tier=balanced","duration":2.323750000000018,"failureMessages":[],"meta":{}},{"ancestorTitles":["ModelPicker"],"fullName":"ModelPicker re-exports defaultModelState with tier=fast","status":"passed","title":"re-exports defaultModelState with tier=fast","duration":0.21825000000001182,"failureMessages":[],"meta":{}},{"ancestorTitles":["ModelPicker"],"fullName":"ModelPicker re-exports buildSeededModelState","status":"passed","title":"re-exports buildSeededModelState","duration":0.11275000000000546,"failureMessages":[],"meta":{}}],"startTime":1781072025686,"endTime":1781072025828.3237,"status":"passed","message":"","name":"/Users/macanderson/oxagen-monorepo/apps/app/src/components/chat/model-picker.test.tsx"},{"assertionResults":[{"ancestorTitles":["defaultModelState"],"fullName":"defaultModelState has generate = null (text chat mode)","status":"passed","title":"has generate = null (text chat mode)","duration":4.913499999999942,"failureMessages":[],"meta":{}},{"ancestorTitles":["defaultModelState"],"fullName":"defaultModelState has tier = 'fast'","status":"passed","title":"has tier = 'fast'","duration":0.11666700000000674,"failureMessages":[],"meta":{}},{"ancestorTitles":["defaultModelState"],"fullName":"defaultModelState has model = null","status":"passed","title":"has model = null","duration":0.056582999999932326,"failureMessages":[],"meta":{}},{"ancestorTitles":["defaultModelState"],"fullName":"defaultModelState has effort = 'medium'","status":"passed","title":"has effort = 'medium'","duration":0.05516699999998309,"failureMessages":[],"meta":{}},{"ancestorTitles":["defaultModelState"],"fullName":"defaultModelState has mediaTier = 'basic'","status":"passed","title":"has mediaTier = 'basic'","duration":0.04441699999995308,"failureMessages":[],"meta":{}},{"ancestorTitles":["defaultModelState"],"fullName":"defaultModelState has mediaModel = null","status":"passed","title":"has mediaModel = null","duration":0.04816700000003493,"failureMessages":[],"meta":{}},{"ancestorTitles":["defaultModelState"],"fullName":"defaultModelState has seededImageModel = null","status":"passed","title":"has seededImageModel = null","duration":0.03899999999998727,"failureMessages":[],"meta":{}},{"ancestorTitles":["defaultModelState"],"fullName":"defaultModelState has seededVideoModel = null","status":"passed","title":"has seededVideoModel = null","duration":0.03304200000002311,"failureMessages":[],"meta":{}},{"ancestorTitles":["buildSeededModelState"],"fullName":"buildSeededModelState uses textModel when provided — clears tier","status":"passed","title":"uses textModel when provided — clears tier","duration":0.07741599999997106,"failureMessages":[],"meta":{}},{"ancestorTitles":["buildSeededModelState"],"fullName":"buildSeededModelState falls back to textTier when textModel is null","status":"passed","title":"falls back to textTier when textModel is null","duration":0.056417000000010376,"failureMessages":[],"meta":{}},{"ancestorTitles":["buildSeededModelState"],"fullName":"buildSeededModelState defaults tier to 'fast' when both textModel and textTier are null","status":"passed","title":"defaults tier to 'fast' when both textModel and textTier are null","duration":0.046875,"failureMessages":[],"meta":{}},{"ancestorTitles":["buildSeededModelState"],"fullName":"buildSeededModelState stores seededImageModel","status":"passed","title":"stores seededImageModel","duration":0.03624999999999545,"failureMessages":[],"meta":{}},{"ancestorTitles":["buildSeededModelState"],"fullName":"buildSeededModelState stores seededVideoModel","status":"passed","title":"stores seededVideoModel","duration":0.03199999999992542,"failureMessages":[],"meta":{}},{"ancestorTitles":["buildSeededModelState"],"fullName":"buildSeededModelState starts in text mode regardless of seeded media models","status":"passed","title":"starts in text mode regardless of seeded media models","duration":0.04762499999992542,"failureMessages":[],"meta":{}},{"ancestorTitles":["buildSeededModelState"],"fullName":"buildSeededModelState always sets effort to 'medium'","status":"passed","title":"always sets effort to 'medium'","duration":0.033208999999942534,"failureMessages":[],"meta":{}}],"startTime":1781072020776,"endTime":1781072020782.0476,"status":"passed","message":"","name":"/Users/macanderson/oxagen-monorepo/apps/app/src/components/chat/model-state.test.ts"},{"assertionResults":[{"ancestorTitles":["PlanCard"],"fullName":"PlanCard renders plan title","status":"passed","title":"renders plan title","duration":122.27720900000008,"failureMessages":[],"meta":{}},{"ancestorTitles":["PlanCard"],"fullName":"PlanCard renders step summaries","status":"passed","title":"renders step summaries","duration":2.59699999999998,"failureMessages":[],"meta":{}},{"ancestorTitles":["PlanCard"],"fullName":"PlanCard renders Approve and Deny buttons when status=pending","status":"passed","title":"renders Approve and Deny buttons when status=pending","duration":207.27533300000005,"failureMessages":[],"meta":{}},{"ancestorTitles":["PlanCard"],"fullName":"PlanCard renders 'approved' badge when status=approved","status":"passed","title":"renders 'approved' badge when status=approved","duration":1.81445900000017,"failureMessages":[],"meta":{}},{"ancestorTitles":["PlanCard"],"fullName":"PlanCard renders rationale toggle button when rationale is provided","status":"passed","title":"renders rationale toggle button when rationale is provided","duration":75.4754170000001,"failureMessages":[],"meta":{}},{"ancestorTitles":["PlanCard"],"fullName":"PlanCard shows error when onResolve fails","status":"passed","title":"shows error when onResolve fails","duration":74.87037499999997,"failureMessages":[],"meta":{}},{"ancestorTitles":["PlanCard"],"fullName":"PlanCard calls onResolve with 'denied' when Deny is clicked","status":"passed","title":"calls onResolve with 'denied' when Deny is clicked","duration":32.23520800000006,"failureMessages":[],"meta":{}}],"startTime":1781072022444,"endTime":1781072022961.235,"status":"passed","message":"","name":"/Users/macanderson/oxagen-monorepo/apps/app/src/components/chat/plan-card.test.tsx"},{"assertionResults":[{"ancestorTitles":["ReasoningCard"],"fullName":"ReasoningCard renders 'Thinking…' when status=thinking","status":"passed","title":"renders 'Thinking…' when status=thinking","duration":128.80216699999983,"failureMessages":[],"meta":{}},{"ancestorTitles":["ReasoningCard"],"fullName":"ReasoningCard renders 'Thought for Xs' when status=done with durationMs","status":"passed","title":"renders 'Thought for Xs' when status=done with durationMs","duration":1.7617499999998927,"failureMessages":[],"meta":{}},{"ancestorTitles":["ReasoningCard"],"fullName":"ReasoningCard renders 'Reasoning' when status=done and no durationMs","status":"passed","title":"renders 'Reasoning' when status=done and no durationMs","duration":1.1516670000000886,"failureMessages":[],"meta":{}},{"ancestorTitles":["ReasoningCard"],"fullName":"ReasoningCard is open when thinking — shows streaming text in body","status":"passed","title":"is open when thinking — shows streaming text in body","duration":6.848208999999997,"failureMessages":[],"meta":{}},{"ancestorTitles":["ReasoningCard"],"fullName":"ReasoningCard auto-collapses when status=done (body hidden)","status":"passed","title":"auto-collapses when status=done (body hidden)","duration":1.2662500000001273,"failureMessages":[],"meta":{}},{"ancestorTitles":["ReasoningCard"],"fullName":"ReasoningCard toggle button opens the body on click when status=done","status":"passed","title":"toggle button opens the body on click when status=done","duration":148.7038329999998,"failureMessages":[],"meta":{}},{"ancestorTitles":["ReasoningCard"],"fullName":"ReasoningCard shows reasoning text after toggle when status=done","status":"passed","title":"shows reasoning text after toggle when status=done","duration":29.44470799999999,"failureMessages":[],"meta":{}},{"ancestorTitles":["ReasoningCard"],"fullName":"ReasoningCard renders Brain icon","status":"passed","title":"renders Brain icon","duration":4.923749999999927,"failureMessages":[],"meta":{}},{"ancestorTitles":["ReasoningCard"],"fullName":"ReasoningCard has data-component='reasoning-card' attribute","status":"passed","title":"has data-component='reasoning-card' attribute","duration":1.4389579999999569,"failureMessages":[],"meta":{}},{"ancestorTitles":["ReasoningCard"],"fullName":"ReasoningCard button is disabled for empty text (redacted reasoning)","status":"passed","title":"button is disabled for empty text (redacted reasoning)","duration":8.006708000000117,"failureMessages":[],"meta":{}}],"startTime":1781072024511,"endTime":1781072024843.0066,"status":"passed","message":"","name":"/Users/macanderson/oxagen-monorepo/apps/app/src/components/chat/reasoning-card.test.tsx"},{"assertionResults":[{"ancestorTitles":["RiskBadge"],"fullName":"RiskBadge renders 'low risk' text for low risk level","status":"passed","title":"renders 'low risk' text for low risk level","duration":13.190666999999962,"failureMessages":[],"meta":{}},{"ancestorTitles":["RiskBadge"],"fullName":"RiskBadge renders 'medium risk' text for medium risk level","status":"passed","title":"renders 'medium risk' text for medium risk level","duration":1.1101670000000468,"failureMessages":[],"meta":{}},{"ancestorTitles":["RiskBadge"],"fullName":"RiskBadge renders 'high risk' text for high risk level","status":"passed","title":"renders 'high risk' text for high risk level","duration":0.9731669999999895,"failureMessages":[],"meta":{}},{"ancestorTitles":["RiskBadge"],"fullName":"RiskBadge uses 'muted' variant for low risk","status":"passed","title":"uses 'muted' variant for low risk","duration":1.6364170000000513,"failureMessages":[],"meta":{}},{"ancestorTitles":["RiskBadge"],"fullName":"RiskBadge uses 'warning' variant for medium risk","status":"passed","title":"uses 'warning' variant for medium risk","duration":0.9321250000000418,"failureMessages":[],"meta":{}},{"ancestorTitles":["RiskBadge"],"fullName":"RiskBadge uses 'destructive' variant for high risk","status":"passed","title":"uses 'destructive' variant for high risk","duration":0.6252500000000509,"failureMessages":[],"meta":{}}],"startTime":1781072030719,"endTime":1781072030737.6252,"status":"passed","message":"","name":"/Users/macanderson/oxagen-monorepo/apps/app/src/components/chat/risk-badge.test.tsx"},{"assertionResults":[{"ancestorTitles":["StatusIcon"],"fullName":"StatusIcon renders 'Composing' for pending status","status":"passed","title":"renders 'Composing' for pending status","duration":12.458082999999988,"failureMessages":[],"meta":{}},{"ancestorTitles":["StatusIcon"],"fullName":"StatusIcon renders 'Running' for running status","status":"passed","title":"renders 'Running' for running status","duration":1.404042000000004,"failureMessages":[],"meta":{}},{"ancestorTitles":["StatusIcon"],"fullName":"StatusIcon renders 'Completed' for completed status","status":"passed","title":"renders 'Completed' for completed status","duration":1.1424590000000308,"failureMessages":[],"meta":{}},{"ancestorTitles":["StatusIcon"],"fullName":"StatusIcon renders 'Failed' for failed status","status":"passed","title":"renders 'Failed' for failed status","duration":1.1426249999999527,"failureMessages":[],"meta":{}}],"startTime":1781072030762,"endTime":1781072030785.1426,"status":"passed","message":"","name":"/Users/macanderson/oxagen-monorepo/apps/app/src/components/chat/status-icon.test.tsx"},{"assertionResults":[{"ancestorTitles":["StreamingText"],"fullName":"StreamingText renders full text immediately under reduced motion","status":"passed","title":"renders full text immediately under reduced motion","duration":49.11841599999991,"failureMessages":[],"meta":{}},{"ancestorTitles":["StreamingText"],"fullName":"StreamingText renders MarkdownMessage with the text","status":"passed","title":"renders MarkdownMessage with the text","duration":1.9325420000000122,"failureMessages":[],"meta":{}},{"ancestorTitles":["StreamingText"],"fullName":"StreamingText shows stream-caret when isStreaming=true","status":"passed","title":"shows stream-caret when isStreaming=true","duration":1.6504999999999654,"failureMessages":[],"meta":{}},{"ancestorTitles":["StreamingText"],"fullName":"StreamingText does not show stream-caret when isStreaming=false (reduced motion)","status":"passed","title":"does not show stream-caret when isStreaming=false (reduced motion)","duration":0.8310830000000351,"failureMessages":[],"meta":{}},{"ancestorTitles":["StreamingText"],"fullName":"StreamingText renders empty string without crashing","status":"passed","title":"renders empty string without crashing","duration":0.8995409999999993,"failureMessages":[],"meta":{}},{"ancestorTitles":["StreamingText"],"fullName":"StreamingText applies custom className to the wrapper div","status":"passed","title":"applies custom className to the wrapper div","duration":5.173583000000008,"failureMessages":[],"meta":{}},{"ancestorTitles":["StreamingText"],"fullName":"StreamingText renders markdown message with streaming=false when not streaming","status":"passed","title":"renders markdown message with streaming=false when not streaming","duration":0.6986670000000004,"failureMessages":[],"meta":{}}],"startTime":1781072027692,"endTime":1781072027751.6987,"status":"passed","message":"","name":"/Users/macanderson/oxagen-monorepo/apps/app/src/components/chat/streaming-text.test.tsx"},{"assertionResults":[{"ancestorTitles":["SubagentFanout"],"fullName":"SubagentFanout renders the subagent count badge","status":"passed","title":"renders the subagent count badge","duration":30.122707999999875,"failureMessages":[],"meta":{}},{"ancestorTitles":["SubagentFanout"],"fullName":"SubagentFanout renders labels for each child agent","status":"passed","title":"renders labels for each child agent","duration":2.099999999999909,"failureMessages":[],"meta":{}},{"ancestorTitles":["SubagentFanout"],"fullName":"SubagentFanout falls back to capability when no label","status":"passed","title":"falls back to capability when no label","duration":1.276834000000008,"failureMessages":[],"meta":{}},{"ancestorTitles":["SubagentFanout"],"fullName":"SubagentFanout calls onSelectChild with the correct childMessageId when clicked","status":"passed","title":"calls onSelectChild with the correct childMessageId when clicked","duration":180.3119589999999,"failureMessages":[],"meta":{}},{"ancestorTitles":["SubagentFanout"],"fullName":"SubagentFanout does not throw when onSelectChild is not provided","status":"passed","title":"does not throw when onSelectChild is not provided","duration":18.784875000000056,"failureMessages":[],"meta":{}},{"ancestorTitles":["SubagentFanout"],"fullName":"SubagentFanout renders aggregated results section when status is not running and results exist","status":"passed","title":"renders aggregated results section when status is not running and results exist","duration":2.1197910000000775,"failureMessages":[],"meta":{}},{"ancestorTitles":["SubagentFanout"],"fullName":"SubagentFanout does not render aggregated results when status is running","status":"passed","title":"does not render aggregated results when status is running","duration":1.7337079999999787,"failureMessages":[],"meta":{}},{"ancestorTitles":["SubagentFanout"],"fullName":"SubagentFanout shows Running fanout status badge for running status","status":"passed","title":"shows Running fanout status badge for running status","duration":1.3068329999998696,"failureMessages":[],"meta":{}},{"ancestorTitles":["SubagentFanout"],"fullName":"SubagentFanout shows Completed fanout status badge for completed status","status":"passed","title":"shows Completed fanout status badge for completed status","duration":1.1392080000000533,"failureMessages":[],"meta":{}},{"ancestorTitles":["SubagentFanout"],"fullName":"SubagentFanout shows Timed out fanout status badge for timed_out status","status":"passed","title":"shows Timed out fanout status badge for timed_out status","duration":1.1798329999999169,"failureMessages":[],"meta":{}},{"ancestorTitles":["SubagentFanout"],"fullName":"SubagentFanout shows Partial fanout status badge for partial status","status":"passed","title":"shows Partial fanout status badge for partial status","duration":0.9889580000001388,"failureMessages":[],"meta":{}},{"ancestorTitles":["SubagentFanout"],"fullName":"SubagentFanout sets data-fanout-status attribute correctly","status":"passed","title":"sets data-fanout-status attribute correctly","duration":1.328416999999945,"failureMessages":[],"meta":{}}],"startTime":1781072024385,"endTime":1781072024628.3284,"status":"passed","message":"","name":"/Users/macanderson/oxagen-monorepo/apps/app/src/components/chat/subagent-fanout.test.tsx"},{"assertionResults":[{"ancestorTitles":["buildChipFormData"],"fullName":"buildChipFormData sets 'content' to the prompt text","status":"passed","title":"sets 'content' to the prompt text","duration":0.5482079999999314,"failureMessages":[],"meta":{}},{"ancestorTitles":["buildChipFormData"],"fullName":"buildChipFormData sets 'conversationId' when provided","status":"passed","title":"sets 'conversationId' when provided","duration":0.077083000000016,"failureMessages":[],"meta":{}},{"ancestorTitles":["buildChipFormData"],"fullName":"buildChipFormData omits 'conversationId' when null","status":"passed","title":"omits 'conversationId' when null","duration":0.06479100000001381,"failureMessages":[],"meta":{}},{"ancestorTitles":["buildChipFormData"],"fullName":"buildChipFormData sets 'parentMessageId' when provided","status":"passed","title":"sets 'parentMessageId' when provided","duration":0.05162500000005821,"failureMessages":[],"meta":{}},{"ancestorTitles":["buildChipFormData"],"fullName":"buildChipFormData omits 'parentMessageId' when null","status":"passed","title":"omits 'parentMessageId' when null","duration":0.04508300000009058,"failureMessages":[],"meta":{}},{"ancestorTitles":["buildChipFormData"],"fullName":"buildChipFormData sets both ids when both provided","status":"passed","title":"sets both ids when both provided","duration":0.07704100000000835,"failureMessages":[],"meta":{}},{"ancestorTitles":["buildChipFormData"],"fullName":"buildChipFormData does not set tier or model (composer resolves defaults server-side)","status":"passed","title":"does not set tier or model (composer resolves defaults server-side)","duration":0.057999999999992724,"failureMessages":[],"meta":{}},{"ancestorTitles":["chip count invariant — always exactly 3"],"fullName":"chip count invariant — always exactly 3 deriveSuggestions returns exactly 3 for \"/acme/prod/ask\"","status":"passed","title":"deriveSuggestions returns exactly 3 for \"/acme/prod/ask\"","duration":0.34833400000002257,"failureMessages":[],"meta":{}},{"ancestorTitles":["chip count invariant — always exactly 3"],"fullName":"chip count invariant — always exactly 3 deriveSuggestions returns exactly 3 for \"/acme/prod/chat\"","status":"passed","title":"deriveSuggestions returns exactly 3 for \"/acme/prod/chat\"","duration":0.06837500000006003,"failureMessages":[],"meta":{}},{"ancestorTitles":["chip count invariant — always exactly 3"],"fullName":"chip count invariant — always exactly 3 deriveSuggestions returns exactly 3 for \"/acme/billing\"","status":"passed","title":"deriveSuggestions returns exactly 3 for \"/acme/billing\"","duration":0.06808300000000145,"failureMessages":[],"meta":{}},{"ancestorTitles":["chip count invariant — always exactly 3"],"fullName":"chip count invariant — always exactly 3 deriveSuggestions returns exactly 3 for \"/acme/prod/settings/general\"","status":"passed","title":"deriveSuggestions returns exactly 3 for \"/acme/prod/settings/general\"","duration":0.06524999999999181,"failureMessages":[],"meta":{}},{"ancestorTitles":["chip count invariant — always exactly 3"],"fullName":"chip count invariant — always exactly 3 deriveSuggestions returns exactly 3 for \"/acme/prod/knowledge\"","status":"passed","title":"deriveSuggestions returns exactly 3 for \"/acme/prod/knowledge\"","duration":0.06425000000001546,"failureMessages":[],"meta":{}},{"ancestorTitles":["chip count invariant — always exactly 3"],"fullName":"chip count invariant — always exactly 3 deriveSuggestions returns exactly 3 for \"/acme/prod\"","status":"passed","title":"deriveSuggestions returns exactly 3 for \"/acme/prod\"","duration":0.05895799999996143,"failureMessages":[],"meta":{}},{"ancestorTitles":["chip count invariant — always exactly 3"],"fullName":"chip count invariant — always exactly 3 deriveSuggestions returns exactly 3 for \"/account/profile\"","status":"passed","title":"deriveSuggestions returns exactly 3 for \"/account/profile\"","duration":0.05525000000000091,"failureMessages":[],"meta":{}},{"ancestorTitles":["chip count invariant — always exactly 3"],"fullName":"chip count invariant — always exactly 3 deriveSuggestions returns exactly 3 for \"/acme/developer/mcp\"","status":"passed","title":"deriveSuggestions returns exactly 3 for \"/acme/developer/mcp\"","duration":0.04991600000005292,"failureMessages":[],"meta":{}},{"ancestorTitles":["auto-submit contract — content is always non-empty"],"fullName":"auto-submit contract — content is always non-empty chip \"Continue Last Thread\" produces non-empty content","status":"passed","title":"chip \"Continue Last Thread\" produces non-empty content","duration":0.0987920000000031,"failureMessages":[],"meta":{}},{"ancestorTitles":["auto-submit contract — content is always non-empty"],"fullName":"auto-submit contract — content is always non-empty chip \"Summarize Conversation\" produces non-empty content","status":"passed","title":"chip \"Summarize Conversation\" produces non-empty content","duration":0.03562499999998181,"failureMessages":[],"meta":{}},{"ancestorTitles":["auto-submit contract — content is always non-empty"],"fullName":"auto-submit contract — content is always non-empty chip \"What Can I Do Here?\" produces non-empty content","status":"passed","title":"chip \"What Can I Do Here?\" produces non-empty content","duration":0.036166999999977634,"failureMessages":[],"meta":{}},{"ancestorTitles":["auto-submit contract — action is invoked with FormData on click"],"fullName":"auto-submit contract — action is invoked with FormData on click calls the action with a FormData containing the chip prompt","status":"passed","title":"calls the action with a FormData containing the chip prompt","duration":0.36416699999995217,"failureMessages":[],"meta":{}},{"ancestorTitles":["auto-submit contract — action is invoked with FormData on click"],"fullName":"auto-submit contract — action is invoked with FormData on click action receives 'content' as the prompt text, never populates an input element","status":"passed","title":"action receives 'content' as the prompt text, never populates an input element","duration":0.08600000000001273,"failureMessages":[],"meta":{}},{"ancestorTitles":["auto-submit contract — action is invoked with FormData on click"],"fullName":"auto-submit contract — action is invoked with FormData on click action is NOT called when content is empty — early-return guard holds","status":"passed","title":"action is NOT called when content is empty — early-return guard holds","duration":0.16016700000000128,"failureMessages":[],"meta":{}}],"startTime":1781072017887,"endTime":1781072017889.3643,"status":"passed","message":"","name":"/Users/macanderson/oxagen-monorepo/apps/app/src/components/chat/suggested-prompt-chips.test.ts"},{"assertionResults":[{"ancestorTitles":["ToolCallCard"],"fullName":"ToolCallCard renders the capability badge","status":"passed","title":"renders the capability badge","duration":19.40308300000015,"failureMessages":[],"meta":{}},{"ancestorTitles":["ToolCallCard"],"fullName":"ToolCallCard renders the risk badge","status":"passed","title":"renders the risk badge","duration":2.0327910000000884,"failureMessages":[],"meta":{}},{"ancestorTitles":["ToolCallCard"],"fullName":"ToolCallCard renders status icon with correct status","status":"passed","title":"renders status icon with correct status","duration":1.1455409999998665,"failureMessages":[],"meta":{}},{"ancestorTitles":["ToolCallCard"],"fullName":"ToolCallCard shows duration when not running","status":"passed","title":"shows duration when not running","duration":1.2297500000001946,"failureMessages":[],"meta":{}},{"ancestorTitles":["ToolCallCard"],"fullName":"ToolCallCard hides duration when status is running","status":"passed","title":"hides duration when status is running","duration":6.70837500000016,"failureMessages":[],"meta":{}},{"ancestorTitles":["ToolCallCard"],"fullName":"ToolCallCard is collapsed by default (detail panel not shown)","status":"passed","title":"is collapsed by default (detail panel not shown)","duration":1.0734999999999673,"failureMessages":[],"meta":{}},{"ancestorTitles":["ToolCallCard"],"fullName":"ToolCallCard shows detail panel after clicking the toggle button","status":"passed","title":"shows detail panel after clicking the toggle button","duration":131.82712500000002,"failureMessages":[],"meta":{}},{"ancestorTitles":["ToolCallCard"],"fullName":"ToolCallCard renders input preview in JSON when it is an object","status":"passed","title":"renders input preview in JSON when it is an object","duration":15.038999999999987,"failureMessages":[],"meta":{}},{"ancestorTitles":["ToolCallCard"],"fullName":"ToolCallCard renders raw string input preview when inputPreview is a string","status":"passed","title":"renders raw string input preview when inputPreview is a string","duration":11.923917000000074,"failureMessages":[],"meta":{}},{"ancestorTitles":["ToolCallCard"],"fullName":"ToolCallCard shows 'Composing arguments…' when inputPreview is empty string and status pending","status":"passed","title":"shows 'Composing arguments…' when inputPreview is empty string and status pending","duration":32.180875000000015,"failureMessages":[],"meta":{}},{"ancestorTitles":["ToolCallCard"],"fullName":"ToolCallCard renders output section when completed with output","status":"passed","title":"renders output section when completed with output","duration":19.44245899999987,"failureMessages":[],"meta":{}},{"ancestorTitles":["ToolCallCard"],"fullName":"ToolCallCard renders error section when failed with errorReason","status":"passed","title":"renders error section when failed with errorReason","duration":38.09058399999981,"failureMessages":[],"meta":{}},{"ancestorTitles":["ToolCallCard"],"fullName":"ToolCallCard renders stdout in output stream section","status":"passed","title":"renders stdout in output stream section","duration":26.815832999999884,"failureMessages":[],"meta":{}},{"ancestorTitles":["ToolCallCard"],"fullName":"ToolCallCard renders stderr in output stream section","status":"passed","title":"renders stderr in output stream section","duration":24.686916999999994,"failureMessages":[],"meta":{}},{"ancestorTitles":["ToolCallCard"],"fullName":"ToolCallCard defaultOpen=true opens the panel immediately","status":"passed","title":"defaultOpen=true opens the panel immediately","duration":3.7593329999999696,"failureMessages":[],"meta":{}},{"ancestorTitles":["ToolCallCard"],"fullName":"ToolCallCard toggles closed when clicking the toggle button while open","status":"passed","title":"toggles closed when clicking the toggle button while open","duration":16.104458000000022,"failureMessages":[],"meta":{}},{"ancestorTitles":["ToolCallCard"],"fullName":"ToolCallCard shows 'Composing input…' label when pending","status":"passed","title":"shows 'Composing input…' label when pending","duration":9.823624999999993,"failureMessages":[],"meta":{}},{"ancestorTitles":["ToolCallCard"],"fullName":"ToolCallCard sets data-capability and data-status attributes","status":"passed","title":"sets data-capability and data-status attributes","duration":1.4357920000002196,"failureMessages":[],"meta":{}}],"startTime":1781072024081,"endTime":1781072024444.4358,"status":"passed","message":"","name":"/Users/macanderson/oxagen-monorepo/apps/app/src/components/chat/tool-call-card-render.test.tsx"},{"assertionResults":[{"ancestorTitles":["safeJson"],"fullName":"safeJson serialises a plain object","status":"passed","title":"serialises a plain object","duration":0.5126670000000786,"failureMessages":[],"meta":{}},{"ancestorTitles":["safeJson"],"fullName":"safeJson serialises an array","status":"passed","title":"serialises an array","duration":0.0805840000000444,"failureMessages":[],"meta":{}},{"ancestorTitles":["safeJson"],"fullName":"safeJson serialises null","status":"passed","title":"serialises null","duration":0.06045799999992596,"failureMessages":[],"meta":{}},{"ancestorTitles":["safeJson"],"fullName":"safeJson serialises a string value","status":"passed","title":"serialises a string value","duration":0.05783400000007077,"failureMessages":[],"meta":{}},{"ancestorTitles":["safeJson"],"fullName":"safeJson serialises a number","status":"passed","title":"serialises a number","duration":0.049583000000097854,"failureMessages":[],"meta":{}},{"ancestorTitles":["safeJson"],"fullName":"safeJson falls back to String() for circular references","status":"passed","title":"falls back to String() for circular references","duration":0.11608300000000327,"failureMessages":[],"meta":{}},{"ancestorTitles":["safeJson"],"fullName":"safeJson does not throw for undefined input (JSON.stringify returns undefined)","status":"passed","title":"does not throw for undefined input (JSON.stringify returns undefined)","duration":0.314707999999996,"failureMessages":[],"meta":{}},{"ancestorTitles":["formatDuration"],"fullName":"formatDuration formats sub-second durations with 'ms' suffix","status":"passed","title":"formats sub-second durations with 'ms' suffix","duration":0.08591699999999491,"failureMessages":[],"meta":{}},{"ancestorTitles":["formatDuration"],"fullName":"formatDuration formats durations between 1s and 59.9s with one decimal place and 's' suffix","status":"passed","title":"formats durations between 1s and 59.9s with one decimal place and 's' suffix","duration":0.06437500000004093,"failureMessages":[],"meta":{}},{"ancestorTitles":["formatDuration"],"fullName":"formatDuration formats durations of exactly 1 minute as '1m 0s'","status":"passed","title":"formats durations of exactly 1 minute as '1m 0s'","duration":0.04979200000002493,"failureMessages":[],"meta":{}},{"ancestorTitles":["formatDuration"],"fullName":"formatDuration formats multi-minute durations with minutes and seconds","status":"passed","title":"formats multi-minute durations with minutes and seconds","duration":0.04437499999994543,"failureMessages":[],"meta":{}},{"ancestorTitles":["formatDuration"],"fullName":"formatDuration handles exact minute boundaries","status":"passed","title":"handles exact minute boundaries","duration":0.03120800000010604,"failureMessages":[],"meta":{}}],"startTime":1781072020972,"endTime":1781072020974.0498,"status":"passed","message":"","name":"/Users/macanderson/oxagen-monorepo/apps/app/src/components/chat/tool-call-card.test.ts"},{"assertionResults":[{"ancestorTitles":["reset"],"fullName":"reset returns the INITIAL_STATE value","status":"passed","title":"returns the INITIAL_STATE value","duration":1.300499999999829,"failureMessages":[],"meta":{}},{"ancestorTitles":["reset"],"fullName":"reset clears a pending approval when reset fires mid-stream","status":"passed","title":"clears a pending approval when reset fires mid-stream","duration":0.4554590000002463,"failureMessages":[],"meta":{}},{"ancestorTitles":["text events"],"fullName":"text events appends text for the same messageId","status":"passed","title":"appends text for the same messageId","duration":0.11379100000021936,"failureMessages":[],"meta":{}},{"ancestorTitles":["text events"],"fullName":"text events creates separate entries for different messageIds","status":"passed","title":"creates separate entries for different messageIds","duration":0.07008300000006784,"failureMessages":[],"meta":{}},{"ancestorTitles":["text events"],"fullName":"text events starts with empty string when messageId is first seen","status":"passed","title":"starts with empty string when messageId is first seen","duration":0.0466670000000704,"failureMessages":[],"meta":{}},{"ancestorTitles":["tool-call-start"],"fullName":"tool-call-start creates a running entry keyed by toolCallId","status":"passed","title":"creates a running entry keyed by toolCallId","duration":0.1213329999995949,"failureMessages":[],"meta":{}},{"ancestorTitles":["tool-call-start"],"fullName":"tool-call-start preserves existing toolCalls when adding a new one","status":"passed","title":"preserves existing toolCalls when adding a new one","duration":0.09420799999998053,"failureMessages":[],"meta":{}},{"ancestorTitles":["tool-call-output"],"fullName":"tool-call-output appends to stdout channel","status":"passed","title":"appends to stdout channel","duration":0.060459000000264496,"failureMessages":[],"meta":{}},{"ancestorTitles":["tool-call-output"],"fullName":"tool-call-output appends to stderr channel separately from stdout","status":"passed","title":"appends to stderr channel separately from stdout","duration":0.08179100000006656,"failureMessages":[],"meta":{}},{"ancestorTitles":["tool-call-output"],"fullName":"tool-call-output returns the same state reference when toolCallId is unknown","status":"passed","title":"returns the same state reference when toolCallId is unknown","duration":0.051832999999987805,"failureMessages":[],"meta":{}},{"ancestorTitles":["tool-call-end"],"fullName":"tool-call-end sets status, output, and durationMs","status":"passed","title":"sets status, output, and durationMs","duration":0.13337499999988722,"failureMessages":[],"meta":{}},{"ancestorTitles":["tool-call-end"],"fullName":"tool-call-end sets errorReason on failed status","status":"passed","title":"sets errorReason on failed status","duration":0.06508399999984249,"failureMessages":[],"meta":{}},{"ancestorTitles":["tool-call-end"],"fullName":"tool-call-end returns the same state reference when toolCallId is unknown","status":"passed","title":"returns the same state reference when toolCallId is unknown","duration":0.04224999999996726,"failureMessages":[],"meta":{}},{"ancestorTitles":["approval-required"],"fullName":"approval-required creates a pending approval keyed by approvalId","status":"passed","title":"creates a pending approval keyed by approvalId","duration":0.06379099999958271,"failureMessages":[],"meta":{}},{"ancestorTitles":["approval-resolved"],"fullName":"approval-resolved sets resolution on an existing approval","status":"passed","title":"sets resolution on an existing approval","duration":0.04016700000011042,"failureMessages":[],"meta":{}},{"ancestorTitles":["approval-resolved"],"fullName":"approval-resolved returns same state reference on unknown approvalId","status":"passed","title":"returns same state reference on unknown approvalId","duration":0.03054100000008475,"failureMessages":[],"meta":{}},{"ancestorTitles":["hasBlockingApproval logic"],"fullName":"hasBlockingApproval logic is true when there is at least one approval without a resolution","status":"passed","title":"is true when there is at least one approval without a resolution","duration":0.04300000000012005,"failureMessages":[],"meta":{}},{"ancestorTitles":["hasBlockingApproval logic"],"fullName":"hasBlockingApproval logic is false when all approvals have a resolution","status":"passed","title":"is false when all approvals have a resolution","duration":0.044249999999919964,"failureMessages":[],"meta":{}},{"ancestorTitles":["hasBlockingApproval logic"],"fullName":"hasBlockingApproval logic is false on INITIAL_STATE (empty map)","status":"passed","title":"is false on INITIAL_STATE (empty map)","duration":0.0369580000001406,"failureMessages":[],"meta":{}},{"ancestorTitles":["plan-proposed"],"fullName":"plan-proposed creates a plan in pending status keyed by planId","status":"passed","title":"creates a plan in pending status keyed by planId","duration":0.09145899999975882,"failureMessages":[],"meta":{}},{"ancestorTitles":["plan-resolved"],"fullName":"plan-resolved sets decision on an existing plan","status":"passed","title":"sets decision on an existing plan","duration":0.040041000000201166,"failureMessages":[],"meta":{}},{"ancestorTitles":["plan-resolved"],"fullName":"plan-resolved returns same state reference on unknown planId","status":"passed","title":"returns same state reference on unknown planId","duration":0.030707999999776803,"failureMessages":[],"meta":{}},{"ancestorTitles":["subagent-dispatched"],"fullName":"subagent-dispatched creates fanout with running status and children","status":"passed","title":"creates fanout with running status and children","duration":0.09654200000022684,"failureMessages":[],"meta":{}},{"ancestorTitles":["subagent-completed"],"fullName":"subagent-completed sets status and results on existing fanout","status":"passed","title":"sets status and results on existing fanout","duration":0.06179199999996854,"failureMessages":[],"meta":{}},{"ancestorTitles":["subagent-completed"],"fullName":"subagent-completed returns same state reference on unknown fanoutId","status":"passed","title":"returns same state reference on unknown fanoutId","duration":0.032999999999901775,"failureMessages":[],"meta":{}},{"ancestorTitles":["memory-recalled"],"fullName":"memory-recalled keyed by queryId with memories array","status":"passed","title":"keyed by queryId with memories array","duration":0.053875000000061846,"failureMessages":[],"meta":{}},{"ancestorTitles":["memory-recalled"],"fullName":"memory-recalled overwrites for the same queryId","status":"passed","title":"overwrites for the same queryId","duration":0.049250000000029104,"failureMessages":[],"meta":{}},{"ancestorTitles":["memory-written"],"fullName":"memory-written keyed by memoryId with nodeRef and weight","status":"passed","title":"keyed by memoryId with nodeRef and weight","duration":0.04525000000012369,"failureMessages":[],"meta":{}},{"ancestorTitles":["component event"],"fullName":"component event keyed by toolCallId with componentId and props","status":"passed","title":"keyed by toolCallId with componentId and props","duration":0.05070900000009715,"failureMessages":[],"meta":{}},{"ancestorTitles":["component event"],"fullName":"component event overwrites for the same toolCallId","status":"passed","title":"overwrites for the same toolCallId","duration":0.03529099999968821,"failureMessages":[],"meta":{}},{"ancestorTitles":["usage event"],"fullName":"usage event stores turnUsage from the event","status":"passed","title":"stores turnUsage from the event","duration":0.03570800000034069,"failureMessages":[],"meta":{}},{"ancestorTitles":["usage event"],"fullName":"usage event replaces prior turnUsage on a second usage event","status":"passed","title":"replaces prior turnUsage on a second usage event","duration":0.03204200000027413,"failureMessages":[],"meta":{}},{"ancestorTitles":["reasoning events"],"fullName":"reasoning events creates a thinking segment, appends deltas, and finalizes on end","status":"passed","title":"creates a thinking segment, appends deltas, and finalizes on end","duration":0.18120799999996962,"failureMessages":[],"meta":{}},{"ancestorTitles":["reasoning events"],"fullName":"reasoning events breaks the active text segment so text after reasoning is a new node","status":"passed","title":"breaks the active text segment so text after reasoning is a new node","duration":0.07199999999966167,"failureMessages":[],"meta":{}},{"ancestorTitles":["reasoning events"],"fullName":"reasoning events creates a defensive entry when reasoning-delta arrives without a start","status":"passed","title":"creates a defensive entry when reasoning-delta arrives without a start","duration":0.06899999999995998,"failureMessages":[],"meta":{}},{"ancestorTitles":["reasoning events"],"fullName":"reasoning events returns same state reference on reasoning-end for an unknown id","status":"passed","title":"returns same state reference on reasoning-end for an unknown id","duration":0.38220799999999144,"failureMessages":[],"meta":{}},{"ancestorTitles":["step events"],"fullName":"step events creates a running step and marks it done on finish","status":"passed","title":"creates a running step and marks it done on finish","duration":0.21308399999998073,"failureMessages":[],"meta":{}},{"ancestorTitles":["step events"],"fullName":"step events returns same state reference on step-finish for an unknown index","status":"passed","title":"returns same state reference on step-finish for an unknown index","duration":0.05562499999996362,"failureMessages":[],"meta":{}},{"ancestorTitles":["streaming tool input"],"fullName":"streaming tool input creates a pending tool call and accumulates partial args","status":"passed","title":"creates a pending tool call and accumulates partial args","duration":0.11849999999958527,"failureMessages":[],"meta":{}},{"ancestorTitles":["streaming tool input"],"fullName":"streaming tool input flips pending → running on tool-call-start, preserving startedAt","status":"passed","title":"flips pending → running on tool-call-start, preserving startedAt","duration":0.38687499999969077,"failureMessages":[],"meta":{}},{"ancestorTitles":["streaming tool input"],"fullName":"streaming tool input returns same state reference on tool-input-delta for an unknown id","status":"passed","title":"returns same state reference on tool-input-delta for an unknown id","duration":0.16662499999983993,"failureMessages":[],"meta":{}},{"ancestorTitles":["ordered timeline"],"fullName":"ordered timeline records entities in first-appearance order and splits text around a tool","status":"passed","title":"records entities in first-appearance order and splits text around a tool","duration":0.5225410000002739,"failureMessages":[],"meta":{}},{"ancestorTitles":["ordered timeline"],"fullName":"ordered timeline keeps a contiguous run of text deltas in a single segment","status":"passed","title":"keeps a contiguous run of text deltas in a single segment","duration":0.12770899999986796,"failureMessages":[],"meta":{}},{"ancestorTitles":["unknown event type"],"fullName":"unknown event type returns state unchanged for an unrecognised event type","status":"passed","title":"returns state unchanged for an unrecognised event type","duration":0.06445900000016991,"failureMessages":[],"meta":{}}],"startTime":1781072016682,"endTime":1781072016689.1277,"status":"passed","message":"","name":"/Users/macanderson/oxagen-monorepo/apps/app/src/components/chat/use-tool-stream.test.ts"},{"assertionResults":[{"ancestorTitles":["BalancePill"],"fullName":"BalancePill renders a link to the billing page for the given org","status":"passed","title":"renders a link to the billing page for the given org","duration":110.83987499999989,"failureMessages":[],"meta":{}},{"ancestorTitles":["BalancePill"],"fullName":"BalancePill displays the balance formatted as USD","status":"passed","title":"displays the balance formatted as USD","duration":17.867999999999938,"failureMessages":[],"meta":{}},{"ancestorTitles":["BalancePill"],"fullName":"BalancePill has an aria-label mentioning the balance and billing","status":"passed","title":"has an aria-label mentioning the balance and billing","duration":8.346457999999984,"failureMessages":[],"meta":{}},{"ancestorTitles":["BalancePill"],"fullName":"BalancePill applies warning class when low=true","status":"passed","title":"applies warning class when low=true","duration":2.7266669999999067,"failureMessages":[],"meta":{}},{"ancestorTitles":["BalancePill"],"fullName":"BalancePill does NOT apply warning class when low is absent","status":"passed","title":"does NOT apply warning class when low is absent","duration":2.08462499999996,"failureMessages":[],"meta":{}},{"ancestorTitles":["BalancePill"],"fullName":"BalancePill displays zero balance correctly","status":"passed","title":"displays zero balance correctly","duration":1.7020420000001195,"failureMessages":[],"meta":{}}],"startTime":1781072030288,"endTime":1781072030431.7021,"status":"passed","message":"","name":"/Users/macanderson/oxagen-monorepo/apps/app/src/components/shell/balance-pill.test.tsx"},{"assertionResults":[{"ancestorTitles":["MobileNav — trigger"],"fullName":"MobileNav — trigger renders the hamburger button","status":"passed","title":"renders the hamburger button","duration":75.47516700000006,"failureMessages":[],"meta":{}},{"ancestorTitles":["MobileNav — sheet"],"fullName":"MobileNav — sheet opens the nav sheet when hamburger is clicked","status":"passed","title":"opens the nav sheet when hamburger is clicked","duration":110.67670799999996,"failureMessages":[],"meta":{}},{"ancestorTitles":["MobileNav — sheet"],"fullName":"MobileNav — sheet renders OrgSwitcher inside the sheet","status":"passed","title":"renders OrgSwitcher inside the sheet","duration":93.85166600000002,"failureMessages":[],"meta":{}},{"ancestorTitles":["MobileNav — sheet"],"fullName":"MobileNav — sheet renders WorkspaceSwitcher inside the sheet when workspace provided","status":"passed","title":"renders WorkspaceSwitcher inside the sheet when workspace provided","duration":67.38983399999984,"failureMessages":[],"meta":{}},{"ancestorTitles":["MobileNav — sheet"],"fullName":"MobileNav — sheet shows user name in the drawer header","status":"passed","title":"shows user name in the drawer header","duration":24.300541000000067,"failureMessages":[],"meta":{}},{"ancestorTitles":["MobileNav — no workspace"],"fullName":"MobileNav — no workspace does not crash when workspace is undefined","status":"passed","title":"does not crash when workspace is undefined","duration":3.314624999999978,"failureMessages":[],"meta":{}}],"startTime":1781072027006,"endTime":1781072027381.3147,"status":"passed","message":"","name":"/Users/macanderson/oxagen-monorepo/apps/app/src/components/shell/mobile-nav.test.tsx"},{"assertionResults":[{"ancestorTitles":["NotificationsBell — initial render"],"fullName":"NotificationsBell — initial render renders the bell button without waiting for load","status":"passed","title":"renders the bell button without waiting for load","duration":158.78333300000008,"failureMessages":[],"meta":{}},{"ancestorTitles":["NotificationsBell — initial render"],"fullName":"NotificationsBell — initial render calls listNotificationsAction on mount","status":"passed","title":"calls listNotificationsAction on mount","duration":53.79187499999989,"failureMessages":[],"meta":{}},{"ancestorTitles":["NotificationsBell — initial render"],"fullName":"NotificationsBell — initial render shows an unread badge when unreadCount > 0","status":"passed","title":"shows an unread badge when unreadCount > 0","duration":11.035624999999982,"failureMessages":[],"meta":{}},{"ancestorTitles":["NotificationsBell — initial render"],"fullName":"NotificationsBell — initial render aria-label includes unread count when positive","status":"passed","title":"aria-label includes unread count when positive","duration":19.302208999999948,"failureMessages":[],"meta":{}},{"ancestorTitles":["NotificationsBell — empty state"],"fullName":"NotificationsBell — empty state shows 'No notifications yet' in the sheet after opening","status":"passed","title":"shows 'No notifications yet' in the sheet after opening","duration":50.06716699999993,"failureMessages":[],"meta":{}},{"ancestorTitles":["NotificationsBell — 99+ cap"],"fullName":"NotificationsBell — 99+ cap caps badge at '99+' when unreadCount > 99","status":"passed","title":"caps badge at '99+' when unreadCount > 99","duration":7.385750000000144,"failureMessages":[],"meta":{}}],"startTime":1781072028320,"endTime":1781072028621.3857,"status":"passed","message":"","name":"/Users/macanderson/oxagen-monorepo/apps/app/src/components/shell/notifications-bell.test.tsx"},{"assertionResults":[{"ancestorTitles":["useSidebar — throws when used outside SidebarProvider"],"fullName":"useSidebar — throws when used outside SidebarProvider throws with a helpful message","status":"passed","title":"throws with a helpful message","duration":8.593667000000096,"failureMessages":[],"meta":{}},{"ancestorTitles":["SidebarProvider — initial state"],"fullName":"SidebarProvider — initial state defaults collapsed to false when localStorage has no entry","status":"passed","title":"defaults collapsed to false when localStorage has no entry","duration":1.4617499999999382,"failureMessages":[],"meta":{}},{"ancestorTitles":["SidebarProvider — initial state"],"fullName":"SidebarProvider — initial state reads collapsed=true from localStorage '1' on mount","status":"passed","title":"reads collapsed=true from localStorage '1' on mount","duration":0.6438750000002074,"failureMessages":[],"meta":{}},{"ancestorTitles":["SidebarProvider — initial state"],"fullName":"SidebarProvider — initial state defaults openMobile to false","status":"passed","title":"defaults openMobile to false","duration":0.5274999999999181,"failureMessages":[],"meta":{}},{"ancestorTitles":["SidebarProvider — toggle"],"fullName":"SidebarProvider — toggle toggle flips collapsed from false to true","status":"passed","title":"toggle flips collapsed from false to true","duration":1.3412500000001728,"failureMessages":[],"meta":{}},{"ancestorTitles":["SidebarProvider — toggle"],"fullName":"SidebarProvider — toggle toggle flips collapsed back to false","status":"passed","title":"toggle flips collapsed back to false","duration":2.3391249999999673,"failureMessages":[],"meta":{}},{"ancestorTitles":["SidebarProvider — setCollapsed"],"fullName":"SidebarProvider — setCollapsed setCollapsed(true) writes '1' to localStorage","status":"passed","title":"setCollapsed(true) writes '1' to localStorage","duration":2.253208000000086,"failureMessages":[],"meta":{}},{"ancestorTitles":["SidebarProvider — setCollapsed"],"fullName":"SidebarProvider — setCollapsed setCollapsed(false) writes '0' to localStorage","status":"passed","title":"setCollapsed(false) writes '0' to localStorage","duration":0.8701670000000377,"failureMessages":[],"meta":{}},{"ancestorTitles":["SidebarProvider — setCollapsed"],"fullName":"SidebarProvider — setCollapsed setCollapsed is idempotent — setting same value twice","status":"passed","title":"setCollapsed is idempotent — setting same value twice","duration":0.7167910000000575,"failureMessages":[],"meta":{}},{"ancestorTitles":["SidebarProvider — openMobile"],"fullName":"SidebarProvider — openMobile setOpenMobile(true) sets openMobile to true","status":"passed","title":"setOpenMobile(true) sets openMobile to true","duration":0.6965829999999187,"failureMessages":[],"meta":{}},{"ancestorTitles":["SidebarProvider — openMobile"],"fullName":"SidebarProvider — openMobile setOpenMobile(false) resets openMobile to false","status":"passed","title":"setOpenMobile(false) resets openMobile to false","duration":0.48974999999995816,"failureMessages":[],"meta":{}},{"ancestorTitles":["SidebarProvider — localStorage unavailable"],"fullName":"SidebarProvider — localStorage unavailable falls back to collapsed=false when localStorage throws on setItem","status":"passed","title":"falls back to collapsed=false when localStorage throws on setItem","duration":2.5140000000001237,"failureMessages":[],"meta":{}}],"startTime":1781072024491,"endTime":1781072024514.514,"status":"passed","message":"","name":"/Users/macanderson/oxagen-monorepo/apps/app/src/components/shell/sidebar-context.test.ts"},{"assertionResults":[{"ancestorTitles":["sidebarItemAffordance"],"fullName":"sidebarItemAffordance returns 'none' when no flags are set","status":"passed","title":"returns 'none' when no flags are set","duration":0.4205000000000041,"failureMessages":[],"meta":{}},{"ancestorTitles":["sidebarItemAffordance"],"fullName":"sidebarItemAffordance returns 'none' when both flags are explicitly false","status":"passed","title":"returns 'none' when both flags are explicitly false","duration":0.07479200000000219,"failureMessages":[],"meta":{}},{"ancestorTitles":["sidebarItemAffordance"],"fullName":"sidebarItemAffordance returns 'external' when external is true and isReturn is absent","status":"passed","title":"returns 'external' when external is true and isReturn is absent","duration":0.06195900000000165,"failureMessages":[],"meta":{}},{"ancestorTitles":["sidebarItemAffordance"],"fullName":"sidebarItemAffordance returns 'external' when external is true and isReturn is false","status":"passed","title":"returns 'external' when external is true and isReturn is false","duration":0.05058400000001484,"failureMessages":[],"meta":{}},{"ancestorTitles":["sidebarItemAffordance"],"fullName":"sidebarItemAffordance returns 'return' when isReturn is true","status":"passed","title":"returns 'return' when isReturn is true","duration":0.043958000000031916,"failureMessages":[],"meta":{}},{"ancestorTitles":["sidebarItemAffordance"],"fullName":"sidebarItemAffordance isReturn takes precedence over external when both are true","status":"passed","title":"isReturn takes precedence over external when both are true","duration":0.04870799999997644,"failureMessages":[],"meta":{}}],"startTime":1781072020963,"endTime":1781072020964.0747,"status":"passed","message":"","name":"/Users/macanderson/oxagen-monorepo/apps/app/src/components/shell/sidebar-item.test.ts"},{"assertionResults":[{"ancestorTitles":["SupportMenu — trigger"],"fullName":"SupportMenu — trigger renders a help and support button","status":"passed","title":"renders a help and support button","duration":68.82833299999993,"failureMessages":[],"meta":{}},{"ancestorTitles":["SupportMenu — chatHref computation (pure logic)"],"fullName":"SupportMenu — chatHref computation (pure logic) returns workspace ask URL when both slugs provided","status":"passed","title":"returns workspace ask URL when both slugs provided","duration":0.14362499999992906,"failureMessages":[],"meta":{}},{"ancestorTitles":["SupportMenu — chatHref computation (pure logic)"],"fullName":"SupportMenu — chatHref computation (pure logic) returns org root when only orgSlug provided","status":"passed","title":"returns org root when only orgSlug provided","duration":0.0527910000000702,"failureMessages":[],"meta":{}},{"ancestorTitles":["SupportMenu — chatHref computation (pure logic)"],"fullName":"SupportMenu — chatHref computation (pure logic) returns '/' when no slugs provided","status":"passed","title":"returns '/' when no slugs provided","duration":0.04750000000012733,"failureMessages":[],"meta":{}}],"startTime":1781072030723,"endTime":1781072030792.0527,"status":"passed","message":"","name":"/Users/macanderson/oxagen-monorepo/apps/app/src/components/shell/support-menu.test.tsx"},{"assertionResults":[{"ancestorTitles":["UserSwitcher — renders nothing when user is undefined"],"fullName":"UserSwitcher — renders nothing when user is undefined returns null for undefined user","status":"passed","title":"returns null for undefined user","duration":9.094333000000006,"failureMessages":[],"meta":{}},{"ancestorTitles":["UserSwitcher — full variant"],"fullName":"UserSwitcher — full variant renders display name","status":"passed","title":"renders display name","duration":23.87258399999996,"failureMessages":[],"meta":{}},{"ancestorTitles":["UserSwitcher — full variant"],"fullName":"UserSwitcher — full variant renders email (at least once in trigger)","status":"passed","title":"renders email (at least once in trigger)","duration":3.441915999999992,"failureMessages":[],"meta":{}},{"ancestorTitles":["UserSwitcher — full variant"],"fullName":"UserSwitcher — full variant shows initials 'JS' for 'Jane Smith'","status":"passed","title":"shows initials 'JS' for 'Jane Smith'","duration":4.68362500000012,"failureMessages":[],"meta":{}},{"ancestorTitles":["UserSwitcher — full variant"],"fullName":"UserSwitcher — full variant trigger has aria-label mentioning the display name","status":"passed","title":"trigger has aria-label mentioning the display name","duration":77.28354100000001,"failureMessages":[],"meta":{}},{"ancestorTitles":["UserSwitcher — initials logic"],"fullName":"UserSwitcher — initials logic shows first letter of single name","status":"passed","title":"shows first letter of single name","duration":2.5255409999999756,"failureMessages":[],"meta":{}},{"ancestorTitles":["UserSwitcher — initials logic"],"fullName":"UserSwitcher — initials logic falls back to first letter of email when name is null","status":"passed","title":"falls back to first letter of email when name is null","duration":1.8626660000002175,"failureMessages":[],"meta":{}},{"ancestorTitles":["UserSwitcher — initials logic"],"fullName":"UserSwitcher — initials logic avatar variant: renders the initials in the avatar","status":"passed","title":"avatar variant: renders the initials in the avatar","duration":1.550958000000037,"failureMessages":[],"meta":{}},{"ancestorTitles":["UserSwitcher — with image"],"fullName":"UserSwitcher — with image renders an img element when user.image is set","status":"passed","title":"renders an img element when user.image is set","duration":5.384792000000061,"failureMessages":[],"meta":{}}],"startTime":1781072028096,"endTime":1781072028225.3848,"status":"passed","message":"","name":"/Users/macanderson/oxagen-monorepo/apps/app/src/components/shell/user-switcher.test.tsx"},{"assertionResults":[{"ancestorTitles":["MembersPanel — rendering"],"fullName":"MembersPanel — rendering renders the 'Organization members' heading","status":"passed","title":"renders the 'Organization members' heading","duration":67.57170799999994,"failureMessages":[],"meta":{}},{"ancestorTitles":["MembersPanel — rendering"],"fullName":"MembersPanel — rendering renders each member display name","status":"passed","title":"renders each member display name","duration":9.164582999999993,"failureMessages":[],"meta":{}},{"ancestorTitles":["MembersPanel — rendering"],"fullName":"MembersPanel — rendering renders member emails","status":"passed","title":"renders member emails","duration":33.06779099999994,"failureMessages":[],"meta":{}},{"ancestorTitles":["MembersPanel — pending invitations"],"fullName":"MembersPanel — pending invitations renders pending invitation email","status":"passed","title":"renders pending invitation email","duration":10.077457999999979,"failureMessages":[],"meta":{}},{"ancestorTitles":["MembersPanel — pending invitations"],"fullName":"MembersPanel — pending invitations shows 'Pending invitations' section","status":"passed","title":"shows 'Pending invitations' section","duration":8.189542000000074,"failureMessages":[],"meta":{}},{"ancestorTitles":["MembersPanel — add member button visibility"],"fullName":"MembersPanel — add member button visibility shows 'Add member' button for owners","status":"passed","title":"shows 'Add member' button for owners","duration":134.46691699999997,"failureMessages":[],"meta":{}},{"ancestorTitles":["MembersPanel — add member button visibility"],"fullName":"MembersPanel — add member button visibility hides 'Add member' button for regular members","status":"passed","title":"hides 'Add member' button for regular members","duration":14.367707999999993,"failureMessages":[],"meta":{}},{"ancestorTitles":["MembersPanel — seat usage"],"fullName":"MembersPanel — seat usage shows members count and license limit","status":"passed","title":"shows members count and license limit","duration":6.694625000000087,"failureMessages":[],"meta":{}},{"ancestorTitles":["MembersPanel — seat usage"],"fullName":"MembersPanel — seat usage does not crash when available=0","status":"passed","title":"does not crash when available=0","duration":6.093583000000081,"failureMessages":[],"meta":{}}],"startTime":1781072026718,"endTime":1781072027008.0935,"status":"passed","message":"","name":"/Users/macanderson/oxagen-monorepo/apps/app/src/components/workspace/members-panel.test.tsx"},{"assertionResults":[{"ancestorTitles":["NewWorkspaceDialog — closed"],"fullName":"NewWorkspaceDialog — closed does not render dialog content when closed","status":"passed","title":"does not render dialog content when closed","duration":16.325874999999996,"failureMessages":[],"meta":{}},{"ancestorTitles":["NewWorkspaceDialog — open"],"fullName":"NewWorkspaceDialog — open renders the title when open","status":"passed","title":"renders the title when open","duration":83.35387500000002,"failureMessages":[],"meta":{}},{"ancestorTitles":["NewWorkspaceDialog — open"],"fullName":"NewWorkspaceDialog — open renders the description when open","status":"passed","title":"renders the description when open","duration":17.09949999999992,"failureMessages":[],"meta":{}},{"ancestorTitles":["NewWorkspaceDialog — open"],"fullName":"NewWorkspaceDialog — open renders workspace name and slug inputs from NewWorkspaceForm","status":"passed","title":"renders workspace name and slug inputs from NewWorkspaceForm","duration":10.926791999999978,"failureMessages":[],"meta":{}}],"startTime":1781072030804,"endTime":1781072030931.9268,"status":"passed","message":"","name":"/Users/macanderson/oxagen-monorepo/apps/app/src/components/workspace/new-workspace-dialog.test.tsx"},{"assertionResults":[{"ancestorTitles":["NewWorkspaceForm — rendering"],"fullName":"NewWorkspaceForm — rendering renders workspace name and slug inputs","status":"passed","title":"renders workspace name and slug inputs","duration":19.72916700000019,"failureMessages":[],"meta":{}},{"ancestorTitles":["NewWorkspaceForm — rendering"],"fullName":"NewWorkspaceForm — rendering renders 'Create workspace' submit button","status":"passed","title":"renders 'Create workspace' submit button","duration":44.24437499999999,"failureMessages":[],"meta":{}},{"ancestorTitles":["NewWorkspaceForm — slug auto-derivation"],"fullName":"NewWorkspaceForm — slug auto-derivation derives slug from name while not manually edited","status":"passed","title":"derives slug from name while not manually edited","duration":123.43229199999996,"failureMessages":[],"meta":{}},{"ancestorTitles":["NewWorkspaceForm — slug auto-derivation"],"fullName":"NewWorkspaceForm — slug auto-derivation manual slug edit locks auto-derivation","status":"passed","title":"manual slug edit locks auto-derivation","duration":135.60466700000006,"failureMessages":[],"meta":{}},{"ancestorTitles":["NewWorkspaceForm — slug auto-derivation"],"fullName":"NewWorkspaceForm — slug auto-derivation clearing slug re-arms auto-derivation","status":"passed","title":"clearing slug re-arms auto-derivation","duration":58.43554199999994,"failureMessages":[],"meta":{}},{"ancestorTitles":["NewWorkspaceForm — submission"],"fullName":"NewWorkspaceForm — submission calls action with FormData and navigates on success","status":"passed","title":"calls action with FormData and navigates on success","duration":56.714833,"failureMessages":[],"meta":{}},{"ancestorTitles":["NewWorkspaceForm — submission"],"fullName":"NewWorkspaceForm — submission shows error when action returns ok:false","status":"passed","title":"shows error when action returns ok:false","duration":180.38295800000014,"failureMessages":[],"meta":{}}],"startTime":1781072026701,"endTime":1781072027319.383,"status":"passed","message":"","name":"/Users/macanderson/oxagen-monorepo/apps/app/src/components/workspace/new-workspace-form.test.tsx"},{"assertionResults":[{"ancestorTitles":["WorkspaceSwitcher — rendering"],"fullName":"WorkspaceSwitcher — rendering renders the current workspace name","status":"passed","title":"renders the current workspace name","duration":26.45891699999993,"failureMessages":[],"meta":{}},{"ancestorTitles":["WorkspaceSwitcher — rendering"],"fullName":"WorkspaceSwitcher — rendering renders a trigger button","status":"passed","title":"renders a trigger button","duration":44.02654200000006,"failureMessages":[],"meta":{}},{"ancestorTitles":["WorkspaceSwitcher — rendering"],"fullName":"WorkspaceSwitcher — rendering renders with createWorkspaceAction without crashing","status":"passed","title":"renders with createWorkspaceAction without crashing","duration":2.7717499999999973,"failureMessages":[],"meta":{}}],"startTime":1781072030730,"endTime":1781072030803.7717,"status":"passed","message":"","name":"/Users/macanderson/oxagen-monorepo/apps/app/src/components/workspace/workspace-switcher.test.tsx"},{"assertionResults":[{"ancestorTitles":["createApiKeyAction"],"fullName":"createApiKeyAction invokes api.key.create capability","status":"passed","title":"invokes api.key.create capability","duration":0.6887500000000273,"failureMessages":[],"meta":{}},{"ancestorTitles":["createApiKeyAction"],"fullName":"createApiKeyAction passes name to the capability input","status":"passed","title":"passes name to the capability input","duration":0.09825000000000728,"failureMessages":[],"meta":{}},{"ancestorTitles":["createApiKeyAction"],"fullName":"createApiKeyAction passes expiresAt when provided","status":"passed","title":"passes expiresAt when provided","duration":0.07616600000000062,"failureMessages":[],"meta":{}},{"ancestorTitles":["createApiKeyAction"],"fullName":"createApiKeyAction uses org-only sentinel workspace id in ctx","status":"passed","title":"uses org-only sentinel workspace id in ctx","duration":0.07329199999998082,"failureMessages":[],"meta":{}},{"ancestorTitles":["createApiKeyAction"],"fullName":"createApiKeyAction wires orgId and userId into ctx","status":"passed","title":"wires orgId and userId into ctx","duration":0.10458299999999099,"failureMessages":[],"meta":{}},{"ancestorTitles":["createApiKeyAction"],"fullName":"createApiKeyAction returns the parsed output from invoke","status":"passed","title":"returns the parsed output from invoke","duration":0.22679099999999153,"failureMessages":[],"meta":{}},{"ancestorTitles":["createApiKeyAction"],"fullName":"createApiKeyAction propagates errors from getSessionOrRedirect","status":"passed","title":"propagates errors from getSessionOrRedirect","duration":0.5177080000000274,"failureMessages":[],"meta":{}},{"ancestorTitles":["createApiKeyAction"],"fullName":"createApiKeyAction propagates errors from resolveOrg","status":"passed","title":"propagates errors from resolveOrg","duration":0.09991700000000492,"failureMessages":[],"meta":{}},{"ancestorTitles":["createApiKeyAction"],"fullName":"createApiKeyAction propagates errors from invoke","status":"passed","title":"propagates errors from invoke","duration":0.08979199999998855,"failureMessages":[],"meta":{}}],"startTime":1781072020206,"endTime":1781072020208.0999,"status":"passed","message":"","name":"/Users/macanderson/oxagen-monorepo/apps/app/src/lib/actions/api-key.test.ts"},{"assertionResults":[{"ancestorTitles":["listNotificationsAction"],"fullName":"listNotificationsAction invokes notifications.list with correct capability name","status":"passed","title":"invokes notifications.list with correct capability name","duration":1.7248749999999973,"failureMessages":[],"meta":{}},{"ancestorTitles":["listNotificationsAction"],"fullName":"listNotificationsAction passes unreadOnly and limit to the capability","status":"passed","title":"passes unreadOnly and limit to the capability","duration":0.1410000000000764,"failureMessages":[],"meta":{}},{"ancestorTitles":["listNotificationsAction"],"fullName":"listNotificationsAction uses default unreadOnly: false, limit: 50 when no opts passed","status":"passed","title":"uses default unreadOnly: false, limit: 50 when no opts passed","duration":0.09149999999999636,"failureMessages":[],"meta":{}},{"ancestorTitles":["listNotificationsAction"],"fullName":"listNotificationsAction wires orgId, workspaceId, userId, surface into ctx","status":"passed","title":"wires orgId, workspaceId, userId, surface into ctx","duration":0.12112500000000637,"failureMessages":[],"meta":{}},{"ancestorTitles":["listNotificationsAction"],"fullName":"listNotificationsAction asserts org membership before invoking","status":"passed","title":"asserts org membership before invoking","duration":0.6000830000000406,"failureMessages":[],"meta":{}},{"ancestorTitles":["listNotificationsAction"],"fullName":"listNotificationsAction propagates errors from getSessionOrRedirect","status":"passed","title":"propagates errors from getSessionOrRedirect","duration":4.58566600000006,"failureMessages":[],"meta":{}},{"ancestorTitles":["listNotificationsAction"],"fullName":"listNotificationsAction propagates errors from invoke","status":"passed","title":"propagates errors from invoke","duration":0.2123749999999518,"failureMessages":[],"meta":{}},{"ancestorTitles":["markNotificationAction"],"fullName":"markNotificationAction invokes notifications.mark with correct capability name","status":"passed","title":"invokes notifications.mark with correct capability name","duration":0.1463330000000269,"failureMessages":[],"meta":{}},{"ancestorTitles":["markNotificationAction"],"fullName":"markNotificationAction passes id and read flag to the capability input","status":"passed","title":"passes id and read flag to the capability input","duration":0.07324999999991633,"failureMessages":[],"meta":{}},{"ancestorTitles":["markNotificationAction"],"fullName":"markNotificationAction passes archived flag to the capability input","status":"passed","title":"passes archived flag to the capability input","duration":0.0847919999999931,"failureMessages":[],"meta":{}},{"ancestorTitles":["markNotificationAction"],"fullName":"markNotificationAction wires ctx correctly","status":"passed","title":"wires ctx correctly","duration":0.0742089999999962,"failureMessages":[],"meta":{}},{"ancestorTitles":["markNotificationAction"],"fullName":"markNotificationAction propagates errors from invoke","status":"passed","title":"propagates errors from invoke","duration":0.11454200000002857,"failureMessages":[],"meta":{}}],"startTime":1781072017731,"endTime":1781072017739.1145,"status":"passed","message":"","name":"/Users/macanderson/oxagen-monorepo/apps/app/src/lib/actions/notifications.test.ts"},{"assertionResults":[{"ancestorTitles":["fillFormAction"],"fullName":"fillFormAction maps handler diffs to FormFillResult on success","status":"passed","title":"maps handler diffs to FormFillResult on success","duration":1.7822499999999764,"failureMessages":[],"meta":{}},{"ancestorTitles":["fillFormAction"],"fullName":"fillFormAction invokes the capability with the correct name, input, and ctx","status":"passed","title":"invokes the capability with the correct name, input, and ctx","duration":0.6180409999999483,"failureMessages":[],"meta":{}},{"ancestorTitles":["fillFormAction"],"fullName":"fillFormAction omits workspaceId when workspaceSlug is absent","status":"passed","title":"omits workspaceId when workspaceSlug is absent","duration":0.2464589999999589,"failureMessages":[],"meta":{}},{"ancestorTitles":["fillFormAction"],"fullName":"fillFormAction returns noopResult when invoke throws","status":"passed","title":"returns noopResult when invoke throws","duration":0.23975000000018554,"failureMessages":[],"meta":{}},{"ancestorTitles":["fillFormAction"],"fullName":"fillFormAction logs an error when invoke throws","status":"passed","title":"logs an error when invoke throws","duration":0.4052080000001297,"failureMessages":[],"meta":{}},{"ancestorTitles":["fillFormAction"],"fullName":"fillFormAction returns noopResult when session resolution fails","status":"passed","title":"returns noopResult when session resolution fails","duration":0.0837500000000091,"failureMessages":[],"meta":{}},{"ancestorTitles":["fillFormAction"],"fullName":"fillFormAction logs an error when session resolution fails","status":"passed","title":"logs an error when session resolution fails","duration":0.10487499999999272,"failureMessages":[],"meta":{}}],"startTime":1781072018560,"endTime":1781072018563.4053,"status":"passed","message":"","name":"/Users/macanderson/oxagen-monorepo/apps/app/src/lib/ask/fill-action.test.ts"},{"assertionResults":[{"ancestorTitles":["alertVariants — class map"],"fullName":"alertVariants — class map default includes bg-card","status":"passed","title":"default includes bg-card","duration":0.5077079999999796,"failureMessages":[],"meta":{}},{"ancestorTitles":["alertVariants — class map"],"fullName":"alertVariants — class map info includes bg-info/10","status":"passed","title":"info includes bg-info/10","duration":0.10258399999997891,"failureMessages":[],"meta":{}},{"ancestorTitles":["alertVariants — class map"],"fullName":"alertVariants — class map success includes bg-success/10","status":"passed","title":"success includes bg-success/10","duration":0.06291599999997288,"failureMessages":[],"meta":{}},{"ancestorTitles":["alertVariants — class map"],"fullName":"alertVariants — class map warning includes bg-warning/10","status":"passed","title":"warning includes bg-warning/10","duration":0.05466599999999744,"failureMessages":[],"meta":{}},{"ancestorTitles":["alertVariants — class map"],"fullName":"alertVariants — class map error includes bg-destructive/10","status":"passed","title":"error includes bg-destructive/10","duration":0.05170799999996234,"failureMessages":[],"meta":{}},{"ancestorTitles":["alertVariants — class map"],"fullName":"alertVariants — class map semantic variants preserve text-foreground for readability","status":"passed","title":"semantic variants preserve text-foreground for readability","duration":0.09325000000001182,"failureMessages":[],"meta":{}},{"ancestorTitles":["alertVariants — class map"],"fullName":"alertVariants — class map includes rounded-xl and border base classes","status":"passed","title":"includes rounded-xl and border base classes","duration":0.06591599999990194,"failureMessages":[],"meta":{}},{"ancestorTitles":["Alert — render"],"fullName":"Alert — render renders with role=alert","status":"passed","title":"renders with role=alert","duration":58.46945800000003,"failureMessages":[],"meta":{}},{"ancestorTitles":["Alert — render"],"fullName":"Alert — render renders children","status":"passed","title":"renders children","duration":2.0077079999999796,"failureMessages":[],"meta":{}},{"ancestorTitles":["Alert — render"],"fullName":"Alert — render applies variant class","status":"passed","title":"applies variant class","duration":79.74354200000005,"failureMessages":[],"meta":{}},{"ancestorTitles":["Alert — render"],"fullName":"Alert — render merges custom className","status":"passed","title":"merges custom className","duration":6.838041999999973,"failureMessages":[],"meta":{}},{"ancestorTitles":["AlertTitle — render"],"fullName":"AlertTitle — render renders an h5 with font-semibold","status":"passed","title":"renders an h5 with font-semibold","duration":1.3101669999999785,"failureMessages":[],"meta":{}},{"ancestorTitles":["AlertDescription — render"],"fullName":"AlertDescription — render renders with muted-foreground class","status":"passed","title":"renders with muted-foreground class","duration":0.685916999999904,"failureMessages":[],"meta":{}},{"ancestorTitles":["Alert — composition"],"fullName":"Alert — composition renders title and description inside alert","status":"passed","title":"renders title and description inside alert","duration":2.081790999999953,"failureMessages":[],"meta":{}}],"startTime":1781072026956,"endTime":1781072027109.0818,"status":"passed","message":"","name":"/Users/macanderson/oxagen-monorepo/apps/app/src/components/ui/alert.test.tsx"},{"assertionResults":[{"ancestorTitles":["badgeVariants — class map"],"fullName":"badgeVariants — class map default variant includes bg-primary","status":"passed","title":"default variant includes bg-primary","duration":0.819332999999915,"failureMessages":[],"meta":{}},{"ancestorTitles":["badgeVariants — class map"],"fullName":"badgeVariants — class map secondary variant includes bg-secondary","status":"passed","title":"secondary variant includes bg-secondary","duration":0.23858400000005986,"failureMessages":[],"meta":{}},{"ancestorTitles":["badgeVariants — class map"],"fullName":"badgeVariants — class map destructive variant includes bg-destructive","status":"passed","title":"destructive variant includes bg-destructive","duration":0.14845800000000509,"failureMessages":[],"meta":{}},{"ancestorTitles":["badgeVariants — class map"],"fullName":"badgeVariants — class map outline variant includes text-foreground","status":"passed","title":"outline variant includes text-foreground","duration":0.10816699999998036,"failureMessages":[],"meta":{}},{"ancestorTitles":["badgeVariants — class map"],"fullName":"badgeVariants — class map muted variant includes bg-muted","status":"passed","title":"muted variant includes bg-muted","duration":0.05729199999996126,"failureMessages":[],"meta":{}},{"ancestorTitles":["badgeVariants — class map"],"fullName":"badgeVariants — class map info variant includes bg-info","status":"passed","title":"info variant includes bg-info","duration":0.06141700000000583,"failureMessages":[],"meta":{}},{"ancestorTitles":["badgeVariants — class map"],"fullName":"badgeVariants — class map success variant includes bg-success","status":"passed","title":"success variant includes bg-success","duration":0.05408399999998892,"failureMessages":[],"meta":{}},{"ancestorTitles":["badgeVariants — class map"],"fullName":"badgeVariants — class map warning variant includes bg-warning","status":"passed","title":"warning variant includes bg-warning","duration":0.043292000000064945,"failureMessages":[],"meta":{}},{"ancestorTitles":["badgeVariants — class map"],"fullName":"badgeVariants — class map error variant maps to bg-destructive","status":"passed","title":"error variant maps to bg-destructive","duration":0.04741599999999835,"failureMessages":[],"meta":{}},{"ancestorTitles":["badgeVariants — class map"],"fullName":"badgeVariants — class map sm size includes text-[10px]","status":"passed","title":"sm size includes text-[10px]","duration":0.0605839999999489,"failureMessages":[],"meta":{}},{"ancestorTitles":["badgeVariants — class map"],"fullName":"badgeVariants — class map default size includes text-xs","status":"passed","title":"default size includes text-xs","duration":0.04516599999999471,"failureMessages":[],"meta":{}},{"ancestorTitles":["badgeVariants — class map"],"fullName":"badgeVariants — class map lg size includes text-xs with px-2.5","status":"passed","title":"lg size includes text-xs with px-2.5","duration":0.0508750000000191,"failureMessages":[],"meta":{}},{"ancestorTitles":["Badge — render"],"fullName":"Badge — render renders children inside a span by default","status":"passed","title":"renders children inside a span by default","duration":15.006582999999978,"failureMessages":[],"meta":{}},{"ancestorTitles":["Badge — render"],"fullName":"Badge — render applies variant class","status":"passed","title":"applies variant class","duration":1.155334000000039,"failureMessages":[],"meta":{}},{"ancestorTitles":["Badge — render"],"fullName":"Badge — render applies size class","status":"passed","title":"applies size class","duration":1.0713329999999814,"failureMessages":[],"meta":{}},{"ancestorTitles":["Badge — render"],"fullName":"Badge — render merges custom className","status":"passed","title":"merges custom className","duration":4.376250000000027,"failureMessages":[],"meta":{}},{"ancestorTitles":["Badge — render"],"fullName":"Badge — render render-prop forwards children through a custom element","status":"passed","title":"render-prop forwards children through a custom element","duration":73.803542,"failureMessages":[],"meta":{}}],"startTime":1781072027750,"endTime":1781072027847.8035,"status":"passed","message":"","name":"/Users/macanderson/oxagen-monorepo/apps/app/src/components/ui/badge.test.tsx"},{"assertionResults":[{"ancestorTitles":["OxagenLogomark — render"],"fullName":"OxagenLogomark — render renders an SVG with role=img","status":"passed","title":"renders an SVG with role=img","duration":63.87529099999995,"failureMessages":[],"meta":{}},{"ancestorTitles":["OxagenLogomark — render"],"fullName":"OxagenLogomark — render accepts className via getAttribute","status":"passed","title":"accepts className via getAttribute","duration":2.737792000000127,"failureMessages":[],"meta":{}},{"ancestorTitles":["OxagenWordmark — render"],"fullName":"OxagenWordmark — render renders an SVG with role=img","status":"passed","title":"renders an SVG with role=img","duration":2.0458329999999023,"failureMessages":[],"meta":{}},{"ancestorTitles":["OxagenWordmark — render"],"fullName":"OxagenWordmark — render accepts className via getAttribute","status":"passed","title":"accepts className via getAttribute","duration":10.617500000000064,"failureMessages":[],"meta":{}},{"ancestorTitles":["BrandMark — render"],"fullName":"BrandMark — render renders without crashing","status":"passed","title":"renders without crashing","duration":15.478999999999814,"failureMessages":[],"meta":{}},{"ancestorTitles":["BrandMark — render"],"fullName":"BrandMark — render contains an SVG logomark inside the tile","status":"passed","title":"contains an SVG logomark inside the tile","duration":1.630916999999954,"failureMessages":[],"meta":{}},{"ancestorTitles":["BrandMark — render"],"fullName":"BrandMark — render tile has aria-hidden (decorative)","status":"passed","title":"tile has aria-hidden (decorative)","duration":0.8387500000001182,"failureMessages":[],"meta":{}},{"ancestorTitles":["BrandMark — render"],"fullName":"BrandMark — render merges custom className on tile","status":"passed","title":"merges custom className on tile","duration":0.7993340000000444,"failureMessages":[],"meta":{}},{"ancestorTitles":["OxagenLockup — render"],"fullName":"OxagenLockup — render renders without crashing and includes logomark SVG","status":"passed","title":"renders without crashing and includes logomark SVG","duration":1.1348749999999654,"failureMessages":[],"meta":{}},{"ancestorTitles":["OxagenLockup — render"],"fullName":"OxagenLockup — render merges custom className on lockup span","status":"passed","title":"merges custom className on lockup span","duration":0.9394589999999425,"failureMessages":[],"meta":{}}],"startTime":1781072029866,"endTime":1781072029966.9395,"status":"passed","message":"","name":"/Users/macanderson/oxagen-monorepo/apps/app/src/components/ui/brand.test.tsx"},{"assertionResults":[{"ancestorTitles":["Breadcrumb — render"],"fullName":"Breadcrumb — render renders a nav with aria-label=Breadcrumb","status":"passed","title":"renders a nav with aria-label=Breadcrumb","duration":79.26049999999998,"failureMessages":[],"meta":{}},{"ancestorTitles":["Breadcrumb — render"],"fullName":"Breadcrumb — render renders single item as current page with no link","status":"passed","title":"renders single item as current page with no link","duration":5.910499999999956,"failureMessages":[],"meta":{}},{"ancestorTitles":["Breadcrumb — render"],"fullName":"Breadcrumb — render renders middle items as links when href is provided","status":"passed","title":"renders middle items as links when href is provided","duration":7.568667000000005,"failureMessages":[],"meta":{}},{"ancestorTitles":["Breadcrumb — render"],"fullName":"Breadcrumb — render renders last item as aria-current=page regardless of href presence","status":"passed","title":"renders last item as aria-current=page regardless of href presence","duration":1.6567079999999805,"failureMessages":[],"meta":{}},{"ancestorTitles":["Breadcrumb — render"],"fullName":"Breadcrumb — render renders chevron separators between items","status":"passed","title":"renders chevron separators between items","duration":1.193292000000156,"failureMessages":[],"meta":{}},{"ancestorTitles":["Breadcrumb — render"],"fullName":"Breadcrumb — render merges custom className","status":"passed","title":"merges custom className","duration":1.9839159999999083,"failureMessages":[],"meta":{}},{"ancestorTitles":["Breadcrumb — render"],"fullName":"Breadcrumb — render item without href at non-last position renders as span not link","status":"passed","title":"item without href at non-last position renders as span not link","duration":1.3864580000001752,"failureMessages":[],"meta":{}}],"startTime":1781072030079,"endTime":1781072030178.3865,"status":"passed","message":"","name":"/Users/macanderson/oxagen-monorepo/apps/app/src/components/ui/breadcrumb.test.tsx"},{"assertionResults":[{"ancestorTitles":["buttonVariants — class map"],"fullName":"buttonVariants — class map includes the base classes for the default variant","status":"passed","title":"includes the base classes for the default variant","duration":0.5465830000000551,"failureMessages":[],"meta":{}},{"ancestorTitles":["buttonVariants — class map"],"fullName":"buttonVariants — class map default variant includes primary bg","status":"passed","title":"default variant includes primary bg","duration":0.07870900000000347,"failureMessages":[],"meta":{}},{"ancestorTitles":["buttonVariants — class map"],"fullName":"buttonVariants — class map outline variant includes border-input","status":"passed","title":"outline variant includes border-input","duration":0.07608300000003965,"failureMessages":[],"meta":{}},{"ancestorTitles":["buttonVariants — class map"],"fullName":"buttonVariants — class map secondary variant includes bg-secondary","status":"passed","title":"secondary variant includes bg-secondary","duration":0.05183399999998528,"failureMessages":[],"meta":{}},{"ancestorTitles":["buttonVariants — class map"],"fullName":"buttonVariants — class map ghost variant includes hover:bg-accent","status":"passed","title":"ghost variant includes hover:bg-accent","duration":0.050707999999985987,"failureMessages":[],"meta":{}},{"ancestorTitles":["buttonVariants — class map"],"fullName":"buttonVariants — class map destructive variant includes bg-destructive","status":"passed","title":"destructive variant includes bg-destructive","duration":0.05550000000005184,"failureMessages":[],"meta":{}},{"ancestorTitles":["buttonVariants — class map"],"fullName":"buttonVariants — class map link variant includes underline-offset-4","status":"passed","title":"link variant includes underline-offset-4","duration":0.053084000000012566,"failureMessages":[],"meta":{}},{"ancestorTitles":["buttonVariants — class map"],"fullName":"buttonVariants — class map destructive-outline variant includes text-destructive","status":"passed","title":"destructive-outline variant includes text-destructive","duration":0.049916999999936706,"failureMessages":[],"meta":{}},{"ancestorTitles":["buttonVariants — class map"],"fullName":"buttonVariants — class map xs size includes h-6","status":"passed","title":"xs size includes h-6","duration":0.054791000000022905,"failureMessages":[],"meta":{}},{"ancestorTitles":["buttonVariants — class map"],"fullName":"buttonVariants — class map sm size includes h-7","status":"passed","title":"sm size includes h-7","duration":0.05166699999995217,"failureMessages":[],"meta":{}},{"ancestorTitles":["buttonVariants — class map"],"fullName":"buttonVariants — class map default size includes h-8","status":"passed","title":"default size includes h-8","duration":0.06425000000001546,"failureMessages":[],"meta":{}},{"ancestorTitles":["buttonVariants — class map"],"fullName":"buttonVariants — class map lg size includes h-9","status":"passed","title":"lg size includes h-9","duration":0.04474999999990814,"failureMessages":[],"meta":{}},{"ancestorTitles":["buttonVariants — class map"],"fullName":"buttonVariants — class map xl size includes h-10","status":"passed","title":"xl size includes h-10","duration":0.03895799999997962,"failureMessages":[],"meta":{}},{"ancestorTitles":["buttonVariants — class map"],"fullName":"buttonVariants — class map icon size includes size-8","status":"passed","title":"icon size includes size-8","duration":0.04750000000001364,"failureMessages":[],"meta":{}},{"ancestorTitles":["buttonVariants — class map"],"fullName":"buttonVariants — class map icon-sm size includes size-7","status":"passed","title":"icon-sm size includes size-7","duration":0.03962500000000091,"failureMessages":[],"meta":{}},{"ancestorTitles":["buttonVariants — class map"],"fullName":"buttonVariants — class map icon-lg size includes size-9","status":"passed","title":"icon-lg size includes size-9","duration":0.0366670000000795,"failureMessages":[],"meta":{}},{"ancestorTitles":["buttonVariants — class map"],"fullName":"buttonVariants — class map merges a custom className without losing variant classes","status":"passed","title":"merges a custom className without losing variant classes","duration":0.05104200000005221,"failureMessages":[],"meta":{}},{"ancestorTitles":["Button — render"],"fullName":"Button — render renders a button element by default","status":"passed","title":"renders a button element by default","duration":57.61424999999997,"failureMessages":[],"meta":{}},{"ancestorTitles":["Button — render"],"fullName":"Button — render forwards children","status":"passed","title":"forwards children","duration":1.915791000000013,"failureMessages":[],"meta":{}},{"ancestorTitles":["Button — render"],"fullName":"Button — render applies variant class to the rendered button","status":"passed","title":"applies variant class to the rendered button","duration":2.7347500000000764,"failureMessages":[],"meta":{}},{"ancestorTitles":["Button — render"],"fullName":"Button — render applies size class to the rendered button","status":"passed","title":"applies size class to the rendered button","duration":37.74437499999999,"failureMessages":[],"meta":{}},{"ancestorTitles":["Button — render"],"fullName":"Button — render merges extra className","status":"passed","title":"merges extra className","duration":2.221499999999992,"failureMessages":[],"meta":{}},{"ancestorTitles":["Button — render"],"fullName":"Button — render fires onClick when clicked","status":"passed","title":"fires onClick when clicked","duration":67.73887500000012,"failureMessages":[],"meta":{}},{"ancestorTitles":["Button — render"],"fullName":"Button — render is disabled when disabled prop is set","status":"passed","title":"is disabled when disabled prop is set","duration":1.934582999999975,"failureMessages":[],"meta":{}},{"ancestorTitles":["Button — render"],"fullName":"Button — render render-prop forwards children through an anchor element","status":"passed","title":"render-prop forwards children through an anchor element","duration":2.957125000000133,"failureMessages":[],"meta":{}},{"ancestorTitles":["Button — render"],"fullName":"Button — render type defaults to button (not submit) to prevent accidental form submission","status":"passed","title":"type defaults to button (not submit) to prevent accidental form submission","duration":1.6351669999999103,"failureMessages":[],"meta":{}}],"startTime":1781072025438,"endTime":1781072025615.6353,"status":"passed","message":"","name":"/Users/macanderson/oxagen-monorepo/apps/app/src/components/ui/button.test.tsx"},{"assertionResults":[{"ancestorTitles":["Card — render"],"fullName":"Card — render renders its children","status":"passed","title":"renders its children","duration":15.783667000000037,"failureMessages":[],"meta":{}},{"ancestorTitles":["Card — render"],"fullName":"Card — render includes rounded-xl and shadow classes","status":"passed","title":"includes rounded-xl and shadow classes","duration":0.9346659999999929,"failureMessages":[],"meta":{}},{"ancestorTitles":["Card — render"],"fullName":"Card — render merges custom className","status":"passed","title":"merges custom className","duration":0.8336669999999913,"failureMessages":[],"meta":{}},{"ancestorTitles":["CardHeader — render"],"fullName":"CardHeader — render renders children","status":"passed","title":"renders children","duration":0.9361249999999472,"failureMessages":[],"meta":{}},{"ancestorTitles":["CardHeader — render"],"fullName":"CardHeader — render includes flex-col and p-6 classes","status":"passed","title":"includes flex-col and p-6 classes","duration":0.775957999999946,"failureMessages":[],"meta":{}},{"ancestorTitles":["CardTitle — render"],"fullName":"CardTitle — render renders as an h3","status":"passed","title":"renders as an h3","duration":61.672292000000084,"failureMessages":[],"meta":{}},{"ancestorTitles":["CardTitle — render"],"fullName":"CardTitle — render includes font-semibold class","status":"passed","title":"includes font-semibold class","duration":2.249958000000106,"failureMessages":[],"meta":{}},{"ancestorTitles":["CardDescription — render"],"fullName":"CardDescription — render renders as a paragraph with muted text class","status":"passed","title":"renders as a paragraph with muted text class","duration":0.9173749999999927,"failureMessages":[],"meta":{}},{"ancestorTitles":["CardPanel — render"],"fullName":"CardPanel — render renders children with correct padding class","status":"passed","title":"renders children with correct padding class","duration":0.4317920000000868,"failureMessages":[],"meta":{}},{"ancestorTitles":["CardFooter — render"],"fullName":"CardFooter — render renders children with flex and p-6 classes","status":"passed","title":"renders children with flex and p-6 classes","duration":0.41887500000007094,"failureMessages":[],"meta":{}},{"ancestorTitles":["Card — composition"],"fullName":"Card — composition renders all sub-parts together","status":"passed","title":"renders all sub-parts together","duration":9.714416999999912,"failureMessages":[],"meta":{}}],"startTime":1781072027740,"endTime":1781072027834.7144,"status":"passed","message":"","name":"/Users/macanderson/oxagen-monorepo/apps/app/src/components/ui/card.test.tsx"},{"assertionResults":[{"ancestorTitles":["Combobox — trigger render"],"fullName":"Combobox — trigger render renders a combobox trigger button","status":"passed","title":"renders a combobox trigger button","duration":149.14954199999988,"failureMessages":[],"meta":{}},{"ancestorTitles":["Combobox — trigger render"],"fullName":"Combobox — trigger render shows placeholder text","status":"passed","title":"shows placeholder text","duration":17.36916599999995,"failureMessages":[],"meta":{}},{"ancestorTitles":["Combobox — trigger render"],"fullName":"Combobox — trigger render sm size trigger includes h-7 class","status":"passed","title":"sm size trigger includes h-7 class","duration":5.240334000000075,"failureMessages":[],"meta":{}},{"ancestorTitles":["Combobox — trigger render"],"fullName":"Combobox — trigger render default size trigger includes h-8 class","status":"passed","title":"default size trigger includes h-8 class","duration":18.406833000000006,"failureMessages":[],"meta":{}},{"ancestorTitles":["Combobox — trigger render"],"fullName":"Combobox — trigger render lg size trigger includes h-9 class","status":"passed","title":"lg size trigger includes h-9 class","duration":4.89449999999988,"failureMessages":[],"meta":{}},{"ancestorTitles":["Combobox — popup opens and shows items"],"fullName":"Combobox — popup opens and shows items opens popup on trigger click","status":"passed","title":"opens popup on trigger click","duration":107.71745800000008,"failureMessages":[],"meta":{}},{"ancestorTitles":["Combobox — popup opens and shows items"],"fullName":"Combobox — popup opens and shows items shows search input inside popup","status":"passed","title":"shows search input inside popup","duration":94.35445800000002,"failureMessages":[],"meta":{}},{"ancestorTitles":["Combobox — popup opens and shows items"],"fullName":"Combobox — popup opens and shows items renders all items in popup","status":"passed","title":"renders all items in popup","duration":21.232291999999916,"failureMessages":[],"meta":{}}],"startTime":1781072029509,"endTime":1781072029929.2322,"status":"passed","message":"","name":"/Users/macanderson/oxagen-monorepo/apps/app/src/components/ui/combobox.test.tsx"},{"assertionResults":[{"ancestorTitles":["Dialog — open state render"],"fullName":"Dialog — open state render renders the dialog popup with dialog role","status":"passed","title":"renders the dialog popup with dialog role","duration":124.56445800000006,"failureMessages":[],"meta":{}},{"ancestorTitles":["Dialog — open state render"],"fullName":"Dialog — open state render renders DialogTitle","status":"passed","title":"renders DialogTitle","duration":33.156833000000006,"failureMessages":[],"meta":{}},{"ancestorTitles":["Dialog — open state render"],"fullName":"Dialog — open state render renders DialogDescription","status":"passed","title":"renders DialogDescription","duration":8.109625000000051,"failureMessages":[],"meta":{}},{"ancestorTitles":["Dialog — open state render"],"fullName":"Dialog — open state render renders DialogPanel children","status":"passed","title":"renders DialogPanel children","duration":7.382082999999966,"failureMessages":[],"meta":{}},{"ancestorTitles":["Dialog — open state render"],"fullName":"Dialog — open state render renders DialogClose button","status":"passed","title":"renders DialogClose button","duration":34.80491700000016,"failureMessages":[],"meta":{}},{"ancestorTitles":["Dialog — open state render"],"fullName":"Dialog — open state render has an accessible close icon button (sr-only label)","status":"passed","title":"has an accessible close icon button (sr-only label)","duration":37.72279200000003,"failureMessages":[],"meta":{}},{"ancestorTitles":["Dialog — trigger open"],"fullName":"Dialog — trigger open opens dialog when trigger is clicked","status":"passed","title":"opens dialog when trigger is clicked","duration":52.441749999999956,"failureMessages":[],"meta":{}},{"ancestorTitles":["DialogHeader / DialogPanel / DialogFooter — standalone"],"fullName":"DialogHeader / DialogPanel / DialogFooter — standalone DialogHeader renders children","status":"passed","title":"DialogHeader renders children","duration":0.6445830000000115,"failureMessages":[],"meta":{}},{"ancestorTitles":["DialogHeader / DialogPanel / DialogFooter — standalone"],"fullName":"DialogHeader / DialogPanel / DialogFooter — standalone DialogPanel renders children","status":"passed","title":"DialogPanel renders children","duration":0.4382090000001426,"failureMessages":[],"meta":{}},{"ancestorTitles":["DialogHeader / DialogPanel / DialogFooter — standalone"],"fullName":"DialogHeader / DialogPanel / DialogFooter — standalone DialogFooter renders children","status":"passed","title":"DialogFooter renders children","duration":0.38237500000013824,"failureMessages":[],"meta":{}}],"startTime":1781072027893,"endTime":1781072028192.4382,"status":"passed","message":"","name":"/Users/macanderson/oxagen-monorepo/apps/app/src/components/ui/dialog.test.tsx"},{"assertionResults":[{"ancestorTitles":["FieldFillTransition — render"],"fullName":"FieldFillTransition — render renders children","status":"passed","title":"renders children","duration":112.88324999999998,"failureMessages":[],"meta":{}},{"ancestorTitles":["FieldFillTransition — render"],"fullName":"FieldFillTransition — render inactive: no data-fill-active attribute","status":"passed","title":"inactive: no data-fill-active attribute","duration":1.4980419999999413,"failureMessages":[],"meta":{}},{"ancestorTitles":["FieldFillTransition — render"],"fullName":"FieldFillTransition — render active: sets data-fill-active=true attribute","status":"passed","title":"active: sets data-fill-active=true attribute","duration":12.282833999999866,"failureMessages":[],"meta":{}},{"ancestorTitles":["FieldFillTransition — render"],"fullName":"FieldFillTransition — render active: injects <style> tag with keyframe animation","status":"passed","title":"active: injects <style> tag with keyframe animation","duration":1.769207999999935,"failureMessages":[],"meta":{}},{"ancestorTitles":["FieldFillTransition — render"],"fullName":"FieldFillTransition — render inactive: no <style> tag injected","status":"passed","title":"inactive: no <style> tag injected","duration":0.7635830000001533,"failureMessages":[],"meta":{}},{"ancestorTitles":["FieldFillTransition — render"],"fullName":"FieldFillTransition — render active: applies inline box-shadow style","status":"passed","title":"active: applies inline box-shadow style","duration":1.0817500000000564,"failureMessages":[],"meta":{}},{"ancestorTitles":["FieldFillTransition — render"],"fullName":"FieldFillTransition — render inactive: no inline box-shadow","status":"passed","title":"inactive: no inline box-shadow","duration":0.44012499999985266,"failureMessages":[],"meta":{}},{"ancestorTitles":["FieldFillTransition — render"],"fullName":"FieldFillTransition — render merges custom className","status":"passed","title":"merges custom className","duration":0.49833300000000236,"failureMessages":[],"meta":{}}],"startTime":1781072029561,"endTime":1781072029692.4983,"status":"passed","message":"","name":"/Users/macanderson/oxagen-monorepo/apps/app/src/components/ui/field-fill-transition.test.tsx"},{"assertionResults":[{"ancestorTitles":["inputVariants — class map"],"fullName":"inputVariants — class map includes rounded-md base class","status":"passed","title":"includes rounded-md base class","duration":0.4838750000000118,"failureMessages":[],"meta":{}},{"ancestorTitles":["inputVariants — class map"],"fullName":"inputVariants — class map sm size includes h-7","status":"passed","title":"sm size includes h-7","duration":0.093166999999994,"failureMessages":[],"meta":{}},{"ancestorTitles":["inputVariants — class map"],"fullName":"inputVariants — class map default size includes h-8","status":"passed","title":"default size includes h-8","duration":0.06320900000002894,"failureMessages":[],"meta":{}},{"ancestorTitles":["inputVariants — class map"],"fullName":"inputVariants — class map lg size includes h-9","status":"passed","title":"lg size includes h-9","duration":0.05645800000002055,"failureMessages":[],"meta":{}},{"ancestorTitles":["Input — render"],"fullName":"Input — render renders an input element","status":"passed","title":"renders an input element","duration":12.047957999999994,"failureMessages":[],"meta":{}},{"ancestorTitles":["Input — render"],"fullName":"Input — render renders with placeholder","status":"passed","title":"renders with placeholder","duration":3.161375000000021,"failureMessages":[],"meta":{}},{"ancestorTitles":["Input — render"],"fullName":"Input — render renders with type attribute","status":"passed","title":"renders with type attribute","duration":1.1445830000000115,"failureMessages":[],"meta":{}},{"ancestorTitles":["Input — render"],"fullName":"Input — render is disabled when disabled prop set","status":"passed","title":"is disabled when disabled prop set","duration":0.7439999999999145,"failureMessages":[],"meta":{}},{"ancestorTitles":["Input — render"],"fullName":"Input — render applies size class","status":"passed","title":"applies size class","duration":0.817707999999925,"failureMessages":[],"meta":{}},{"ancestorTitles":["Input — render"],"fullName":"Input — render merges custom className","status":"passed","title":"merges custom className","duration":0.6619580000000269,"failureMessages":[],"meta":{}},{"ancestorTitles":["Input — render"],"fullName":"Input — render accepts user input","status":"passed","title":"accepts user input","duration":154.64774999999997,"failureMessages":[],"meta":{}},{"ancestorTitles":["Input — render"],"fullName":"Input — render respects controlled value","status":"passed","title":"respects controlled value","duration":1.5195830000000115,"failureMessages":[],"meta":{}}],"startTime":1781072029113,"endTime":1781072029289.5195,"status":"passed","message":"","name":"/Users/macanderson/oxagen-monorepo/apps/app/src/components/ui/input.test.tsx"},{"assertionResults":[{"ancestorTitles":["Label — render"],"fullName":"Label — render renders a label element","status":"passed","title":"renders a label element","duration":14.61674999999991,"failureMessages":[],"meta":{}},{"ancestorTitles":["Label — render"],"fullName":"Label — render associates with an input via htmlFor","status":"passed","title":"associates with an input via htmlFor","duration":2.4800829999999223,"failureMessages":[],"meta":{}},{"ancestorTitles":["Label — render"],"fullName":"Label — render includes text-sm font-medium classes","status":"passed","title":"includes text-sm font-medium classes","duration":1.2988749999999527,"failureMessages":[],"meta":{}},{"ancestorTitles":["Label — render"],"fullName":"Label — render merges custom className","status":"passed","title":"merges custom className","duration":1.0815830000000233,"failureMessages":[],"meta":{}}],"startTime":1781072030867,"endTime":1781072030886.0815,"status":"passed","message":"","name":"/Users/macanderson/oxagen-monorepo/apps/app/src/components/ui/label.test.tsx"},{"assertionResults":[{"ancestorTitles":["Menu — trigger"],"fullName":"Menu — trigger renders trigger with button role","status":"passed","title":"renders trigger with button role","duration":97.74183300000004,"failureMessages":[],"meta":{}},{"ancestorTitles":["Menu — trigger"],"fullName":"Menu — trigger trigger has aria-haspopup=menu","status":"passed","title":"trigger has aria-haspopup=menu","duration":5.956124999999929,"failureMessages":[],"meta":{}},{"ancestorTitles":["Menu — trigger"],"fullName":"Menu — trigger trigger starts with aria-expanded=false (closed)","status":"passed","title":"trigger starts with aria-expanded=false (closed)","duration":29.323540999999977,"failureMessages":[],"meta":{}},{"ancestorTitles":["MenuItem — class and aria assertions via trigger context"],"fullName":"MenuItem — class and aria assertions via trigger context trigger exposes aria-haspopup=menu","status":"passed","title":"trigger exposes aria-haspopup=menu","duration":6.292916000000105,"failureMessages":[],"meta":{}},{"ancestorTitles":["MenuGroupLabel — standalone"],"fullName":"MenuGroupLabel — standalone renders with role=presentation","status":"passed","title":"renders with role=presentation","duration":1.95962499999996,"failureMessages":[],"meta":{}},{"ancestorTitles":["MenuGroupLabel — standalone"],"fullName":"MenuGroupLabel — standalone includes font-semibold class","status":"passed","title":"includes font-semibold class","duration":0.7005839999999353,"failureMessages":[],"meta":{}},{"ancestorTitles":["MenuGroupLabel — standalone"],"fullName":"MenuGroupLabel — standalone inset prop adds pl-8 class","status":"passed","title":"inset prop adds pl-8 class","duration":0.5401249999999891,"failureMessages":[],"meta":{}},{"ancestorTitles":["MenuShortcut — standalone"],"fullName":"MenuShortcut — standalone renders shortcut text","status":"passed","title":"renders shortcut text","duration":0.7097080000000915,"failureMessages":[],"meta":{}},{"ancestorTitles":["MenuShortcut — standalone"],"fullName":"MenuShortcut — standalone includes tracking-widest and opacity-60 classes","status":"passed","title":"includes tracking-widest and opacity-60 classes","duration":0.4720829999998841,"failureMessages":[],"meta":{}},{"ancestorTitles":["MenuShortcut — standalone"],"fullName":"MenuShortcut — standalone merges custom className","status":"passed","title":"merges custom className","duration":0.5660420000001523,"failureMessages":[],"meta":{}}],"startTime":1781072026667,"endTime":1781072026811.5662,"status":"passed","message":"","name":"/Users/macanderson/oxagen-monorepo/apps/app/src/components/ui/menu.test.tsx"},{"assertionResults":[{"ancestorTitles":["PageHeader — render"],"fullName":"PageHeader — render renders the title as an h1","status":"passed","title":"renders the title as an h1","duration":84.05937500000005,"failureMessages":[],"meta":{}},{"ancestorTitles":["PageHeader — render"],"fullName":"PageHeader — render does not render description when omitted","status":"passed","title":"does not render description when omitted","duration":1.7136669999999867,"failureMessages":[],"meta":{}},{"ancestorTitles":["PageHeader — render"],"fullName":"PageHeader — render renders description when provided","status":"passed","title":"renders description when provided","duration":1.586334000000079,"failureMessages":[],"meta":{}},{"ancestorTitles":["PageHeader — render"],"fullName":"PageHeader — render renders breadcrumb slot","status":"passed","title":"renders breadcrumb slot","duration":1.040958000000046,"failureMessages":[],"meta":{}},{"ancestorTitles":["PageHeader — render"],"fullName":"PageHeader — render renders actions slot","status":"passed","title":"renders actions slot","duration":5.002709000000095,"failureMessages":[],"meta":{}},{"ancestorTitles":["PageHeader — render"],"fullName":"PageHeader — render does not render Ask button when onAskAboutThis is not provided","status":"passed","title":"does not render Ask button when onAskAboutThis is not provided","duration":0.8594579999999041,"failureMessages":[],"meta":{}},{"ancestorTitles":["PageHeader — render"],"fullName":"PageHeader — render renders Ask button when onAskAboutThis is provided","status":"passed","title":"renders Ask button when onAskAboutThis is provided","duration":7.625416000000087,"failureMessages":[],"meta":{}},{"ancestorTitles":["PageHeader — render"],"fullName":"PageHeader — render calls onAskAboutThis when Ask button is clicked","status":"passed","title":"calls onAskAboutThis when Ask button is clicked","duration":46.407040999999936,"failureMessages":[],"meta":{}},{"ancestorTitles":["PageHeader — render"],"fullName":"PageHeader — render merges custom className","status":"passed","title":"merges custom className","duration":0.892165999999861,"failureMessages":[],"meta":{}}],"startTime":1781072030183,"endTime":1781072030332.892,"status":"passed","message":"","name":"/Users/macanderson/oxagen-monorepo/apps/app/src/components/ui/page-header.test.tsx"},{"assertionResults":[{"ancestorTitles":["PageTabs — render"],"fullName":"PageTabs — render renders a tablist with aria-label","status":"passed","title":"renders a tablist with aria-label","duration":107.52533299999993,"failureMessages":[],"meta":{}},{"ancestorTitles":["PageTabs — render"],"fullName":"PageTabs — render renders all tab links","status":"passed","title":"renders all tab links","duration":12.548500000000104,"failureMessages":[],"meta":{}},{"ancestorTitles":["PageTabs — render"],"fullName":"PageTabs — render active tab has aria-selected=true","status":"passed","title":"active tab has aria-selected=true","duration":5.154625000000124,"failureMessages":[],"meta":{}},{"ancestorTitles":["PageTabs — render"],"fullName":"PageTabs — render inactive tabs have aria-selected=false","status":"passed","title":"inactive tabs have aria-selected=false","duration":4.433457999999973,"failureMessages":[],"meta":{}},{"ancestorTitles":["PageTabs — render"],"fullName":"PageTabs — render tab with badge renders badge span with label","status":"passed","title":"tab with badge renders badge span with label","duration":4.1879579999999805,"failureMessages":[],"meta":{}},{"ancestorTitles":["PageTabs — render"],"fullName":"PageTabs — render tab without badge does not render badge span","status":"passed","title":"tab without badge does not render badge span","duration":1.8783329999998841,"failureMessages":[],"meta":{}},{"ancestorTitles":["PageTabs — render"],"fullName":"PageTabs — render active tab matches longest prefix when on nested path","status":"passed","title":"active tab matches longest prefix when on nested path","duration":3.800707999999986,"failureMessages":[],"meta":{}},{"ancestorTitles":["PageTabs — render"],"fullName":"PageTabs — render accepts and applies custom className to root wrapper","status":"passed","title":"accepts and applies custom className to root wrapper","duration":0.9918749999999363,"failureMessages":[],"meta":{}}],"startTime":1781072026573,"endTime":1781072026713.992,"status":"passed","message":"","name":"/Users/macanderson/oxagen-monorepo/apps/app/src/components/ui/page-tabs-render.test.tsx"},{"assertionResults":[{"ancestorTitles":["resolveActiveTab — exact match"],"fullName":"resolveActiveTab — exact match matches /acme/billing exactly","status":"passed","title":"matches /acme/billing exactly","duration":0.5054999999999836,"failureMessages":[],"meta":{}},{"ancestorTitles":["resolveActiveTab — exact match"],"fullName":"resolveActiveTab — exact match matches /acme/billing/invoices exactly","status":"passed","title":"matches /acme/billing/invoices exactly","duration":0.08416600000003882,"failureMessages":[],"meta":{}},{"ancestorTitles":["resolveActiveTab — longest-prefix match"],"fullName":"resolveActiveTab — longest-prefix match prefers /acme/billing/invoices over /acme/billing for a nested path","status":"passed","title":"prefers /acme/billing/invoices over /acme/billing for a nested path","duration":0.06141700000000583,"failureMessages":[],"meta":{}},{"ancestorTitles":["resolveActiveTab — longest-prefix match"],"fullName":"resolveActiveTab — longest-prefix match falls back to root tab for paths under /acme/billing with no deeper match","status":"passed","title":"falls back to root tab for paths under /acme/billing with no deeper match","duration":0.05570800000003828,"failureMessages":[],"meta":{}},{"ancestorTitles":["resolveActiveTab — no match"],"fullName":"resolveActiveTab — no match returns the first tab when pathname shares no prefix with any tab","status":"passed","title":"returns the first tab when pathname shares no prefix with any tab","duration":0.053625000000010914,"failureMessages":[],"meta":{}},{"ancestorTitles":["resolveActiveTab — empty tabs"],"fullName":"resolveActiveTab — empty tabs returns empty string for empty tabs array","status":"passed","title":"returns empty string for empty tabs array","duration":0.058875000000000455,"failureMessages":[],"meta":{}},{"ancestorTitles":["resolveActiveTab — trailing slash"],"fullName":"resolveActiveTab — trailing slash does NOT match /acme/billing/ (trailing slash) as exact match for /acme/billing","status":"passed","title":"does NOT match /acme/billing/ (trailing slash) as exact match for /acme/billing","duration":0.05458299999997962,"failureMessages":[],"meta":{}},{"ancestorTitles":["resolveActiveTab — partial-segment guard"],"fullName":"resolveActiveTab — partial-segment guard does NOT match /acme/billing-extra against /acme/billing","status":"passed","title":"does NOT match /acme/billing-extra against /acme/billing","duration":0.3030420000000049,"failureMessages":[],"meta":{}},{"ancestorTitles":["resolveActiveTab — partial-segment guard"],"fullName":"resolveActiveTab — partial-segment guard does NOT match /acme/billing/subscriptions against /acme/billing/subscription","status":"passed","title":"does NOT match /acme/billing/subscriptions against /acme/billing/subscription","duration":0.05912499999999454,"failureMessages":[],"meta":{}}],"startTime":1781072019700,"endTime":1781072019701.303,"status":"passed","message":"","name":"/Users/macanderson/oxagen-monorepo/apps/app/src/components/ui/page-tabs.test.ts"},{"assertionResults":[{"ancestorTitles":["RadioGroup — render"],"fullName":"RadioGroup — render renders with radiogroup role","status":"passed","title":"renders with radiogroup role","duration":114.56216699999993,"failureMessages":[],"meta":{}},{"ancestorTitles":["RadioGroup — render"],"fullName":"RadioGroup — render renders radio items","status":"passed","title":"renders radio items","duration":28.453000000000202,"failureMessages":[],"meta":{}},{"ancestorTitles":["RadioGroup — render"],"fullName":"RadioGroup — render renders radio with correct initial unchecked state","status":"passed","title":"renders radio with correct initial unchecked state","duration":5.6855410000000575,"failureMessages":[],"meta":{}},{"ancestorTitles":["RadioGroup — render"],"fullName":"RadioGroup — render calls onValueChange when radio is clicked","status":"passed","title":"calls onValueChange when radio is clicked","duration":46.85812499999997,"failureMessages":[],"meta":{}},{"ancestorTitles":["RadioGroup — render"],"fullName":"RadioGroup — render respects defaultValue — second radio is checked","status":"passed","title":"respects defaultValue — second radio is checked","duration":8.330500000000029,"failureMessages":[],"meta":{}},{"ancestorTitles":["RadioGroup — render"],"fullName":"RadioGroup — render disabled Radio has aria-disabled=true","status":"passed","title":"disabled Radio has aria-disabled=true","duration":4.396582999999964,"failureMessages":[],"meta":{}},{"ancestorTitles":["RadioGroup — render"],"fullName":"RadioGroup — render disabled Radio has data-disabled attribute","status":"passed","title":"disabled Radio has data-disabled attribute","duration":22.159374999999955,"failureMessages":[],"meta":{}},{"ancestorTitles":["RadioGroup — render"],"fullName":"RadioGroup — render merges custom className on RadioGroup","status":"passed","title":"merges custom className on RadioGroup","duration":7.038542000000007,"failureMessages":[],"meta":{}}],"startTime":1781072028785,"endTime":1781072029023.0386,"status":"passed","message":"","name":"/Users/macanderson/oxagen-monorepo/apps/app/src/components/ui/radio-group.test.tsx"},{"assertionResults":[{"ancestorTitles":["SegmentedControl — render"],"fullName":"SegmentedControl — render renders all items","status":"passed","title":"renders all items","duration":113.1941250000001,"failureMessages":[],"meta":{}},{"ancestorTitles":["SegmentedControl — render"],"fullName":"SegmentedControl — render calls onValueChange when an item is clicked","status":"passed","title":"calls onValueChange when an item is clicked","duration":25.43925000000013,"failureMessages":[],"meta":{}},{"ancestorTitles":["SegmentedControl — render"],"fullName":"SegmentedControl — render selected item has data-pressed attribute","status":"passed","title":"selected item has data-pressed attribute","duration":3.726667000000134,"failureMessages":[],"meta":{}},{"ancestorTitles":["SegmentedControl — render"],"fullName":"SegmentedControl — render merges custom className on root","status":"passed","title":"merges custom className on root","duration":1.3114169999998921,"failureMessages":[],"meta":{}},{"ancestorTitles":["SegmentedControl — render"],"fullName":"SegmentedControl — render disabled item cannot be clicked","status":"passed","title":"disabled item cannot be clicked","duration":13.699457999999822,"failureMessages":[],"meta":{}}],"startTime":1781072029866,"endTime":1781072030023.6995,"status":"passed","message":"","name":"/Users/macanderson/oxagen-monorepo/apps/app/src/components/ui/segmented-control.test.tsx"},{"assertionResults":[{"ancestorTitles":["Select — trigger render"],"fullName":"Select — trigger render renders a combobox trigger","status":"passed","title":"renders a combobox trigger","duration":93.98804199999995,"failureMessages":[],"meta":{}},{"ancestorTitles":["Select — trigger render"],"fullName":"Select — trigger render shows placeholder text","status":"passed","title":"shows placeholder text","duration":6.359958000000006,"failureMessages":[],"meta":{}},{"ancestorTitles":["Select — trigger render"],"fullName":"Select — trigger render sm size trigger includes h-7 class","status":"passed","title":"sm size trigger includes h-7 class","duration":49.76566700000012,"failureMessages":[],"meta":{}},{"ancestorTitles":["Select — trigger render"],"fullName":"Select — trigger render default size trigger includes h-8 class","status":"passed","title":"default size trigger includes h-8 class","duration":4.892582999999831,"failureMessages":[],"meta":{}},{"ancestorTitles":["Select — trigger render"],"fullName":"Select — trigger render lg size trigger includes h-9 class","status":"passed","title":"lg size trigger includes h-9 class","duration":3.9635419999999613,"failureMessages":[],"meta":{}},{"ancestorTitles":["Select — trigger aria attributes"],"fullName":"Select — trigger aria attributes trigger has aria-haspopup=listbox","status":"passed","title":"trigger has aria-haspopup=listbox","duration":3.4082499999999527,"failureMessages":[],"meta":{}},{"ancestorTitles":["Select — trigger aria attributes"],"fullName":"Select — trigger aria attributes trigger starts with aria-expanded=false","status":"passed","title":"trigger starts with aria-expanded=false","duration":3.0567499999999654,"failureMessages":[],"meta":{}},{"ancestorTitles":["Select — trigger aria attributes"],"fullName":"Select — trigger aria attributes SelectItem and SelectLabel are importable (export sanity check)","status":"passed","title":"SelectItem and SelectLabel are importable (export sanity check)","duration":0.11262499999997999,"failureMessages":[],"meta":{}}],"startTime":1781072029757,"endTime":1781072029923.1125,"status":"passed","message":"","name":"/Users/macanderson/oxagen-monorepo/apps/app/src/components/ui/select.test.tsx"},{"assertionResults":[{"ancestorTitles":["Separator — render"],"fullName":"Separator — render renders with separator role","status":"passed","title":"renders with separator role","duration":59.14462500000002,"failureMessages":[],"meta":{}},{"ancestorTitles":["Separator — render"],"fullName":"Separator — render horizontal orientation includes h-px w-full classes","status":"passed","title":"horizontal orientation includes h-px w-full classes","duration":2.5424999999999045,"failureMessages":[],"meta":{}},{"ancestorTitles":["Separator — render"],"fullName":"Separator — render vertical orientation includes h-full w-px classes","status":"passed","title":"vertical orientation includes h-full w-px classes","duration":1.852916999999934,"failureMessages":[],"meta":{}},{"ancestorTitles":["Separator — render"],"fullName":"Separator — render defaults to horizontal orientation","status":"passed","title":"defaults to horizontal orientation","duration":1.7598329999999578,"failureMessages":[],"meta":{}},{"ancestorTitles":["Separator — render"],"fullName":"Separator — render includes bg-border class","status":"passed","title":"includes bg-border class","duration":1.7645410000000084,"failureMessages":[],"meta":{}},{"ancestorTitles":["Separator — render"],"fullName":"Separator — render merges custom className","status":"passed","title":"merges custom className","duration":1.7088750000000346,"failureMessages":[],"meta":{}}],"startTime":1781072030877,"endTime":1781072030945.709,"status":"passed","message":"","name":"/Users/macanderson/oxagen-monorepo/apps/app/src/components/ui/separator.test.tsx"},{"assertionResults":[{"ancestorTitles":["Sheet — open state render"],"fullName":"Sheet — open state render renders with dialog role when open","status":"passed","title":"renders with dialog role when open","duration":119.47341600000004,"failureMessages":[],"meta":{}},{"ancestorTitles":["Sheet — open state render"],"fullName":"Sheet — open state render renders SheetTitle","status":"passed","title":"renders SheetTitle","duration":10.275624999999991,"failureMessages":[],"meta":{}},{"ancestorTitles":["Sheet — open state render"],"fullName":"Sheet — open state render renders SheetDescription","status":"passed","title":"renders SheetDescription","duration":7.657708000000184,"failureMessages":[],"meta":{}},{"ancestorTitles":["Sheet — open state render"],"fullName":"Sheet — open state render renders SheetPanel children","status":"passed","title":"renders SheetPanel children","duration":6.972541000000092,"failureMessages":[],"meta":{}},{"ancestorTitles":["Sheet — open state render"],"fullName":"Sheet — open state render renders SheetClose button","status":"passed","title":"renders SheetClose button","duration":72.02929199999994,"failureMessages":[],"meta":{}},{"ancestorTitles":["Sheet — trigger open"],"fullName":"Sheet — trigger open opens sheet when trigger is clicked","status":"passed","title":"opens sheet when trigger is clicked","duration":48.67329199999995,"failureMessages":[],"meta":{}},{"ancestorTitles":["SheetHeader / SheetPanel / SheetFooter — standalone"],"fullName":"SheetHeader / SheetPanel / SheetFooter — standalone SheetHeader renders children","status":"passed","title":"SheetHeader renders children","duration":0.6957089999998516,"failureMessages":[],"meta":{}},{"ancestorTitles":["SheetHeader / SheetPanel / SheetFooter — standalone"],"fullName":"SheetHeader / SheetPanel / SheetFooter — standalone SheetPanel renders children","status":"passed","title":"SheetPanel renders children","duration":0.4370000000001255,"failureMessages":[],"meta":{}},{"ancestorTitles":["SheetHeader / SheetPanel / SheetFooter — standalone"],"fullName":"SheetHeader / SheetPanel / SheetFooter — standalone SheetFooter renders children","status":"passed","title":"SheetFooter renders children","duration":0.37962500000003274,"failureMessages":[],"meta":{}}],"startTime":1781072028945,"endTime":1781072029211.437,"status":"passed","message":"","name":"/Users/macanderson/oxagen-monorepo/apps/app/src/components/ui/sheet.test.tsx"},{"assertionResults":[{"ancestorTitles":["Skeleton — render"],"fullName":"Skeleton — render renders a div","status":"passed","title":"renders a div","duration":9.144458999999983,"failureMessages":[],"meta":{}},{"ancestorTitles":["Skeleton — render"],"fullName":"Skeleton — render includes animate-pulse class","status":"passed","title":"includes animate-pulse class","duration":1.0700830000000678,"failureMessages":[],"meta":{}},{"ancestorTitles":["Skeleton — render"],"fullName":"Skeleton — render includes rounded-md class","status":"passed","title":"includes rounded-md class","duration":0.7761669999999867,"failureMessages":[],"meta":{}},{"ancestorTitles":["Skeleton — render"],"fullName":"Skeleton — render merges custom className","status":"passed","title":"merges custom className","duration":0.8272080000000415,"failureMessages":[],"meta":{}}],"startTime":1781072030881,"endTime":1781072030892.8271,"status":"passed","message":"","name":"/Users/macanderson/oxagen-monorepo/apps/app/src/components/ui/skeleton.test.tsx"},{"assertionResults":[{"ancestorTitles":["Slider — render"],"fullName":"Slider — render renders a slider role","status":"passed","title":"renders a slider role","duration":76.325917,"failureMessages":[],"meta":{}},{"ancestorTitles":["Slider — render"],"fullName":"Slider — render renders with aria-valuenow reflecting defaultValue","status":"passed","title":"renders with aria-valuenow reflecting defaultValue","duration":12.46895799999993,"failureMessages":[],"meta":{}},{"ancestorTitles":["Slider — render"],"fullName":"Slider — render slider has aria-valuenow attribute","status":"passed","title":"slider has aria-valuenow attribute","duration":10.118167000000085,"failureMessages":[],"meta":{}},{"ancestorTitles":["Slider — render"],"fullName":"Slider — render disabled slider — control wrapper has data-disabled attribute","status":"passed","title":"disabled slider — control wrapper has data-disabled attribute","duration":8.639792000000057,"failureMessages":[],"meta":{}},{"ancestorTitles":["Slider — render"],"fullName":"Slider — render merges custom className on root","status":"passed","title":"merges custom className on root","duration":3.67837499999996,"failureMessages":[],"meta":{}}],"startTime":1781072030794,"endTime":1781072030904.6785,"status":"passed","message":"","name":"/Users/macanderson/oxagen-monorepo/apps/app/src/components/ui/slider.test.tsx"},{"assertionResults":[{"ancestorTitles":["Switch — render"],"fullName":"Switch — render renders with switch role","status":"passed","title":"renders with switch role","duration":73.74074999999993,"failureMessages":[],"meta":{}},{"ancestorTitles":["Switch — render"],"fullName":"Switch — render is unchecked by default (aria-checked=false)","status":"passed","title":"is unchecked by default (aria-checked=false)","duration":4.070958000000019,"failureMessages":[],"meta":{}},{"ancestorTitles":["Switch — render"],"fullName":"Switch — render is disabled when disabled prop set (aria-disabled)","status":"passed","title":"is disabled when disabled prop set (aria-disabled)","duration":30.746500000000196,"failureMessages":[],"meta":{}},{"ancestorTitles":["Switch — render"],"fullName":"Switch — render has data-disabled attribute when disabled","status":"passed","title":"has data-disabled attribute when disabled","duration":2.7858329999999114,"failureMessages":[],"meta":{}},{"ancestorTitles":["Switch — render"],"fullName":"Switch — render includes bg-input class in unchecked state","status":"passed","title":"includes bg-input class in unchecked state","duration":2.9488329999999223,"failureMessages":[],"meta":{}},{"ancestorTitles":["Switch — render"],"fullName":"Switch — render calls onCheckedChange when toggled (checked true)","status":"passed","title":"calls onCheckedChange when toggled (checked true)","duration":50.530459000000064,"failureMessages":[],"meta":{}},{"ancestorTitles":["Switch — render"],"fullName":"Switch — render reflects controlled checked=true state (aria-checked=true)","status":"passed","title":"reflects controlled checked=true state (aria-checked=true)","duration":2.7593749999998636,"failureMessages":[],"meta":{}},{"ancestorTitles":["Switch — render"],"fullName":"Switch — render merges custom className","status":"passed","title":"merges custom className","duration":6.908000000000129,"failureMessages":[],"meta":{}}],"startTime":1781072030205,"endTime":1781072030378.908,"status":"passed","message":"","name":"/Users/macanderson/oxagen-monorepo/apps/app/src/components/ui/switch.test.tsx"},{"assertionResults":[{"ancestorTitles":["Tabs — render"],"fullName":"Tabs — render renders a tablist","status":"passed","title":"renders a tablist","duration":66.73062499999992,"failureMessages":[],"meta":{}},{"ancestorTitles":["Tabs — render"],"fullName":"Tabs — render renders two tabs","status":"passed","title":"renders two tabs","duration":15.442999999999984,"failureMessages":[],"meta":{}},{"ancestorTitles":["Tabs — render"],"fullName":"Tabs — render renders the active panel content initially","status":"passed","title":"renders the active panel content initially","duration":4.601124999999911,"failureMessages":[],"meta":{}},{"ancestorTitles":["Tabs — render"],"fullName":"Tabs — render switches panel content when another tab is clicked","status":"passed","title":"switches panel content when another tab is clicked","duration":60.80254100000002,"failureMessages":[],"meta":{}},{"ancestorTitles":["Tabs — render"],"fullName":"Tabs — render TabsList default variant sets data-variant=default","status":"passed","title":"TabsList default variant sets data-variant=default","duration":12.167333999999983,"failureMessages":[],"meta":{}},{"ancestorTitles":["Tabs — render"],"fullName":"Tabs — render TabsList underline variant sets data-variant=underline","status":"passed","title":"TabsList underline variant sets data-variant=underline","duration":4.056334000000106,"failureMessages":[],"meta":{}},{"ancestorTitles":["Tabs — render"],"fullName":"Tabs — render TabsTab renders tab role with correct name","status":"passed","title":"TabsTab renders tab role with correct name","duration":4.066624999999931,"failureMessages":[],"meta":{}},{"ancestorTitles":["Tabs — render"],"fullName":"Tabs — render TabsList accepts custom className","status":"passed","title":"TabsList accepts custom className","duration":29.81879200000003,"failureMessages":[],"meta":{}}],"startTime":1781072030061,"endTime":1781072030258.8188,"status":"passed","message":"","name":"/Users/macanderson/oxagen-monorepo/apps/app/src/components/ui/tabs.test.tsx"},{"assertionResults":[{"ancestorTitles":["textareaVariants — class map"],"fullName":"textareaVariants — class map includes rounded-md base class","status":"passed","title":"includes rounded-md base class","duration":0.49841700000001765,"failureMessages":[],"meta":{}},{"ancestorTitles":["textareaVariants — class map"],"fullName":"textareaVariants — class map sm size includes min-h-[52px]","status":"passed","title":"sm size includes min-h-[52px]","duration":0.0905840000000353,"failureMessages":[],"meta":{}},{"ancestorTitles":["textareaVariants — class map"],"fullName":"textareaVariants — class map default size includes min-h-[60px]","status":"passed","title":"default size includes min-h-[60px]","duration":0.06129099999998289,"failureMessages":[],"meta":{}},{"ancestorTitles":["textareaVariants — class map"],"fullName":"textareaVariants — class map lg size includes min-h-[72px]","status":"passed","title":"lg size includes min-h-[72px]","duration":0.05262500000003456,"failureMessages":[],"meta":{}},{"ancestorTitles":["Textarea — render"],"fullName":"Textarea — render renders a textarea element","status":"passed","title":"renders a textarea element","duration":22.774874999999952,"failureMessages":[],"meta":{}},{"ancestorTitles":["Textarea — render"],"fullName":"Textarea — render renders with placeholder","status":"passed","title":"renders with placeholder","duration":3.2851249999999936,"failureMessages":[],"meta":{}},{"ancestorTitles":["Textarea — render"],"fullName":"Textarea — render is disabled when disabled prop set","status":"passed","title":"is disabled when disabled prop set","duration":3.0588749999999436,"failureMessages":[],"meta":{}},{"ancestorTitles":["Textarea — render"],"fullName":"Textarea — render applies size class","status":"passed","title":"applies size class","duration":8.377375000000029,"failureMessages":[],"meta":{}},{"ancestorTitles":["Textarea — render"],"fullName":"Textarea — render merges custom className","status":"passed","title":"merges custom className","duration":8.999666999999931,"failureMessages":[],"meta":{}},{"ancestorTitles":["Textarea — render"],"fullName":"Textarea — render accepts user input","status":"passed","title":"accepts user input","duration":96.4347909999999,"failureMessages":[],"meta":{}},{"ancestorTitles":["Textarea — render"],"fullName":"Textarea — render respects controlled value","status":"passed","title":"respects controlled value","duration":2.0582500000000437,"failureMessages":[],"meta":{}}],"startTime":1781072029633,"endTime":1781072029779.0583,"status":"passed","message":"","name":"/Users/macanderson/oxagen-monorepo/apps/app/src/components/ui/textarea.test.tsx"},{"assertionResults":[{"ancestorTitles":["Toast — provider mounts without crash"],"fullName":"Toast — provider mounts without crash renders without errors","status":"passed","title":"renders without errors","duration":59.49945899999989,"failureMessages":[],"meta":{}},{"ancestorTitles":["Toast — add and render"],"fullName":"Toast — add and render renders toast title after add()","status":"passed","title":"renders toast title after add()","duration":104.59054200000014,"failureMessages":[],"meta":{}},{"ancestorTitles":["Toast — add and render"],"fullName":"Toast — add and render renders toast description after add()","status":"passed","title":"renders toast description after add()","duration":37.59216599999991,"failureMessages":[],"meta":{}},{"ancestorTitles":["Toast — add and render"],"fullName":"Toast — add and render close button exists inside the toast dialog","status":"passed","title":"close button exists inside the toast dialog","duration":29.321291999999858,"failureMessages":[],"meta":{}},{"ancestorTitles":["Toast — add and render"],"fullName":"Toast — add and render toast renders as a dialog with the toast title as accessible name","status":"passed","title":"toast renders as a dialog with the toast title as accessible name","duration":38.09004200000004,"failureMessages":[],"meta":{}},{"ancestorTitles":["Toast — add and render"],"fullName":"Toast — add and render useToast returns object with add function","status":"passed","title":"useToast returns object with add function","duration":0.5479159999999865,"failureMessages":[],"meta":{}}],"startTime":1781072028547,"endTime":1781072028817.5479,"status":"passed","message":"","name":"/Users/macanderson/oxagen-monorepo/apps/app/src/components/ui/toast.test.tsx"},{"assertionResults":[{"ancestorTitles":["Fill intent"],"fullName":"Fill intent returns fill when hasFillableForm=true and query starts with a fill verb","status":"passed","title":"returns fill when hasFillableForm=true and query starts with a fill verb","duration":1.965249999999969,"failureMessages":[],"meta":{}},{"ancestorTitles":["Fill intent"],"fullName":"Fill intent does NOT return fill when hasFillableForm=false even with a fill verb","status":"passed","title":"does NOT return fill when hasFillableForm=false even with a fill verb","duration":0.3932089999999562,"failureMessages":[],"meta":{}},{"ancestorTitles":["Fill intent"],"fullName":"Fill intent matches 'update' as a fill verb","status":"passed","title":"matches 'update' as a fill verb","duration":0.06904199999996763,"failureMessages":[],"meta":{}},{"ancestorTitles":["Fill intent"],"fullName":"Fill intent matches 'edit' as a fill verb","status":"passed","title":"matches 'edit' as a fill verb","duration":0.05608299999994415,"failureMessages":[],"meta":{}},{"ancestorTitles":["Navigate intent"],"fullName":"Navigate intent returns navigate for an exact label match","status":"passed","title":"returns navigate for an exact label match","duration":1.1153339999999616,"failureMessages":[],"meta":{}},{"ancestorTitles":["Navigate intent"],"fullName":"Navigate intent returns navigate with a nav prefix stripped","status":"passed","title":"returns navigate with a nav prefix stripped","duration":0.13204099999995833,"failureMessages":[],"meta":{}},{"ancestorTitles":["Navigate intent"],"fullName":"Navigate intent returns navigate for a partial fuzzy label match","status":"passed","title":"returns navigate for a partial fuzzy label match","duration":0.07775000000003729,"failureMessages":[],"meta":{}},{"ancestorTitles":["Navigate intent"],"fullName":"Navigate intent returns navigate with 'open' prefix","status":"passed","title":"returns navigate with 'open' prefix","duration":0.10229199999992034,"failureMessages":[],"meta":{}},{"ancestorTitles":["Search intent"],"fullName":"Search intent returns search for a 'who' prefix query that has no nav match","status":"passed","title":"returns search for a 'who' prefix query that has no nav match","duration":0.14391699999998764,"failureMessages":[],"meta":{}},{"ancestorTitles":["Search intent"],"fullName":"Search intent returns search for a 'list' prefix","status":"passed","title":"returns search for a 'list' prefix","duration":0.0710830000000442,"failureMessages":[],"meta":{}},{"ancestorTitles":["Search intent"],"fullName":"Search intent returns search for a 'find' prefix","status":"passed","title":"returns search for a 'find' prefix","duration":0.05129199999998946,"failureMessages":[],"meta":{}},{"ancestorTitles":["Action intent"],"fullName":"Action intent returns action for 'create' verb with no nav match","status":"passed","title":"returns action for 'create' verb with no nav match","duration":0.07141599999999926,"failureMessages":[],"meta":{}},{"ancestorTitles":["Action intent"],"fullName":"Action intent returns action for 'delete' verb","status":"passed","title":"returns action for 'delete' verb","duration":0.07491600000003018,"failureMessages":[],"meta":{}},{"ancestorTitles":["Action intent"],"fullName":"Action intent returns action for 'invite' verb","status":"passed","title":"returns action for 'invite' verb","duration":1.5572080000000597,"failureMessages":[],"meta":{}},{"ancestorTitles":["Ask fallback"],"fullName":"Ask fallback returns ask for a query that matches none of the other intents","status":"passed","title":"returns ask for a query that matches none of the other intents","duration":0.07258300000000872,"failureMessages":[],"meta":{}},{"ancestorTitles":["Ask fallback"],"fullName":"Ask fallback returns ask for an empty string","status":"passed","title":"returns ask for an empty string","duration":0.03624999999999545,"failureMessages":[],"meta":{}},{"ancestorTitles":["Ask fallback"],"fullName":"Ask fallback returns ask for a whitespace-only string","status":"passed","title":"returns ask for a whitespace-only string","duration":0.033790999999951055,"failureMessages":[],"meta":{}},{"ancestorTitles":["nav prefix routing"],"fullName":"nav prefix routing 'go to' prefix strips correctly so the remainder fuzzy-matches a label","status":"passed","title":"'go to' prefix strips correctly so the remainder fuzzy-matches a label","duration":0.32179200000007313,"failureMessages":[],"meta":{}},{"ancestorTitles":["nav prefix routing"],"fullName":"nav prefix routing 'navigate to' prefix strips correctly","status":"passed","title":"'navigate to' prefix strips correctly","duration":0.17470800000000963,"failureMessages":[],"meta":{}},{"ancestorTitles":["nav prefix routing"],"fullName":"nav prefix routing 'show me' prefix strips correctly","status":"passed","title":"'show me' prefix strips correctly","duration":0.1871250000000373,"failureMessages":[],"meta":{}}],"startTime":1781072017729,"endTime":1781072017736.3218,"status":"passed","message":"","name":"/Users/macanderson/oxagen-monorepo/apps/app/src/lib/command-menu/intent-router.test.ts"},{"assertionResults":[{"ancestorTitles":["useRecent — initial state"],"fullName":"useRecent — initial state returns an empty list when localStorage is clean","status":"passed","title":"returns an empty list when localStorage is clean","duration":6.927375000000097,"failureMessages":[],"meta":{}},{"ancestorTitles":["useRecent — initial state"],"fullName":"useRecent — initial state reads existing entries from localStorage on mount","status":"passed","title":"reads existing entries from localStorage on mount","duration":1.0411249999999654,"failureMessages":[],"meta":{}},{"ancestorTitles":["useRecent — push"],"fullName":"useRecent — push adds a new entry to the top of the list","status":"passed","title":"adds a new entry to the top of the list","duration":1.054666999999995,"failureMessages":[],"meta":{}},{"ancestorTitles":["useRecent — push"],"fullName":"useRecent — push deduplicates: moves an existing query to the front","status":"passed","title":"deduplicates: moves an existing query to the front","duration":0.6174579999999423,"failureMessages":[],"meta":{}},{"ancestorTitles":["useRecent — push"],"fullName":"useRecent — push caps the list at 5 entries","status":"passed","title":"caps the list at 5 entries","duration":0.6898340000000189,"failureMessages":[],"meta":{}},{"ancestorTitles":["useRecent — push"],"fullName":"useRecent — push ignores blank / whitespace-only queries","status":"passed","title":"ignores blank / whitespace-only queries","duration":0.5679999999999836,"failureMessages":[],"meta":{}},{"ancestorTitles":["useRecent — push"],"fullName":"useRecent — push trims whitespace from the query before storing","status":"passed","title":"trims whitespace from the query before storing","duration":0.40229199999998855,"failureMessages":[],"meta":{}},{"ancestorTitles":["useRecent — push"],"fullName":"useRecent — push persists entries to localStorage","status":"passed","title":"persists entries to localStorage","duration":0.3929170000000113,"failureMessages":[],"meta":{}},{"ancestorTitles":["useRecent — push"],"fullName":"useRecent — push each entry has an 'at' ISO timestamp","status":"passed","title":"each entry has an 'at' ISO timestamp","duration":0.65949999999998,"failureMessages":[],"meta":{}},{"ancestorTitles":["useRecent — clear"],"fullName":"useRecent — clear empties the list","status":"passed","title":"empties the list","duration":0.6827500000000555,"failureMessages":[],"meta":{}},{"ancestorTitles":["useRecent — clear"],"fullName":"useRecent — clear removes the localStorage key","status":"passed","title":"removes the localStorage key","duration":0.35408300000005966,"failureMessages":[],"meta":{}},{"ancestorTitles":["useRecent — corrupt localStorage"],"fullName":"useRecent — corrupt localStorage degrades gracefully when localStorage contains invalid JSON","status":"passed","title":"degrades gracefully when localStorage contains invalid JSON","duration":0.25212500000009186,"failureMessages":[],"meta":{}},{"ancestorTitles":["useRecent — corrupt localStorage"],"fullName":"useRecent — corrupt localStorage degrades gracefully when localStorage contains a non-array JSON value","status":"passed","title":"degrades gracefully when localStorage contains a non-array JSON value","duration":0.22354199999995217,"failureMessages":[],"meta":{}}],"startTime":1781072025505,"endTime":1781072025519.354,"status":"passed","message":"","name":"/Users/macanderson/oxagen-monorepo/apps/app/src/lib/command-menu/use-recent.test.ts"},{"assertionResults":[{"ancestorTitles":["requestResetAction","(a) happy path — always returns ok:true"],"fullName":"requestResetAction (a) happy path — always returns ok:true returns ok:true when the API succeeds","status":"passed","title":"returns ok:true when the API succeeds","duration":1.743916000000013,"failureMessages":[],"meta":{}},{"ancestorTitles":["requestResetAction","(a) happy path — always returns ok:true"],"fullName":"requestResetAction (a) happy path — always returns ok:true calls auth.api.requestPasswordReset with the email and a redirectTo URL","status":"passed","title":"calls auth.api.requestPasswordReset with the email and a redirectTo URL","duration":1.029042000000004,"failureMessages":[],"meta":{}},{"ancestorTitles":["requestResetAction","(b) Zod validation — invalid email"],"fullName":"requestResetAction (b) Zod validation — invalid email returns ok:false when email is empty string","status":"passed","title":"returns ok:false when email is empty string","duration":0.2768750000000182,"failureMessages":[],"meta":{}},{"ancestorTitles":["requestResetAction","(b) Zod validation — invalid email"],"fullName":"requestResetAction (b) Zod validation — invalid email returns ok:false when email is malformed","status":"passed","title":"returns ok:false when email is malformed","duration":0.11250000000001137,"failureMessages":[],"meta":{}},{"ancestorTitles":["requestResetAction","(c) API error — swallowed for anti-enumeration"],"fullName":"requestResetAction (c) API error — swallowed for anti-enumeration returns ok:true even when the API throws (account not found scenario)","status":"passed","title":"returns ok:true even when the API throws (account not found scenario)","duration":0.11324999999999363,"failureMessages":[],"meta":{}},{"ancestorTitles":["requestResetAction","(c) API error — swallowed for anti-enumeration"],"fullName":"requestResetAction (c) API error — swallowed for anti-enumeration returns ok:true even when the API throws a network error","status":"passed","title":"returns ok:true even when the API throws a network error","duration":0.07941700000003493,"failureMessages":[],"meta":{}}],"startTime":1781072020283,"endTime":1781072020286.2769,"status":"passed","message":"","name":"/Users/macanderson/oxagen-monorepo/apps/app/src/app/(auth)/forgot-password/actions.test.ts"},{"assertionResults":[{"ancestorTitles":["ForgotPasswordForm"],"fullName":"ForgotPasswordForm renders the email input and submit button","status":"passed","title":"renders the email input and submit button","duration":85.96341599999982,"failureMessages":[],"meta":{}},{"ancestorTitles":["ForgotPasswordForm"],"fullName":"ForgotPasswordForm email input has type=email and is enabled initially","status":"passed","title":"email input has type=email and is enabled initially","duration":2.174624999999878,"failureMessages":[],"meta":{}},{"ancestorTitles":["ForgotPasswordForm"],"fullName":"ForgotPasswordForm shows confirmation message after successful action","status":"passed","title":"shows confirmation message after successful action","duration":257.91937499999995,"failureMessages":[],"meta":{}},{"ancestorTitles":["ForgotPasswordForm"],"fullName":"ForgotPasswordForm shows error message when action returns ok:false","status":"passed","title":"shows error message when action returns ok:false","duration":95.59741699999995,"failureMessages":[],"meta":{}},{"ancestorTitles":["ForgotPasswordForm"],"fullName":"ForgotPasswordForm disables the submit button while submitting","status":"passed","title":"disables the submit button while submitting","duration":224.8350829999997,"failureMessages":[],"meta":{}},{"ancestorTitles":["ForgotPasswordForm"],"fullName":"ForgotPasswordForm returns to the idle form when Send another link is clicked","status":"passed","title":"returns to the idle form when Send another link is clicked","duration":87.32625000000007,"failureMessages":[],"meta":{}}],"startTime":1781072023094,"endTime":1781072023847.3262,"status":"passed","message":"","name":"/Users/macanderson/oxagen-monorepo/apps/app/src/app/(auth)/forgot-password/forgot-password-form.test.tsx"},{"assertionResults":[{"ancestorTitles":["resetPasswordAction","(a) happy path"],"fullName":"resetPasswordAction (a) happy path returns ok:true when the API accepts the token and new password","status":"passed","title":"returns ok:true when the API accepts the token and new password","duration":2.067709000000036,"failureMessages":[],"meta":{}},{"ancestorTitles":["resetPasswordAction","(b) Zod validation"],"fullName":"resetPasswordAction (b) Zod validation returns ok:false when token is empty string","status":"passed","title":"returns ok:false when token is empty string","duration":0.3732079999999769,"failureMessages":[],"meta":{}},{"ancestorTitles":["resetPasswordAction","(b) Zod validation"],"fullName":"resetPasswordAction (b) Zod validation returns ok:false when password is too short (< 8 chars)","status":"passed","title":"returns ok:false when password is too short (< 8 chars)","duration":0.2611660000000029,"failureMessages":[],"meta":{}},{"ancestorTitles":["resetPasswordAction","(b) Zod validation"],"fullName":"resetPasswordAction (b) Zod validation returns ok:false when password exceeds 128 chars","status":"passed","title":"returns ok:false when password exceeds 128 chars","duration":0.18520799999998871,"failureMessages":[],"meta":{}},{"ancestorTitles":["resetPasswordAction","(c) password mismatch"],"fullName":"resetPasswordAction (c) password mismatch returns ok:false when passwords do not match","status":"passed","title":"returns ok:false when passwords do not match","duration":0.11424999999996999,"failureMessages":[],"meta":{}},{"ancestorTitles":["resetPasswordAction","(d) invalid or expired token"],"fullName":"resetPasswordAction (d) invalid or expired token returns ok:false with friendly message when API throws INVALID_TOKEN","status":"passed","title":"returns ok:false with friendly message when API throws INVALID_TOKEN","duration":0.17258300000003146,"failureMessages":[],"meta":{}},{"ancestorTitles":["resetPasswordAction","(d) invalid or expired token"],"fullName":"resetPasswordAction (d) invalid or expired token returns ok:false with friendly message when API says Token not found","status":"passed","title":"returns ok:false with friendly message when API says Token not found","duration":0.143416000000002,"failureMessages":[],"meta":{}},{"ancestorTitles":["resetPasswordAction","(e) generic API error"],"fullName":"resetPasswordAction (e) generic API error returns ok:false with generic message on unexpected error","status":"passed","title":"returns ok:false with generic message on unexpected error","duration":0.11083300000007057,"failureMessages":[],"meta":{}}],"startTime":1781072019498,"endTime":1781072019502.1108,"status":"passed","message":"","name":"/Users/macanderson/oxagen-monorepo/apps/app/src/app/(auth)/reset-password/actions.test.ts"},{"assertionResults":[{"ancestorTitles":["ResetPasswordForm"],"fullName":"ResetPasswordForm renders new-password and confirm-password fields when token is provided","status":"passed","title":"renders new-password and confirm-password fields when token is provided","duration":147.92566699999998,"failureMessages":[],"meta":{}},{"ancestorTitles":["ResetPasswordForm"],"fullName":"ResetPasswordForm shows invalid-token UI when token is empty string","status":"passed","title":"shows invalid-token UI when token is empty string","duration":48.19787500000007,"failureMessages":[],"meta":{}},{"ancestorTitles":["ResetPasswordForm"],"fullName":"ResetPasswordForm shows a link back to /forgot-password in the invalid-token state","status":"passed","title":"shows a link back to /forgot-password in the invalid-token state","duration":13.824666999999863,"failureMessages":[],"meta":{}},{"ancestorTitles":["ResetPasswordForm"],"fullName":"ResetPasswordForm shows success message after action returns ok:true","status":"passed","title":"shows success message after action returns ok:true","duration":134.9541670000001,"failureMessages":[],"meta":{}},{"ancestorTitles":["ResetPasswordForm"],"fullName":"ResetPasswordForm redirects to /login after the delay on success","status":"passed","title":"redirects to /login after the delay on success","duration":123.00925000000007,"failureMessages":[],"meta":{}},{"ancestorTitles":["ResetPasswordForm"],"fullName":"ResetPasswordForm shows invalid-token UI when action returns an 'invalid or has expired' error","status":"passed","title":"shows invalid-token UI when action returns an 'invalid or has expired' error","duration":94.74625000000015,"failureMessages":[],"meta":{}},{"ancestorTitles":["ResetPasswordForm"],"fullName":"ResetPasswordForm shows the error message in the form for non-token errors","status":"passed","title":"shows the error message in the form for non-token errors","duration":23.50362499999983,"failureMessages":[],"meta":{}},{"ancestorTitles":["ResetPasswordForm"],"fullName":"ResetPasswordForm disables the submit button while submitting","status":"passed","title":"disables the submit button while submitting","duration":47.038416999999754,"failureMessages":[],"meta":{}}],"startTime":1781072022507,"endTime":1781072023141.0383,"status":"passed","message":"","name":"/Users/macanderson/oxagen-monorepo/apps/app/src/app/(auth)/reset-password/reset-password-form.test.tsx"},{"assertionResults":[{"ancestorTitles":["usePageContext"],"fullName":"usePageContext throws when used outside PageContextProvider","status":"passed","title":"throws when used outside PageContextProvider","duration":19.288291999999956,"failureMessages":[],"meta":{}},{"ancestorTitles":["usePageContext"],"fullName":"usePageContext provides default null values inside the provider","status":"passed","title":"provides default null values inside the provider","duration":1.7087910000000193,"failureMessages":[],"meta":{}},{"ancestorTitles":["usePageContext"],"fullName":"usePageContext provides ask open state (closed by default)","status":"passed","title":"provides ask open state (closed by default)","duration":0.8566249999998945,"failureMessages":[],"meta":{}},{"ancestorTitles":["usePageContext"],"fullName":"usePageContext openAsk / closeAsk toggle isAskOpen","status":"passed","title":"openAsk / closeAsk toggle isAskOpen","duration":1.6927919999998267,"failureMessages":[],"meta":{}},{"ancestorTitles":["usePageContext"],"fullName":"usePageContext openCommand / closeCommand toggle isCommandOpen","status":"passed","title":"openCommand / closeCommand toggle isCommandOpen","duration":0.995290999999952,"failureMessages":[],"meta":{}},{"ancestorTitles":["usePageContext"],"fullName":"usePageContext openWand / closeWand toggle isWandOpen","status":"passed","title":"openWand / closeWand toggle isWandOpen","duration":0.8609169999999722,"failureMessages":[],"meta":{}},{"ancestorTitles":["useRegisterPageEntity"],"fullName":"useRegisterPageEntity sets the entity on mount","status":"passed","title":"sets the entity on mount","duration":1.5479159999999865,"failureMessages":[],"meta":{}},{"ancestorTitles":["useRegisterPageEntity"],"fullName":"useRegisterPageEntity clears entity on unmount","status":"passed","title":"clears entity on unmount","duration":0.7761250000000928,"failureMessages":[],"meta":{}},{"ancestorTitles":["useRegisterPageEntity"],"fullName":"useRegisterPageEntity updates entity when props change","status":"passed","title":"updates entity when props change","duration":0.6080420000000686,"failureMessages":[],"meta":{}},{"ancestorTitles":["useRegisterFillableForm"],"fullName":"useRegisterFillableForm sets the fillable form on mount","status":"passed","title":"sets the fillable form on mount","duration":0.827583999999888,"failureMessages":[],"meta":{}},{"ancestorTitles":["useRegisterFillableForm"],"fullName":"useRegisterFillableForm clears fillable form on unmount","status":"passed","title":"clears fillable form on unmount","duration":0.4698750000000018,"failureMessages":[],"meta":{}},{"ancestorTitles":["useRegisterFillableForm"],"fullName":"useRegisterFillableForm stable apply ref — apply calls delegate to latest prop","status":"passed","title":"stable apply ref — apply calls delegate to latest prop","duration":0.6740420000000995,"failureMessages":[],"meta":{}}],"startTime":1781072022437,"endTime":1781072022467.674,"status":"passed","message":"","name":"/Users/macanderson/oxagen-monorepo/apps/app/src/lib/page-context/index.test.tsx"},{"assertionResults":[{"ancestorTitles":["deriveSuggestions — automation route"],"fullName":"deriveSuggestions — automation route returns exactly 3 prompts","status":"passed","title":"returns exactly 3 prompts","duration":0.8592909999999847,"failureMessages":[],"meta":{}},{"ancestorTitles":["deriveSuggestions — automation route"],"fullName":"deriveSuggestions — automation route prompts are automation-specific","status":"passed","title":"prompts are automation-specific","duration":0.13924999999994725,"failureMessages":[],"meta":{}},{"ancestorTitles":["deriveSuggestions — activity route"],"fullName":"deriveSuggestions — activity route returns exactly 3 prompts","status":"passed","title":"returns exactly 3 prompts","duration":0.09220799999980045,"failureMessages":[],"meta":{}},{"ancestorTitles":["deriveSuggestions — activity route"],"fullName":"deriveSuggestions — activity route prompts are activity-specific","status":"passed","title":"prompts are activity-specific","duration":0.07600000000002183,"failureMessages":[],"meta":{}},{"ancestorTitles":["deriveSuggestions — studio route"],"fullName":"deriveSuggestions — studio route returns exactly 3 prompts","status":"passed","title":"returns exactly 3 prompts","duration":0.07137499999998909,"failureMessages":[],"meta":{}},{"ancestorTitles":["deriveSuggestions — studio route"],"fullName":"deriveSuggestions — studio route prompts are studio-specific","status":"passed","title":"prompts are studio-specific","duration":0.07224999999993997,"failureMessages":[],"meta":{}},{"ancestorTitles":["deriveSuggestions — members route"],"fullName":"deriveSuggestions — members route returns exactly 3 prompts","status":"passed","title":"returns exactly 3 prompts","duration":0.07400000000006912,"failureMessages":[],"meta":{}},{"ancestorTitles":["deriveSuggestions — members route"],"fullName":"deriveSuggestions — members route prompts are members-specific","status":"passed","title":"prompts are members-specific","duration":0.055791999999883046,"failureMessages":[],"meta":{}},{"ancestorTitles":["deriveSuggestions — developer route"],"fullName":"deriveSuggestions — developer route returns exactly 3 prompts","status":"passed","title":"returns exactly 3 prompts","duration":0.07129200000008495,"failureMessages":[],"meta":{}},{"ancestorTitles":["deriveSuggestions — developer route"],"fullName":"deriveSuggestions — developer route prompts are developer-specific","status":"passed","title":"prompts are developer-specific","duration":0.06824999999980719,"failureMessages":[],"meta":{}},{"ancestorTitles":["deriveSuggestions — account route, no form, user entity"],"fullName":"deriveSuggestions — account route, no form, user entity returns exactly 3 prompts","status":"passed","title":"returns exactly 3 prompts","duration":0.07283299999994597,"failureMessages":[],"meta":{}},{"ancestorTitles":["deriveSuggestions — account route, no form, user entity"],"fullName":"deriveSuggestions — account route, no form, user entity includes account security/preferences chips","status":"passed","title":"includes account security/preferences chips","duration":0.059915999999930136,"failureMessages":[],"meta":{}},{"ancestorTitles":["deriveSuggestions — organization entity"],"fullName":"deriveSuggestions — organization entity returns org overview chip for organization entity","status":"passed","title":"returns org overview chip for organization entity","duration":0.06387500000005275,"failureMessages":[],"meta":{}},{"ancestorTitles":["deriveSuggestions — unknown entity kind"],"fullName":"deriveSuggestions — unknown entity kind uses the generic About This <kind> chip","status":"passed","title":"uses the generic About This <kind> chip","duration":0.06829199999992852,"failureMessages":[],"meta":{}},{"ancestorTitles":["deriveSuggestions — profile entity kind"],"fullName":"deriveSuggestions — profile entity kind includes profile suggestions chip","status":"passed","title":"includes profile suggestions chip","duration":0.044916000000057466,"failureMessages":[],"meta":{}},{"ancestorTitles":["useSuggestedPrompts hook"],"fullName":"useSuggestedPrompts hook returns exactly 3 prompts","status":"passed","title":"returns exactly 3 prompts","duration":5.692749999999933,"failureMessages":[],"meta":{}},{"ancestorTitles":["useSuggestedPrompts hook"],"fullName":"useSuggestedPrompts hook returns prompts with non-empty label and prompt","status":"passed","title":"returns prompts with non-empty label and prompt","duration":0.6911660000000666,"failureMessages":[],"meta":{}},{"ancestorTitles":["useSuggestedPrompts hook"],"fullName":"useSuggestedPrompts hook adapts suggestions when pathname changes (billing route)","status":"passed","title":"adapts suggestions when pathname changes (billing route)","duration":0.5314159999998083,"failureMessages":[],"meta":{}}],"startTime":1781072022400,"endTime":1781072022409.5315,"status":"passed","message":"","name":"/Users/macanderson/oxagen-monorepo/apps/app/src/lib/page-context/suggested-prompts-extended.test.tsx"},{"assertionResults":[{"ancestorTitles":["invariant: always exactly 3 SuggestedPrompts"],"fullName":"invariant: always exactly 3 SuggestedPrompts returns exactly 3 for \"settings with form + entity\"","status":"passed","title":"returns exactly 3 for \"settings with form + entity\"","duration":0.6764579999999114,"failureMessages":[],"meta":{}},{"ancestorTitles":["invariant: always exactly 3 SuggestedPrompts"],"fullName":"invariant: always exactly 3 SuggestedPrompts all items have non-empty label and prompt for \"settings with form + entity\"","status":"passed","title":"all items have non-empty label and prompt for \"settings with form + entity\"","duration":0.16125000000010914,"failureMessages":[],"meta":{}},{"ancestorTitles":["invariant: always exactly 3 SuggestedPrompts"],"fullName":"invariant: always exactly 3 SuggestedPrompts returns exactly 3 for \"billing no entity no form\"","status":"passed","title":"returns exactly 3 for \"billing no entity no form\"","duration":0.0887910000001284,"failureMessages":[],"meta":{}},{"ancestorTitles":["invariant: always exactly 3 SuggestedPrompts"],"fullName":"invariant: always exactly 3 SuggestedPrompts all items have non-empty label and prompt for \"billing no entity no form\"","status":"passed","title":"all items have non-empty label and prompt for \"billing no entity no form\"","duration":0.08550000000013824,"failureMessages":[],"meta":{}},{"ancestorTitles":["invariant: always exactly 3 SuggestedPrompts"],"fullName":"invariant: always exactly 3 SuggestedPrompts returns exactly 3 for \"conversation with ws entity\"","status":"passed","title":"returns exactly 3 for \"conversation with ws entity\"","duration":0.06670799999983501,"failureMessages":[],"meta":{}},{"ancestorTitles":["invariant: always exactly 3 SuggestedPrompts"],"fullName":"invariant: always exactly 3 SuggestedPrompts all items have non-empty label and prompt for \"conversation with ws entity\"","status":"passed","title":"all items have non-empty label and prompt for \"conversation with ws entity\"","duration":0.11070799999970404,"failureMessages":[],"meta":{}},{"ancestorTitles":["invariant: always exactly 3 SuggestedPrompts"],"fullName":"invariant: always exactly 3 SuggestedPrompts returns exactly 3 for \"default no entity no form\"","status":"passed","title":"returns exactly 3 for \"default no entity no form\"","duration":0.06754200000023047,"failureMessages":[],"meta":{}},{"ancestorTitles":["invariant: always exactly 3 SuggestedPrompts"],"fullName":"invariant: always exactly 3 SuggestedPrompts all items have non-empty label and prompt for \"default no entity no form\"","status":"passed","title":"all items have non-empty label and prompt for \"default no entity no form\"","duration":0.07349999999996726,"failureMessages":[],"meta":{}},{"ancestorTitles":["invariant: always exactly 3 SuggestedPrompts"],"fullName":"invariant: always exactly 3 SuggestedPrompts returns exactly 3 for \"account with user entity + form\"","status":"passed","title":"returns exactly 3 for \"account with user entity + form\"","duration":0.22212499999977808,"failureMessages":[],"meta":{}},{"ancestorTitles":["invariant: always exactly 3 SuggestedPrompts"],"fullName":"invariant: always exactly 3 SuggestedPrompts all items have non-empty label and prompt for \"account with user entity + form\"","status":"passed","title":"all items have non-empty label and prompt for \"account with user entity + form\"","duration":0.08812499999976353,"failureMessages":[],"meta":{}},{"ancestorTitles":["invariant: always exactly 3 SuggestedPrompts"],"fullName":"invariant: always exactly 3 SuggestedPrompts returns exactly 3 for \"knowledge no extras\"","status":"passed","title":"returns exactly 3 for \"knowledge no extras\"","duration":0.07108300000027157,"failureMessages":[],"meta":{}},{"ancestorTitles":["invariant: always exactly 3 SuggestedPrompts"],"fullName":"invariant: always exactly 3 SuggestedPrompts all items have non-empty label and prompt for \"knowledge no extras\"","status":"passed","title":"all items have non-empty label and prompt for \"knowledge no extras\"","duration":0.06833300000016607,"failureMessages":[],"meta":{}},{"ancestorTitles":["A: settings route with fillable form"],"fullName":"A: settings route with fillable form slot 0 is the fill chip when a form is registered","status":"passed","title":"slot 0 is the fill chip when a form is registered","duration":0.08195800000021336,"failureMessages":[],"meta":{}},{"ancestorTitles":["A: settings route with fillable form"],"fullName":"A: settings route with fillable form slot 1 is the entity chip for a workspace entity","status":"passed","title":"slot 1 is the entity chip for a workspace entity","duration":0.05412500000011278,"failureMessages":[],"meta":{}},{"ancestorTitles":["A: settings route with fillable form"],"fullName":"A: settings route with fillable form slot 2 is a settings-specific chip","status":"passed","title":"slot 2 is a settings-specific chip","duration":0.043457999999645835,"failureMessages":[],"meta":{}},{"ancestorTitles":["B: billing route, no entity, no form"],"fullName":"B: billing route, no entity, no form prompts are billing-specific","status":"passed","title":"prompts are billing-specific","duration":0.07524999999986903,"failureMessages":[],"meta":{}},{"ancestorTitles":["B: billing route, no entity, no form"],"fullName":"B: billing route, no entity, no form no fill chip (no form registered)","status":"passed","title":"no fill chip (no form registered)","duration":0.047541999999793916,"failureMessages":[],"meta":{}},{"ancestorTitles":["C: conversation route with workspace entity"],"fullName":"C: conversation route with workspace entity entity chip references workspace label","status":"passed","title":"entity chip references workspace label","duration":0.03804200000013225,"failureMessages":[],"meta":{}},{"ancestorTitles":["C: conversation route with workspace entity"],"fullName":"C: conversation route with workspace entity conversation chips reference conversation context","status":"passed","title":"conversation chips reference conversation context","duration":0.038624999999683496,"failureMessages":[],"meta":{}},{"ancestorTitles":["D: default route, no entity, no form"],"fullName":"D: default route, no entity, no form provides 3 generic orientation chips","status":"passed","title":"provides 3 generic orientation chips","duration":0.0500000000001819,"failureMessages":[],"meta":{}},{"ancestorTitles":["D: default route, no entity, no form"],"fullName":"D: default route, no entity, no form at least one chip mentions orientation or dashboard","status":"passed","title":"at least one chip mentions orientation or dashboard","duration":0.05670800000007148,"failureMessages":[],"meta":{}},{"ancestorTitles":["E: account route with user entity + form"],"fullName":"E: account route with user entity + form fill chip is slot 0","status":"passed","title":"fill chip is slot 0","duration":0.0571669999999358,"failureMessages":[],"meta":{}},{"ancestorTitles":["E: account route with user entity + form"],"fullName":"E: account route with user entity + form entity chip references profile / user context","status":"passed","title":"entity chip references profile / user context","duration":0.057458000000224274,"failureMessages":[],"meta":{}},{"ancestorTitles":["F: knowledge route"],"fullName":"F: knowledge route prompts are knowledge-specific","status":"passed","title":"prompts are knowledge-specific","duration":0.04983399999991889,"failureMessages":[],"meta":{}},{"ancestorTitles":["classifyRoute"],"fullName":"classifyRoute classifies \"/acme/billing/invoices\" as \"billing\"","status":"passed","title":"classifies \"/acme/billing/invoices\" as \"billing\"","duration":0.09270900000001348,"failureMessages":[],"meta":{}},{"ancestorTitles":["classifyRoute"],"fullName":"classifyRoute classifies \"/acme/prod/settings/general\" as \"settings\"","status":"passed","title":"classifies \"/acme/prod/settings/general\" as \"settings\"","duration":0.03774999999995998,"failureMessages":[],"meta":{}},{"ancestorTitles":["classifyRoute"],"fullName":"classifyRoute classifies \"/acme/prod/ask\" as \"conversation\"","status":"passed","title":"classifies \"/acme/prod/ask\" as \"conversation\"","duration":0.02758300000004965,"failureMessages":[],"meta":{}},{"ancestorTitles":["classifyRoute"],"fullName":"classifyRoute classifies \"/acme/prod/chat\" as \"conversation\"","status":"passed","title":"classifies \"/acme/prod/chat\" as \"conversation\"","duration":0.08366699999987759,"failureMessages":[],"meta":{}},{"ancestorTitles":["classifyRoute"],"fullName":"classifyRoute classifies \"/acme/prod/knowledge/sources\" as \"knowledge\"","status":"passed","title":"classifies \"/acme/prod/knowledge/sources\" as \"knowledge\"","duration":0.03866700000025958,"failureMessages":[],"meta":{}},{"ancestorTitles":["classifyRoute"],"fullName":"classifyRoute classifies \"/acme/prod/automation/agents\" as \"automation\"","status":"passed","title":"classifies \"/acme/prod/automation/agents\" as \"automation\"","duration":0.026250000000345608,"failureMessages":[],"meta":{}},{"ancestorTitles":["classifyRoute"],"fullName":"classifyRoute classifies \"/acme/prod/activity/runs\" as \"activity\"","status":"passed","title":"classifies \"/acme/prod/activity/runs\" as \"activity\"","duration":0.02366699999993216,"failureMessages":[],"meta":{}},{"ancestorTitles":["classifyRoute"],"fullName":"classifyRoute classifies \"/acme/prod/tools/studio/compose\" as \"studio\"","status":"passed","title":"classifies \"/acme/prod/tools/studio/compose\" as \"studio\"","duration":0.026917000000139524,"failureMessages":[],"meta":{}},{"ancestorTitles":["classifyRoute"],"fullName":"classifyRoute classifies \"/account/profile\" as \"account\"","status":"passed","title":"classifies \"/account/profile\" as \"account\"","duration":0.024957999999969616,"failureMessages":[],"meta":{}},{"ancestorTitles":["classifyRoute"],"fullName":"classifyRoute classifies \"/acme/members\" as \"members\"","status":"passed","title":"classifies \"/acme/members\" as \"members\"","duration":0.025416999999833934,"failureMessages":[],"meta":{}},{"ancestorTitles":["classifyRoute"],"fullName":"classifyRoute classifies \"/acme/developer/mcp\" as \"developer\"","status":"passed","title":"classifies \"/acme/developer/mcp\" as \"developer\"","duration":0.021666000000095664,"failureMessages":[],"meta":{}},{"ancestorTitles":["classifyRoute"],"fullName":"classifyRoute classifies \"/acme/prod\" as \"default\"","status":"passed","title":"classifies \"/acme/prod\" as \"default\"","duration":0.02083299999958399,"failureMessages":[],"meta":{}},{"ancestorTitles":["classifyRoute"],"fullName":"classifyRoute classifies \"/\" as \"default\"","status":"passed","title":"classifies \"/\" as \"default\"","duration":0.027624999999716238,"failureMessages":[],"meta":{}},{"ancestorTitles":["no duplicate prompts across slots"],"fullName":"no duplicate prompts across slots no duplicate prompt text for \"/acme/prod/settings/general\"","status":"passed","title":"no duplicate prompt text for \"/acme/prod/settings/general\"","duration":0.0472500000000764,"failureMessages":[],"meta":{}},{"ancestorTitles":["no duplicate prompts across slots"],"fullName":"no duplicate prompts across slots no duplicate prompt text for \"/acme/billing\"","status":"passed","title":"no duplicate prompt text for \"/acme/billing\"","duration":0.025542000000314147,"failureMessages":[],"meta":{}},{"ancestorTitles":["no duplicate prompts across slots"],"fullName":"no duplicate prompts across slots no duplicate prompt text for \"/acme/prod/ask\"","status":"passed","title":"no duplicate prompt text for \"/acme/prod/ask\"","duration":0.027999999999792635,"failureMessages":[],"meta":{}},{"ancestorTitles":["no duplicate prompts across slots"],"fullName":"no duplicate prompts across slots no duplicate prompt text for \"/account/profile\"","status":"passed","title":"no duplicate prompt text for \"/account/profile\"","duration":0.03695900000002439,"failureMessages":[],"meta":{}},{"ancestorTitles":["no duplicate prompts across slots"],"fullName":"no duplicate prompts across slots no duplicate prompt text for \"/acme/prod/knowledge\"","status":"passed","title":"no duplicate prompt text for \"/acme/prod/knowledge\"","duration":0.023083000000042375,"failureMessages":[],"meta":{}},{"ancestorTitles":["no duplicate prompts across slots"],"fullName":"no duplicate prompts across slots no duplicate prompt text for \"/acme/prod\"","status":"passed","title":"no duplicate prompt text for \"/acme/prod\"","duration":0.02654099999972459,"failureMessages":[],"meta":{}}],"startTime":1781072016870,"endTime":1781072016873.0928,"status":"passed","message":"","name":"/Users/macanderson/oxagen-monorepo/apps/app/src/lib/page-context/suggested-prompts.test.ts"},{"assertionResults":[{"ancestorTitles":["createOrgAction"],"fullName":"createOrgAction returns ok:true with orgSlug and workspaceSlug on valid input","status":"passed","title":"returns ok:true with orgSlug and workspaceSlug on valid input","duration":2.2525419999992664,"failureMessages":[],"meta":{}},{"ancestorTitles":["createOrgAction"],"fullName":"createOrgAction calls withSystemDb once for the transaction","status":"passed","title":"calls withSystemDb once for the transaction","duration":0.38162499999998545,"failureMessages":[],"meta":{}},{"ancestorTitles":["createOrgAction"],"fullName":"createOrgAction calls grantFreeCredits after a successful org creation","status":"passed","title":"calls grantFreeCredits after a successful org creation","duration":0.6580000000003565,"failureMessages":[],"meta":{}},{"ancestorTitles":["createOrgAction"],"fullName":"createOrgAction works with type=personal (no business fields required)","status":"passed","title":"works with type=personal (no business fields required)","duration":0.18516699999963748,"failureMessages":[],"meta":{}},{"ancestorTitles":["createOrgAction"],"fullName":"createOrgAction returns ok:false when name is empty","status":"passed","title":"returns ok:false when name is empty","duration":0.22295800000028976,"failureMessages":[],"meta":{}},{"ancestorTitles":["createOrgAction"],"fullName":"createOrgAction returns ok:false when slug is shorter than 2 chars","status":"passed","title":"returns ok:false when slug is shorter than 2 chars","duration":0.4825829999999769,"failureMessages":[],"meta":{}},{"ancestorTitles":["createOrgAction"],"fullName":"createOrgAction returns ok:false when slug has invalid characters (uppercase)","status":"passed","title":"returns ok:false when slug has invalid characters (uppercase)","duration":0.17016700000021956,"failureMessages":[],"meta":{}},{"ancestorTitles":["createOrgAction"],"fullName":"createOrgAction returns ok:false when type is not personal or business","status":"passed","title":"returns ok:false when type is not personal or business","duration":0.17045799999959854,"failureMessages":[],"meta":{}},{"ancestorTitles":["createOrgAction"],"fullName":"createOrgAction returns ok:false with friendly message on slug conflict (23505)","status":"passed","title":"returns ok:false with friendly message on slug conflict (23505)","duration":0.2229170000000522,"failureMessages":[],"meta":{}},{"ancestorTitles":["createOrgAction"],"fullName":"createOrgAction returns ok:false with error message on generic DB error","status":"passed","title":"returns ok:false with error message on generic DB error","duration":0.15429200000016863,"failureMessages":[],"meta":{}},{"ancestorTitles":["createOrgAction"],"fullName":"createOrgAction still returns ok:true when grantFreeCredits throws (non-fatal)","status":"passed","title":"still returns ok:true when grantFreeCredits throws (non-fatal)","duration":4.050999999999476,"failureMessages":[],"meta":{}},{"ancestorTitles":["createOrgAction"],"fullName":"createOrgAction keeps an owned blob URL without re-ingesting it","status":"passed","title":"keeps an owned blob URL without re-ingesting it","duration":0.27462500000001455,"failureMessages":[],"meta":{}},{"ancestorTitles":["createOrgAction"],"fullName":"createOrgAction ingests a trusted OAuth image URL via ingestImageFromUrl","status":"passed","title":"ingests a trusted OAuth image URL via ingestImageFromUrl","duration":0.7787500000004002,"failureMessages":[],"meta":{}},{"ancestorTitles":["createOrgAction"],"fullName":"createOrgAction drops an arbitrary user-supplied URL that is not ingestible","status":"passed","title":"drops an arbitrary user-supplied URL that is not ingestible","duration":0.13324999999986176,"failureMessages":[],"meta":{}},{"ancestorTitles":["createOrgAction"],"fullName":"createOrgAction handles empty avatarUrl (no URL processing attempted)","status":"passed","title":"handles empty avatarUrl (no URL processing attempted)","duration":0.2342079999998532,"failureMessages":[],"meta":{}},{"ancestorTitles":["createOrgAction"],"fullName":"createOrgAction inserts billing profile when billing email is provided","status":"passed","title":"inserts billing profile when billing email is provided","duration":0.2042089999995369,"failureMessages":[],"meta":{}},{"ancestorTitles":["createOrgAction"],"fullName":"createOrgAction inserts billing profile with full address when all address fields present","status":"passed","title":"inserts billing profile with full address when all address fields present","duration":0.16845800000010058,"failureMessages":[],"meta":{}}],"startTime":1781072019728,"endTime":1781072019738.2341,"status":"passed","message":"","name":"/Users/macanderson/oxagen-monorepo/apps/app/src/app/(onboarding)/new-organization/actions.test.ts"},{"assertionResults":[{"ancestorTitles":["revokeOwnSessionAction"],"fullName":"revokeOwnSessionAction happy path: successfully deletes another session and emits audit event","status":"passed","title":"happy path: successfully deletes another session and emits audit event","duration":2.066915999999992,"failureMessages":[],"meta":{}},{"ancestorTitles":["revokeOwnSessionAction"],"fullName":"revokeOwnSessionAction self-session guard: returns self_session when revoking the current session","status":"passed","title":"self-session guard: returns self_session when revoking the current session","duration":0.19204199999990124,"failureMessages":[],"meta":{}},{"ancestorTitles":["revokeOwnSessionAction"],"fullName":"revokeOwnSessionAction not_found: returns not_found when the session does not belong to the user","status":"passed","title":"not_found: returns not_found when the session does not belong to the user","duration":0.15362500000014734,"failureMessages":[],"meta":{}},{"ancestorTitles":["revokeOwnSessionAction"],"fullName":"revokeOwnSessionAction validation_error: returns validation_error for empty sessionId","status":"passed","title":"validation_error: returns validation_error for empty sessionId","duration":0.24333400000000438,"failureMessages":[],"meta":{}},{"ancestorTitles":["revokeOwnSessionAction"],"fullName":"revokeOwnSessionAction internal: returns internal error when the DB throws","status":"passed","title":"internal: returns internal error when the DB throws","duration":1.2948340000000371,"failureMessages":[],"meta":{}},{"ancestorTitles":["revokeOwnSessionAction"],"fullName":"revokeOwnSessionAction works when session.session is undefined (no current session id to guard against)","status":"passed","title":"works when session.session is undefined (no current session id to guard against)","duration":0.20612499999992906,"failureMessages":[],"meta":{}}],"startTime":1781072020682,"endTime":1781072020686.295,"status":"passed","message":"","name":"/Users/macanderson/oxagen-monorepo/apps/app/src/app/account/security/actions.test.ts"},{"assertionResults":[{"ancestorTitles":["updatePreferencesAction"],"fullName":"updatePreferencesAction returns ok:true on valid input","status":"passed","title":"returns ok:true on valid input","duration":7.5194589999999835,"failureMessages":[],"meta":{}},{"ancestorTitles":["updatePreferencesAction"],"fullName":"updatePreferencesAction calls invoke with the correct capability and data","status":"passed","title":"calls invoke with the correct capability and data","duration":4.782541999999921,"failureMessages":[],"meta":{}},{"ancestorTitles":["updatePreferencesAction"],"fullName":"updatePreferencesAction sets pref-font-size and pref-density cookies after success","status":"passed","title":"sets pref-font-size and pref-density cookies after success","duration":0.3989169999999831,"failureMessages":[],"meta":{}},{"ancestorTitles":["updatePreferencesAction"],"fullName":"updatePreferencesAction calls revalidatePath for /account/preferences and /account","status":"passed","title":"calls revalidatePath for /account/preferences and /account","duration":0.14329099999997652,"failureMessages":[],"meta":{}},{"ancestorTitles":["updatePreferencesAction"],"fullName":"updatePreferencesAction works with small/compact/interrupt/precise combinations","status":"passed","title":"works with small/compact/interrupt/precise combinations","duration":0.09829200000001492,"failureMessages":[],"meta":{}},{"ancestorTitles":["updatePreferencesAction"],"fullName":"updatePreferencesAction works with all nullable model fields set to null","status":"passed","title":"works with all nullable model fields set to null","duration":0.1432079999999587,"failureMessages":[],"meta":{}},{"ancestorTitles":["updatePreferencesAction"],"fullName":"updatePreferencesAction returns ok:false when fontSize is an invalid enum value","status":"passed","title":"returns ok:false when fontSize is an invalid enum value","duration":2.1193339999999807,"failureMessages":[],"meta":{}},{"ancestorTitles":["updatePreferencesAction"],"fullName":"updatePreferencesAction returns ok:false when density is an invalid enum value","status":"passed","title":"returns ok:false when density is an invalid enum value","duration":0.14362499999992906,"failureMessages":[],"meta":{}},{"ancestorTitles":["updatePreferencesAction"],"fullName":"updatePreferencesAction returns ok:false when pendingPromptBehavior is invalid","status":"passed","title":"returns ok:false when pendingPromptBehavior is invalid","duration":0.5094169999999849,"failureMessages":[],"meta":{}},{"ancestorTitles":["updatePreferencesAction"],"fullName":"updatePreferencesAction returns ok:false when defaultTextTier is an invalid enum value","status":"passed","title":"returns ok:false when defaultTextTier is an invalid enum value","duration":0.9068750000000136,"failureMessages":[],"meta":{}},{"ancestorTitles":["updatePreferencesAction"],"fullName":"updatePreferencesAction returns ok:false with friendly message when invoke throws","status":"passed","title":"returns ok:false with friendly message when invoke throws","duration":0.5212909999999056,"failureMessages":[],"meta":{}},{"ancestorTitles":["updatePreferencesAction"],"fullName":"updatePreferencesAction returns ok:false with friendly message on any invoke error","status":"passed","title":"returns ok:false with friendly message on any invoke error","duration":0.24737500000003365,"failureMessages":[],"meta":{}}],"startTime":1781072017733,"endTime":1781072017751.2473,"status":"passed","message":"","name":"/Users/macanderson/oxagen-monorepo/apps/app/src/app/account/preferences/preferences-action.test.ts"},{"assertionResults":[{"ancestorTitles":["PreferencesForm"],"fullName":"PreferencesForm renders the Appearance section heading","status":"passed","title":"renders the Appearance section heading","duration":19.789332999999942,"failureMessages":[],"meta":{}},{"ancestorTitles":["PreferencesForm"],"fullName":"PreferencesForm renders the Save preferences button","status":"passed","title":"renders the Save preferences button","duration":129.66833300000008,"failureMessages":[],"meta":{}},{"ancestorTitles":["PreferencesForm"],"fullName":"PreferencesForm renders the form with aria-label","status":"passed","title":"renders the form with aria-label","duration":3.6545410000001084,"failureMessages":[],"meta":{}},{"ancestorTitles":["PreferencesForm"],"fullName":"PreferencesForm renders the model defaults section","status":"passed","title":"renders the model defaults section","duration":2.0377500000001874,"failureMessages":[],"meta":{}},{"ancestorTitles":["PreferencesForm"],"fullName":"PreferencesForm calls updatePreferencesAction with current state on submit","status":"passed","title":"calls updatePreferencesAction with current state on submit","duration":7.501083000000108,"failureMessages":[],"meta":{}},{"ancestorTitles":["PreferencesForm"],"fullName":"PreferencesForm shows a success toast on ok:true response","status":"passed","title":"shows a success toast on ok:true response","duration":70.72225000000003,"failureMessages":[],"meta":{}},{"ancestorTitles":["PreferencesForm"],"fullName":"PreferencesForm shows 'Saved' status text after successful save","status":"passed","title":"shows 'Saved' status text after successful save","duration":19.798291999999947,"failureMessages":[],"meta":{}},{"ancestorTitles":["PreferencesForm"],"fullName":"PreferencesForm carries changed model defaults into the action call","status":"passed","title":"carries changed model defaults into the action call","duration":113.39041700000007,"failureMessages":[],"meta":{}},{"ancestorTitles":["PreferencesForm"],"fullName":"PreferencesForm shows an error toast when action returns ok:false","status":"passed","title":"shows an error toast when action returns ok:false","duration":44.161834,"failureMessages":[],"meta":{}},{"ancestorTitles":["PreferencesForm"],"fullName":"PreferencesForm disables the save button while saving","status":"passed","title":"disables the save button while saving","duration":68.53395900000032,"failureMessages":[],"meta":{}}],"startTime":1781072022515,"endTime":1781072022994.534,"status":"passed","message":"","name":"/Users/macanderson/oxagen-monorepo/apps/app/src/app/account/preferences/preferences-form.test.tsx"},{"assertionResults":[{"ancestorTitles":["updateProfileAction"],"fullName":"updateProfileAction returns ok:true on valid displayName","status":"passed","title":"returns ok:true on valid displayName","duration":2.565207999999984,"failureMessages":[],"meta":{}},{"ancestorTitles":["updateProfileAction"],"fullName":"updateProfileAction calls withSystemDb with an update","status":"passed","title":"calls withSystemDb with an update","duration":0.2139999999999418,"failureMessages":[],"meta":{}},{"ancestorTitles":["updateProfileAction"],"fullName":"updateProfileAction calls revalidatePath for /account/profile on success","status":"passed","title":"calls revalidatePath for /account/profile on success","duration":0.5904169999994338,"failureMessages":[],"meta":{}},{"ancestorTitles":["updateProfileAction"],"fullName":"updateProfileAction passes displayName trimmed to the update","status":"passed","title":"passes displayName trimmed to the update","duration":0.1494169999996302,"failureMessages":[],"meta":{}},{"ancestorTitles":["updateProfileAction"],"fullName":"updateProfileAction maps empty avatarUrl string to null in the DB update","status":"passed","title":"maps empty avatarUrl string to null in the DB update","duration":0.3951250000000073,"failureMessages":[],"meta":{}},{"ancestorTitles":["updateProfileAction"],"fullName":"updateProfileAction preserves a valid https avatarUrl","status":"passed","title":"preserves a valid https avatarUrl","duration":0.18358399999942776,"failureMessages":[],"meta":{}},{"ancestorTitles":["updateProfileAction"],"fullName":"updateProfileAction returns ok:false when displayName is empty string","status":"passed","title":"returns ok:false when displayName is empty string","duration":0.24675000000024738,"failureMessages":[],"meta":{}},{"ancestorTitles":["updateProfileAction"],"fullName":"updateProfileAction trims whitespace and stores empty string when displayName is blank (passes schema, trimmed in output)","status":"passed","title":"trims whitespace and stores empty string when displayName is blank (passes schema, trimmed in output)","duration":0.2375000000001819,"failureMessages":[],"meta":{}},{"ancestorTitles":["updateProfileAction"],"fullName":"updateProfileAction returns ok:false when displayName exceeds 120 chars","status":"passed","title":"returns ok:false when displayName exceeds 120 chars","duration":0.17108300000018062,"failureMessages":[],"meta":{}},{"ancestorTitles":["updateProfileAction"],"fullName":"updateProfileAction returns ok:false when avatarUrl is an invalid URL","status":"passed","title":"returns ok:false when avatarUrl is an invalid URL","duration":0.18433299999924202,"failureMessages":[],"meta":{}},{"ancestorTitles":["updateProfileAction"],"fullName":"updateProfileAction returns ok:false when avatarUrl exceeds 2048 chars","status":"passed","title":"returns ok:false when avatarUrl exceeds 2048 chars","duration":0.13058299999920564,"failureMessages":[],"meta":{}},{"ancestorTitles":["updateProfileAction"],"fullName":"updateProfileAction propagates DB errors (withSystemDb throws)","status":"passed","title":"propagates DB errors (withSystemDb throws)","duration":0.8602499999997235,"failureMessages":[],"meta":{}}],"startTime":1781072018932,"endTime":1781072018938.8604,"status":"passed","message":"","name":"/Users/macanderson/oxagen-monorepo/apps/app/src/app/account/profile/profile-action.test.ts"},{"assertionResults":[{"ancestorTitles":["ProfileForm"],"fullName":"ProfileForm renders the email as a read-only input","status":"passed","title":"renders the email as a read-only input","duration":24.163708000000042,"failureMessages":[],"meta":{}},{"ancestorTitles":["ProfileForm"],"fullName":"ProfileForm renders the displayName field pre-populated with the initial value","status":"passed","title":"renders the displayName field pre-populated with the initial value","duration":2.1197919999999613,"failureMessages":[],"meta":{}},{"ancestorTitles":["ProfileForm"],"fullName":"ProfileForm renders the Save changes button","status":"passed","title":"renders the Save changes button","duration":114.56716600000004,"failureMessages":[],"meta":{}},{"ancestorTitles":["ProfileForm"],"fullName":"ProfileForm renders the ConnectedAccounts component","status":"passed","title":"renders the ConnectedAccounts component","duration":1.8439999999998236,"failureMessages":[],"meta":{}},{"ancestorTitles":["ProfileForm"],"fullName":"ProfileForm does NOT render SetPasswordForm when hasPassword is true","status":"passed","title":"does NOT render SetPasswordForm when hasPassword is true","duration":34.33912499999997,"failureMessages":[],"meta":{}},{"ancestorTitles":["ProfileForm"],"fullName":"ProfileForm renders SetPasswordForm when hasPassword is false","status":"passed","title":"renders SetPasswordForm when hasPassword is false","duration":1.746874999999818,"failureMessages":[],"meta":{}},{"ancestorTitles":["ProfileForm"],"fullName":"ProfileForm calls updateProfileAction with displayName and avatarUrl on submit","status":"passed","title":"calls updateProfileAction with displayName and avatarUrl on submit","duration":83.92920800000002,"failureMessages":[],"meta":{}},{"ancestorTitles":["ProfileForm"],"fullName":"ProfileForm shows Saved status text after successful save","status":"passed","title":"shows Saved status text after successful save","duration":14.137500000000045,"failureMessages":[],"meta":{}},{"ancestorTitles":["ProfileForm"],"fullName":"ProfileForm shows error message when action returns ok:false","status":"passed","title":"shows error message when action returns ok:false","duration":112.06000000000017,"failureMessages":[],"meta":{}},{"ancestorTitles":["ProfileForm"],"fullName":"ProfileForm disables the save button while saving","status":"passed","title":"disables the save button while saving","duration":84.36795900000016,"failureMessages":[],"meta":{}}],"startTime":1781072022469,"endTime":1781072022942.368,"status":"passed","message":"","name":"/Users/macanderson/oxagen-monorepo/apps/app/src/app/account/profile/profile-form.test.tsx"},{"assertionResults":[{"ancestorTitles":["fetchConnectedAccountsState"],"fullName":"fetchConnectedAccountsState 2 socials + no pw: count = 2, hasPassword = false, both removable","status":"passed","title":"2 socials + no pw: count = 2, hasPassword = false, both removable","duration":0.6412919999997939,"failureMessages":[],"meta":{}},{"ancestorTitles":["fetchConnectedAccountsState"],"fullName":"fetchConnectedAccountsState 1 social + no pw: count = 1, hasPassword = false, not removable","status":"passed","title":"1 social + no pw: count = 1, hasPassword = false, not removable","duration":0.11875000000009095,"failureMessages":[],"meta":{}},{"ancestorTitles":["fetchConnectedAccountsState"],"fullName":"fetchConnectedAccountsState 1 social + pw: count = 2, both removable","status":"passed","title":"1 social + pw: count = 2, both removable","duration":0.08554199999980483,"failureMessages":[],"meta":{}},{"ancestorTitles":["fetchConnectedAccountsState"],"fullName":"fetchConnectedAccountsState 0 social + pw only: count = 1, hasPassword = true","status":"passed","title":"0 social + pw only: count = 1, hasPassword = true","duration":0.07470800000010058,"failureMessages":[],"meta":{}},{"ancestorTitles":["fetchConnectedAccountsState"],"fullName":"fetchConnectedAccountsState includes all accounts in the returned accounts array","status":"passed","title":"includes all accounts in the returned accounts array","duration":0.38641599999982645,"failureMessages":[],"meta":{}},{"ancestorTitles":["fetchConnectedAccountsState"],"fullName":"fetchConnectedAccountsState handles empty account list: count = 0, hasPassword = false","status":"passed","title":"handles empty account list: count = 0, hasPassword = false","duration":0.27920799999992596,"failureMessages":[],"meta":{}},{"ancestorTitles":["setPasswordAction"],"fullName":"setPasswordAction returns ok:true when setPassword succeeds","status":"passed","title":"returns ok:true when setPassword succeeds","duration":3.154167000000143,"failureMessages":[],"meta":{}},{"ancestorTitles":["setPasswordAction"],"fullName":"setPasswordAction returns ok:false when passwords do not match (client-side guard)","status":"passed","title":"returns ok:false when passwords do not match (client-side guard)","duration":0.17770900000004985,"failureMessages":[],"meta":{}},{"ancestorTitles":["setPasswordAction"],"fullName":"setPasswordAction returns ok:false when password is too short (zod validation)","status":"passed","title":"returns ok:false when password is too short (zod validation)","duration":0.2636250000000473,"failureMessages":[],"meta":{}},{"ancestorTitles":["setPasswordAction"],"fullName":"setPasswordAction returns ok:false with friendly message when password already set","status":"passed","title":"returns ok:false with friendly message when password already set","duration":0.15462499999966894,"failureMessages":[],"meta":{}},{"ancestorTitles":["setPasswordAction"],"fullName":"setPasswordAction returns ok:false with generic message on unexpected error","status":"passed","title":"returns ok:false with generic message on unexpected error","duration":0.10391600000002654,"failureMessages":[],"meta":{}},{"ancestorTitles":["unlinkAccountAction"],"fullName":"unlinkAccountAction returns ok:true when unlink succeeds (2 methods available)","status":"passed","title":"returns ok:true when unlink succeeds (2 methods available)","duration":0.16920800000025338,"failureMessages":[],"meta":{}},{"ancestorTitles":["unlinkAccountAction"],"fullName":"unlinkAccountAction blocks unlink and returns ok:false when only 1 sign-in method (1 social, no pw)","status":"passed","title":"blocks unlink and returns ok:false when only 1 sign-in method (1 social, no pw)","duration":0.09466599999996106,"failureMessages":[],"meta":{}},{"ancestorTitles":["unlinkAccountAction"],"fullName":"unlinkAccountAction allows unlink of social when password also exists (count = 2)","status":"passed","title":"allows unlink of social when password also exists (count = 2)","duration":0.08099999999967622,"failureMessages":[],"meta":{}},{"ancestorTitles":["unlinkAccountAction"],"fullName":"unlinkAccountAction passes accountId through to the API when provided","status":"passed","title":"passes accountId through to the API when provided","duration":0.16733400000020993,"failureMessages":[],"meta":{}},{"ancestorTitles":["unlinkAccountAction"],"fullName":"unlinkAccountAction returns ok:false with friendly message when API throws FAILED_TO_UNLINK_LAST_ACCOUNT","status":"passed","title":"returns ok:false with friendly message when API throws FAILED_TO_UNLINK_LAST_ACCOUNT","duration":0.10070799999994051,"failureMessages":[],"meta":{}},{"ancestorTitles":["unlinkAccountAction"],"fullName":"unlinkAccountAction returns ok:false on generic API error","status":"passed","title":"returns ok:false on generic API error","duration":0.07212499999968713,"failureMessages":[],"meta":{}},{"ancestorTitles":["unlinkAccountAction"],"fullName":"unlinkAccountAction returns ok:false with 'Account not found' on ACCOUNT_NOT_FOUND error","status":"passed","title":"returns ok:false with 'Account not found' on ACCOUNT_NOT_FOUND error","duration":0.06500000000005457,"failureMessages":[],"meta":{}},{"ancestorTitles":["unlinkAccountAction"],"fullName":"unlinkAccountAction returns ok:false validation_error when providerId is empty string","status":"passed","title":"returns ok:false validation_error when providerId is empty string","duration":0.15541600000005928,"failureMessages":[],"meta":{}},{"ancestorTitles":["setPasswordAction — additional error branches"],"fullName":"setPasswordAction — additional error branches returns ok:false with min-length message when API throws PASSWORD_TOO_SHORT","status":"passed","title":"returns ok:false with min-length message when API throws PASSWORD_TOO_SHORT","duration":0.07783299999982773,"failureMessages":[],"meta":{}},{"ancestorTitles":["setPasswordAction — additional error branches"],"fullName":"setPasswordAction — additional error branches returns ok:false with max-length message when API throws PASSWORD_TOO_LONG","status":"passed","title":"returns ok:false with max-length message when API throws PASSWORD_TOO_LONG","duration":0.06491699999969569,"failureMessages":[],"meta":{}}],"startTime":1781072016697,"endTime":1781072016704.1672,"status":"passed","message":"","name":"/Users/macanderson/oxagen-monorepo/apps/app/src/app/account/profile/security-action.test.ts"},{"assertionResults":[{"ancestorTitles":["SetPasswordForm"],"fullName":"SetPasswordForm renders new-password and confirm-password inputs and a set-password button","status":"passed","title":"renders new-password and confirm-password inputs and a set-password button","duration":136.73320799999988,"failureMessages":[],"meta":{}},{"ancestorTitles":["SetPasswordForm"],"fullName":"SetPasswordForm password inputs are of type=password","status":"passed","title":"password inputs are of type=password","duration":2.5337090000000444,"failureMessages":[],"meta":{}},{"ancestorTitles":["SetPasswordForm"],"fullName":"SetPasswordForm submit button is disabled when both fields are empty","status":"passed","title":"submit button is disabled when both fields are empty","duration":4.074708000000101,"failureMessages":[],"meta":{}},{"ancestorTitles":["SetPasswordForm"],"fullName":"SetPasswordForm submit button is disabled when only newPassword is filled","status":"passed","title":"submit button is disabled when only newPassword is filled","duration":100.65112499999987,"failureMessages":[],"meta":{}},{"ancestorTitles":["SetPasswordForm"],"fullName":"SetPasswordForm shows success message and clears fields after action returns ok:true","status":"passed","title":"shows success message and clears fields after action returns ok:true","duration":189.92133299999978,"failureMessages":[],"meta":{}},{"ancestorTitles":["SetPasswordForm"],"fullName":"SetPasswordForm calls router.refresh() after successfully setting a password","status":"passed","title":"calls router.refresh() after successfully setting a password","duration":52.31379199999992,"failureMessages":[],"meta":{}},{"ancestorTitles":["SetPasswordForm"],"fullName":"SetPasswordForm shows a mismatch error before calling the action when passwords differ","status":"passed","title":"shows a mismatch error before calling the action when passwords differ","duration":32.43979199999967,"failureMessages":[],"meta":{}},{"ancestorTitles":["SetPasswordForm"],"fullName":"SetPasswordForm shows error message when action returns ok:false","status":"passed","title":"shows error message when action returns ok:false","duration":147.99779200000012,"failureMessages":[],"meta":{}},{"ancestorTitles":["SetPasswordForm"],"fullName":"SetPasswordForm disables the button while saving","status":"passed","title":"disables the button while saving","duration":65.14320799999996,"failureMessages":[],"meta":{}}],"startTime":1781072022485,"endTime":1781072023217.1433,"status":"passed","message":"","name":"/Users/macanderson/oxagen-monorepo/apps/app/src/app/account/profile/set-password-form.test.tsx"},{"assertionResults":[{"ancestorTitles":["inviteMemberAction"],"fullName":"inviteMemberAction returns validation_error for an invalid email","status":"passed","title":"returns validation_error for an invalid email","duration":1.4792499999998654,"failureMessages":[],"meta":{}},{"ancestorTitles":["inviteMemberAction"],"fullName":"inviteMemberAction returns validation_error for an unknown role","status":"passed","title":"returns validation_error for an unknown role","duration":0.22874999999976353,"failureMessages":[],"meta":{}},{"ancestorTitles":["inviteMemberAction"],"fullName":"inviteMemberAction returns seat_limit_reached when assertSeatAvailable throws SeatLimitError","status":"passed","title":"returns seat_limit_reached when assertSeatAvailable throws SeatLimitError","duration":0.17287499999974898,"failureMessages":[],"meta":{}},{"ancestorTitles":["inviteMemberAction"],"fullName":"inviteMemberAction returns already_invited when DB throws a unique constraint violation","status":"passed","title":"returns already_invited when DB throws a unique constraint violation","duration":0.17841700000008132,"failureMessages":[],"meta":{}},{"ancestorTitles":["inviteMemberAction"],"fullName":"inviteMemberAction returns {ok:true} on a successful invitation","status":"passed","title":"returns {ok:true} on a successful invitation","duration":0.47204199999987395,"failureMessages":[],"meta":{}},{"ancestorTitles":["declineInvitationAction"],"fullName":"declineInvitationAction returns {ok:true} when the invitation exists and is updated","status":"passed","title":"returns {ok:true} when the invitation exists and is updated","duration":0.33141599999999016,"failureMessages":[],"meta":{}},{"ancestorTitles":["declineInvitationAction"],"fullName":"declineInvitationAction returns {ok:false, error} when no matching pending invitation is found","status":"passed","title":"returns {ok:false, error} when no matching pending invitation is found","duration":0.135124999999789,"failureMessages":[],"meta":{}}],"startTime":1781072020367,"endTime":1781072020370.3313,"status":"passed","message":"","name":"/Users/macanderson/oxagen-monorepo/apps/app/src/app/[orgSlug]/members/actions.test.ts"},{"assertionResults":[{"ancestorTitles":["removeMemberAction"],"fullName":"removeMemberAction returns {ok:false} when orgSlug is empty (validation)","status":"passed","title":"returns {ok:false} when orgSlug is empty (validation)","duration":1.249416999999994,"failureMessages":[],"meta":{}},{"ancestorTitles":["removeMemberAction"],"fullName":"removeMemberAction returns {ok:false} when targetUserId is empty (validation)","status":"passed","title":"returns {ok:false} when targetUserId is empty (validation)","duration":0.12475000000000591,"failureMessages":[],"meta":{}},{"ancestorTitles":["removeMemberAction"],"fullName":"removeMemberAction asserts org membership before invoking the capability","status":"passed","title":"asserts org membership before invoking the capability","duration":1.0343750000000114,"failureMessages":[],"meta":{}},{"ancestorTitles":["removeMemberAction"],"fullName":"removeMemberAction returns {ok:true} and revalidates on success","status":"passed","title":"returns {ok:true} and revalidates on success","duration":0.17483399999997573,"failureMessages":[],"meta":{}},{"ancestorTitles":["removeMemberAction"],"fullName":"removeMemberAction returns {ok:false, error} when invoke throws","status":"passed","title":"returns {ok:false, error} when invoke throws","duration":0.3215829999999755,"failureMessages":[],"meta":{}},{"ancestorTitles":["changeMemberRoleAction"],"fullName":"changeMemberRoleAction returns {ok:false} when newRole is empty (validation)","status":"passed","title":"returns {ok:false} when newRole is empty (validation)","duration":0.13350000000002638,"failureMessages":[],"meta":{}},{"ancestorTitles":["changeMemberRoleAction"],"fullName":"changeMemberRoleAction returns {ok:true} and revalidates on success","status":"passed","title":"returns {ok:true} and revalidates on success","duration":0.20691699999997581,"failureMessages":[],"meta":{}},{"ancestorTitles":["changeMemberRoleAction"],"fullName":"changeMemberRoleAction returns {ok:false, error} when invoke throws","status":"passed","title":"returns {ok:false, error} when invoke throws","duration":0.09874999999999545,"failureMessages":[],"meta":{}}],"startTime":1781072019505,"endTime":1781072019509.207,"status":"passed","message":"","name":"/Users/macanderson/oxagen-monorepo/apps/app/src/app/[orgSlug]/members/member-actions.test.ts"},{"assertionResults":[{"ancestorTitles":["createWorkspaceAction"],"fullName":"createWorkspaceAction returns ok:false when the caller's role is member (not owner/admin)","status":"passed","title":"returns ok:false when the caller's role is member (not owner/admin)","duration":0.97787500000004,"failureMessages":[],"meta":{}},{"ancestorTitles":["createWorkspaceAction"],"fullName":"createWorkspaceAction returns ok:false when the slug contains spaces (contract validation)","status":"passed","title":"returns ok:false when the slug contains spaces (contract validation)","duration":0.17216600000028848,"failureMessages":[],"meta":{}},{"ancestorTitles":["createWorkspaceAction"],"fullName":"createWorkspaceAction returns ok:false for the reserved slug 'new-workspace'","status":"passed","title":"returns ok:false for the reserved slug 'new-workspace'","duration":0.15750000000025466,"failureMessages":[],"meta":{}},{"ancestorTitles":["createWorkspaceAction"],"fullName":"createWorkspaceAction returns ok:false when a slug already exists in the org","status":"passed","title":"returns ok:false when a slug already exists in the org","duration":0.12358399999993708,"failureMessages":[],"meta":{}},{"ancestorTitles":["createWorkspaceAction"],"fullName":"createWorkspaceAction returns ok:false with duplicate-slug message on 23505 insert error","status":"passed","title":"returns ok:false with duplicate-slug message on 23505 insert error","duration":5.962750000000142,"failureMessages":[],"meta":{}},{"ancestorTitles":["createWorkspaceAction"],"fullName":"createWorkspaceAction returns ok:true with workspaceSlug on a successful create","status":"passed","title":"returns ok:true with workspaceSlug on a successful create","duration":0.16587500000014188,"failureMessages":[],"meta":{}}],"startTime":1781072017131,"endTime":1781072017138.1658,"status":"passed","message":"","name":"/Users/macanderson/oxagen-monorepo/apps/app/src/app/[orgSlug]/new-workspace/actions.test.ts"},{"assertionResults":[{"ancestorTitles":["resolveManagedOrg gate — non-billing role"],"fullName":"resolveManagedOrg gate — non-billing role cancelSubscriptionAction returns {ok:false} with NOT_AUTHORIZED error","status":"passed","title":"cancelSubscriptionAction returns {ok:false} with NOT_AUTHORIZED error","duration":6.482125000000451,"failureMessages":[],"meta":{}},{"ancestorTitles":["resolveManagedOrg gate — non-billing role"],"fullName":"resolveManagedOrg gate — non-billing role reactivateSubscriptionAction returns {ok:false} for member","status":"passed","title":"reactivateSubscriptionAction returns {ok:false} for member","duration":5.01195800000005,"failureMessages":[],"meta":{}},{"ancestorTitles":["resolveManagedOrg gate — non-billing role"],"fullName":"resolveManagedOrg gate — non-billing role setSeatsAction returns {ok:false} for member (valid seats)","status":"passed","title":"setSeatsAction returns {ok:false} for member (valid seats)","duration":5.129125000000386,"failureMessages":[],"meta":{}},{"ancestorTitles":["resolveManagedOrg gate — non-billing role"],"fullName":"resolveManagedOrg gate — non-billing role buyCreditsAction returns {ok:false} for member","status":"passed","title":"buyCreditsAction returns {ok:false} for member","duration":2.6519170000001395,"failureMessages":[],"meta":{}},{"ancestorTitles":["resolveManagedOrg gate — non-billing role"],"fullName":"resolveManagedOrg gate — non-billing role cancelOrgSubscription is NOT called when member tries to cancel","status":"passed","title":"cancelOrgSubscription is NOT called when member tries to cancel","duration":3.5694579999999405,"failureMessages":[],"meta":{}},{"ancestorTitles":["resolveManagedOrg gate — owner role"],"fullName":"resolveManagedOrg gate — owner role cancelSubscriptionAction succeeds for owner","status":"passed","title":"cancelSubscriptionAction succeeds for owner","duration":5.67975000000024,"failureMessages":[],"meta":{}},{"ancestorTitles":["resolveManagedOrg gate — owner role"],"fullName":"resolveManagedOrg gate — owner role reactivateSubscriptionAction succeeds for owner","status":"passed","title":"reactivateSubscriptionAction succeeds for owner","duration":2.4297910000004777,"failureMessages":[],"meta":{}},{"ancestorTitles":["setSeatsAction — Zod validation"],"fullName":"setSeatsAction — Zod validation seats=0 → {ok:false} (Zod min(1) fails)","status":"passed","title":"seats=0 → {ok:false} (Zod min(1) fails)","duration":0.3442090000007738,"failureMessages":[],"meta":{}},{"ancestorTitles":["setSeatsAction — Zod validation"],"fullName":"setSeatsAction — Zod validation seats=-1 → {ok:false} (Zod min(1) fails)","status":"passed","title":"seats=-1 → {ok:false} (Zod min(1) fails)","duration":0.13620799999989686,"failureMessages":[],"meta":{}},{"ancestorTitles":["setSeatsAction — Zod validation"],"fullName":"setSeatsAction — Zod validation seats=1 → calls setSubscriptionSeats and returns {ok:true}","status":"passed","title":"seats=1 → calls setSubscriptionSeats and returns {ok:true}","duration":5.88300000000072,"failureMessages":[],"meta":{}},{"ancestorTitles":["setSeatsAction — isSeatLimitError branch"],"fullName":"setSeatsAction — isSeatLimitError branch returns {ok:false, code:'seat_limit_reached', licenses, used} on SeatLimitError","status":"passed","title":"returns {ok:false, code:'seat_limit_reached', licenses, used} on SeatLimitError","duration":8.767875000000458,"failureMessages":[],"meta":{}},{"ancestorTitles":["buyCreditsAction — Zod validation"],"fullName":"buyCreditsAction — Zod validation amountUsd=4.99 → {ok:false} (Zod min(5) fails)","status":"passed","title":"amountUsd=4.99 → {ok:false} (Zod min(5) fails)","duration":0.1731659999995827,"failureMessages":[],"meta":{}},{"ancestorTitles":["buyCreditsAction — Zod validation"],"fullName":"buyCreditsAction — Zod validation amountUsd=5 → proceeds (calls createUsageCreditCheckout directly)","status":"passed","title":"amountUsd=5 → proceeds (calls createUsageCreditCheckout directly)","duration":3.6419999999998254,"failureMessages":[],"meta":{}},{"ancestorTitles":["buyCreditsAction — Zod validation"],"fullName":"buyCreditsAction — Zod validation amountUsd=0 → {ok:false}","status":"passed","title":"amountUsd=0 → {ok:false}","duration":0.126458000000639,"failureMessages":[],"meta":{}},{"ancestorTitles":["CAN_MANAGE_BILLING sync with resolve-org BILLING_MANAGER_ROLES"],"fullName":"CAN_MANAGE_BILLING sync with resolve-org BILLING_MANAGER_ROLES role 'owner' passes the billing action gate (same as resolve-org allows)","status":"passed","title":"role 'owner' passes the billing action gate (same as resolve-org allows)","duration":11.834084000000075,"failureMessages":[],"meta":{}},{"ancestorTitles":["CAN_MANAGE_BILLING sync with resolve-org BILLING_MANAGER_ROLES"],"fullName":"CAN_MANAGE_BILLING sync with resolve-org BILLING_MANAGER_ROLES role 'admin' passes the billing action gate (same as resolve-org allows)","status":"passed","title":"role 'admin' passes the billing action gate (same as resolve-org allows)","duration":17.20812500000011,"failureMessages":[],"meta":{}},{"ancestorTitles":["CAN_MANAGE_BILLING sync with resolve-org BILLING_MANAGER_ROLES"],"fullName":"CAN_MANAGE_BILLING sync with resolve-org BILLING_MANAGER_ROLES role 'billing' passes the billing action gate (same as resolve-org allows)","status":"passed","title":"role 'billing' passes the billing action gate (same as resolve-org allows)","duration":1.0877920000002632,"failureMessages":[],"meta":{}},{"ancestorTitles":["CAN_MANAGE_BILLING sync with resolve-org BILLING_MANAGER_ROLES"],"fullName":"CAN_MANAGE_BILLING sync with resolve-org BILLING_MANAGER_ROLES role 'member' is blocked by the billing gate (same as resolve-org blocks)","status":"passed","title":"role 'member' is blocked by the billing gate (same as resolve-org blocks)","duration":1.364249999999629,"failureMessages":[],"meta":{}},{"ancestorTitles":["CAN_MANAGE_BILLING sync with resolve-org BILLING_MANAGER_ROLES"],"fullName":"CAN_MANAGE_BILLING sync with resolve-org BILLING_MANAGER_ROLES role 'viewer' is blocked by the billing gate (same as resolve-org blocks)","status":"passed","title":"role 'viewer' is blocked by the billing gate (same as resolve-org blocks)","duration":7.02350000000024,"failureMessages":[],"meta":{}},{"ancestorTitles":["CAN_MANAGE_BILLING sync with resolve-org BILLING_MANAGER_ROLES"],"fullName":"CAN_MANAGE_BILLING sync with resolve-org BILLING_MANAGER_ROLES role 'guest' is blocked by the billing gate (same as resolve-org blocks)","status":"passed","title":"role 'guest' is blocked by the billing gate (same as resolve-org blocks)","duration":1.643500000000131,"failureMessages":[],"meta":{}},{"ancestorTitles":["security event emission — billing.access_denied on gate failure"],"fullName":"security event emission — billing.access_denied on gate failure emits billing.access_denied (outcome 'deny') when caller lacks billing-manager role","status":"passed","title":"emits billing.access_denied (outcome 'deny') when caller lacks billing-manager role","duration":14.969208999999864,"failureMessages":[],"meta":{}},{"ancestorTitles":["security event emission — billing.access_denied on gate failure"],"fullName":"security event emission — billing.access_denied on gate failure emits actorUserId from session on denial","status":"passed","title":"emits actorUserId from session on denial","duration":13.961707999999817,"failureMessages":[],"meta":{}},{"ancestorTitles":["security event emission — billing.access_denied on gate failure"],"fullName":"security event emission — billing.access_denied on gate failure emits orgId from resolved org on denial","status":"passed","title":"emits orgId from resolved org on denial","duration":4.381916999999703,"failureMessages":[],"meta":{}},{"ancestorTitles":["security event emission — billing.subscription_canceled on success"],"fullName":"security event emission — billing.subscription_canceled on success emits billing.subscription_canceled (outcome 'success') after successful cancel","status":"passed","title":"emits billing.subscription_canceled (outcome 'success') after successful cancel","duration":0.8380420000003141,"failureMessages":[],"meta":{}},{"ancestorTitles":["security event emission — billing.subscription_canceled on success"],"fullName":"security event emission — billing.subscription_canceled on success does NOT emit a security event when cancel throws","status":"passed","title":"does NOT emit a security event when cancel throws","duration":0.9424159999998665,"failureMessages":[],"meta":{}},{"ancestorTitles":["security event emission — billing.subscription_reactivated on success"],"fullName":"security event emission — billing.subscription_reactivated on success emits billing.subscription_reactivated on owner success","status":"passed","title":"emits billing.subscription_reactivated on owner success","duration":5.2354999999997744,"failureMessages":[],"meta":{}},{"ancestorTitles":["security event emission — billing.seats_changed on success"],"fullName":"security event emission — billing.seats_changed on success emits billing.seats_changed when seats updated","status":"passed","title":"emits billing.seats_changed when seats updated","duration":4.814333000000261,"failureMessages":[],"meta":{}},{"ancestorTitles":["security event emission — billing.auto_reload_updated on success"],"fullName":"security event emission — billing.auto_reload_updated on success emits billing.auto_reload_updated when settings saved","status":"passed","title":"emits billing.auto_reload_updated when settings saved","duration":5.396790999999212,"failureMessages":[],"meta":{}},{"ancestorTitles":["security event emission — billing.payment_method_default_changed on success"],"fullName":"security event emission — billing.payment_method_default_changed on success emits billing.payment_method_default_changed when default PM set","status":"passed","title":"emits billing.payment_method_default_changed when default PM set","duration":2.7036669999997684,"failureMessages":[],"meta":{}},{"ancestorTitles":["security event emission — billing.payment_method_removed on success"],"fullName":"security event emission — billing.payment_method_removed on success emits billing.payment_method_removed when PM removed","status":"passed","title":"emits billing.payment_method_removed when PM removed","duration":2.395292000000154,"failureMessages":[],"meta":{}},{"ancestorTitles":["security event emission — billing.payment_method_added on setup-intent success"],"fullName":"security event emission — billing.payment_method_added on setup-intent success emits billing.payment_method_added when setup intent created","status":"passed","title":"emits billing.payment_method_added when setup intent created","duration":0.5442910000001575,"failureMessages":[],"meta":{}}],"startTime":1781072019711,"endTime":1781072019858.5442,"status":"passed","message":"","name":"/Users/macanderson/oxagen-monorepo/apps/app/src/app/[orgSlug]/billing/actions.test.ts"},{"assertionResults":[{"ancestorTitles":["toPlanCards"],"fullName":"toPlanCards maps a PlanRow to a Plan correctly","status":"passed","title":"maps a PlanRow to a Plan correctly","duration":0.8175409999998919,"failureMessages":[],"meta":{}},{"ancestorTitles":["toPlanCards"],"fullName":"toPlanCards maps features.list to { label } objects","status":"passed","title":"maps features.list to { label } objects","duration":0.27529200000003584,"failureMessages":[],"meta":{}},{"ancestorTitles":["toPlanCards"],"fullName":"toPlanCards returns empty features when features is null","status":"passed","title":"returns empty features when features is null","duration":0.07358399999998255,"failureMessages":[],"meta":{}},{"ancestorTitles":["toPlanCards"],"fullName":"toPlanCards returns empty features when features.list is missing","status":"passed","title":"returns empty features when features.list is missing","duration":0.04804200000012315,"failureMessages":[],"meta":{}},{"ancestorTitles":["toPlanCards"],"fullName":"toPlanCards returns empty array for empty input","status":"passed","title":"returns empty array for empty input","duration":0.03929100000004837,"failureMessages":[],"meta":{}},{"ancestorTitles":["fetchPlanCards"],"fullName":"fetchPlanCards falls back to SUBSCRIPTION_PLANS-derived cards when DB returns empty","status":"passed","title":"falls back to SUBSCRIPTION_PLANS-derived cards when DB returns empty","duration":0.2072089999999207,"failureMessages":[],"meta":{}},{"ancestorTitles":["fetchPlanCards"],"fullName":"fetchPlanCards uses DB rows when safeQuery returns them","status":"passed","title":"uses DB rows when safeQuery returns them","duration":0.1083339999997861,"failureMessages":[],"meta":{}}],"startTime":1781072021218,"endTime":1781072021219.2754,"status":"passed","message":"","name":"/Users/macanderson/oxagen-monorepo/apps/app/src/app/[orgSlug]/billing/public-plans.test.ts"},{"assertionResults":[{"ancestorTitles":["safeQuery"],"fullName":"safeQuery returns the resolved value of the query fn on success","status":"passed","title":"returns the resolved value of the query fn on success","duration":17.16137500000002,"failureMessages":[],"meta":{}},{"ancestorTitles":["safeQuery"],"fullName":"safeQuery returns the fallback when the query fn throws","status":"passed","title":"returns the fallback when the query fn throws","duration":0.21041700000000674,"failureMessages":[],"meta":{}},{"ancestorTitles":["safeQuery"],"fullName":"safeQuery calls logger.error with the error when the query fn throws","status":"passed","title":"calls logger.error with the error when the query fn throws","duration":0.18933299999997644,"failureMessages":[],"meta":{}},{"ancestorTitles":["safeQuery"],"fullName":"safeQuery works with a non-array fallback (null)","status":"passed","title":"works with a non-array fallback (null)","duration":0.08404200000001083,"failureMessages":[],"meta":{}},{"ancestorTitles":["safeQuery"],"fullName":"safeQuery returns the correct value for a synchronous-style resolved promise","status":"passed","title":"returns the correct value for a synchronous-style resolved promise","duration":0.0604579999999828,"failureMessages":[],"meta":{}}],"startTime":1781072021027,"endTime":1781072021045.2104,"status":"passed","message":"","name":"/Users/macanderson/oxagen-monorepo/apps/app/src/app/[orgSlug]/billing/safe-query.test.ts"},{"assertionResults":[{"ancestorTitles":["looksLikeHtml"],"fullName":"looksLikeHtml detects <!DOCTYPE html> (uppercase)","status":"passed","title":"detects <!DOCTYPE html> (uppercase)","duration":0.4822919999999158,"failureMessages":[],"meta":{}},{"ancestorTitles":["looksLikeHtml"],"fullName":"looksLikeHtml detects <!doctype html> (lowercase)","status":"passed","title":"detects <!doctype html> (lowercase)","duration":0.07479200000011588,"failureMessages":[],"meta":{}},{"ancestorTitles":["looksLikeHtml"],"fullName":"looksLikeHtml detects <html> opening tag (lowercase)","status":"passed","title":"detects <html> opening tag (lowercase)","duration":0.056707999999844105,"failureMessages":[],"meta":{}},{"ancestorTitles":["looksLikeHtml"],"fullName":"looksLikeHtml detects <HTML> opening tag (uppercase)","status":"passed","title":"detects <HTML> opening tag (uppercase)","duration":0.04841699999997218,"failureMessages":[],"meta":{}},{"ancestorTitles":["looksLikeHtml"],"fullName":"looksLikeHtml ignores leading whitespace before doctype","status":"passed","title":"ignores leading whitespace before doctype","duration":0.04758399999991525,"failureMessages":[],"meta":{}},{"ancestorTitles":["looksLikeHtml"],"fullName":"looksLikeHtml does not classify plain text as HTML","status":"passed","title":"does not classify plain text as HTML","duration":0.048833000000058746,"failureMessages":[],"meta":{}},{"ancestorTitles":["looksLikeHtml"],"fullName":"looksLikeHtml does not classify JSON as HTML","status":"passed","title":"does not classify JSON as HTML","duration":0.041249999999990905,"failureMessages":[],"meta":{}},{"ancestorTitles":["looksLikeHtml"],"fullName":"looksLikeHtml does not classify a partial tag as HTML","status":"passed","title":"does not classify a partial tag as HTML","duration":0.03420900000014626,"failureMessages":[],"meta":{}},{"ancestorTitles":["looksLikeHtml"],"fullName":"looksLikeHtml does not classify empty string as HTML","status":"passed","title":"does not classify empty string as HTML","duration":0.04141699999991033,"failureMessages":[],"meta":{}},{"ancestorTitles":["looksLikeHtml"],"fullName":"looksLikeHtml does not classify SVG fragment as HTML","status":"passed","title":"does not classify SVG fragment as HTML","duration":0.051624999999830834,"failureMessages":[],"meta":{}},{"ancestorTitles":["iframe sandbox prop — security contract"],"fullName":"iframe sandbox prop — security contract intended sandbox value contains 'allow-scripts'","status":"passed","title":"intended sandbox value contains 'allow-scripts'","duration":0.08183400000007168,"failureMessages":[],"meta":{}},{"ancestorTitles":["iframe sandbox prop — security contract"],"fullName":"iframe sandbox prop — security contract intended sandbox value does NOT contain 'allow-same-origin'","status":"passed","title":"intended sandbox value does NOT contain 'allow-same-origin'","duration":0.07183300000019699,"failureMessages":[],"meta":{}},{"ancestorTitles":["iframe sandbox prop — security contract"],"fullName":"iframe sandbox prop — security contract intended sandbox value does NOT contain 'allow-forms'","status":"passed","title":"intended sandbox value does NOT contain 'allow-forms'","duration":0.033916999999973996,"failureMessages":[],"meta":{}},{"ancestorTitles":["iframe sandbox prop — security contract"],"fullName":"iframe sandbox prop — security contract intended sandbox value does NOT contain 'allow-top-navigation'","status":"passed","title":"intended sandbox value does NOT contain 'allow-top-navigation'","duration":0.038000000000010914,"failureMessages":[],"meta":{}},{"ancestorTitles":["iframe sandbox prop — security contract"],"fullName":"iframe sandbox prop — security contract intended sandbox value does NOT contain 'allow-popups'","status":"passed","title":"intended sandbox value does NOT contain 'allow-popups'","duration":0.030584000000089873,"failureMessages":[],"meta":{}},{"ancestorTitles":["HtmlArtifact — tab type completeness"],"fullName":"HtmlArtifact — tab type completeness 'preview' is a valid tab","status":"passed","title":"'preview' is a valid tab","duration":0.04070799999999508,"failureMessages":[],"meta":{}},{"ancestorTitles":["HtmlArtifact — tab type completeness"],"fullName":"HtmlArtifact — tab type completeness 'source' is a valid tab","status":"passed","title":"'source' is a valid tab","duration":0.027166999999963082,"failureMessages":[],"meta":{}},{"ancestorTitles":["HtmlArtifact — tab type completeness"],"fullName":"HtmlArtifact — tab type completeness unknown value is not a valid tab","status":"passed","title":"unknown value is not a valid tab","duration":0.03854200000000674,"failureMessages":[],"meta":{}}],"startTime":1781072020780,"endTime":1781072020781.0818,"status":"passed","message":"","name":"/Users/macanderson/oxagen-monorepo/apps/app/src/components/chat/registry-components/artifact-iframe.test.ts"},{"assertionResults":[{"ancestorTitles":["BillingUpgradeInline"],"fullName":"BillingUpgradeInline renders plan options","status":"passed","title":"renders plan options","duration":132.26966700000003,"failureMessages":[],"meta":{}},{"ancestorTitles":["BillingUpgradeInline"],"fullName":"BillingUpgradeInline renders the upgrade form with aria-label","status":"passed","title":"renders the upgrade form with aria-label","duration":46.5082910000001,"failureMessages":[],"meta":{}},{"ancestorTitles":["BillingUpgradeInline"],"fullName":"BillingUpgradeInline defaults to 'build' plan when no suggestedPlan","status":"passed","title":"defaults to 'build' plan when no suggestedPlan","duration":9.284417000000076,"failureMessages":[],"meta":{}},{"ancestorTitles":["BillingUpgradeInline"],"fullName":"BillingUpgradeInline uses suggestedPlan to pre-select a plan","status":"passed","title":"uses suggestedPlan to pre-select a plan","duration":7.197499999999991,"failureMessages":[],"meta":{}},{"ancestorTitles":["BillingUpgradeInline"],"fullName":"BillingUpgradeInline shows error message when changePlanAction fails","status":"passed","title":"shows error message when changePlanAction fails","duration":27.81537500000013,"failureMessages":[],"meta":{}},{"ancestorTitles":["BillingUpgradeInline"],"fullName":"BillingUpgradeInline shows success/redirecting state on successful submit","status":"passed","title":"shows success/redirecting state on successful submit","duration":140.23204099999998,"failureMessages":[],"meta":{}}],"startTime":1781072025543,"endTime":1781072025907.232,"status":"passed","message":"","name":"/Users/macanderson/oxagen-monorepo/apps/app/src/components/chat/registry-components/billing-upgrade-inline.test.tsx"},{"assertionResults":[{"ancestorTitles":["ConfirmDestructiveInline"],"fullName":"ConfirmDestructiveInline renders default title 'Are you sure?' in idle state","status":"passed","title":"renders default title 'Are you sure?' in idle state","duration":14.805957999999919,"failureMessages":[],"meta":{}},{"ancestorTitles":["ConfirmDestructiveInline"],"fullName":"ConfirmDestructiveInline renders custom title","status":"passed","title":"renders custom title","duration":2.5267080000000988,"failureMessages":[],"meta":{}},{"ancestorTitles":["ConfirmDestructiveInline"],"fullName":"ConfirmDestructiveInline renders description when provided","status":"passed","title":"renders description when provided","duration":1.4233749999998508,"failureMessages":[],"meta":{}},{"ancestorTitles":["ConfirmDestructiveInline"],"fullName":"ConfirmDestructiveInline renders default Confirm and Cancel buttons","status":"passed","title":"renders default Confirm and Cancel buttons","duration":1.2308329999998477,"failureMessages":[],"meta":{}},{"ancestorTitles":["ConfirmDestructiveInline"],"fullName":"ConfirmDestructiveInline renders custom confirmLabel and denyLabel","status":"passed","title":"renders custom confirmLabel and denyLabel","duration":1.0691659999999956,"failureMessages":[],"meta":{}},{"ancestorTitles":["ConfirmDestructiveInline"],"fullName":"ConfirmDestructiveInline transitions to confirmed state when Confirm is clicked","status":"passed","title":"transitions to confirmed state when Confirm is clicked","duration":115.94499999999994,"failureMessages":[],"meta":{}},{"ancestorTitles":["ConfirmDestructiveInline"],"fullName":"ConfirmDestructiveInline transitions to denied state when Cancel is clicked","status":"passed","title":"transitions to denied state when Cancel is clicked","duration":19.261334000000033,"failureMessages":[],"meta":{}},{"ancestorTitles":["ConfirmDestructiveInline"],"fullName":"ConfirmDestructiveInline uses alertdialog role in idle state","status":"passed","title":"uses alertdialog role in idle state","duration":3.0858749999999873,"failureMessages":[],"meta":{}},{"ancestorTitles":["ConfirmDestructiveInline"],"fullName":"ConfirmDestructiveInline shows 'Confirmed' icon in confirmed state","status":"passed","title":"shows 'Confirmed' icon in confirmed state","duration":11.18429100000003,"failureMessages":[],"meta":{}},{"ancestorTitles":["ConfirmDestructiveInline"],"fullName":"ConfirmDestructiveInline shows 'XCircle' icon in denied state","status":"passed","title":"shows 'XCircle' icon in denied state","duration":11.199749999999995,"failureMessages":[],"meta":{}}],"startTime":1781072026976,"endTime":1781072027157.1997,"status":"passed","message":"","name":"/Users/macanderson/oxagen-monorepo/apps/app/src/components/chat/registry-components/confirm-destructive-inline.test.tsx"},{"assertionResults":[{"ancestorTitles":["CreateOrgInline"],"fullName":"CreateOrgInline renders form with aria-label 'Create organization'","status":"passed","title":"renders form with aria-label 'Create organization'","duration":181.33570800000007,"failureMessages":[],"meta":{}},{"ancestorTitles":["CreateOrgInline"],"fullName":"CreateOrgInline renders Name and Slug inputs","status":"passed","title":"renders Name and Slug inputs","duration":2.234000000000151,"failureMessages":[],"meta":{}},{"ancestorTitles":["CreateOrgInline"],"fullName":"CreateOrgInline pre-fills name from suggestedName and derives slug","status":"passed","title":"pre-fills name from suggestedName and derives slug","duration":1.4482920000000377,"failureMessages":[],"meta":{}},{"ancestorTitles":["CreateOrgInline"],"fullName":"CreateOrgInline submit button is disabled when name is empty","status":"passed","title":"submit button is disabled when name is empty","duration":9.70683299999996,"failureMessages":[],"meta":{}},{"ancestorTitles":["CreateOrgInline"],"fullName":"CreateOrgInline shows error when createOrgAction fails","status":"passed","title":"shows error when createOrgAction fails","duration":54.06074999999987,"failureMessages":[],"meta":{}},{"ancestorTitles":["CreateOrgInline"],"fullName":"CreateOrgInline shows success state when org is created","status":"passed","title":"shows success state when org is created","duration":23.701750000000175,"failureMessages":[],"meta":{}}],"startTime":1781072026289,"endTime":1781072026561.7017,"status":"passed","message":"","name":"/Users/macanderson/oxagen-monorepo/apps/app/src/components/chat/registry-components/create-org-inline.test.tsx"},{"assertionResults":[{"ancestorTitles":["CreateWorkspaceInline"],"fullName":"CreateWorkspaceInline renders form with aria-label","status":"passed","title":"renders form with aria-label","duration":242.50866699999983,"failureMessages":[],"meta":{}},{"ancestorTitles":["CreateWorkspaceInline"],"fullName":"CreateWorkspaceInline renders Name and Slug inputs","status":"passed","title":"renders Name and Slug inputs","duration":7.368457999999919,"failureMessages":[],"meta":{}},{"ancestorTitles":["CreateWorkspaceInline"],"fullName":"CreateWorkspaceInline pre-fills name and slug when suggestedName is provided","status":"passed","title":"pre-fills name and slug when suggestedName is provided","duration":1.6826249999999163,"failureMessages":[],"meta":{}},{"ancestorTitles":["CreateWorkspaceInline"],"fullName":"CreateWorkspaceInline submit button is disabled when name is empty","status":"passed","title":"submit button is disabled when name is empty","duration":5.970749999999953,"failureMessages":[],"meta":{}},{"ancestorTitles":["CreateWorkspaceInline"],"fullName":"CreateWorkspaceInline shows error when action fails","status":"passed","title":"shows error when action fails","duration":49.52220800000009,"failureMessages":[],"meta":{}},{"ancestorTitles":["CreateWorkspaceInline"],"fullName":"CreateWorkspaceInline shows success state when workspace is created","status":"passed","title":"shows success state when workspace is created","duration":15.282583000000159,"failureMessages":[],"meta":{}},{"ancestorTitles":["CreateWorkspaceInline"],"fullName":"CreateWorkspaceInline shows workspace slug in success summary","status":"passed","title":"shows workspace slug in success summary","duration":16.938499999999976,"failureMessages":[],"meta":{}}],"startTime":1781072024387,"endTime":1781072024726.9385,"status":"passed","message":"","name":"/Users/macanderson/oxagen-monorepo/apps/app/src/components/chat/registry-components/create-workspace-inline.test.tsx"},{"assertionResults":[{"ancestorTitles":["CreditsPurchaseInline"],"fullName":"CreditsPurchaseInline renders preset amount buttons","status":"passed","title":"renders preset amount buttons","duration":178.01025000000004,"failureMessages":[],"meta":{}},{"ancestorTitles":["CreditsPurchaseInline"],"fullName":"CreditsPurchaseInline renders form with aria-label","status":"passed","title":"renders form with aria-label","duration":6.934166000000005,"failureMessages":[],"meta":{}},{"ancestorTitles":["CreditsPurchaseInline"],"fullName":"CreditsPurchaseInline defaults to $25 selected when no suggestedAmountUsd","status":"passed","title":"defaults to $25 selected when no suggestedAmountUsd","duration":4.815374999999904,"failureMessages":[],"meta":{}},{"ancestorTitles":["CreditsPurchaseInline"],"fullName":"CreditsPurchaseInline pre-selects suggestedAmountUsd when it matches a preset","status":"passed","title":"pre-selects suggestedAmountUsd when it matches a preset","duration":4.431916000000001,"failureMessages":[],"meta":{}},{"ancestorTitles":["CreditsPurchaseInline"],"fullName":"CreditsPurchaseInline renders the custom amount input","status":"passed","title":"renders the custom amount input","duration":4.137292000000116,"failureMessages":[],"meta":{}},{"ancestorTitles":["CreditsPurchaseInline"],"fullName":"CreditsPurchaseInline shows error message when buyCreditsAction fails","status":"passed","title":"shows error message when buyCreditsAction fails","duration":41.520499999999856,"failureMessages":[],"meta":{}},{"ancestorTitles":["CreditsPurchaseInline"],"fullName":"CreditsPurchaseInline shows success state when buyCreditsAction succeeds","status":"passed","title":"shows success state when buyCreditsAction succeeds","duration":19.505416999999852,"failureMessages":[],"meta":{}}],"startTime":1781072024965,"endTime":1781072025224.5054,"status":"passed","message":"","name":"/Users/macanderson/oxagen-monorepo/apps/app/src/components/chat/registry-components/credits-purchase-inline.test.tsx"},{"assertionResults":[{"ancestorTitles":["formatBytes"],"fullName":"formatBytes formats bytes below 1 KB","status":"passed","title":"formats bytes below 1 KB","duration":0.48054100000001654,"failureMessages":[],"meta":{}},{"ancestorTitles":["formatBytes"],"fullName":"formatBytes formats exactly 1 KB","status":"passed","title":"formats exactly 1 KB","duration":0.10108400000001438,"failureMessages":[],"meta":{}},{"ancestorTitles":["formatBytes"],"fullName":"formatBytes formats KB range","status":"passed","title":"formats KB range","duration":0.06458299999997053,"failureMessages":[],"meta":{}},{"ancestorTitles":["formatBytes"],"fullName":"formatBytes formats fractional KB","status":"passed","title":"formats fractional KB","duration":0.050625000000081855,"failureMessages":[],"meta":{}},{"ancestorTitles":["formatBytes"],"fullName":"formatBytes formats exactly 1 MB","status":"passed","title":"formats exactly 1 MB","duration":0.12745799999993324,"failureMessages":[],"meta":{}},{"ancestorTitles":["formatBytes"],"fullName":"formatBytes formats MB range","status":"passed","title":"formats MB range","duration":0.07466699999997672,"failureMessages":[],"meta":{}},{"ancestorTitles":["formatBytes"],"fullName":"formatBytes formats 0 bytes","status":"passed","title":"formats 0 bytes","duration":0.057542000000012195,"failureMessages":[],"meta":{}},{"ancestorTitles":["file-attachment — kind → label mapping"],"fullName":"file-attachment — kind → label mapping kind \"document\" → label \"Document\"","status":"passed","title":"kind \"document\" → label \"Document\"","duration":0.0538330000000542,"failureMessages":[],"meta":{}},{"ancestorTitles":["file-attachment — kind → label mapping"],"fullName":"file-attachment — kind → label mapping kind \"spreadsheet\" → label \"Spreadsheet\"","status":"passed","title":"kind \"spreadsheet\" → label \"Spreadsheet\"","duration":0.06316600000002381,"failureMessages":[],"meta":{}},{"ancestorTitles":["file-attachment — kind → label mapping"],"fullName":"file-attachment — kind → label mapping kind \"presentation\" → label \"Presentation\"","status":"passed","title":"kind \"presentation\" → label \"Presentation\"","duration":0.04837499999996453,"failureMessages":[],"meta":{}},{"ancestorTitles":["file-attachment — kind → label mapping"],"fullName":"file-attachment — kind → label mapping kind \"pdf\" → label \"PDF\"","status":"passed","title":"kind \"pdf\" → label \"PDF\"","duration":0.033999999999991815,"failureMessages":[],"meta":{}},{"ancestorTitles":["file-attachment — kind → label mapping"],"fullName":"file-attachment — kind → label mapping kind \"archive\" → label \"Archive\"","status":"passed","title":"kind \"archive\" → label \"Archive\"","duration":0.029625000000010004,"failureMessages":[],"meta":{}},{"ancestorTitles":["file-attachment — kind → label mapping"],"fullName":"file-attachment — kind → label mapping kind \"unknown\" → label \"File\"","status":"passed","title":"kind \"unknown\" → label \"File\"","duration":0.030208000000016,"failureMessages":[],"meta":{}},{"ancestorTitles":["file-attachment — kind → label mapping"],"fullName":"file-attachment — kind → label mapping kind \"\" → label \"File\"","status":"passed","title":"kind \"\" → label \"File\"","duration":0.03350000000000364,"failureMessages":[],"meta":{}},{"ancestorTitles":["file-attachment — kind → label mapping"],"fullName":"file-attachment — kind → label mapping exactly 5 named kinds (document/spreadsheet/presentation/pdf/archive)","status":"passed","title":"exactly 5 named kinds (document/spreadsheet/presentation/pdf/archive)","duration":0.640041999999994,"failureMessages":[],"meta":{}},{"ancestorTitles":["file-attachment — kind → label mapping"],"fullName":"file-attachment — kind → label mapping unlisted kinds fall back to 'File'","status":"passed","title":"unlisted kinds fall back to 'File'","duration":0.05562499999996362,"failureMessages":[],"meta":{}},{"ancestorTitles":["CHAT_COMPONENTS — file-attachment and html-artifact registration"],"fullName":"CHAT_COMPONENTS — file-attachment and html-artifact registration contains 'file-attachment' as a registered componentId","status":"passed","title":"contains 'file-attachment' as a registered componentId","duration":0.09212500000001,"failureMessages":[],"meta":{}},{"ancestorTitles":["CHAT_COMPONENTS — file-attachment and html-artifact registration"],"fullName":"CHAT_COMPONENTS — file-attachment and html-artifact registration 'file-attachment' renderer is defined (not null/undefined)","status":"passed","title":"'file-attachment' renderer is defined (not null/undefined)","duration":0.05779199999994944,"failureMessages":[],"meta":{}},{"ancestorTitles":["CHAT_COMPONENTS — file-attachment and html-artifact registration"],"fullName":"CHAT_COMPONENTS — file-attachment and html-artifact registration contains 'html-artifact' as a registered componentId","status":"passed","title":"contains 'html-artifact' as a registered componentId","duration":0.032874999999989996,"failureMessages":[],"meta":{}},{"ancestorTitles":["CHAT_COMPONENTS — file-attachment and html-artifact registration"],"fullName":"CHAT_COMPONENTS — file-attachment and html-artifact registration 'html-artifact' renderer is defined (not null/undefined)","status":"passed","title":"'html-artifact' renderer is defined (not null/undefined)","duration":0.038333000000079664,"failureMessages":[],"meta":{}}],"startTime":1781072020080,"endTime":1781072020083.092,"status":"passed","message":"","name":"/Users/macanderson/oxagen-monorepo/apps/app/src/components/chat/registry-components/file-attachment.test.ts"},{"assertionResults":[{"ancestorTitles":["ImagePreview"],"fullName":"ImagePreview renders the placeholder state when placeholder=true","status":"passed","title":"renders the placeholder state when placeholder=true","duration":27.492292000000134,"failureMessages":[],"meta":{}},{"ancestorTitles":["ImagePreview"],"fullName":"ImagePreview renders placeholder when neither url nor dataUri is provided","status":"passed","title":"renders placeholder when neither url nor dataUri is provided","duration":1.599292000000105,"failureMessages":[],"meta":{}},{"ancestorTitles":["ImagePreview"],"fullName":"ImagePreview renders the image when url is provided","status":"passed","title":"renders the image when url is provided","duration":80.66233299999999,"failureMessages":[],"meta":{}},{"ancestorTitles":["ImagePreview"],"fullName":"ImagePreview renders the image when dataUri is provided","status":"passed","title":"renders the image when dataUri is provided","duration":3.1461669999998776,"failureMessages":[],"meta":{}},{"ancestorTitles":["ImagePreview"],"fullName":"ImagePreview prefers url over dataUri when both provided","status":"passed","title":"prefers url over dataUri when both provided","duration":9.193749999999909,"failureMessages":[],"meta":{}},{"ancestorTitles":["ImagePreview"],"fullName":"ImagePreview shows errorReason in placeholder state","status":"passed","title":"shows errorReason in placeholder state","duration":1.0511669999998503,"failureMessages":[],"meta":{}},{"ancestorTitles":["ImagePreview"],"fullName":"ImagePreview shows default unavailable text when no errorReason","status":"passed","title":"shows default unavailable text when no errorReason","duration":0.6954580000001442,"failureMessages":[],"meta":{}},{"ancestorTitles":["ImagePreview"],"fullName":"ImagePreview shows prompt in placeholder state","status":"passed","title":"shows prompt in placeholder state","duration":0.7602079999999205,"failureMessages":[],"meta":{}},{"ancestorTitles":["ImagePreview"],"fullName":"ImagePreview figure role has aria-label matching alt when image renders","status":"passed","title":"figure role has aria-label matching alt when image renders","duration":1.7416670000000067,"failureMessages":[],"meta":{}},{"ancestorTitles":["ImagePreview"],"fullName":"ImagePreview figure role has aria-label 'Image generation unavailable' in placeholder","status":"passed","title":"figure role has aria-label 'Image generation unavailable' in placeholder","duration":1.3005420000001777,"failureMessages":[],"meta":{}},{"ancestorTitles":["ImagePreview"],"fullName":"ImagePreview renders ImageOff icon in placeholder state","status":"passed","title":"renders ImageOff icon in placeholder state","duration":0.6371249999999691,"failureMessages":[],"meta":{}}],"startTime":1781072027608,"endTime":1781072027736.6372,"status":"passed","message":"","name":"/Users/macanderson/oxagen-monorepo/apps/app/src/components/chat/registry-components/image-preview.test.tsx"},{"assertionResults":[{"ancestorTitles":["InstallInstructions"],"fullName":"InstallInstructions renders the client label for known clients","status":"passed","title":"renders the client label for known clients","duration":17.975625000000036,"failureMessages":[],"meta":{}},{"ancestorTitles":["InstallInstructions"],"fullName":"InstallInstructions renders the client label for unknown clients (falls back to raw id)","status":"passed","title":"renders the client label for unknown clients (falls back to raw id)","duration":2.1920840000000226,"failureMessages":[],"meta":{}},{"ancestorTitles":["InstallInstructions"],"fullName":"InstallInstructions renders each step label","status":"passed","title":"renders each step label","duration":2.4707910000001903,"failureMessages":[],"meta":{}},{"ancestorTitles":["InstallInstructions"],"fullName":"InstallInstructions renders command text in code block for steps with commands","status":"passed","title":"renders command text in code block for steps with commands","duration":7.935124999999971,"failureMessages":[],"meta":{}},{"ancestorTitles":["InstallInstructions"],"fullName":"InstallInstructions does not render a code block for prose-only steps","status":"passed","title":"does not render a code block for prose-only steps","duration":6.235750000000053,"failureMessages":[],"meta":{}},{"ancestorTitles":["InstallInstructions"],"fullName":"InstallInstructions renders copy buttons only for steps with commands","status":"passed","title":"renders copy buttons only for steps with commands","duration":80.16033400000015,"failureMessages":[],"meta":{}},{"ancestorTitles":["InstallInstructions"],"fullName":"InstallInstructions renders step numbers starting at 1","status":"passed","title":"renders step numbers starting at 1","duration":4.639499999999998,"failureMessages":[],"meta":{}},{"ancestorTitles":["InstallInstructions"],"fullName":"InstallInstructions copy button changes aria-label to 'step 1 command copied' after click","status":"passed","title":"copy button changes aria-label to 'step 1 command copied' after click","duration":37.33245899999997,"failureMessages":[],"meta":{}},{"ancestorTitles":["InstallInstructions"],"fullName":"InstallInstructions renders with correct region role and aria-label","status":"passed","title":"renders with correct region role and aria-label","duration":3.2538750000001073,"failureMessages":[],"meta":{}},{"ancestorTitles":["InstallInstructions"],"fullName":"InstallInstructions renders the installation steps list with correct aria-label","status":"passed","title":"renders the installation steps list with correct aria-label","duration":6.52475000000004,"failureMessages":[],"meta":{}}],"startTime":1781072026390,"endTime":1781072026559.5247,"status":"passed","message":"","name":"/Users/macanderson/oxagen-monorepo/apps/app/src/components/chat/registry-components/install-instructions.test.tsx"},{"assertionResults":[{"ancestorTitles":["InviteMemberInline"],"fullName":"InviteMemberInline renders form with aria-label","status":"passed","title":"renders form with aria-label","duration":120.51495799999998,"failureMessages":[],"meta":{}},{"ancestorTitles":["InviteMemberInline"],"fullName":"InviteMemberInline renders email input","status":"passed","title":"renders email input","duration":30.390583000000106,"failureMessages":[],"meta":{}},{"ancestorTitles":["InviteMemberInline"],"fullName":"InviteMemberInline pre-fills email from suggestedEmail prop","status":"passed","title":"pre-fills email from suggestedEmail prop","duration":1.9067919999999958,"failureMessages":[],"meta":{}},{"ancestorTitles":["InviteMemberInline"],"fullName":"InviteMemberInline submit button is disabled when email is empty","status":"passed","title":"submit button is disabled when email is empty","duration":7.434665999999879,"failureMessages":[],"meta":{}},{"ancestorTitles":["InviteMemberInline"],"fullName":"InviteMemberInline submit button is enabled when email is filled","status":"passed","title":"submit button is enabled when email is filled","duration":4.117999999999938,"failureMessages":[],"meta":{}},{"ancestorTitles":["InviteMemberInline"],"fullName":"InviteMemberInline shows error when inviteMemberAction fails","status":"passed","title":"shows error when inviteMemberAction fails","duration":132.92241599999988,"failureMessages":[],"meta":{}},{"ancestorTitles":["InviteMemberInline"],"fullName":"InviteMemberInline shows success state when action succeeds","status":"passed","title":"shows success state when action succeeds","duration":22.964375000000018,"failureMessages":[],"meta":{}},{"ancestorTitles":["InviteMemberInline"],"fullName":"InviteMemberInline shows email in success state summary","status":"passed","title":"shows email in success state summary","duration":27.874708000000055,"failureMessages":[],"meta":{}}],"startTime":1781072024303,"endTime":1781072024651.8748,"status":"passed","message":"","name":"/Users/macanderson/oxagen-monorepo/apps/app/src/components/chat/registry-components/invite-member-inline.test.tsx"},{"assertionResults":[{"ancestorTitles":["MakeVideoForm"],"fullName":"MakeVideoForm renders form with aria-label 'Generate video'","status":"passed","title":"renders form with aria-label 'Generate video'","duration":290.57058300000017,"failureMessages":[],"meta":{}},{"ancestorTitles":["MakeVideoForm"],"fullName":"MakeVideoForm renders Prompt textarea","status":"passed","title":"renders Prompt textarea","duration":2.655416999999943,"failureMessages":[],"meta":{}},{"ancestorTitles":["MakeVideoForm"],"fullName":"MakeVideoForm pre-fills prompt from props","status":"passed","title":"pre-fills prompt from props","duration":19.60762499999987,"failureMessages":[],"meta":{}},{"ancestorTitles":["MakeVideoForm"],"fullName":"MakeVideoForm submit button is disabled when prompt is empty","status":"passed","title":"submit button is disabled when prompt is empty","duration":8.75866700000006,"failureMessages":[],"meta":{}},{"ancestorTitles":["MakeVideoForm"],"fullName":"MakeVideoForm submit button is enabled when prompt has text","status":"passed","title":"submit button is enabled when prompt has text","duration":5.041249999999991,"failureMessages":[],"meta":{}},{"ancestorTitles":["MakeVideoForm"],"fullName":"MakeVideoForm renders duration and aspect ratio inputs","status":"passed","title":"renders duration and aspect ratio inputs","duration":6.460125000000062,"failureMessages":[],"meta":{}},{"ancestorTitles":["MakeVideoForm"],"fullName":"MakeVideoForm shows error when videoGenerateAction fails","status":"passed","title":"shows error when videoGenerateAction fails","duration":172.11316699999998,"failureMessages":[],"meta":{}},{"ancestorTitles":["MakeVideoForm"],"fullName":"MakeVideoForm shows queued state when action succeeds","status":"passed","title":"shows queued state when action succeeds","duration":29.07462499999997,"failureMessages":[],"meta":{}},{"ancestorTitles":["MakeVideoForm"],"fullName":"MakeVideoForm shows jobId in queued state","status":"passed","title":"shows jobId in queued state","duration":28.587834000000385,"failureMessages":[],"meta":{}},{"ancestorTitles":["MakeVideoForm"],"fullName":"MakeVideoForm shows prompt in the queued state as italic caption","status":"passed","title":"shows prompt in the queued state as italic caption","duration":87.18762499999957,"failureMessages":[],"meta":{}}],"startTime":1781072022444,"endTime":1781072023094.1877,"status":"passed","message":"","name":"/Users/macanderson/oxagen-monorepo/apps/app/src/components/chat/registry-components/make-video-form.test.tsx"},{"assertionResults":[{"ancestorTitles":["ModelSettingsInline"],"fullName":"ModelSettingsInline renders form with aria-label 'Model settings'","status":"passed","title":"renders form with aria-label 'Model settings'","duration":182.56204100000002,"failureMessages":[],"meta":{}},{"ancestorTitles":["ModelSettingsInline"],"fullName":"ModelSettingsInline renders the default tier label","status":"passed","title":"renders the default tier label","duration":3.276290999999901,"failureMessages":[],"meta":{}},{"ancestorTitles":["ModelSettingsInline"],"fullName":"ModelSettingsInline renders Save settings button","status":"passed","title":"renders Save settings button","duration":9.806833000000097,"failureMessages":[],"meta":{}},{"ancestorTitles":["ModelSettingsInline"],"fullName":"ModelSettingsInline shows error when updateModelSettingsAction fails","status":"passed","title":"shows error when updateModelSettingsAction fails","duration":28.189125000000104,"failureMessages":[],"meta":{}},{"ancestorTitles":["ModelSettingsInline"],"fullName":"ModelSettingsInline shows success state when action succeeds","status":"passed","title":"shows success state when action succeeds","duration":15.147500000000036,"failureMessages":[],"meta":{}},{"ancestorTitles":["ModelSettingsInline"],"fullName":"ModelSettingsInline shows the current tier in the success state","status":"passed","title":"shows the current tier in the success state","duration":15.282040999999936,"failureMessages":[],"meta":{}}],"startTime":1781072025388,"endTime":1781072025642.282,"status":"passed","message":"","name":"/Users/macanderson/oxagen-monorepo/apps/app/src/components/chat/registry-components/model-settings-inline.test.tsx"},{"assertionResults":[{"ancestorTitles":["deriveSlug"],"fullName":"deriveSlug lowercases the input","status":"passed","title":"lowercases the input","duration":0.7419169999998303,"failureMessages":[],"meta":{}},{"ancestorTitles":["deriveSlug"],"fullName":"deriveSlug converts spaces to hyphens","status":"passed","title":"converts spaces to hyphens","duration":0.08020900000019537,"failureMessages":[],"meta":{}},{"ancestorTitles":["deriveSlug"],"fullName":"deriveSlug strips non-alphanumeric characters","status":"passed","title":"strips non-alphanumeric characters","duration":0.17470800000000963,"failureMessages":[],"meta":{}},{"ancestorTitles":["deriveSlug"],"fullName":"deriveSlug collapses consecutive hyphens into one","status":"passed","title":"collapses consecutive hyphens into one","duration":0.0858339999999771,"failureMessages":[],"meta":{}},{"ancestorTitles":["deriveSlug"],"fullName":"deriveSlug strips leading and trailing hyphens","status":"passed","title":"strips leading and trailing hyphens","duration":0.05995900000016263,"failureMessages":[],"meta":{}},{"ancestorTitles":["deriveSlug"],"fullName":"deriveSlug limits output to 40 characters","status":"passed","title":"limits output to 40 characters","duration":2.8969160000001466,"failureMessages":[],"meta":{}},{"ancestorTitles":["deriveSlug"],"fullName":"deriveSlug returns empty string for empty input","status":"passed","title":"returns empty string for empty input","duration":0.0779579999998532,"failureMessages":[],"meta":{}},{"ancestorTitles":["deriveSlug"],"fullName":"deriveSlug returns empty string for whitespace-only input","status":"passed","title":"returns empty string for whitespace-only input","duration":0.04470800000035524,"failureMessages":[],"meta":{}},{"ancestorTitles":["deriveSlug"],"fullName":"deriveSlug preserves digits","status":"passed","title":"preserves digits","duration":0.06258299999990413,"failureMessages":[],"meta":{}},{"ancestorTitles":["deriveSlug"],"fullName":"deriveSlug handles unicode by stripping non-latin chars","status":"passed","title":"handles unicode by stripping non-latin chars","duration":0.053083000000242464,"failureMessages":[],"meta":{}},{"ancestorTitles":["credits-purchase-inline — preset amounts"],"fullName":"credits-purchase-inline — preset amounts 10 is a preset","status":"passed","title":"10 is a preset","duration":0.2262500000001637,"failureMessages":[],"meta":{}},{"ancestorTitles":["credits-purchase-inline — preset amounts"],"fullName":"credits-purchase-inline — preset amounts 25 is a preset","status":"passed","title":"25 is a preset","duration":0.1202080000002752,"failureMessages":[],"meta":{}},{"ancestorTitles":["credits-purchase-inline — preset amounts"],"fullName":"credits-purchase-inline — preset amounts 50 is a preset","status":"passed","title":"50 is a preset","duration":0.09220799999957308,"failureMessages":[],"meta":{}},{"ancestorTitles":["credits-purchase-inline — preset amounts"],"fullName":"credits-purchase-inline — preset amounts 100 is a preset","status":"passed","title":"100 is a preset","duration":0.09004099999992832,"failureMessages":[],"meta":{}},{"ancestorTitles":["credits-purchase-inline — preset amounts"],"fullName":"credits-purchase-inline — preset amounts 7 is NOT a preset","status":"passed","title":"7 is NOT a preset","duration":0.07454200000029232,"failureMessages":[],"meta":{}},{"ancestorTitles":["credits-purchase-inline — preset amounts"],"fullName":"credits-purchase-inline — preset amounts 0 is NOT a preset","status":"passed","title":"0 is NOT a preset","duration":0.10770899999988615,"failureMessages":[],"meta":{}},{"ancestorTitles":["credits-purchase-inline — preset amounts"],"fullName":"credits-purchase-inline — preset amounts exactly 4 preset amounts defined","status":"passed","title":"exactly 4 preset amounts defined","duration":0.21554100000003018,"failureMessages":[],"meta":{}},{"ancestorTitles":["credits-purchase-inline — effectiveAmount"],"fullName":"credits-purchase-inline — effectiveAmount returns preset when useCustom is false","status":"passed","title":"returns preset when useCustom is false","duration":0.24770799999987503,"failureMessages":[],"meta":{}},{"ancestorTitles":["credits-purchase-inline — effectiveAmount"],"fullName":"credits-purchase-inline — effectiveAmount returns parsed custom when useCustom is true","status":"passed","title":"returns parsed custom when useCustom is true","duration":0.07120799999984229,"failureMessages":[],"meta":{}},{"ancestorTitles":["credits-purchase-inline — effectiveAmount"],"fullName":"credits-purchase-inline — effectiveAmount returns 0 when custom is empty string and useCustom is true","status":"passed","title":"returns 0 when custom is empty string and useCustom is true","duration":0.0395410000000993,"failureMessages":[],"meta":{}},{"ancestorTitles":["credits-purchase-inline — effectiveAmount"],"fullName":"credits-purchase-inline — effectiveAmount returns 0 when custom is non-numeric and useCustom is true","status":"passed","title":"returns 0 when custom is non-numeric and useCustom is true","duration":0.033333000000311586,"failureMessages":[],"meta":{}},{"ancestorTitles":["credits-purchase-inline — effectiveAmount"],"fullName":"credits-purchase-inline — effectiveAmount minimum $5 guard — effectiveAmount < 5 should disable submit","status":"passed","title":"minimum $5 guard — effectiveAmount < 5 should disable submit","duration":0.03712499999983265,"failureMessages":[],"meta":{}},{"ancestorTitles":["credits-purchase-inline — effectiveAmount"],"fullName":"credits-purchase-inline — effectiveAmount $5 exactly meets the minimum","status":"passed","title":"$5 exactly meets the minimum","duration":0.028583000000253378,"failureMessages":[],"meta":{}},{"ancestorTitles":["confirm-destructive-inline — state machine"],"fullName":"confirm-destructive-inline — state machine idle + confirm → confirmed","status":"passed","title":"idle + confirm → confirmed","duration":0.03983299999981682,"failureMessages":[],"meta":{}},{"ancestorTitles":["confirm-destructive-inline — state machine"],"fullName":"confirm-destructive-inline — state machine idle + deny → denied","status":"passed","title":"idle + deny → denied","duration":0.028042000000368716,"failureMessages":[],"meta":{}},{"ancestorTitles":["confirm-destructive-inline — state machine"],"fullName":"confirm-destructive-inline — state machine confirmed + confirm is idempotent (stays confirmed)","status":"passed","title":"confirmed + confirm is idempotent (stays confirmed)","duration":0.026458999999704247,"failureMessages":[],"meta":{}},{"ancestorTitles":["confirm-destructive-inline — state machine"],"fullName":"confirm-destructive-inline — state machine confirmed + deny is idempotent (stays confirmed)","status":"passed","title":"confirmed + deny is idempotent (stays confirmed)","duration":0.026499999999941792,"failureMessages":[],"meta":{}},{"ancestorTitles":["confirm-destructive-inline — state machine"],"fullName":"confirm-destructive-inline — state machine denied + confirm is idempotent (stays denied)","status":"passed","title":"denied + confirm is idempotent (stays denied)","duration":0.030124999999770807,"failureMessages":[],"meta":{}},{"ancestorTitles":["confirm-destructive-inline — state machine"],"fullName":"confirm-destructive-inline — state machine denied + deny is idempotent (stays denied)","status":"passed","title":"denied + deny is idempotent (stays denied)","duration":0.10841700000037235,"failureMessages":[],"meta":{}},{"ancestorTitles":["model-settings-inline — tier validation"],"fullName":"model-settings-inline — tier validation 'fast' is valid","status":"passed","title":"'fast' is valid","duration":0.19841600000017934,"failureMessages":[],"meta":{}},{"ancestorTitles":["model-settings-inline — tier validation"],"fullName":"model-settings-inline — tier validation 'balanced' is valid","status":"passed","title":"'balanced' is valid","duration":0.08433299999978772,"failureMessages":[],"meta":{}},{"ancestorTitles":["model-settings-inline — tier validation"],"fullName":"model-settings-inline — tier validation 'precise' is valid","status":"passed","title":"'precise' is valid","duration":0.13816600000018298,"failureMessages":[],"meta":{}},{"ancestorTitles":["model-settings-inline — tier validation"],"fullName":"model-settings-inline — tier validation 'ultra' is NOT valid","status":"passed","title":"'ultra' is NOT valid","duration":0.05020799999965675,"failureMessages":[],"meta":{}},{"ancestorTitles":["model-settings-inline — tier validation"],"fullName":"model-settings-inline — tier validation empty string is NOT valid","status":"passed","title":"empty string is NOT valid","duration":0.03350000000000364,"failureMessages":[],"meta":{}},{"ancestorTitles":["model-settings-inline — tier validation"],"fullName":"model-settings-inline — tier validation exactly 3 valid tiers defined","status":"passed","title":"exactly 3 valid tiers defined","duration":0.0317920000002232,"failureMessages":[],"meta":{}},{"ancestorTitles":["invite-member-inline — role validation"],"fullName":"invite-member-inline — role validation 'owner' is valid","status":"passed","title":"'owner' is valid","duration":0.03541700000005221,"failureMessages":[],"meta":{}},{"ancestorTitles":["invite-member-inline — role validation"],"fullName":"invite-member-inline — role validation 'admin' is valid","status":"passed","title":"'admin' is valid","duration":0.02874999999994543,"failureMessages":[],"meta":{}},{"ancestorTitles":["invite-member-inline — role validation"],"fullName":"invite-member-inline — role validation 'member' is valid","status":"passed","title":"'member' is valid","duration":0.027083999999831576,"failureMessages":[],"meta":{}},{"ancestorTitles":["invite-member-inline — role validation"],"fullName":"invite-member-inline — role validation 'billing' is valid","status":"passed","title":"'billing' is valid","duration":0.03483300000016243,"failureMessages":[],"meta":{}},{"ancestorTitles":["invite-member-inline — role validation"],"fullName":"invite-member-inline — role validation 'superuser' is NOT valid","status":"passed","title":"'superuser' is NOT valid","duration":0.30091700000002675,"failureMessages":[],"meta":{}},{"ancestorTitles":["invite-member-inline — role validation"],"fullName":"invite-member-inline — role validation empty string is NOT valid","status":"passed","title":"empty string is NOT valid","duration":0.8530000000000655,"failureMessages":[],"meta":{}},{"ancestorTitles":["invite-member-inline — role validation"],"fullName":"invite-member-inline — role validation exactly 4 valid roles defined","status":"passed","title":"exactly 4 valid roles defined","duration":0.06666600000016842,"failureMessages":[],"meta":{}},{"ancestorTitles":["create-workspace-inline — submit disabled guard"],"fullName":"create-workspace-inline — submit disabled guard disabled when name is empty","status":"passed","title":"disabled when name is empty","duration":3.351709000000028,"failureMessages":[],"meta":{}},{"ancestorTitles":["create-workspace-inline — submit disabled guard"],"fullName":"create-workspace-inline — submit disabled guard disabled when slug is empty","status":"passed","title":"disabled when slug is empty","duration":0.057999999999992724,"failureMessages":[],"meta":{}},{"ancestorTitles":["create-workspace-inline — submit disabled guard"],"fullName":"create-workspace-inline — submit disabled guard disabled when both empty","status":"passed","title":"disabled when both empty","duration":0.15987500000028376,"failureMessages":[],"meta":{}},{"ancestorTitles":["create-workspace-inline — submit disabled guard"],"fullName":"create-workspace-inline — submit disabled guard enabled when both non-empty","status":"passed","title":"enabled when both non-empty","duration":0.06399999999985084,"failureMessages":[],"meta":{}},{"ancestorTitles":["create-workspace-inline — submit disabled guard"],"fullName":"create-workspace-inline — submit disabled guard disabled when name is whitespace only","status":"passed","title":"disabled when name is whitespace only","duration":1.0246250000000146,"failureMessages":[],"meta":{}},{"ancestorTitles":["billing-upgrade-inline — plan list"],"fullName":"billing-upgrade-inline — plan list build plan defined","status":"passed","title":"build plan defined","duration":0.3042089999999007,"failureMessages":[],"meta":{}},{"ancestorTitles":["billing-upgrade-inline — plan list"],"fullName":"billing-upgrade-inline — plan list scale plan defined","status":"passed","title":"scale plan defined","duration":0.07616599999983009,"failureMessages":[],"meta":{}},{"ancestorTitles":["billing-upgrade-inline — plan list"],"fullName":"billing-upgrade-inline — plan list enterprise plan defined","status":"passed","title":"enterprise plan defined","duration":0.06345800000008239,"failureMessages":[],"meta":{}},{"ancestorTitles":["billing-upgrade-inline — plan list"],"fullName":"billing-upgrade-inline — plan list exactly 3 plans","status":"passed","title":"exactly 3 plans","duration":0.053708999999798834,"failureMessages":[],"meta":{}},{"ancestorTitles":["workflow-progress — terminal status detection"],"fullName":"workflow-progress — terminal status detection 'completed' is terminal","status":"passed","title":"'completed' is terminal","duration":0.03545799999983501,"failureMessages":[],"meta":{}},{"ancestorTitles":["workflow-progress — terminal status detection"],"fullName":"workflow-progress — terminal status detection 'failed' is terminal","status":"passed","title":"'failed' is terminal","duration":0.02466599999979735,"failureMessages":[],"meta":{}},{"ancestorTitles":["workflow-progress — terminal status detection"],"fullName":"workflow-progress — terminal status detection 'cancelled' is terminal","status":"passed","title":"'cancelled' is terminal","duration":0.022417000000132248,"failureMessages":[],"meta":{}},{"ancestorTitles":["workflow-progress — terminal status detection"],"fullName":"workflow-progress — terminal status detection 'running' is NOT terminal","status":"passed","title":"'running' is NOT terminal","duration":0.02391699999998309,"failureMessages":[],"meta":{}},{"ancestorTitles":["workflow-progress — terminal status detection"],"fullName":"workflow-progress — terminal status detection 'planning' is NOT terminal","status":"passed","title":"'planning' is NOT terminal","duration":0.6291249999999309,"failureMessages":[],"meta":{}},{"ancestorTitles":["workflow-progress — terminal status detection"],"fullName":"workflow-progress — terminal status detection exactly 3 terminal statuses","status":"passed","title":"exactly 3 terminal statuses","duration":0.06183299999975134,"failureMessages":[],"meta":{}},{"ancestorTitles":["workflow-progress — formatElapsed"],"fullName":"workflow-progress — formatElapsed returns '—' when startedAt is null","status":"passed","title":"returns '—' when startedAt is null","duration":0.10970799999995506,"failureMessages":[],"meta":{}},{"ancestorTitles":["workflow-progress — formatElapsed"],"fullName":"workflow-progress — formatElapsed returns ms string for sub-second elapsed","status":"passed","title":"returns ms string for sub-second elapsed","duration":8.7175000000002,"failureMessages":[],"meta":{}},{"ancestorTitles":["workflow-progress — formatElapsed"],"fullName":"workflow-progress — formatElapsed returns seconds string for sub-minute elapsed","status":"passed","title":"returns seconds string for sub-minute elapsed","duration":0.0902499999997417,"failureMessages":[],"meta":{}},{"ancestorTitles":["workflow-progress — formatElapsed"],"fullName":"workflow-progress — formatElapsed returns m+s string for multi-minute elapsed","status":"passed","title":"returns m+s string for multi-minute elapsed","duration":0.04287500000009459,"failureMessages":[],"meta":{}},{"ancestorTitles":["workflow-progress — formatElapsed"],"fullName":"workflow-progress — formatElapsed uses completedAt when provided (does not use live clock)","status":"passed","title":"uses completedAt when provided (does not use live clock)","duration":0.031040999999731866,"failureMessages":[],"meta":{}},{"ancestorTitles":["workflow-progress — progressPct"],"fullName":"workflow-progress — progressPct returns 0 when totalTasks is 0","status":"passed","title":"returns 0 when totalTasks is 0","duration":0.4827500000001237,"failureMessages":[],"meta":{}},{"ancestorTitles":["workflow-progress — progressPct"],"fullName":"workflow-progress — progressPct returns 0 when nothing is completed","status":"passed","title":"returns 0 when nothing is completed","duration":0.07370799999989686,"failureMessages":[],"meta":{}},{"ancestorTitles":["workflow-progress — progressPct"],"fullName":"workflow-progress — progressPct returns 50 when half complete","status":"passed","title":"returns 50 when half complete","duration":0.03220800000008239,"failureMessages":[],"meta":{}},{"ancestorTitles":["workflow-progress — progressPct"],"fullName":"workflow-progress — progressPct returns 100 when all complete","status":"passed","title":"returns 100 when all complete","duration":0.025667000000339613,"failureMessages":[],"meta":{}},{"ancestorTitles":["workflow-progress — progressPct"],"fullName":"workflow-progress — progressPct rounds to nearest integer","status":"passed","title":"rounds to nearest integer","duration":0.022707999999965978,"failureMessages":[],"meta":{}},{"ancestorTitles":["workflow-progress — formatEta"],"fullName":"workflow-progress — formatEta returns '—' when startedAt is null","status":"passed","title":"returns '—' when startedAt is null","duration":0.062374999999974534,"failureMessages":[],"meta":{}},{"ancestorTitles":["workflow-progress — formatEta"],"fullName":"workflow-progress — formatEta returns '—' when completedTasks is 0 (avoid division by zero)","status":"passed","title":"returns '—' when completedTasks is 0 (avoid division by zero)","duration":0.031292000000121334,"failureMessages":[],"meta":{}},{"ancestorTitles":["workflow-progress — formatEta"],"fullName":"workflow-progress — formatEta returns '—' when totalTasks is 0","status":"passed","title":"returns '—' when totalTasks is 0","duration":0.023416999999881227,"failureMessages":[],"meta":{}},{"ancestorTitles":["workflow-progress — formatEta"],"fullName":"workflow-progress — formatEta returns seconds ETA when remaining < 60s","status":"passed","title":"returns seconds ETA when remaining < 60s","duration":0.030291999999917607,"failureMessages":[],"meta":{}},{"ancestorTitles":["workflow-progress — formatEta"],"fullName":"workflow-progress — formatEta returns minutes ETA when remaining >= 60s","status":"passed","title":"returns minutes ETA when remaining >= 60s","duration":0.025957999999718595,"failureMessages":[],"meta":{}},{"ancestorTitles":["workflow-progress — polling stops on terminal status"],"fullName":"workflow-progress — polling stops on terminal status status 'planning' → shouldStop=false","status":"passed","title":"status 'planning' → shouldStop=false","duration":0.030291999999917607,"failureMessages":[],"meta":{}},{"ancestorTitles":["workflow-progress — polling stops on terminal status"],"fullName":"workflow-progress — polling stops on terminal status status 'running' → shouldStop=false","status":"passed","title":"status 'running' → shouldStop=false","duration":0.01662499999974898,"failureMessages":[],"meta":{}},{"ancestorTitles":["workflow-progress — polling stops on terminal status"],"fullName":"workflow-progress — polling stops on terminal status status 'completed' → shouldStop=true","status":"passed","title":"status 'completed' → shouldStop=true","duration":0.016041999999742984,"failureMessages":[],"meta":{}},{"ancestorTitles":["workflow-progress — polling stops on terminal status"],"fullName":"workflow-progress — polling stops on terminal status status 'failed' → shouldStop=true","status":"passed","title":"status 'failed' → shouldStop=true","duration":0.01641699999981938,"failureMessages":[],"meta":{}},{"ancestorTitles":["workflow-progress — polling stops on terminal status"],"fullName":"workflow-progress — polling stops on terminal status status 'cancelled' → shouldStop=true","status":"passed","title":"status 'cancelled' → shouldStop=true","duration":0.017875000000003638,"failureMessages":[],"meta":{}}],"startTime":1781072016334,"endTime":1781072016371.0737,"status":"passed","message":"","name":"/Users/macanderson/oxagen-monorepo/apps/app/src/components/chat/registry-components/registry-components.test.ts"},{"assertionResults":[{"ancestorTitles":["SvgPreview"],"fullName":"SvgPreview renders the title","status":"passed","title":"renders the title","duration":15.760084000000006,"failureMessages":[],"meta":{}},{"ancestorTitles":["SvgPreview"],"fullName":"SvgPreview renders an img element with the SVG data URI as src","status":"passed","title":"renders an img element with the SVG data URI as src","duration":64.42991599999993,"failureMessages":[],"meta":{}},{"ancestorTitles":["SvgPreview"],"fullName":"SvgPreview img alt text matches the title","status":"passed","title":"img alt text matches the title","duration":3.452207999999928,"failureMessages":[],"meta":{}},{"ancestorTitles":["SvgPreview"],"fullName":"SvgPreview renders the copy button with correct aria-label","status":"passed","title":"renders the copy button with correct aria-label","duration":2.0019999999999527,"failureMessages":[],"meta":{}},{"ancestorTitles":["SvgPreview"],"fullName":"SvgPreview uses the figure role with aria-label matching title","status":"passed","title":"uses the figure role with aria-label matching title","duration":2.151416000000154,"failureMessages":[],"meta":{}},{"ancestorTitles":["SvgPreview"],"fullName":"SvgPreview copy button shows 'Copied' text after successful copy","status":"passed","title":"copy button shows 'Copied' text after successful copy","duration":20.21787500000005,"failureMessages":[],"meta":{}},{"ancestorTitles":["SvgPreview"],"fullName":"SvgPreview encodes the SVG content in the data URI using encodeURIComponent","status":"passed","title":"encodes the SVG content in the data URI using encodeURIComponent","duration":3.196707999999944,"failureMessages":[],"meta":{}}],"startTime":1781072030135,"endTime":1781072030246.1968,"status":"passed","message":"","name":"/Users/macanderson/oxagen-monorepo/apps/app/src/components/chat/registry-components/svg-preview.test.tsx"},{"assertionResults":[{"ancestorTitles":["VideoResult"],"fullName":"VideoResult renders 'Generating video…' in initial rendering phase","status":"passed","title":"renders 'Generating video…' in initial rendering phase","duration":15.79341599999998,"failureMessages":[],"meta":{}},{"ancestorTitles":["VideoResult"],"fullName":"VideoResult shows prompt text while rendering","status":"passed","title":"shows prompt text while rendering","duration":1.7571669999999813,"failureMessages":[],"meta":{}},{"ancestorTitles":["VideoResult"],"fullName":"VideoResult renders with polite aria-live in rendering phase","status":"passed","title":"renders with polite aria-live in rendering phase","duration":41.13179200000013,"failureMessages":[],"meta":{}},{"ancestorTitles":["VideoResult"],"fullName":"VideoResult transitions to ready state and shows <video> when HEAD returns 200","status":"passed","title":"transitions to ready state and shows <video> when HEAD returns 200","duration":13.93791699999997,"failureMessages":[],"meta":{}},{"ancestorTitles":["VideoResult"],"fullName":"VideoResult shows prompt caption in ready state","status":"passed","title":"shows prompt caption in ready state","duration":73.73387500000013,"failureMessages":[],"meta":{}},{"ancestorTitles":["VideoResult"],"fullName":"VideoResult shows timed-out state after MAX_ATTEMPTS failures","status":"passed","title":"shows timed-out state after MAX_ATTEMPTS failures","duration":51.31254200000012,"failureMessages":[],"meta":{}}],"startTime":1781072027591,"endTime":1781072027788.3125,"status":"passed","message":"","name":"/Users/macanderson/oxagen-monorepo/apps/app/src/components/chat/registry-components/video-result.test.tsx"},{"assertionResults":[{"ancestorTitles":["WorkflowProgress"],"fullName":"WorkflowProgress renders loading skeleton when fetch is pending","status":"passed","title":"renders loading skeleton when fetch is pending","duration":170.31016599999998,"failureMessages":[],"meta":{}},{"ancestorTitles":["WorkflowProgress"],"fullName":"WorkflowProgress renders error state when fetch fails","status":"passed","title":"renders error state when fetch fails","duration":16.666750000000093,"failureMessages":[],"meta":{}},{"ancestorTitles":["WorkflowProgress"],"fullName":"WorkflowProgress renders workflow title after successful fetch","status":"passed","title":"renders workflow title after successful fetch","duration":14.251416999999947,"failureMessages":[],"meta":{}},{"ancestorTitles":["WorkflowProgress"],"fullName":"WorkflowProgress renders workflow goal after successful fetch","status":"passed","title":"renders workflow goal after successful fetch","duration":5.710583999999926,"failureMessages":[],"meta":{}},{"ancestorTitles":["WorkflowProgress"],"fullName":"WorkflowProgress renders 'Running' status badge for running workflow","status":"passed","title":"renders 'Running' status badge for running workflow","duration":15.379791999999952,"failureMessages":[],"meta":{}},{"ancestorTitles":["WorkflowProgress"],"fullName":"WorkflowProgress shows progress bar with aria-valuenow","status":"passed","title":"shows progress bar with aria-valuenow","duration":100.26466699999992,"failureMessages":[],"meta":{}},{"ancestorTitles":["WorkflowProgress"],"fullName":"WorkflowProgress shows Cancel button for running workflow","status":"passed","title":"shows Cancel button for running workflow","duration":31.67233299999998,"failureMessages":[],"meta":{}},{"ancestorTitles":["WorkflowProgress"],"fullName":"WorkflowProgress shows Download link for completed workflow","status":"passed","title":"shows Download link for completed workflow","duration":22.82233300000007,"failureMessages":[],"meta":{}},{"ancestorTitles":["WorkflowProgress"],"fullName":"WorkflowProgress shows task cells when tasks are present","status":"passed","title":"shows task cells when tasks are present","duration":8.487249999999904,"failureMessages":[],"meta":{}}],"startTime":1781072024233,"endTime":1781072024618.4873,"status":"passed","message":"","name":"/Users/macanderson/oxagen-monorepo/apps/app/src/components/chat/registry-components/workflow-progress.test.tsx"},{"assertionResults":[{"ancestorTitles":["RevokeOwnSessionButton"],"fullName":"RevokeOwnSessionButton renders the initial Revoke button","status":"passed","title":"renders the initial Revoke button","duration":149.53220799999986,"failureMessages":[],"meta":{}},{"ancestorTitles":["RevokeOwnSessionButton"],"fullName":"RevokeOwnSessionButton shows Confirm and Cancel buttons after first click","status":"passed","title":"shows Confirm and Cancel buttons after first click","duration":106.06887500000016,"failureMessages":[],"meta":{}},{"ancestorTitles":["RevokeOwnSessionButton"],"fullName":"RevokeOwnSessionButton shows 'Revoke?' text in confirming state","status":"passed","title":"shows 'Revoke?' text in confirming state","duration":6.999250000000075,"failureMessages":[],"meta":{}},{"ancestorTitles":["RevokeOwnSessionButton"],"fullName":"RevokeOwnSessionButton returns to idle when Cancel is clicked in confirming state","status":"passed","title":"returns to idle when Cancel is clicked in confirming state","duration":123.24199999999996,"failureMessages":[],"meta":{}},{"ancestorTitles":["RevokeOwnSessionButton"],"fullName":"RevokeOwnSessionButton calls revokeOwnSessionAction with the sessionId when Confirm is clicked","status":"passed","title":"calls revokeOwnSessionAction with the sessionId when Confirm is clicked","duration":27.67104100000006,"failureMessages":[],"meta":{}},{"ancestorTitles":["RevokeOwnSessionButton"],"fullName":"RevokeOwnSessionButton does not call revokeOwnSessionAction on the first Revoke click (guard)","status":"passed","title":"does not call revokeOwnSessionAction on the first Revoke click (guard)","duration":8.114957999999888,"failureMessages":[],"meta":{}},{"ancestorTitles":["RevokeOwnSessionButton"],"fullName":"RevokeOwnSessionButton shows error message and Dismiss button when action returns ok:false","status":"passed","title":"shows error message and Dismiss button when action returns ok:false","duration":54.535082999999986,"failureMessages":[],"meta":{}},{"ancestorTitles":["RevokeOwnSessionButton"],"fullName":"RevokeOwnSessionButton returns to idle when Dismiss is clicked after an error","status":"passed","title":"returns to idle when Dismiss is clicked after an error","duration":15.042915999999877,"failureMessages":[],"meta":{}}],"startTime":1781072022599,"endTime":1781072023090.043,"status":"passed","message":"","name":"/Users/macanderson/oxagen-monorepo/apps/app/src/app/account/security/_components/revoke-own-session-button.test.tsx"},{"assertionResults":[{"ancestorTitles":["confirmMemberAccessAction"],"fullName":"confirmMemberAccessAction returns validation_error for a non-UUID targetUserId","status":"passed","title":"returns validation_error for a non-UUID targetUserId","duration":1.6269170000000486,"failureMessages":[],"meta":{}},{"ancestorTitles":["confirmMemberAccessAction"],"fullName":"confirmMemberAccessAction returns forbidden when resolveOrg throws","status":"passed","title":"returns forbidden when resolveOrg throws","duration":0.22416599999996834,"failureMessages":[],"meta":{}},{"ancestorTitles":["confirmMemberAccessAction"],"fullName":"confirmMemberAccessAction returns forbidden when assertOrgMember throws","status":"passed","title":"returns forbidden when assertOrgMember throws","duration":0.1280420000000504,"failureMessages":[],"meta":{}},{"ancestorTitles":["confirmMemberAccessAction"],"fullName":"confirmMemberAccessAction returns ok:true and emits access.member_access_confirmed on success","status":"passed","title":"returns ok:true and emits access.member_access_confirmed on success","duration":0.1955000000000382,"failureMessages":[],"meta":{}},{"ancestorTitles":["confirmMemberAccessAction"],"fullName":"confirmMemberAccessAction calls revalidatePath for the reviews page on success","status":"passed","title":"calls revalidatePath for the reviews page on success","duration":0.5376659999999447,"failureMessages":[],"meta":{}},{"ancestorTitles":["revokeMemberAccessAction"],"fullName":"revokeMemberAccessAction returns validation_error for a non-UUID targetUserId","status":"passed","title":"returns validation_error for a non-UUID targetUserId","duration":0.16658400000005713,"failureMessages":[],"meta":{}},{"ancestorTitles":["revokeMemberAccessAction"],"fullName":"revokeMemberAccessAction returns self_action when targetUserId equals the session user id","status":"passed","title":"returns self_action when targetUserId equals the session user id","duration":0.13487499999996544,"failureMessages":[],"meta":{}},{"ancestorTitles":["revokeMemberAccessAction"],"fullName":"revokeMemberAccessAction returns forbidden when assertSecurityManager throws","status":"passed","title":"returns forbidden when assertSecurityManager throws","duration":0.08845900000005713,"failureMessages":[],"meta":{}},{"ancestorTitles":["revokeMemberAccessAction"],"fullName":"revokeMemberAccessAction returns not_found when delete returns 0 rows","status":"passed","title":"returns not_found when delete returns 0 rows","duration":0.26570799999990413,"failureMessages":[],"meta":{}},{"ancestorTitles":["revokeMemberAccessAction"],"fullName":"revokeMemberAccessAction returns ok:true and emits both org.member_removed and access.review_completed","status":"passed","title":"returns ok:true and emits both org.member_removed and access.review_completed","duration":0.3276659999999083,"failureMessages":[],"meta":{}},{"ancestorTitles":["revokeMemberAccessAction"],"fullName":"revokeMemberAccessAction calls revalidatePath for reviews and members pages on success","status":"passed","title":"calls revalidatePath for reviews and members pages on success","duration":0.150916000000052,"failureMessages":[],"meta":{}}],"startTime":1781072018013,"endTime":1781072018016.3276,"status":"passed","message":"","name":"/Users/macanderson/oxagen-monorepo/apps/app/src/app/[orgSlug]/access/reviews/actions.test.ts"},{"assertionResults":[{"ancestorTitles":["revokeSessionAction"],"fullName":"revokeSessionAction returns validation_error when orgSlug is empty","status":"passed","title":"returns validation_error when orgSlug is empty","duration":1.1177499999998872,"failureMessages":[],"meta":{}},{"ancestorTitles":["revokeSessionAction"],"fullName":"revokeSessionAction returns validation_error when sessionId is empty","status":"passed","title":"returns validation_error when sessionId is empty","duration":0.25595799999996416,"failureMessages":[],"meta":{}},{"ancestorTitles":["revokeSessionAction"],"fullName":"revokeSessionAction returns validation_error when targetUserId is not a UUID","status":"passed","title":"returns validation_error when targetUserId is not a UUID","duration":0.13212499999985994,"failureMessages":[],"meta":{}},{"ancestorTitles":["revokeSessionAction"],"fullName":"revokeSessionAction returns forbidden when assertSecurityManager throws","status":"passed","title":"returns forbidden when assertSecurityManager throws","duration":0.1427920000000995,"failureMessages":[],"meta":{}},{"ancestorTitles":["revokeSessionAction"],"fullName":"revokeSessionAction returns not_found when target user is not an org member","status":"passed","title":"returns not_found when target user is not an org member","duration":0.4047499999999218,"failureMessages":[],"meta":{}},{"ancestorTitles":["revokeSessionAction"],"fullName":"revokeSessionAction returns not_found when session delete returns 0 rows","status":"passed","title":"returns not_found when session delete returns 0 rows","duration":0.18358299999999872,"failureMessages":[],"meta":{}},{"ancestorTitles":["revokeSessionAction"],"fullName":"revokeSessionAction returns ok:true and emits security.session_revoked on success","status":"passed","title":"returns ok:true and emits security.session_revoked on success","duration":0.20125000000007276,"failureMessages":[],"meta":{}},{"ancestorTitles":["revokeSessionAction"],"fullName":"revokeSessionAction calls revalidatePath for the sessions page on success","status":"passed","title":"calls revalidatePath for the sessions page on success","duration":0.49929199999996854,"failureMessages":[],"meta":{}}],"startTime":1781072019358,"endTime":1781072019361.4993,"status":"passed","message":"","name":"/Users/macanderson/oxagen-monorepo/apps/app/src/app/[orgSlug]/access/sessions/actions.test.ts"},{"assertionResults":[{"ancestorTitles":["archiveConversationsAction"],"fullName":"archiveConversationsAction empty conversationIds → safeParse fails → {ok:false} WITHOUT calling invoke","status":"passed","title":"empty conversationIds → safeParse fails → {ok:false} WITHOUT calling invoke","duration":1.1154579999997623,"failureMessages":[],"meta":{}},{"ancestorTitles":["archiveConversationsAction"],"fullName":"archiveConversationsAction valid ids → invoke called with conversationArchive.name (config-derived)","status":"passed","title":"valid ids → invoke called with conversationArchive.name (config-derived)","duration":2.30337499999996,"failureMessages":[],"meta":{}},{"ancestorTitles":["archiveConversationsAction"],"fullName":"archiveConversationsAction archived=false (restore) → still calls invoke with archived=false in payload","status":"passed","title":"archived=false (restore) → still calls invoke with archived=false in payload","duration":0.1610000000000582,"failureMessages":[],"meta":{}},{"ancestorTitles":["deleteConversationsAction"],"fullName":"deleteConversationsAction valid ids → invoke called with conversationDelete.name (config-derived)","status":"passed","title":"valid ids → invoke called with conversationDelete.name (config-derived)","duration":0.1989579999999478,"failureMessages":[],"meta":{}},{"ancestorTitles":["deleteConversationsAction"],"fullName":"deleteConversationsAction empty ids → safeParse fails → {ok:false}, invoke NOT called","status":"passed","title":"empty ids → safeParse fails → {ok:false}, invoke NOT called","duration":0.11695800000006784,"failureMessages":[],"meta":{}},{"ancestorTitles":["purgeArchivedConversationsAction"],"fullName":"purgeArchivedConversationsAction calls invoke with conversationPurge.name and empty input","status":"passed","title":"calls invoke with conversationPurge.name and empty input","duration":0.31158300000015515,"failureMessages":[],"meta":{}},{"ancestorTitles":["purgeArchivedConversationsAction"],"fullName":"purgeArchivedConversationsAction revalidatePath called for both /ask and /chat surfaces","status":"passed","title":"revalidatePath called for both /ask and /chat surfaces","duration":0.3775829999999587,"failureMessages":[],"meta":{}},{"ancestorTitles":["purgeArchivedConversationsAction"],"fullName":"purgeArchivedConversationsAction returns {ok:true, count} on success","status":"passed","title":"returns {ok:true, count} on success","duration":0.08187499999985448,"failureMessages":[],"meta":{}},{"ancestorTitles":["resolveOrg throws → {ok:false}"],"fullName":"resolveOrg throws → {ok:false} archiveConversationsAction returns {ok:false} when resolveOrg throws","status":"passed","title":"archiveConversationsAction returns {ok:false} when resolveOrg throws","duration":0.11520799999971132,"failureMessages":[],"meta":{}},{"ancestorTitles":["resolveOrg throws → {ok:false}"],"fullName":"resolveOrg throws → {ok:false} deleteConversationsAction returns {ok:false} when resolveOrg throws","status":"passed","title":"deleteConversationsAction returns {ok:false} when resolveOrg throws","duration":0.09270900000001348,"failureMessages":[],"meta":{}},{"ancestorTitles":["resolveOrg throws → {ok:false}"],"fullName":"resolveOrg throws → {ok:false} purgeArchivedConversationsAction returns {ok:false} when resolveOrg throws","status":"passed","title":"purgeArchivedConversationsAction returns {ok:false} when resolveOrg throws","duration":0.05349999999998545,"failureMessages":[],"meta":{}},{"ancestorTitles":["invoke throws → {ok:false}"],"fullName":"invoke throws → {ok:false} archiveConversationsAction returns {ok:false, error} when invoke throws","status":"passed","title":"archiveConversationsAction returns {ok:false, error} when invoke throws","duration":0.08808300000009694,"failureMessages":[],"meta":{}},{"ancestorTitles":["invoke throws → {ok:false}"],"fullName":"invoke throws → {ok:false} deleteConversationsAction returns {ok:false, error} when invoke throws","status":"passed","title":"deleteConversationsAction returns {ok:false, error} when invoke throws","duration":0.0678330000000642,"failureMessages":[],"meta":{}},{"ancestorTitles":["invoke throws → {ok:false}"],"fullName":"invoke throws → {ok:false} purgeArchivedConversationsAction returns {ok:false} when invoke throws","status":"passed","title":"purgeArchivedConversationsAction returns {ok:false} when invoke throws","duration":0.05383300000039526,"failureMessages":[],"meta":{}},{"ancestorTitles":["renameConversationAction"],"fullName":"renameConversationAction empty title → safeParse fails → {ok:false}, invoke NOT called","status":"passed","title":"empty title → safeParse fails → {ok:false}, invoke NOT called","duration":0.1259170000002996,"failureMessages":[],"meta":{}},{"ancestorTitles":["renameConversationAction"],"fullName":"renameConversationAction valid title → invoke called with conversationRename.name","status":"passed","title":"valid title → invoke called with conversationRename.name","duration":0.10645800000020245,"failureMessages":[],"meta":{}},{"ancestorTitles":["listConversationsAction"],"fullName":"listConversationsAction valid filter → invoke called with conversationList.name","status":"passed","title":"valid filter → invoke called with conversationList.name","duration":0.25629199999957564,"failureMessages":[],"meta":{}},{"ancestorTitles":["listConversationsAction"],"fullName":"listConversationsAction invoke throws → {ok:false}","status":"passed","title":"invoke throws → {ok:false}","duration":0.07125000000041837,"failureMessages":[],"meta":{}}],"startTime":1781072017155,"endTime":1781072017161.2563,"status":"passed","message":"","name":"/Users/macanderson/oxagen-monorepo/apps/app/src/app/[orgSlug]/[workspaceSlug]/_shared/conversation-actions.test.ts"},{"assertionResults":[{"ancestorTitles":["walkActiveBranch"],"fullName":"walkActiveBranch returns empty array when rows is empty","status":"passed","title":"returns empty array when rows is empty","duration":0.6272500000000036,"failureMessages":[],"meta":{}},{"ancestorTitles":["walkActiveBranch"],"fullName":"walkActiveBranch returns the root message when no leafId is provided","status":"passed","title":"returns the root message when no leafId is provided","duration":0.4772500000000264,"failureMessages":[],"meta":{}},{"ancestorTitles":["walkActiveBranch"],"fullName":"walkActiveBranch returns the full chain root→leaf when leafId points to the last message","status":"passed","title":"returns the full chain root→leaf when leafId points to the last message","duration":0.14687500000002274,"failureMessages":[],"meta":{}},{"ancestorTitles":["walkActiveBranch"],"fullName":"walkActiveBranch returns root→leafId slice when leafId is a middle message","status":"passed","title":"returns root→leafId slice when leafId is a middle message","duration":0.07854199999997036,"failureMessages":[],"meta":{}},{"ancestorTitles":["walkActiveBranch"],"fullName":"walkActiveBranch returns the branch ending at the selected leaf, not the default branch","status":"passed","title":"returns the branch ending at the selected leaf, not the default branch","duration":0.0829590000000735,"failureMessages":[],"meta":{}},{"ancestorTitles":["walkActiveBranch"],"fullName":"walkActiveBranch reports siblingCount > 1 for a node whose parent has multiple children","status":"passed","title":"reports siblingCount > 1 for a node whose parent has multiple children","duration":0.07550000000003365,"failureMessages":[],"meta":{}},{"ancestorTitles":["walkActiveBranch"],"fullName":"walkActiveBranch returns empty when leafId is not in the rows map","status":"passed","title":"returns empty when leafId is not in the rows map","duration":0.0793749999999136,"failureMessages":[],"meta":{}},{"ancestorTitles":["walkActiveBranch"],"fullName":"walkActiveBranch preserves contentBlocks array when the row has them","status":"passed","title":"preserves contentBlocks array when the row has them","duration":0.05462499999998727,"failureMessages":[],"meta":{}},{"ancestorTitles":["walkActiveBranch"],"fullName":"walkActiveBranch returns undefined contentBlocks when the row has null/non-array contentBlocks","status":"passed","title":"returns undefined contentBlocks when the row has null/non-array contentBlocks","duration":0.050749999999993634,"failureMessages":[],"meta":{}}],"startTime":1781072018938,"endTime":1781072018940.147,"status":"passed","message":"","name":"/Users/macanderson/oxagen-monorepo/apps/app/src/app/[orgSlug]/[workspaceSlug]/_shared/walk-active-branch.test.ts"},{"assertionResults":[{"ancestorTitles":["updateOrgGeneralAction"],"fullName":"updateOrgGeneralAction updates name only when the slug is unchanged and revalidates a single path","status":"passed","title":"updates name only when the slug is unchanged and revalidates a single path","duration":2.6274579999999332,"failureMessages":[],"meta":{}},{"ancestorTitles":["updateOrgGeneralAction"],"fullName":"updateOrgGeneralAction updates the slug and revalidates both old and new paths when changed","status":"passed","title":"updates the slug and revalidates both old and new paths when changed","duration":0.30816699999991215,"failureMessages":[],"meta":{}},{"ancestorTitles":["updateOrgGeneralAction"],"fullName":"updateOrgGeneralAction rejects a slug already taken by a different org without writing","status":"passed","title":"rejects a slug already taken by a different org without writing","duration":0.17341699999997218,"failureMessages":[],"meta":{}},{"ancestorTitles":["updateOrgGeneralAction"],"fullName":"updateOrgGeneralAction allows a slug change when the only conflicting row is the same org","status":"passed","title":"allows a slug change when the only conflicting row is the same org","duration":0.1559580000000551,"failureMessages":[],"meta":{}},{"ancestorTitles":["updateOrgGeneralAction"],"fullName":"updateOrgGeneralAction returns Forbidden when the caller is not owner/admin and never writes","status":"passed","title":"returns Forbidden when the caller is not owner/admin and never writes","duration":0.1610000000000582,"failureMessages":[],"meta":{}},{"ancestorTitles":["updateOrgGeneralAction"],"fullName":"updateOrgGeneralAction returns Forbidden when no membership row is found (empty role)","status":"passed","title":"returns Forbidden when no membership row is found (empty role)","duration":0.10004199999980301,"failureMessages":[],"meta":{}},{"ancestorTitles":["updateOrgGeneralAction"],"fullName":"updateOrgGeneralAction rejects an invalid slug before any DB role read","status":"passed","title":"rejects an invalid slug before any DB role read","duration":0.2485830000000533,"failureMessages":[],"meta":{}},{"ancestorTitles":["updateOrgGeneralAction"],"fullName":"updateOrgGeneralAction rejects an empty name","status":"passed","title":"rejects an empty name","duration":0.16745900000000802,"failureMessages":[],"meta":{}},{"ancestorTitles":["updateOrgGeneralAction"],"fullName":"updateOrgGeneralAction persists avatarUrl as null when omitted/blank","status":"passed","title":"persists avatarUrl as null when omitted/blank","duration":0.15766599999983555,"failureMessages":[],"meta":{}},{"ancestorTitles":["updateOrgGeneralAction"],"fullName":"updateOrgGeneralAction returns a friendly error when an unexpected error is thrown","status":"passed","title":"returns a friendly error when an unexpected error is thrown","duration":0.11058400000001711,"failureMessages":[],"meta":{}}],"startTime":1781072018895,"endTime":1781072018899.1577,"status":"passed","message":"","name":"/Users/macanderson/oxagen-monorepo/apps/app/src/app/[orgSlug]/settings/general/general-action.test.ts"},{"assertionResults":[{"ancestorTitles":["setAuthAlertsAction"],"fullName":"setAuthAlertsAction returns not-authorized for a member role","status":"passed","title":"returns not-authorized for a member role","duration":1148.498625,"failureMessages":[],"meta":{}},{"ancestorTitles":["setAuthAlertsAction"],"fullName":"setAuthAlertsAction returns ok:false for an invalid role string","status":"passed","title":"returns ok:false for an invalid role string","duration":0.33062500000005457,"failureMessages":[],"meta":{}},{"ancestorTitles":["setAuthAlertsAction"],"fullName":"setAuthAlertsAction returns ok:false for an empty roles array (min(1))","status":"passed","title":"returns ok:false for an empty roles array (min(1))","duration":0.12612500000000182,"failureMessages":[],"meta":{}},{"ancestorTitles":["setAuthAlertsAction"],"fullName":"setAuthAlertsAction returns ok:true and calls plugin.settings.set_auth_alerts on success","status":"passed","title":"returns ok:true and calls plugin.settings.set_auth_alerts on success","duration":3.367374999999811,"failureMessages":[],"meta":{}},{"ancestorTitles":["setAuthAlertsAction"],"fullName":"setAuthAlertsAction revalidates the plugins settings page on success","status":"passed","title":"revalidates the plugins settings page on success","duration":2.0113330000001497,"failureMessages":[],"meta":{}},{"ancestorTitles":["setAuthAlertsAction"],"fullName":"setAuthAlertsAction returns ok:false with error message when invoke throws","status":"passed","title":"returns ok:false with error message when invoke throws","duration":1.0727500000000418,"failureMessages":[],"meta":{}}],"startTime":1781072019511,"endTime":1781072020667.0728,"status":"passed","message":"","name":"/Users/macanderson/oxagen-monorepo/apps/app/src/app/[orgSlug]/settings/plugins/plugin-actions-alerts.test.ts"},{"assertionResults":[{"ancestorTitles":["resolveManagedOrgForPlugins gate — member role"],"fullName":"resolveManagedOrgForPlugins gate — member role installPluginAction returns not-authorized for member","status":"passed","title":"installPluginAction returns not-authorized for member","duration":2235.530833,"failureMessages":[],"meta":{}},{"ancestorTitles":["resolveManagedOrgForPlugins gate — member role"],"fullName":"resolveManagedOrgForPlugins gate — member role setOrgPluginEnabledAction returns not-authorized for member","status":"passed","title":"setOrgPluginEnabledAction returns not-authorized for member","duration":2.3415830000003552,"failureMessages":[],"meta":{}},{"ancestorTitles":["resolveManagedOrgForPlugins gate — member role"],"fullName":"resolveManagedOrgForPlugins gate — member role uninstallPluginAction returns not-authorized for member","status":"passed","title":"uninstallPluginAction returns not-authorized for member","duration":0.5619999999998981,"failureMessages":[],"meta":{}},{"ancestorTitles":["installPluginAction — owner role"],"fullName":"installPluginAction — owner role returns ok:true with orgListingId on success","status":"passed","title":"returns ok:true with orgListingId on success","duration":3.1750410000004194,"failureMessages":[],"meta":{}},{"ancestorTitles":["installPluginAction — owner role"],"fullName":"installPluginAction — owner role returns ok:false on invalid input (missing orgSlug)","status":"passed","title":"returns ok:false on invalid input (missing orgSlug)","duration":0.33550000000013824,"failureMessages":[],"meta":{}},{"ancestorTitles":["installPluginAction — owner role"],"fullName":"installPluginAction — owner role returns ok:false when invoke throws","status":"passed","title":"returns ok:false when invoke throws","duration":0.7691670000003796,"failureMessages":[],"meta":{}},{"ancestorTitles":["installPluginAction — owner role"],"fullName":"installPluginAction — owner role revalidates the plugins settings page on success","status":"passed","title":"revalidates the plugins settings page on success","duration":1.7078750000000582,"failureMessages":[],"meta":{}},{"ancestorTitles":["setOrgPluginEnabledAction"],"fullName":"setOrgPluginEnabledAction returns ok:true and calls invoke with set_enabled","status":"passed","title":"returns ok:true and calls invoke with set_enabled","duration":0.704541999999492,"failureMessages":[],"meta":{}},{"ancestorTitles":["setOrgPluginEnabledAction"],"fullName":"setOrgPluginEnabledAction returns error when invoke throws","status":"passed","title":"returns error when invoke throws","duration":0.43412500000067666,"failureMessages":[],"meta":{}},{"ancestorTitles":["uninstallPluginAction"],"fullName":"uninstallPluginAction returns ok:true and calls plugin.org.uninstall","status":"passed","title":"returns ok:true and calls plugin.org.uninstall","duration":1.2186250000004293,"failureMessages":[],"meta":{}},{"ancestorTitles":["addDenylistAction"],"fullName":"addDenylistAction returns ok:true and calls plugin.denylist.add with serverName","status":"passed","title":"returns ok:true and calls plugin.denylist.add with serverName","duration":0.5929169999999431,"failureMessages":[],"meta":{}},{"ancestorTitles":["addDenylistAction"],"fullName":"addDenylistAction returns not-authorized for member","status":"passed","title":"returns not-authorized for member","duration":0.4314590000003591,"failureMessages":[],"meta":{}},{"ancestorTitles":["removeDenylistAction"],"fullName":"removeDenylistAction returns ok:true and calls plugin.denylist.remove","status":"passed","title":"returns ok:true and calls plugin.denylist.remove","duration":9.768583999999464,"failureMessages":[],"meta":{}},{"ancestorTitles":["addRegistryAction"],"fullName":"addRegistryAction returns ok:true with registryId on success","status":"passed","title":"returns ok:true with registryId on success","duration":8.654708000000028,"failureMessages":[],"meta":{}},{"ancestorTitles":["addRegistryAction"],"fullName":"addRegistryAction returns not-authorized for member","status":"passed","title":"returns not-authorized for member","duration":7.429207999999562,"failureMessages":[],"meta":{}},{"ancestorTitles":["removeRegistryAction"],"fullName":"removeRegistryAction returns ok:true and calls plugin.registry.remove","status":"passed","title":"returns ok:true and calls plugin.registry.remove","duration":1.7733330000000933,"failureMessages":[],"meta":{}},{"ancestorTitles":["installBulkPluginAction"],"fullName":"installBulkPluginAction returns invalid input for empty items array","status":"passed","title":"returns invalid input for empty items array","duration":0.6097079999999551,"failureMessages":[],"meta":{}},{"ancestorTitles":["installBulkPluginAction"],"fullName":"installBulkPluginAction returns ok:true with installed array on success","status":"passed","title":"returns ok:true with installed array on success","duration":2.4161659999999756,"failureMessages":[],"meta":{}},{"ancestorTitles":["installBulkPluginAction"],"fullName":"installBulkPluginAction returns not-authorized for member role","status":"passed","title":"returns not-authorized for member role","duration":1.1048329999994166,"failureMessages":[],"meta":{}}],"startTime":1781072016696,"endTime":1781072018976.1047,"status":"passed","message":"","name":"/Users/macanderson/oxagen-monorepo/apps/app/src/app/[orgSlug]/settings/plugins/plugin-actions.test.ts"},{"assertionResults":[{"ancestorTitles":["saveMfaPolicyAction"],"fullName":"saveMfaPolicyAction returns validation_error when mfaGraceHours exceeds 720","status":"passed","title":"returns validation_error when mfaGraceHours exceeds 720","duration":9.495374999999967,"failureMessages":[],"meta":{}},{"ancestorTitles":["saveMfaPolicyAction"],"fullName":"saveMfaPolicyAction returns validation_error when mfaGraceHours is negative","status":"passed","title":"returns validation_error when mfaGraceHours is negative","duration":0.20662500000003092,"failureMessages":[],"meta":{}},{"ancestorTitles":["saveMfaPolicyAction"],"fullName":"saveMfaPolicyAction returns forbidden when assertSecurityManager throws","status":"passed","title":"returns forbidden when assertSecurityManager throws","duration":0.17420799999990777,"failureMessages":[],"meta":{}},{"ancestorTitles":["saveMfaPolicyAction"],"fullName":"saveMfaPolicyAction returns ok:true and emits security.mfa_policy_updated on success","status":"passed","title":"returns ok:true and emits security.mfa_policy_updated on success","duration":0.23279200000001765,"failureMessages":[],"meta":{}},{"ancestorTitles":["saveMfaPolicyAction"],"fullName":"saveMfaPolicyAction revalidates both the mfa page and the security index on success","status":"passed","title":"revalidates both the mfa page and the security index on success","duration":0.5745840000001863,"failureMessages":[],"meta":{}},{"ancestorTitles":["saveMfaPolicyAction"],"fullName":"saveMfaPolicyAction returns internal error when the DB insert throws","status":"passed","title":"returns internal error when the DB insert throws","duration":1.9753749999999854,"failureMessages":[],"meta":{}},{"ancestorTitles":["saveMfaPolicyAction"],"fullName":"saveMfaPolicyAction accepts mfaGraceHours=0 (immediate enforcement)","status":"passed","title":"accepts mfaGraceHours=0 (immediate enforcement)","duration":0.510332999999946,"failureMessages":[],"meta":{}},{"ancestorTitles":["saveMfaPolicyAction"],"fullName":"saveMfaPolicyAction accepts mfaGraceHours=720 (boundary max)","status":"passed","title":"accepts mfaGraceHours=720 (boundary max)","duration":0.2545829999999114,"failureMessages":[],"meta":{}},{"ancestorTitles":["loadMfaPolicy"],"fullName":"loadMfaPolicy returns the policy row when it exists","status":"passed","title":"returns the policy row when it exists","duration":0.3530000000000655,"failureMessages":[],"meta":{}},{"ancestorTitles":["loadMfaPolicy"],"fullName":"loadMfaPolicy returns null when no policy row exists","status":"passed","title":"returns null when no policy row exists","duration":0.12187500000004547,"failureMessages":[],"meta":{}}],"startTime":1781072019461,"endTime":1781072019475.353,"status":"passed","message":"","name":"/Users/macanderson/oxagen-monorepo/apps/app/src/app/[orgSlug]/security/mfa/actions.test.ts"},{"assertionResults":[{"ancestorTitles":["ReviewRowActions"],"fullName":"ReviewRowActions renders Confirm button in idle state (title attribute present)","status":"passed","title":"renders Confirm button in idle state (title attribute present)","duration":60.678499999999985,"failureMessages":[],"meta":{}},{"ancestorTitles":["ReviewRowActions"],"fullName":"ReviewRowActions renders Revoke button in idle state when canRevoke=true","status":"passed","title":"renders Revoke button in idle state when canRevoke=true","duration":14.777665999999954,"failureMessages":[],"meta":{}},{"ancestorTitles":["ReviewRowActions"],"fullName":"ReviewRowActions does not render Revoke button when canRevoke=false","status":"passed","title":"does not render Revoke button when canRevoke=false","duration":1.4189590000000862,"failureMessages":[],"meta":{}},{"ancestorTitles":["ReviewRowActions"],"fullName":"ReviewRowActions shows 'You' badge and no Revoke button when isSelf=true","status":"passed","title":"shows 'You' badge and no Revoke button when isSelf=true","duration":3.485874999999851,"failureMessages":[],"meta":{}},{"ancestorTitles":["ReviewRowActions"],"fullName":"ReviewRowActions calls confirmMemberAccessAction with correct args on Confirm click","status":"passed","title":"calls confirmMemberAccessAction with correct args on Confirm click","duration":44.290666999999985,"failureMessages":[],"meta":{}},{"ancestorTitles":["ReviewRowActions"],"fullName":"ReviewRowActions shows Confirmed badge after successful confirmMemberAccessAction","status":"passed","title":"shows Confirmed badge after successful confirmMemberAccessAction","duration":11.673334000000068,"failureMessages":[],"meta":{}},{"ancestorTitles":["ReviewRowActions"],"fullName":"ReviewRowActions shows 'Permission denied' error when confirmMemberAccessAction returns ok:false","status":"passed","title":"shows 'Permission denied' error when confirmMemberAccessAction returns ok:false","duration":11.129457999999886,"failureMessages":[],"meta":{}},{"ancestorTitles":["ReviewRowActions"],"fullName":"ReviewRowActions first click on Revoke shows confirmation prompt with Cancel","status":"passed","title":"first click on Revoke shows confirmation prompt with Cancel","duration":4.988708999999972,"failureMessages":[],"meta":{}},{"ancestorTitles":["ReviewRowActions"],"fullName":"ReviewRowActions Cancel in confirm state returns to idle","status":"passed","title":"Cancel in confirm state returns to idle","duration":30.910624999999982,"failureMessages":[],"meta":{}},{"ancestorTitles":["ReviewRowActions"],"fullName":"ReviewRowActions second Confirm click calls revokeMemberAccessAction and shows Revoked badge","status":"passed","title":"second Confirm click calls revokeMemberAccessAction and shows Revoked badge","duration":8.204457999999931,"failureMessages":[],"meta":{}},{"ancestorTitles":["ReviewRowActions"],"fullName":"ReviewRowActions shows self_action error message when revoking returns self_action","status":"passed","title":"shows self_action error message when revoking returns self_action","duration":20.152333,"failureMessages":[],"meta":{}}],"startTime":1781072023185,"endTime":1781072023397.1523,"status":"passed","message":"","name":"/Users/macanderson/oxagen-monorepo/apps/app/src/app/[orgSlug]/access/reviews/_components/review-row-actions.test.tsx"},{"assertionResults":[{"ancestorTitles":["RevokeSessionButton"],"fullName":"RevokeSessionButton renders Revoke button in idle state","status":"passed","title":"renders Revoke button in idle state","duration":14.322207999999932,"failureMessages":[],"meta":{}},{"ancestorTitles":["RevokeSessionButton"],"fullName":"RevokeSessionButton first click shows confirmation prompt with userName","status":"passed","title":"first click shows confirmation prompt with userName","duration":17.503667000000064,"failureMessages":[],"meta":{}},{"ancestorTitles":["RevokeSessionButton"],"fullName":"RevokeSessionButton Cancel returns to idle (shows Revoke session button)","status":"passed","title":"Cancel returns to idle (shows Revoke session button)","duration":10.54804200000001,"failureMessages":[],"meta":{}},{"ancestorTitles":["RevokeSessionButton"],"fullName":"RevokeSessionButton second click Confirm calls revokeSessionAction with correct input","status":"passed","title":"second click Confirm calls revokeSessionAction with correct input","duration":12.023791999999958,"failureMessages":[],"meta":{}},{"ancestorTitles":["RevokeSessionButton"],"fullName":"RevokeSessionButton shows error and Dismiss when revokeSessionAction returns internal error","status":"passed","title":"shows error and Dismiss when revokeSessionAction returns internal error","duration":24.67212500000005,"failureMessages":[],"meta":{}},{"ancestorTitles":["RevokeSessionButton"],"fullName":"RevokeSessionButton shows forbidden message when revokeSessionAction returns forbidden","status":"passed","title":"shows forbidden message when revokeSessionAction returns forbidden","duration":14.636625000000095,"failureMessages":[],"meta":{}},{"ancestorTitles":["RevokeSessionButton"],"fullName":"RevokeSessionButton Dismiss resets error state back to idle","status":"passed","title":"Dismiss resets error state back to idle","duration":18.11824999999999,"failureMessages":[],"meta":{}}],"startTime":1781072025392,"endTime":1781072025504.1182,"status":"passed","message":"","name":"/Users/macanderson/oxagen-monorepo/apps/app/src/app/[orgSlug]/access/sessions/_components/revoke-session-button.test.tsx"},{"assertionResults":[{"ancestorTitles":["updateWorkspaceGeneralAction"],"fullName":"updateWorkspaceGeneralAction updates name/description when the slug is unchanged (no conflict query)","status":"passed","title":"updates name/description when the slug is unchanged (no conflict query)","duration":4.41762499999993,"failureMessages":[],"meta":{}},{"ancestorTitles":["updateWorkspaceGeneralAction"],"fullName":"updateWorkspaceGeneralAction updates the slug and revalidates old + new paths when changed","status":"passed","title":"updates the slug and revalidates old + new paths when changed","duration":0.34375,"failureMessages":[],"meta":{}},{"ancestorTitles":["updateWorkspaceGeneralAction"],"fullName":"updateWorkspaceGeneralAction rejects a slug already taken in the same org without writing","status":"passed","title":"rejects a slug already taken in the same org without writing","duration":0.1459580000000642,"failureMessages":[],"meta":{}},{"ancestorTitles":["updateWorkspaceGeneralAction"],"fullName":"updateWorkspaceGeneralAction rejects an invalid slug before any DB work","status":"passed","title":"rejects an invalid slug before any DB work","duration":0.2557090000000244,"failureMessages":[],"meta":{}},{"ancestorTitles":["updateWorkspaceGeneralAction"],"fullName":"updateWorkspaceGeneralAction rejects an empty name","status":"passed","title":"rejects an empty name","duration":0.18708400000002712,"failureMessages":[],"meta":{}},{"ancestorTitles":["updateWorkspaceGeneralAction"],"fullName":"updateWorkspaceGeneralAction writes the workspace update including the merged settings expression","status":"passed","title":"writes the workspace update including the merged settings expression","duration":0.20487500000001546,"failureMessages":[],"meta":{}}],"startTime":1781072019992,"endTime":1781072019997.2556,"status":"passed","message":"","name":"/Users/macanderson/oxagen-monorepo/apps/app/src/app/[orgSlug]/[workspaceSlug]/settings/general/actions.test.ts"},{"assertionResults":[{"ancestorTitles":["setWorkspacePluginEnabledAction"],"fullName":"setWorkspacePluginEnabledAction returns ok:false when orgSlug is empty","status":"passed","title":"returns ok:false when orgSlug is empty","duration":1.4065839999998389,"failureMessages":[],"meta":{}},{"ancestorTitles":["setWorkspacePluginEnabledAction"],"fullName":"setWorkspacePluginEnabledAction returns ok:false with NOT_AUTHORIZED when workspace role is viewer","status":"passed","title":"returns ok:false with NOT_AUTHORIZED when workspace role is viewer","duration":0.38520799999969313,"failureMessages":[],"meta":{}},{"ancestorTitles":["setWorkspacePluginEnabledAction"],"fullName":"setWorkspacePluginEnabledAction returns ok:true and calls plugin.workspace.set_enabled on success","status":"passed","title":"returns ok:true and calls plugin.workspace.set_enabled on success","duration":0.9412500000003092,"failureMessages":[],"meta":{}},{"ancestorTitles":["setWorkspacePluginEnabledAction"],"fullName":"setWorkspacePluginEnabledAction revalidates the integrations settings path on success","status":"passed","title":"revalidates the integrations settings path on success","duration":0.13354200000003402,"failureMessages":[],"meta":{}},{"ancestorTitles":["setWorkspacePluginEnabledAction"],"fullName":"setWorkspacePluginEnabledAction returns ok:false when invoke throws","status":"passed","title":"returns ok:false when invoke throws","duration":0.15245800000002419,"failureMessages":[],"meta":{}},{"ancestorTitles":["setSecretAction"],"fullName":"setSecretAction returns ok:false when secret is empty","status":"passed","title":"returns ok:false when secret is empty","duration":0.15870799999993324,"failureMessages":[],"meta":{}},{"ancestorTitles":["setSecretAction"],"fullName":"setSecretAction returns ok:false with NOT_AUTHORIZED when workspace role is member","status":"passed","title":"returns ok:false with NOT_AUTHORIZED when workspace role is member","duration":0.1601250000003347,"failureMessages":[],"meta":{}},{"ancestorTitles":["setSecretAction"],"fullName":"setSecretAction returns ok:true and calls plugin.credential.set_secret on success","status":"passed","title":"returns ok:true and calls plugin.credential.set_secret on success","duration":0.1810830000003989,"failureMessages":[],"meta":{}},{"ancestorTitles":["setSecretAction"],"fullName":"setSecretAction revalidates the integrations path on success","status":"passed","title":"revalidates the integrations path on success","duration":0.10758299999997689,"failureMessages":[],"meta":{}}],"startTime":1781072019402,"endTime":1781072019406.1077,"status":"passed","message":"","name":"/Users/macanderson/oxagen-monorepo/apps/app/src/app/[orgSlug]/[workspaceSlug]/settings/integrations/integration-actions.test.ts"},{"assertionResults":[{"ancestorTitles":["updateWorkspaceModelsAction"],"fullName":"updateWorkspaceModelsAction returns ok:false for an invalid tier value","status":"passed","title":"returns ok:false for an invalid tier value","duration":1.742584000000079,"failureMessages":[],"meta":{}},{"ancestorTitles":["updateWorkspaceModelsAction"],"fullName":"updateWorkspaceModelsAction returns ok:false when the caller has member workspace role","status":"passed","title":"returns ok:false when the caller has member workspace role","duration":0.374416999999994,"failureMessages":[],"meta":{}},{"ancestorTitles":["updateWorkspaceModelsAction"],"fullName":"updateWorkspaceModelsAction returns ok:false when the caller has no workspace membership row","status":"passed","title":"returns ok:false when the caller has no workspace membership row","duration":0.15354200000001583,"failureMessages":[],"meta":{}},{"ancestorTitles":["updateWorkspaceModelsAction"],"fullName":"updateWorkspaceModelsAction returns ok:true and calls invoke with the right capability on success","status":"passed","title":"returns ok:true and calls invoke with the right capability on success","duration":1.0894590000002609,"failureMessages":[],"meta":{}},{"ancestorTitles":["updateWorkspaceModelsAction"],"fullName":"updateWorkspaceModelsAction revalidates the models settings path on success","status":"passed","title":"revalidates the models settings path on success","duration":0.1716670000000704,"failureMessages":[],"meta":{}},{"ancestorTitles":["updateWorkspaceModelsAction"],"fullName":"updateWorkspaceModelsAction returns ok:false with error message when invoke throws","status":"passed","title":"returns ok:false with error message when invoke throws","duration":0.16937499999994543,"failureMessages":[],"meta":{}},{"ancestorTitles":["updateWorkspaceModelsAction"],"fullName":"updateWorkspaceModelsAction accepts null tier (no preference set)","status":"passed","title":"accepts null tier (no preference set)","duration":0.08987500000012005,"failureMessages":[],"meta":{}}],"startTime":1781072020085,"endTime":1781072020089.1694,"status":"passed","message":"","name":"/Users/macanderson/oxagen-monorepo/apps/app/src/app/[orgSlug]/[workspaceSlug]/settings/models/models-action.test.ts"},{"assertionResults":[{"ancestorTitles":["updatePromptSettingsAction"],"fullName":"updatePromptSettingsAction rejects a non-owner/admin workspace role without invoking","status":"passed","title":"rejects a non-owner/admin workspace role without invoking","duration":1.7713329999999132,"failureMessages":[],"meta":{}},{"ancestorTitles":["updatePromptSettingsAction"],"fullName":"updatePromptSettingsAction invokes prompt.settings.write with the mapped input on the happy path","status":"passed","title":"invokes prompt.settings.write with the mapped input on the happy path","duration":1.0526669999999285,"failureMessages":[],"meta":{}},{"ancestorTitles":["updatePromptSettingsAction"],"fullName":"updatePromptSettingsAction returns ok:false when the capability throws","status":"passed","title":"returns ok:false when the capability throws","duration":0.23320800000010422,"failureMessages":[],"meta":{}},{"ancestorTitles":["updatePromptSettingsAction"],"fullName":"updatePromptSettingsAction flags tierDenied when overrides are rejected for a non-enterprise plan","status":"passed","title":"flags tierDenied when overrides are rejected for a non-enterprise plan","duration":0.17074999999999818,"failureMessages":[],"meta":{}}],"startTime":1781072020969,"endTime":1781072020973.1707,"status":"passed","message":"","name":"/Users/macanderson/oxagen-monorepo/apps/app/src/app/[orgSlug]/[workspaceSlug]/settings/prompts/prompt-settings-action.test.ts"},{"assertionResults":[{"ancestorTitles":["AuditEventRow"],"fullName":"AuditEventRow renders event type in collapsed state","status":"passed","title":"renders event type in collapsed state","duration":32.90820899999994,"failureMessages":[],"meta":{}},{"ancestorTitles":["AuditEventRow"],"fullName":"AuditEventRow renders outcome badge text","status":"passed","title":"renders outcome badge text","duration":2.2416670000000067,"failureMessages":[],"meta":{}},{"ancestorTitles":["AuditEventRow"],"fullName":"AuditEventRow detail section is not visible when collapsed (aria-expanded=false)","status":"passed","title":"detail section is not visible when collapsed (aria-expanded=false)","duration":196.34345900000005,"failureMessages":[],"meta":{}},{"ancestorTitles":["AuditEventRow"],"fullName":"AuditEventRow click expands the row (aria-expanded=true)","status":"passed","title":"click expands the row (aria-expanded=true)","duration":39.46699999999987,"failureMessages":[],"meta":{}},{"ancestorTitles":["AuditEventRow"],"fullName":"AuditEventRow expanded state shows actor name","status":"passed","title":"expanded state shows actor name","duration":29.60004099999992,"failureMessages":[],"meta":{}},{"ancestorTitles":["AuditEventRow"],"fullName":"AuditEventRow expanded state shows IP address in the detail section","status":"passed","title":"expanded state shows IP address in the detail section","duration":6.6059999999999945,"failureMessages":[],"meta":{}},{"ancestorTitles":["AuditEventRow"],"fullName":"AuditEventRow expanded state shows request ID","status":"passed","title":"expanded state shows request ID","duration":11.485125000000153,"failureMessages":[],"meta":{}},{"ancestorTitles":["AuditEventRow"],"fullName":"AuditEventRow null fields render as em-dash (—)","status":"passed","title":"null fields render as em-dash (—)","duration":18.409792000000152,"failureMessages":[],"meta":{}},{"ancestorTitles":["AuditEventRow"],"fullName":"AuditEventRow second click collapses the row back (aria-expanded=false)","status":"passed","title":"second click collapses the row back (aria-expanded=false)","duration":5.402166999999963,"failureMessages":[],"meta":{}},{"ancestorTitles":["AuditEventRow"],"fullName":"AuditEventRow renders deny outcome badge","status":"passed","title":"renders deny outcome badge","duration":1.5912500000001728,"failureMessages":[],"meta":{}}],"startTime":1781072025737,"endTime":1781072026080.5913,"status":"passed","message":"","name":"/Users/macanderson/oxagen-monorepo/apps/app/src/app/[orgSlug]/security/audit/_components/audit-event-row.test.tsx"},{"assertionResults":[{"ancestorTitles":["AuditExportButtons"],"fullName":"AuditExportButtons renders disabled locked buttons when canExport=false","status":"passed","title":"renders disabled locked buttons when canExport=false","duration":173.1444170000001,"failureMessages":[],"meta":{}},{"ancestorTitles":["AuditExportButtons"],"fullName":"AuditExportButtons renders enabled export links when canExport=true","status":"passed","title":"renders enabled export links when canExport=true","duration":19.470332999999982,"failureMessages":[],"meta":{}},{"ancestorTitles":["AuditExportButtons"],"fullName":"AuditExportButtons NDJSON link includes format=ndjson query param","status":"passed","title":"NDJSON link includes format=ndjson query param","duration":1.6309579999999642,"failureMessages":[],"meta":{}},{"ancestorTitles":["AuditExportButtons"],"fullName":"AuditExportButtons CSV link includes format=csv query param","status":"passed","title":"CSV link includes format=csv query param","duration":1.2775829999998223,"failureMessages":[],"meta":{}},{"ancestorTitles":["AuditExportButtons"],"fullName":"AuditExportButtons export href preserves active filter params","status":"passed","title":"export href preserves active filter params","duration":1.3357919999998558,"failureMessages":[],"meta":{}},{"ancestorTitles":["AuditExportButtons"],"fullName":"AuditExportButtons export href drops the cursor param","status":"passed","title":"export href drops the cursor param","duration":1.1226250000001983,"failureMessages":[],"meta":{}},{"ancestorTitles":["AuditExportButtons"],"fullName":"AuditExportButtons export href points to the /export sub-path","status":"passed","title":"export href points to the /export sub-path","duration":0.8822499999998854,"failureMessages":[],"meta":{}}],"startTime":1781072026521,"endTime":1781072026719.8823,"status":"passed","message":"","name":"/Users/macanderson/oxagen-monorepo/apps/app/src/app/[orgSlug]/security/audit/_components/audit-export-buttons.test.tsx"},{"assertionResults":[{"ancestorTitles":["MfaPolicyForm"],"fullName":"MfaPolicyForm renders with correct initial MFA required state (true)","status":"passed","title":"renders with correct initial MFA required state (true)","duration":99.25095899999997,"failureMessages":[],"meta":{}},{"ancestorTitles":["MfaPolicyForm"],"fullName":"MfaPolicyForm shows the grace period select when mfaRequired is true","status":"passed","title":"shows the grace period select when mfaRequired is true","duration":7.36587499999996,"failureMessages":[],"meta":{}},{"ancestorTitles":["MfaPolicyForm"],"fullName":"MfaPolicyForm hides the grace period select when mfaRequired is false","status":"passed","title":"hides the grace period select when mfaRequired is false","duration":15.35462500000017,"failureMessages":[],"meta":{}},{"ancestorTitles":["MfaPolicyForm"],"fullName":"MfaPolicyForm shows 'No changes' badge when not dirty","status":"passed","title":"shows 'No changes' badge when not dirty","duration":91.21979199999987,"failureMessages":[],"meta":{}},{"ancestorTitles":["MfaPolicyForm"],"fullName":"MfaPolicyForm save button is disabled when not dirty","status":"passed","title":"save button is disabled when not dirty","duration":2.7803339999998116,"failureMessages":[],"meta":{}},{"ancestorTitles":["MfaPolicyForm"],"fullName":"MfaPolicyForm shows the 'Owner or admin role required' message when canEdit=false","status":"passed","title":"shows the 'Owner or admin role required' message when canEdit=false","duration":2.0517919999999776,"failureMessages":[],"meta":{}},{"ancestorTitles":["MfaPolicyForm"],"fullName":"MfaPolicyForm switch is disabled when canEdit=false","status":"passed","title":"switch is disabled when canEdit=false","duration":21.059792000000016,"failureMessages":[],"meta":{}},{"ancestorTitles":["MfaPolicyForm"],"fullName":"MfaPolicyForm calls saveMfaPolicyAction with correct args on save","status":"passed","title":"calls saveMfaPolicyAction with correct args on save","duration":62.252250000000004,"failureMessages":[],"meta":{}},{"ancestorTitles":["MfaPolicyForm"],"fullName":"MfaPolicyForm shows 'Policy saved.' on successful save","status":"passed","title":"shows 'Policy saved.' on successful save","duration":14.116874999999936,"failureMessages":[],"meta":{}},{"ancestorTitles":["MfaPolicyForm"],"fullName":"MfaPolicyForm shows error message when saveMfaPolicyAction returns forbidden","status":"passed","title":"shows error message when saveMfaPolicyAction returns forbidden","duration":12.233208999999988,"failureMessages":[],"meta":{}},{"ancestorTitles":["MfaPolicyForm"],"fullName":"MfaPolicyForm shows internal error message when action returns internal with error","status":"passed","title":"shows internal error message when action returns internal with error","duration":11.029833999999937,"failureMessages":[],"meta":{}}],"startTime":1781072022755,"endTime":1781072023094.0298,"status":"passed","message":"","name":"/Users/macanderson/oxagen-monorepo/apps/app/src/app/[orgSlug]/security/mfa/_components/mfa-policy-form.test.tsx"}]}
 ERROR  @oxagen/crypto#test:unit: command (/Users/macanderson/oxagen-monorepo/packages/crypto) /Users/macanderson/.local/share/pnpm/store/v11/links/@/pnpm/10.34.1/787040895f8f7c7d04d2586c8e91393c3088008ae43d068b51d981366d39cfdd/bin/pnpm run test:unit --reporter=json --run exited (1)
 ERROR  run failed: command  exited (1)
